000 (17488248.000.000) 07/20 17:42:18 Job submitted from host: <188.185.114.121:9618?addrs=188.185.114.121-9618+[2001-1458-d00-a--100-273]-9618&alias=bigbird19.cern.ch&noUDP&sock=schedd_5837_4664>
...
040 (17488248.000.000) 07/20 18:18:33 Started transferring input files
	Transferring to host: <188.185.92.156:9618?addrs=188.185.92.156-9618+[2001-1458-d00-6c--100-10]-9618&alias=b9g57n5454.cern.ch&noUDP&sock=slot1_1_17238_7af6_2233>
...
040 (17488248.000.000) 07/20 18:18:33 Finished transferring input files
...
001 (17488248.000.000) 07/20 18:18:33 Job executing on host: <188.185.92.156:9618?addrs=188.185.92.156-9618+[2001-1458-d00-6c--100-10]-9618&alias=b9g57n5454.cern.ch&noUDP&sock=startd_16204_2cb8>
	SlotName: slot1_1@b9g57n5454.cern.ch
	AvailableGPUs = { GPUs_GPU_d2642622 }
	CondorScratchDir = "/pool/condor/dir_496480"
	Cpus = 8
	Disk = 8389634
	GPUs = 1
	GPUs_GPU_d2642622 = [ Id = "GPU-d2642622"; ClockMhz = 1410.0; Capability = 8.0; CoresPerCU = 64; DeviceName = "NVIDIA A100-PCIE-40GB"; DeviceUuid = "d2642622-6ee9-8711-70c1-34935a235a2a"; ECCEnabled = true; ComputeUnits = 108; NvidiaDriver = "610.43.02"; DriverVersion = 13.3; DevicePciBusId = "0000:06:00.0"; GlobalMemoryMb = 40465; MaxSupportedVersion = 13030 ]
	Memory = 24000
...
006 (17488248.000.000) 07/20 18:18:42 Image size of job updated: 69992
	11  -  MemoryUsage of job (MB)
	10852  -  ResidentSetSize of job (KB)
...
006 (17488248.000.000) 07/20 18:23:42 Image size of job updated: 2542172
	2469  -  MemoryUsage of job (MB)
	2527648  -  ResidentSetSize of job (KB)
...
006 (17488248.000.000) 07/20 18:28:42 Image size of job updated: 2746316
	2671  -  MemoryUsage of job (MB)
	2734664  -  ResidentSetSize of job (KB)
...
006 (17488248.000.000) 07/20 18:33:43 Image size of job updated: 2845392
	2772  -  MemoryUsage of job (MB)
	2838392  -  ResidentSetSize of job (KB)
...
006 (17488248.000.000) 07/20 18:38:43 Image size of job updated: 2948840
	2880  -  MemoryUsage of job (MB)
	2948840  -  ResidentSetSize of job (KB)
...
006 (17488248.000.000) 07/20 18:43:43 Image size of job updated: 3073664
	2987  -  MemoryUsage of job (MB)
	3058064  -  ResidentSetSize of job (KB)
...
006 (17488248.000.000) 07/20 18:48:44 Image size of job updated: 3148876
	3075  -  MemoryUsage of job (MB)
	3148416  -  ResidentSetSize of job (KB)
...
006 (17488248.000.000) 07/20 18:53:44 Image size of job updated: 4422740
	4301  -  MemoryUsage of job (MB)
	4404116  -  ResidentSetSize of job (KB)
...
006 (17488248.000.000) 07/20 18:58:45 Image size of job updated: 4539084
	4433  -  MemoryUsage of job (MB)
	4539084  -  ResidentSetSize of job (KB)
...
006 (17488248.000.000) 07/20 19:03:46 Image size of job updated: 4554116
	4443  -  MemoryUsage of job (MB)
	4549476  -  ResidentSetSize of job (KB)
...
006 (17488248.000.000) 07/20 19:08:46 Image size of job updated: 4567844
	4461  -  MemoryUsage of job (MB)
	4567844  -  ResidentSetSize of job (KB)
...
006 (17488248.000.000) 07/20 19:13:47 Image size of job updated: 4575124
	4461  -  MemoryUsage of job (MB)
	4567844  -  ResidentSetSize of job (KB)
...
006 (17488248.000.000) 07/20 19:18:48 Image size of job updated: 4581344
	4474  -  MemoryUsage of job (MB)
	4581344  -  ResidentSetSize of job (KB)
...
006 (17488248.000.000) 07/20 19:23:48 Image size of job updated: 4619732
	4504  -  MemoryUsage of job (MB)
	4611504  -  ResidentSetSize of job (KB)
...
006 (17488248.000.000) 07/20 19:28:49 Image size of job updated: 4659048
	4504  -  MemoryUsage of job (MB)
	4611504  -  ResidentSetSize of job (KB)
...
006 (17488248.000.000) 07/20 19:38:49 Image size of job updated: 4659048
	4523  -  MemoryUsage of job (MB)
	4630708  -  ResidentSetSize of job (KB)
...
006 (17488248.000.000) 07/20 19:43:50 Image size of job updated: 4659048
	4533  -  MemoryUsage of job (MB)
	4640900  -  ResidentSetSize of job (KB)
...
006 (17488248.000.000) 07/20 19:53:50 Image size of job updated: 4659048
	4544  -  MemoryUsage of job (MB)
	4652680  -  ResidentSetSize of job (KB)
...
006 (17488248.000.000) 07/20 20:33:55 Image size of job updated: 4770956
	4544  -  MemoryUsage of job (MB)
	4652680  -  ResidentSetSize of job (KB)
...
006 (17488248.000.000) 07/20 20:58:58 Image size of job updated: 4770956
	4549  -  MemoryUsage of job (MB)
	4657724  -  ResidentSetSize of job (KB)
...
006 (17488248.000.000) 07/20 21:03:58 Image size of job updated: 4770956
	4549  -  MemoryUsage of job (MB)
	4657744  -  ResidentSetSize of job (KB)
...
006 (17488248.000.000) 07/20 21:13:59 Image size of job updated: 4770956
	4554  -  MemoryUsage of job (MB)
	4662688  -  ResidentSetSize of job (KB)
...
006 (17488248.000.000) 07/20 21:18:59 Image size of job updated: 4770956
	4560  -  MemoryUsage of job (MB)
	4668576  -  ResidentSetSize of job (KB)
...
006 (17488248.000.000) 07/20 21:24:00 Image size of job updated: 4770956
	4560  -  MemoryUsage of job (MB)
	4668604  -  ResidentSetSize of job (KB)
...
006 (17488248.000.000) 07/20 21:29:00 Image size of job updated: 4770956
	4571  -  MemoryUsage of job (MB)
	4680268  -  ResidentSetSize of job (KB)
...
006 (17488248.000.000) 07/20 21:34:01 Image size of job updated: 4770956
	4579  -  MemoryUsage of job (MB)
	4688444  -  ResidentSetSize of job (KB)
...
006 (17488248.000.000) 07/20 21:39:02 Image size of job updated: 5647656
	4579  -  MemoryUsage of job (MB)
	4688444  -  ResidentSetSize of job (KB)
...
040 (17488248.000.000) 07/20 21:40:22 Started transferring output files
...
040 (17488248.000.000) 07/20 21:40:22 Finished transferring output files
...
005 (17488248.000.000) 07/20 21:40:22 Job terminated.
	(1) Normal termination (return value 0)
		Usr 0 03:23:53, Sys 0 03:03:09  -  Run Remote Usage
		Usr 0 00:00:00, Sys 0 00:00:00  -  Run Local Usage
		Usr 0 03:23:53, Sys 0 03:03:09  -  Total Remote Usage
		Usr 0 00:00:00, Sys 0 00:00:00  -  Total Local Usage
	2390  -  Run Bytes Sent By Job
	187198  -  Run Bytes Received By Job
	2390  -  Total Bytes Sent By Job
	187198  -  Total Bytes Received By Job
	Partitionable Resources :      Usage  Request Allocated Assigned
	   Cpus                 :       1.88        8         8 
	   Disk (KB)            : 1667162     8388608   8389634 
	   GPUs                 :       0.90        1         1 "GPU-d2642622"
	   GpusMemory (MB)      :    5719                       
	   Memory (MB)          :    4579       24000     24000 
	   TimeExecute (s)      :   12109                       
	   TimeSlotBusy (s)     :   12110                       
...
