000 (17480491.002.000) 07/19 15:52:54 Job submitted from host: <188.185.114.121:9618?addrs=188.185.114.121-9618+[2001-1458-d00-a--100-273]-9618&alias=bigbird19.cern.ch&noUDP&sock=schedd_5837_4664>
...
040 (17480491.002.000) 07/19 17:00:54 Started transferring input files
	Transferring to host: <188.185.93.149:9618?addrs=188.185.93.149-9618+[2001-1458-d00-6c--100-373]-9618&alias=b9g57n0008.cern.ch&noUDP&sock=slot1_1_17083_44d0_2323>
...
040 (17480491.002.000) 07/19 17:00:54 Finished transferring input files
...
001 (17480491.002.000) 07/19 17:00:54 Job executing on host: <188.185.93.149:9618?addrs=188.185.93.149-9618+[2001-1458-d00-6c--100-373]-9618&alias=b9g57n0008.cern.ch&noUDP&sock=startd_16366_4b0f>
	SlotName: slot1_1@b9g57n0008.cern.ch
	AvailableGPUs = { GPUs_GPU_d6dcba2f }
	CondorScratchDir = "/pool/condor/dir_517928"
	Cpus = 8
	Disk = 8389582
	GPUs = 1
	GPUs_GPU_d6dcba2f = [ Id = "GPU-d6dcba2f"; ClockMhz = 1410.0; Capability = 8.0; CoresPerCU = 64; DeviceName = "NVIDIA A100-PCIE-40GB"; DeviceUuid = "d6dcba2f-3756-4d9f-9c9c-a19c162ffcfe"; ECCEnabled = true; ComputeUnits = 108; NvidiaDriver = "610.43.02"; DriverVersion = 13.3; DevicePciBusId = "0000:06:00.0"; GlobalMemoryMb = 40465; MaxSupportedVersion = 13030 ]
	Memory = 24000
...
006 (17480491.002.000) 07/19 17:01:02 Image size of job updated: 70000
	69  -  MemoryUsage of job (MB)
	70000  -  ResidentSetSize of job (KB)
...
006 (17480491.002.000) 07/19 17:06:02 Image size of job updated: 3023092
	2920  -  MemoryUsage of job (MB)
	2990064  -  ResidentSetSize of job (KB)
...
006 (17480491.002.000) 07/19 17:11:03 Image size of job updated: 3112352
	3007  -  MemoryUsage of job (MB)
	3078192  -  ResidentSetSize of job (KB)
...
006 (17480491.002.000) 07/19 17:16:04 Image size of job updated: 3324656
	3209  -  MemoryUsage of job (MB)
	3285796  -  ResidentSetSize of job (KB)
...
006 (17480491.002.000) 07/19 17:21:04 Image size of job updated: 3442024
	3329  -  MemoryUsage of job (MB)
	3408388  -  ResidentSetSize of job (KB)
...
006 (17480491.002.000) 07/19 17:26:06 Image size of job updated: 3545088
	3411  -  MemoryUsage of job (MB)
	3492584  -  ResidentSetSize of job (KB)
...
006 (17480491.002.000) 07/19 17:31:06 Image size of job updated: 3613292
	3521  -  MemoryUsage of job (MB)
	3604912  -  ResidentSetSize of job (KB)
...
006 (17480491.002.000) 07/19 17:36:06 Image size of job updated: 4923836
	4708  -  MemoryUsage of job (MB)
	4820440  -  ResidentSetSize of job (KB)
...
006 (17480491.002.000) 07/19 17:41:07 Image size of job updated: 4976548
	4808  -  MemoryUsage of job (MB)
	4922812  -  ResidentSetSize of job (KB)
...
006 (17480491.002.000) 07/19 17:46:07 Image size of job updated: 5058172
	4870  -  MemoryUsage of job (MB)
	4986440  -  ResidentSetSize of job (KB)
...
006 (17480491.002.000) 07/19 17:51:08 Image size of job updated: 5058172
	4878  -  MemoryUsage of job (MB)
	4995068  -  ResidentSetSize of job (KB)
...
006 (17480491.002.000) 07/19 18:06:10 Image size of job updated: 5058172
	4882  -  MemoryUsage of job (MB)
	4998284  -  ResidentSetSize of job (KB)
...
006 (17480491.002.000) 07/19 18:11:10 Image size of job updated: 5346688
	4883  -  MemoryUsage of job (MB)
	4999356  -  ResidentSetSize of job (KB)
...
006 (17480491.002.000) 07/19 18:21:11 Image size of job updated: 5346688
	4933  -  MemoryUsage of job (MB)
	5051116  -  ResidentSetSize of job (KB)
...
006 (17480491.002.000) 07/19 18:46:14 Image size of job updated: 5351168
	4935  -  MemoryUsage of job (MB)
	5052708  -  ResidentSetSize of job (KB)
...
006 (17480491.002.000) 07/19 19:11:17 Image size of job updated: 5351168
	4956  -  MemoryUsage of job (MB)
	5074220  -  ResidentSetSize of job (KB)
...
006 (17480491.002.000) 07/19 19:16:17 Image size of job updated: 5351168
	5164  -  MemoryUsage of job (MB)
	5287044  -  ResidentSetSize of job (KB)
...
006 (17480491.002.000) 07/19 19:21:18 Image size of job updated: 5414560
	5164  -  MemoryUsage of job (MB)
	5287044  -  ResidentSetSize of job (KB)
...
006 (17480491.002.000) 07/19 19:51:20 Image size of job updated: 5449080
	5187  -  MemoryUsage of job (MB)
	5311020  -  ResidentSetSize of job (KB)
...
006 (17480491.002.000) 07/19 19:56:20 Image size of job updated: 5449080
	5191  -  MemoryUsage of job (MB)
	5315072  -  ResidentSetSize of job (KB)
...
006 (17480491.002.000) 07/19 21:01:27 Image size of job updated: 5451696
	5191  -  MemoryUsage of job (MB)
	5315072  -  ResidentSetSize of job (KB)
...
006 (17480491.002.000) 07/19 21:36:31 Image size of job updated: 5473960
	5191  -  MemoryUsage of job (MB)
	5315072  -  ResidentSetSize of job (KB)
...
006 (17480491.002.000) 07/19 22:06:34 Image size of job updated: 5473960
	5222  -  MemoryUsage of job (MB)
	5346580  -  ResidentSetSize of job (KB)
...
006 (17480491.002.000) 07/19 22:11:35 Image size of job updated: 5473960
	5226  -  MemoryUsage of job (MB)
	5351408  -  ResidentSetSize of job (KB)
...
006 (17480491.002.000) 07/19 22:41:38 Image size of job updated: 5488104
	5226  -  MemoryUsage of job (MB)
	5351408  -  ResidentSetSize of job (KB)
...
006 (17480491.002.000) 07/19 23:16:41 Image size of job updated: 5507304
	5226  -  MemoryUsage of job (MB)
	5351408  -  ResidentSetSize of job (KB)
...
006 (17480491.002.000) 07/20 00:21:47 Image size of job updated: 5507304
	5293  -  MemoryUsage of job (MB)
	5419624  -  ResidentSetSize of job (KB)
...
006 (17480491.002.000) 07/20 00:26:48 Image size of job updated: 5507304
	5308  -  MemoryUsage of job (MB)
	5435144  -  ResidentSetSize of job (KB)
...
006 (17480491.002.000) 07/20 03:12:04 Image size of job updated: 5714160
	5308  -  MemoryUsage of job (MB)
	5435144  -  ResidentSetSize of job (KB)
...
006 (17480491.002.000) 07/20 06:02:20 Image size of job updated: 5714160
	5317  -  MemoryUsage of job (MB)
	5443796  -  ResidentSetSize of job (KB)
...
006 (17480491.002.000) 07/20 09:52:44 Image size of job updated: 5714160
	5356  -  MemoryUsage of job (MB)
	5483824  -  ResidentSetSize of job (KB)
...
040 (17480491.002.000) 07/20 17:01:27 Started transferring output files
...
040 (17480491.002.000) 07/20 17:01:27 Finished transferring output files
...
009 (17480491.002.000) 07/20 17:01:28 Job was aborted.
	Job removed by SYSTEM_PERIODIC_REMOVE due to wall time exceeded allowed max.
...
