000 (17063509.007.000) 07/01 15:05:32 Job submitted from host: <188.185.114.121:9618?addrs=188.185.114.121-9618+[2001-1458-d00-a--100-273]-9618&alias=bigbird19.cern.ch&noUDP&sock=schedd_5103_cfe0>
...
040 (17063509.007.000) 07/02 00:53:09 Started transferring input files
	Transferring to host: <188.185.190.104:9618?addrs=188.185.190.104-9618+[2001-1458-d03-b--100-22f]-9618&alias=b9pgpun501.cern.ch&noUDP&sock=slot1_4_278654_b37c_89649>
...
040 (17063509.007.000) 07/02 00:53:09 Finished transferring input files
...
001 (17063509.007.000) 07/02 00:53:11 Job executing on host: <188.185.190.104:9618?addrs=188.185.190.104-9618+[2001-1458-d03-b--100-22f]-9618&alias=b9pgpun501.cern.ch&noUDP&sock=startd_240657_4373>
	SlotName: slot1_4@b9pgpun501.cern.ch
	AvailableGPUs = { GPUs_GPU_704390e1 }
	CondorScratchDir = "/pool/condor/dir_3313305"
	Cpus = 8
	Disk = 8391512
	GPUs = 1
	GPUs_GPU_704390e1 = [ Id = "GPU-704390e1"; ClockMhz = 1785.0; Capability = 9.0; CoresPerCU = 128; DeviceName = "NVIDIA H100 NVL"; DeviceUuid = "704390e1-320d-4335-fcdc-007b85ffea04"; ECCEnabled = true; ComputeUnits = 132; DriverVersion = 13.0; DevicePciBusId = "0000:09:00.0"; GlobalMemoryMb = 95319; MaxSupportedVersion = 13000 ]
	Memory = 24000
...
006 (17063509.007.000) 07/02 00:53:24 Image size of job updated: 297664
	291  -  MemoryUsage of job (MB)
	297664  -  ResidentSetSize of job (KB)
...
006 (17063509.007.000) 07/02 00:58:24 Image size of job updated: 452240
	442  -  MemoryUsage of job (MB)
	452240  -  ResidentSetSize of job (KB)
...
006 (17063509.007.000) 07/02 01:03:25 Image size of job updated: 460628
	450  -  MemoryUsage of job (MB)
	460628  -  ResidentSetSize of job (KB)
...
006 (17063509.007.000) 07/02 01:08:25 Image size of job updated: 470036
	460  -  MemoryUsage of job (MB)
	470036  -  ResidentSetSize of job (KB)
...
006 (17063509.007.000) 07/02 01:13:25 Image size of job updated: 476280
	466  -  MemoryUsage of job (MB)
	476280  -  ResidentSetSize of job (KB)
...
006 (17063509.007.000) 07/02 01:18:26 Image size of job updated: 481388
	471  -  MemoryUsage of job (MB)
	481388  -  ResidentSetSize of job (KB)
...
006 (17063509.007.000) 07/02 01:23:28 Image size of job updated: 486356
	475  -  MemoryUsage of job (MB)
	486356  -  ResidentSetSize of job (KB)
...
006 (17063509.007.000) 07/02 01:28:26 Image size of job updated: 495092
	484  -  MemoryUsage of job (MB)
	495092  -  ResidentSetSize of job (KB)
...
006 (17063509.007.000) 07/02 01:33:26 Image size of job updated: 500496
	489  -  MemoryUsage of job (MB)
	500496  -  ResidentSetSize of job (KB)
...
006 (17063509.007.000) 07/02 01:38:27 Image size of job updated: 511968
	500  -  MemoryUsage of job (MB)
	511968  -  ResidentSetSize of job (KB)
...
006 (17063509.007.000) 07/02 01:43:27 Image size of job updated: 517796
	506  -  MemoryUsage of job (MB)
	517796  -  ResidentSetSize of job (KB)
...
006 (17063509.007.000) 07/02 01:48:27 Image size of job updated: 525348
	514  -  MemoryUsage of job (MB)
	525348  -  ResidentSetSize of job (KB)
...
006 (17063509.007.000) 07/02 01:53:28 Image size of job updated: 531064
	519  -  MemoryUsage of job (MB)
	531064  -  ResidentSetSize of job (KB)
...
006 (17063509.007.000) 07/02 01:58:29 Image size of job updated: 538736
	527  -  MemoryUsage of job (MB)
	538736  -  ResidentSetSize of job (KB)
...
006 (17063509.007.000) 07/02 02:03:29 Image size of job updated: 552904
	540  -  MemoryUsage of job (MB)
	552904  -  ResidentSetSize of job (KB)
...
006 (17063509.007.000) 07/02 02:08:31 Image size of job updated: 565528
	553  -  MemoryUsage of job (MB)
	565528  -  ResidentSetSize of job (KB)
...
006 (17063509.007.000) 07/02 02:13:31 Image size of job updated: 568012
	553  -  MemoryUsage of job (MB)
	565632  -  ResidentSetSize of job (KB)
...
006 (17063509.007.000) 07/02 02:23:32 Image size of job updated: 580476
	567  -  MemoryUsage of job (MB)
	580476  -  ResidentSetSize of job (KB)
...
006 (17063509.007.000) 07/02 02:28:32 Image size of job updated: 640836
	626  -  MemoryUsage of job (MB)
	640836  -  ResidentSetSize of job (KB)
...
006 (17063509.007.000) 07/02 02:33:32 Image size of job updated: 641372
	627  -  MemoryUsage of job (MB)
	641372  -  ResidentSetSize of job (KB)
...
006 (17063509.007.000) 07/02 02:38:33 Image size of job updated: 641640
	627  -  MemoryUsage of job (MB)
	641640  -  ResidentSetSize of job (KB)
...
006 (17063509.007.000) 07/02 02:43:33 Image size of job updated: 641764
	627  -  MemoryUsage of job (MB)
	641764  -  ResidentSetSize of job (KB)
...
006 (17063509.007.000) 07/02 02:48:33 Image size of job updated: 641780
	627  -  MemoryUsage of job (MB)
	641780  -  ResidentSetSize of job (KB)
...
006 (17063509.007.000) 07/02 02:53:34 Image size of job updated: 645168
	631  -  MemoryUsage of job (MB)
	645168  -  ResidentSetSize of job (KB)
...
006 (17063509.007.000) 07/02 02:58:34 Image size of job updated: 645212
	631  -  MemoryUsage of job (MB)
	645212  -  ResidentSetSize of job (KB)
...
006 (17063509.007.000) 07/02 03:03:34 Image size of job updated: 645216
	631  -  MemoryUsage of job (MB)
	645216  -  ResidentSetSize of job (KB)
...
006 (17063509.007.000) 07/02 03:08:36 Image size of job updated: 645224
	631  -  MemoryUsage of job (MB)
	645224  -  ResidentSetSize of job (KB)
...
006 (17063509.007.000) 07/02 03:18:36 Image size of job updated: 1111868
	1086  -  MemoryUsage of job (MB)
	1111868  -  ResidentSetSize of job (KB)
...
006 (17063509.007.000) 07/02 03:23:36 Image size of job updated: 2102436
	2054  -  MemoryUsage of job (MB)
	2102436  -  ResidentSetSize of job (KB)
...
006 (17063509.007.000) 07/02 03:28:36 Image size of job updated: 2135776
	2086  -  MemoryUsage of job (MB)
	2135776  -  ResidentSetSize of job (KB)
...
006 (17063509.007.000) 07/02 03:33:37 Image size of job updated: 2141612
	2092  -  MemoryUsage of job (MB)
	2141612  -  ResidentSetSize of job (KB)
...
006 (17063509.007.000) 07/02 03:38:37 Image size of job updated: 2148000
	2098  -  MemoryUsage of job (MB)
	2148000  -  ResidentSetSize of job (KB)
...
006 (17063509.007.000) 07/02 03:43:37 Image size of job updated: 2152752
	2103  -  MemoryUsage of job (MB)
	2152752  -  ResidentSetSize of job (KB)
...
006 (17063509.007.000) 07/02 03:48:38 Image size of job updated: 2156712
	2107  -  MemoryUsage of job (MB)
	2156712  -  ResidentSetSize of job (KB)
...
006 (17063509.007.000) 07/02 03:53:38 Image size of job updated: 2159980
	2110  -  MemoryUsage of job (MB)
	2159980  -  ResidentSetSize of job (KB)
...
006 (17063509.007.000) 07/02 03:58:38 Image size of job updated: 2162756
	2113  -  MemoryUsage of job (MB)
	2162756  -  ResidentSetSize of job (KB)
...
006 (17063509.007.000) 07/02 04:03:39 Image size of job updated: 2164816
	2115  -  MemoryUsage of job (MB)
	2164816  -  ResidentSetSize of job (KB)
...
006 (17063509.007.000) 07/02 04:08:39 Image size of job updated: 2166712
	2116  -  MemoryUsage of job (MB)
	2166712  -  ResidentSetSize of job (KB)
...
006 (17063509.007.000) 07/02 04:13:39 Image size of job updated: 2168460
	2118  -  MemoryUsage of job (MB)
	2168460  -  ResidentSetSize of job (KB)
...
006 (17063509.007.000) 07/02 04:18:40 Image size of job updated: 2169924
	2120  -  MemoryUsage of job (MB)
	2169924  -  ResidentSetSize of job (KB)
...
006 (17063509.007.000) 07/02 04:23:41 Image size of job updated: 2171836
	2121  -  MemoryUsage of job (MB)
	2171836  -  ResidentSetSize of job (KB)
...
006 (17063509.007.000) 07/02 04:28:41 Image size of job updated: 2173612
	2123  -  MemoryUsage of job (MB)
	2173612  -  ResidentSetSize of job (KB)
...
006 (17063509.007.000) 07/02 04:33:41 Image size of job updated: 2175732
	2125  -  MemoryUsage of job (MB)
	2175732  -  ResidentSetSize of job (KB)
...
006 (17063509.007.000) 07/02 04:38:42 Image size of job updated: 2176684
	2126  -  MemoryUsage of job (MB)
	2176684  -  ResidentSetSize of job (KB)
...
006 (17063509.007.000) 07/02 04:43:42 Image size of job updated: 2177588
	2127  -  MemoryUsage of job (MB)
	2177588  -  ResidentSetSize of job (KB)
...
006 (17063509.007.000) 07/02 04:48:42 Image size of job updated: 2178576
	2128  -  MemoryUsage of job (MB)
	2178576  -  ResidentSetSize of job (KB)
...
006 (17063509.007.000) 07/02 04:53:43 Image size of job updated: 2179484
	2129  -  MemoryUsage of job (MB)
	2179484  -  ResidentSetSize of job (KB)
...
006 (17063509.007.000) 07/02 04:58:43 Image size of job updated: 2180580
	2130  -  MemoryUsage of job (MB)
	2180580  -  ResidentSetSize of job (KB)
...
006 (17063509.007.000) 07/02 05:03:43 Image size of job updated: 2182316
	2132  -  MemoryUsage of job (MB)
	2182316  -  ResidentSetSize of job (KB)
...
006 (17063509.007.000) 07/02 05:08:44 Image size of job updated: 2183296
	2133  -  MemoryUsage of job (MB)
	2183296  -  ResidentSetSize of job (KB)
...
006 (17063509.007.000) 07/02 05:13:44 Image size of job updated: 2184456
	2134  -  MemoryUsage of job (MB)
	2184456  -  ResidentSetSize of job (KB)
...
006 (17063509.007.000) 07/02 05:18:44 Image size of job updated: 2185680
	2135  -  MemoryUsage of job (MB)
	2185680  -  ResidentSetSize of job (KB)
...
006 (17063509.007.000) 07/02 05:23:45 Image size of job updated: 2186844
	2136  -  MemoryUsage of job (MB)
	2186844  -  ResidentSetSize of job (KB)
...
006 (17063509.007.000) 07/02 05:28:45 Image size of job updated: 2188752
	2138  -  MemoryUsage of job (MB)
	2188752  -  ResidentSetSize of job (KB)
...
006 (17063509.007.000) 07/02 05:31:46 Image size of job updated: 2202568
	2138  -  MemoryUsage of job (MB)
	2188752  -  ResidentSetSize of job (KB)
...
040 (17063509.007.000) 07/02 05:31:46 Started transferring output files
...
040 (17063509.007.000) 07/02 05:31:59 Finished transferring output files
...
004 (17063509.007.000) 07/02 05:34:08 Job was evicted.
	(0) CPU times
		Usr 0 00:01:47, Sys 0 00:00:32  -  Run Remote Usage
		Usr 0 00:00:00, Sys 0 00:00:00  -  Run Local Usage
	10014  -  Run Bytes Sent By Job
	130093  -  Run Bytes Received By Job
	Partitionable Resources :    Usage  Request Allocated Assigned
	   Cpus                 :     0.01        8         8 
	   Disk (KB)            :   302     8388608   8391512 
	   GPUs                 :     0.00        1         1 "GPU-704390e1"
	   GpusMemory (MB)      :  1382                       
	   Memory (MB)          :  2138       24000     24000 
	   TimeExecute (s)      : 16712                       
	   TimeSlotBusy (s)     : 16847                       
...
009 (17063509.007.000) 07/02 05:34:12 Job was aborted.
	via condor_rm (by user yeo)
...
