000 (16720545.011.000) 06/25 12:23:40 Job submitted from host: <188.185.114.121:9618?addrs=188.185.114.121-9618+[2001-1458-d00-a--100-273]-9618&alias=bigbird19.cern.ch&noUDP&sock=schedd_5103_cfe0>
...
040 (16720545.011.000) 06/25 13:47:56 Started transferring input files
	Transferring to host: <188.185.238.11:9618?addrs=188.185.238.11-9618+[2001-1458-303-28--100-7]-9618&alias=b9pgpun003.cern.ch&noUDP&sock=slot1_3_2204080_8015_86628>
...
040 (16720545.011.000) 06/25 13:47:56 Finished transferring input files
...
001 (16720545.011.000) 06/25 13:47:57 Job executing on host: <188.185.238.11:9618?addrs=188.185.238.11-9618+[2001-1458-303-28--100-7]-9618&alias=b9pgpun003.cern.ch&noUDP&sock=startd_2204038_528c>
	SlotName: slot1_3@b9pgpun003.cern.ch
	AvailableGPUs = { GPUs_GPU_b0236122 }
	CondorScratchDir = "/pool/condor/dir_359638"
	Cpus = 3
	Disk = 8394703
	GPUs = 1
	GPUs_GPU_b0236122 = [ Id = "GPU-b0236122"; ClockMhz = 1785.0; Capability = 9.0; CoresPerCU = 128; DeviceName = "NVIDIA H100 NVL"; DeviceUuid = "b0236122-3dad-e41f-0e67-9f9775407a9b"; ECCEnabled = true; ComputeUnits = 132; DriverVersion = 13.0; DevicePciBusId = "0000:AD:00.0"; GlobalMemoryMb = 95320; MaxSupportedVersion = 13000 ]
	Memory = 9000
...
006 (16720545.011.000) 06/25 13:48:10 Image size of job updated: 331916
	325  -  MemoryUsage of job (MB)
	331916  -  ResidentSetSize of job (KB)
...
006 (16720545.011.000) 06/25 13:53:10 Image size of job updated: 449904
	440  -  MemoryUsage of job (MB)
	449904  -  ResidentSetSize of job (KB)
...
006 (16720545.011.000) 06/25 13:58:11 Image size of job updated: 453364
	443  -  MemoryUsage of job (MB)
	453364  -  ResidentSetSize of job (KB)
...
006 (16720545.011.000) 06/25 14:03:12 Image size of job updated: 456924
	447  -  MemoryUsage of job (MB)
	456924  -  ResidentSetSize of job (KB)
...
006 (16720545.011.000) 06/25 14:08:12 Image size of job updated: 458564
	448  -  MemoryUsage of job (MB)
	458564  -  ResidentSetSize of job (KB)
...
006 (16720545.011.000) 06/25 14:13:13 Image size of job updated: 458608
	448  -  MemoryUsage of job (MB)
	458608  -  ResidentSetSize of job (KB)
...
006 (16720545.011.000) 06/25 14:18:13 Image size of job updated: 458704
	448  -  MemoryUsage of job (MB)
	458704  -  ResidentSetSize of job (KB)
...
006 (16720545.011.000) 06/25 14:23:13 Image size of job updated: 458792
	449  -  MemoryUsage of job (MB)
	458792  -  ResidentSetSize of job (KB)
...
006 (16720545.011.000) 06/25 14:28:14 Image size of job updated: 461456
	451  -  MemoryUsage of job (MB)
	461456  -  ResidentSetSize of job (KB)
...
006 (16720545.011.000) 06/25 14:33:14 Image size of job updated: 464368
	454  -  MemoryUsage of job (MB)
	464368  -  ResidentSetSize of job (KB)
...
006 (16720545.011.000) 06/25 14:38:15 Image size of job updated: 467384
	457  -  MemoryUsage of job (MB)
	467384  -  ResidentSetSize of job (KB)
...
006 (16720545.011.000) 06/25 14:43:16 Image size of job updated: 469868
	459  -  MemoryUsage of job (MB)
	469868  -  ResidentSetSize of job (KB)
...
006 (16720545.011.000) 06/25 14:48:16 Image size of job updated: 472536
	462  -  MemoryUsage of job (MB)
	472536  -  ResidentSetSize of job (KB)
...
006 (16720545.011.000) 06/25 14:53:17 Image size of job updated: 474080
	463  -  MemoryUsage of job (MB)
	474080  -  ResidentSetSize of job (KB)
...
006 (16720545.011.000) 06/25 14:58:18 Image size of job updated: 476564
	466  -  MemoryUsage of job (MB)
	476564  -  ResidentSetSize of job (KB)
...
006 (16720545.011.000) 06/25 15:03:18 Image size of job updated: 479372
	469  -  MemoryUsage of job (MB)
	479372  -  ResidentSetSize of job (KB)
...
006 (16720545.011.000) 06/25 15:08:19 Image size of job updated: 484968
	474  -  MemoryUsage of job (MB)
	484968  -  ResidentSetSize of job (KB)
...
006 (16720545.011.000) 06/25 15:13:19 Image size of job updated: 488116
	477  -  MemoryUsage of job (MB)
	488116  -  ResidentSetSize of job (KB)
...
006 (16720545.011.000) 06/25 15:18:19 Image size of job updated: 488196
	477  -  MemoryUsage of job (MB)
	488196  -  ResidentSetSize of job (KB)
...
006 (16720545.011.000) 06/25 15:23:20 Image size of job updated: 1010164
	987  -  MemoryUsage of job (MB)
	1010164  -  ResidentSetSize of job (KB)
...
006 (16720545.011.000) 06/25 15:28:20 Image size of job updated: 1011884
	989  -  MemoryUsage of job (MB)
	1011884  -  ResidentSetSize of job (KB)
...
006 (16720545.011.000) 06/25 15:33:21 Image size of job updated: 1012684
	989  -  MemoryUsage of job (MB)
	1012684  -  ResidentSetSize of job (KB)
...
006 (16720545.011.000) 06/25 15:38:22 Image size of job updated: 1013548
	990  -  MemoryUsage of job (MB)
	1013548  -  ResidentSetSize of job (KB)
...
006 (16720545.011.000) 06/25 15:43:22 Image size of job updated: 1013764
	991  -  MemoryUsage of job (MB)
	1013764  -  ResidentSetSize of job (KB)
...
006 (16720545.011.000) 06/25 15:48:23 Image size of job updated: 1014116
	991  -  MemoryUsage of job (MB)
	1014116  -  ResidentSetSize of job (KB)
...
006 (16720545.011.000) 06/25 15:53:23 Image size of job updated: 1014588
	991  -  MemoryUsage of job (MB)
	1014588  -  ResidentSetSize of job (KB)
...
006 (16720545.011.000) 06/25 15:58:23 Image size of job updated: 1015264
	992  -  MemoryUsage of job (MB)
	1015264  -  ResidentSetSize of job (KB)
...
006 (16720545.011.000) 06/25 16:03:24 Image size of job updated: 1016548
	993  -  MemoryUsage of job (MB)
	1016548  -  ResidentSetSize of job (KB)
...
006 (16720545.011.000) 06/25 16:08:24 Image size of job updated: 1016788
	993  -  MemoryUsage of job (MB)
	1016788  -  ResidentSetSize of job (KB)
...
006 (16720545.011.000) 06/25 16:13:24 Image size of job updated: 1017024
	994  -  MemoryUsage of job (MB)
	1017024  -  ResidentSetSize of job (KB)
...
006 (16720545.011.000) 06/25 16:18:25 Image size of job updated: 1017404
	994  -  MemoryUsage of job (MB)
	1017404  -  ResidentSetSize of job (KB)
...
006 (16720545.011.000) 06/25 16:23:25 Image size of job updated: 1017868
	995  -  MemoryUsage of job (MB)
	1017868  -  ResidentSetSize of job (KB)
...
006 (16720545.011.000) 06/25 16:28:26 Image size of job updated: 1018236
	995  -  MemoryUsage of job (MB)
	1018236  -  ResidentSetSize of job (KB)
...
006 (16720545.011.000) 06/25 16:33:27 Image size of job updated: 1018908
	996  -  MemoryUsage of job (MB)
	1018908  -  ResidentSetSize of job (KB)
...
006 (16720545.011.000) 06/25 16:38:27 Image size of job updated: 1019408
	996  -  MemoryUsage of job (MB)
	1019408  -  ResidentSetSize of job (KB)
...
006 (16720545.011.000) 06/25 16:43:28 Image size of job updated: 1019868
	996  -  MemoryUsage of job (MB)
	1019868  -  ResidentSetSize of job (KB)
...
006 (16720545.011.000) 06/25 16:48:29 Image size of job updated: 1020192
	997  -  MemoryUsage of job (MB)
	1020192  -  ResidentSetSize of job (KB)
...
006 (16720545.011.000) 06/25 16:53:29 Image size of job updated: 1020676
	997  -  MemoryUsage of job (MB)
	1020672  -  ResidentSetSize of job (KB)
...
006 (16720545.011.000) 06/25 16:58:30 Image size of job updated: 1021008
	998  -  MemoryUsage of job (MB)
	1021008  -  ResidentSetSize of job (KB)
...
006 (16720545.011.000) 06/25 17:03:30 Image size of job updated: 1021316
	998  -  MemoryUsage of job (MB)
	1021316  -  ResidentSetSize of job (KB)
...
006 (16720545.011.000) 06/25 17:08:30 Image size of job updated: 1021740
	998  -  MemoryUsage of job (MB)
	1021740  -  ResidentSetSize of job (KB)
...
006 (16720545.011.000) 06/25 17:13:31 Image size of job updated: 1022140
	999  -  MemoryUsage of job (MB)
	1022140  -  ResidentSetSize of job (KB)
...
006 (16720545.011.000) 06/25 17:18:31 Image size of job updated: 1022604
	999  -  MemoryUsage of job (MB)
	1022604  -  ResidentSetSize of job (KB)
...
006 (16720545.011.000) 06/25 17:23:31 Image size of job updated: 1023160
	1000  -  MemoryUsage of job (MB)
	1023160  -  ResidentSetSize of job (KB)
...
006 (16720545.011.000) 06/25 17:28:32 Image size of job updated: 1023936
	1000  -  MemoryUsage of job (MB)
	1023936  -  ResidentSetSize of job (KB)
...
006 (16720545.011.000) 06/25 17:33:32 Image size of job updated: 1024100
	1001  -  MemoryUsage of job (MB)
	1024100  -  ResidentSetSize of job (KB)
...
006 (16720545.011.000) 06/25 17:38:33 Image size of job updated: 1024456
	1001  -  MemoryUsage of job (MB)
	1024456  -  ResidentSetSize of job (KB)
...
006 (16720545.011.000) 06/25 17:43:34 Image size of job updated: 1024796
	1001  -  MemoryUsage of job (MB)
	1024796  -  ResidentSetSize of job (KB)
...
006 (16720545.011.000) 06/25 17:48:34 Image size of job updated: 1025100
	1002  -  MemoryUsage of job (MB)
	1025100  -  ResidentSetSize of job (KB)
...
006 (16720545.011.000) 06/25 17:53:35 Image size of job updated: 1025472
	1002  -  MemoryUsage of job (MB)
	1025472  -  ResidentSetSize of job (KB)
...
006 (16720545.011.000) 06/25 17:58:35 Image size of job updated: 1025852
	1002  -  MemoryUsage of job (MB)
	1025852  -  ResidentSetSize of job (KB)
...
006 (16720545.011.000) 06/25 18:03:35 Image size of job updated: 1026072
	1003  -  MemoryUsage of job (MB)
	1026072  -  ResidentSetSize of job (KB)
...
006 (16720545.011.000) 06/25 18:08:36 Image size of job updated: 1026468
	1003  -  MemoryUsage of job (MB)
	1026468  -  ResidentSetSize of job (KB)
...
006 (16720545.011.000) 06/25 18:13:36 Image size of job updated: 1026844
	1003  -  MemoryUsage of job (MB)
	1026844  -  ResidentSetSize of job (KB)
...
006 (16720545.011.000) 06/25 18:18:37 Image size of job updated: 1027204
	1004  -  MemoryUsage of job (MB)
	1027204  -  ResidentSetSize of job (KB)
...
006 (16720545.011.000) 06/25 18:23:38 Image size of job updated: 1027564
	1004  -  MemoryUsage of job (MB)
	1027564  -  ResidentSetSize of job (KB)
...
006 (16720545.011.000) 06/25 18:28:38 Image size of job updated: 1041776
	1018  -  MemoryUsage of job (MB)
	1041776  -  ResidentSetSize of job (KB)
...
006 (16720545.011.000) 06/25 18:33:39 Image size of job updated: 1093568
	1068  -  MemoryUsage of job (MB)
	1093568  -  ResidentSetSize of job (KB)
...
006 (16720545.011.000) 06/25 18:38:40 Image size of job updated: 1097884
	1073  -  MemoryUsage of job (MB)
	1097884  -  ResidentSetSize of job (KB)
...
006 (16720545.011.000) 06/25 18:43:40 Image size of job updated: 1098084
	1073  -  MemoryUsage of job (MB)
	1098084  -  ResidentSetSize of job (KB)
...
006 (16720545.011.000) 06/25 18:48:41 Image size of job updated: 1100368
	1075  -  MemoryUsage of job (MB)
	1100368  -  ResidentSetSize of job (KB)
...
006 (16720545.011.000) 06/25 18:53:42 Image size of job updated: 1100728
	1075  -  MemoryUsage of job (MB)
	1100728  -  ResidentSetSize of job (KB)
...
006 (16720545.011.000) 06/25 18:58:42 Image size of job updated: 1101220
	1076  -  MemoryUsage of job (MB)
	1101220  -  ResidentSetSize of job (KB)
...
006 (16720545.011.000) 06/25 19:03:43 Image size of job updated: 1101700
	1076  -  MemoryUsage of job (MB)
	1101700  -  ResidentSetSize of job (KB)
...
006 (16720545.011.000) 06/25 19:08:44 Image size of job updated: 1127304
	1101  -  MemoryUsage of job (MB)
	1127304  -  ResidentSetSize of job (KB)
...
006 (16720545.011.000) 06/25 19:13:44 Image size of job updated: 1127820
	1102  -  MemoryUsage of job (MB)
	1127820  -  ResidentSetSize of job (KB)
...
006 (16720545.011.000) 06/25 19:18:44 Image size of job updated: 1151900
	1125  -  MemoryUsage of job (MB)
	1151900  -  ResidentSetSize of job (KB)
...
006 (16720545.011.000) 06/25 19:23:45 Image size of job updated: 1152736
	1126  -  MemoryUsage of job (MB)
	1152736  -  ResidentSetSize of job (KB)
...
006 (16720545.011.000) 06/25 19:28:45 Image size of job updated: 1153060
	1127  -  MemoryUsage of job (MB)
	1153060  -  ResidentSetSize of job (KB)
...
006 (16720545.011.000) 06/25 19:33:45 Image size of job updated: 1153364
	1127  -  MemoryUsage of job (MB)
	1153364  -  ResidentSetSize of job (KB)
...
006 (16720545.011.000) 06/25 19:38:46 Image size of job updated: 1153684
	1127  -  MemoryUsage of job (MB)
	1153684  -  ResidentSetSize of job (KB)
...
006 (16720545.011.000) 06/25 19:43:46 Image size of job updated: 1153988
	1127  -  MemoryUsage of job (MB)
	1153988  -  ResidentSetSize of job (KB)
...
006 (16720545.011.000) 06/25 19:48:46 Image size of job updated: 1154276
	1128  -  MemoryUsage of job (MB)
	1154276  -  ResidentSetSize of job (KB)
...
006 (16720545.011.000) 06/25 19:53:47 Image size of job updated: 1154552
	1128  -  MemoryUsage of job (MB)
	1154552  -  ResidentSetSize of job (KB)
...
006 (16720545.011.000) 06/25 19:58:47 Image size of job updated: 1154872
	1128  -  MemoryUsage of job (MB)
	1154872  -  ResidentSetSize of job (KB)
...
006 (16720545.011.000) 06/25 20:03:47 Image size of job updated: 1155196
	1129  -  MemoryUsage of job (MB)
	1155196  -  ResidentSetSize of job (KB)
...
006 (16720545.011.000) 06/25 20:08:48 Image size of job updated: 1155524
	1129  -  MemoryUsage of job (MB)
	1155524  -  ResidentSetSize of job (KB)
...
006 (16720545.011.000) 06/25 20:13:48 Image size of job updated: 1155956
	1129  -  MemoryUsage of job (MB)
	1155956  -  ResidentSetSize of job (KB)
...
006 (16720545.011.000) 06/25 20:18:48 Image size of job updated: 1156304
	1130  -  MemoryUsage of job (MB)
	1156304  -  ResidentSetSize of job (KB)
...
006 (16720545.011.000) 06/25 20:23:49 Image size of job updated: 1156672
	1130  -  MemoryUsage of job (MB)
	1156672  -  ResidentSetSize of job (KB)
...
006 (16720545.011.000) 06/25 20:28:50 Image size of job updated: 1157532
	1131  -  MemoryUsage of job (MB)
	1157532  -  ResidentSetSize of job (KB)
...
006 (16720545.011.000) 06/25 20:33:50 Image size of job updated: 1157888
	1131  -  MemoryUsage of job (MB)
	1157888  -  ResidentSetSize of job (KB)
...
006 (16720545.011.000) 06/25 20:38:51 Image size of job updated: 1158220
	1132  -  MemoryUsage of job (MB)
	1158220  -  ResidentSetSize of job (KB)
...
006 (16720545.011.000) 06/25 20:43:52 Image size of job updated: 1158588
	1132  -  MemoryUsage of job (MB)
	1158588  -  ResidentSetSize of job (KB)
...
006 (16720545.011.000) 06/25 20:48:52 Image size of job updated: 1158980
	1132  -  MemoryUsage of job (MB)
	1158980  -  ResidentSetSize of job (KB)
...
006 (16720545.011.000) 06/25 20:53:53 Image size of job updated: 1159340
	1133  -  MemoryUsage of job (MB)
	1159340  -  ResidentSetSize of job (KB)
...
006 (16720545.011.000) 06/25 20:58:53 Image size of job updated: 1159724
	1133  -  MemoryUsage of job (MB)
	1159724  -  ResidentSetSize of job (KB)
...
006 (16720545.011.000) 06/25 21:03:53 Image size of job updated: 1160180
	1133  -  MemoryUsage of job (MB)
	1160180  -  ResidentSetSize of job (KB)
...
006 (16720545.011.000) 06/25 21:08:54 Image size of job updated: 1160544
	1134  -  MemoryUsage of job (MB)
	1160544  -  ResidentSetSize of job (KB)
...
006 (16720545.011.000) 06/25 21:13:55 Image size of job updated: 1161416
	1135  -  MemoryUsage of job (MB)
	1161416  -  ResidentSetSize of job (KB)
...
006 (16720545.011.000) 06/25 21:18:55 Image size of job updated: 1161736
	1135  -  MemoryUsage of job (MB)
	1161736  -  ResidentSetSize of job (KB)
...
006 (16720545.011.000) 06/25 21:23:56 Image size of job updated: 1162064
	1135  -  MemoryUsage of job (MB)
	1162064  -  ResidentSetSize of job (KB)
...
006 (16720545.011.000) 06/25 21:28:57 Image size of job updated: 1162404
	1136  -  MemoryUsage of job (MB)
	1162404  -  ResidentSetSize of job (KB)
...
006 (16720545.011.000) 06/25 21:33:57 Image size of job updated: 1162748
	1136  -  MemoryUsage of job (MB)
	1162748  -  ResidentSetSize of job (KB)
...
006 (16720545.011.000) 06/25 21:38:58 Image size of job updated: 1163112
	1136  -  MemoryUsage of job (MB)
	1163112  -  ResidentSetSize of job (KB)
...
006 (16720545.011.000) 06/25 21:43:59 Image size of job updated: 1163516
	1137  -  MemoryUsage of job (MB)
	1163516  -  ResidentSetSize of job (KB)
...
006 (16720545.011.000) 06/25 21:48:59 Image size of job updated: 1164364
	1138  -  MemoryUsage of job (MB)
	1164364  -  ResidentSetSize of job (KB)
...
006 (16720545.011.000) 06/25 21:54:00 Image size of job updated: 1164728
	1138  -  MemoryUsage of job (MB)
	1164728  -  ResidentSetSize of job (KB)
...
006 (16720545.011.000) 06/25 21:59:01 Image size of job updated: 1167052
	1140  -  MemoryUsage of job (MB)
	1167052  -  ResidentSetSize of job (KB)
...
006 (16720545.011.000) 06/25 22:09:02 Image size of job updated: 1168072
	1141  -  MemoryUsage of job (MB)
	1168072  -  ResidentSetSize of job (KB)
...
006 (16720545.011.000) 06/25 22:14:03 Image size of job updated: 1168380
	1141  -  MemoryUsage of job (MB)
	1168380  -  ResidentSetSize of job (KB)
...
006 (16720545.011.000) 06/25 22:19:03 Image size of job updated: 1168692
	1142  -  MemoryUsage of job (MB)
	1168692  -  ResidentSetSize of job (KB)
...
006 (16720545.011.000) 06/25 22:24:04 Image size of job updated: 1169040
	1142  -  MemoryUsage of job (MB)
	1169040  -  ResidentSetSize of job (KB)
...
006 (16720545.011.000) 06/25 22:29:05 Image size of job updated: 1169352
	1142  -  MemoryUsage of job (MB)
	1169352  -  ResidentSetSize of job (KB)
...
006 (16720545.011.000) 06/25 22:34:05 Image size of job updated: 1169736
	1143  -  MemoryUsage of job (MB)
	1169736  -  ResidentSetSize of job (KB)
...
006 (16720545.011.000) 06/25 22:39:05 Image size of job updated: 1170108
	1143  -  MemoryUsage of job (MB)
	1170108  -  ResidentSetSize of job (KB)
...
006 (16720545.011.000) 06/25 22:44:06 Image size of job updated: 1170492
	1144  -  MemoryUsage of job (MB)
	1170492  -  ResidentSetSize of job (KB)
...
006 (16720545.011.000) 06/25 22:49:06 Image size of job updated: 1170796
	1144  -  MemoryUsage of job (MB)
	1170796  -  ResidentSetSize of job (KB)
...
006 (16720545.011.000) 06/25 22:54:06 Image size of job updated: 1171124
	1144  -  MemoryUsage of job (MB)
	1171124  -  ResidentSetSize of job (KB)
...
006 (16720545.011.000) 06/25 22:59:07 Image size of job updated: 1171452
	1144  -  MemoryUsage of job (MB)
	1171452  -  ResidentSetSize of job (KB)
...
006 (16720545.011.000) 06/25 23:04:07 Image size of job updated: 1171856
	1145  -  MemoryUsage of job (MB)
	1171856  -  ResidentSetSize of job (KB)
...
006 (16720545.011.000) 06/25 23:09:07 Image size of job updated: 1172268
	1145  -  MemoryUsage of job (MB)
	1172268  -  ResidentSetSize of job (KB)
...
006 (16720545.011.000) 06/25 23:14:09 Image size of job updated: 1172596
	1146  -  MemoryUsage of job (MB)
	1172596  -  ResidentSetSize of job (KB)
...
006 (16720545.011.000) 06/25 23:19:09 Image size of job updated: 1172892
	1146  -  MemoryUsage of job (MB)
	1172892  -  ResidentSetSize of job (KB)
...
006 (16720545.011.000) 06/25 23:24:09 Image size of job updated: 1173220
	1146  -  MemoryUsage of job (MB)
	1173220  -  ResidentSetSize of job (KB)
...
006 (16720545.011.000) 06/25 23:29:10 Image size of job updated: 1173564
	1147  -  MemoryUsage of job (MB)
	1173564  -  ResidentSetSize of job (KB)
...
006 (16720545.011.000) 06/25 23:34:10 Image size of job updated: 1173920
	1147  -  MemoryUsage of job (MB)
	1173920  -  ResidentSetSize of job (KB)
...
006 (16720545.011.000) 06/25 23:39:10 Image size of job updated: 1174272
	1147  -  MemoryUsage of job (MB)
	1174272  -  ResidentSetSize of job (KB)
...
006 (16720545.011.000) 06/25 23:44:11 Image size of job updated: 1174660
	1148  -  MemoryUsage of job (MB)
	1174660  -  ResidentSetSize of job (KB)
...
006 (16720545.011.000) 06/25 23:49:11 Image size of job updated: 1175036
	1148  -  MemoryUsage of job (MB)
	1175036  -  ResidentSetSize of job (KB)
...
006 (16720545.011.000) 06/25 23:54:11 Image size of job updated: 1175496
	1148  -  MemoryUsage of job (MB)
	1175496  -  ResidentSetSize of job (KB)
...
006 (16720545.011.000) 06/25 23:59:12 Image size of job updated: 1175968
	1149  -  MemoryUsage of job (MB)
	1175968  -  ResidentSetSize of job (KB)
...
006 (16720545.011.000) 06/26 00:04:12 Image size of job updated: 1176452
	1149  -  MemoryUsage of job (MB)
	1176452  -  ResidentSetSize of job (KB)
...
006 (16720545.011.000) 06/26 00:09:12 Image size of job updated: 1176892
	1150  -  MemoryUsage of job (MB)
	1176892  -  ResidentSetSize of job (KB)
...
006 (16720545.011.000) 06/26 00:14:13 Image size of job updated: 1177308
	1150  -  MemoryUsage of job (MB)
	1177308  -  ResidentSetSize of job (KB)
...
006 (16720545.011.000) 06/26 00:19:14 Image size of job updated: 1177736
	1151  -  MemoryUsage of job (MB)
	1177736  -  ResidentSetSize of job (KB)
...
006 (16720545.011.000) 06/26 00:24:14 Image size of job updated: 1178132
	1151  -  MemoryUsage of job (MB)
	1178132  -  ResidentSetSize of job (KB)
...
006 (16720545.011.000) 06/26 00:29:15 Image size of job updated: 1178556
	1151  -  MemoryUsage of job (MB)
	1178556  -  ResidentSetSize of job (KB)
...
006 (16720545.011.000) 06/26 00:34:16 Image size of job updated: 1179684
	1153  -  MemoryUsage of job (MB)
	1179684  -  ResidentSetSize of job (KB)
...
006 (16720545.011.000) 06/26 00:39:16 Image size of job updated: 1180348
	1153  -  MemoryUsage of job (MB)
	1180348  -  ResidentSetSize of job (KB)
...
006 (16720545.011.000) 06/26 00:44:16 Image size of job updated: 1180844
	1154  -  MemoryUsage of job (MB)
	1180844  -  ResidentSetSize of job (KB)
...
006 (16720545.011.000) 06/26 00:49:17 Image size of job updated: 1181292
	1154  -  MemoryUsage of job (MB)
	1181292  -  ResidentSetSize of job (KB)
...
006 (16720545.011.000) 06/26 00:54:17 Image size of job updated: 1181788
	1155  -  MemoryUsage of job (MB)
	1181788  -  ResidentSetSize of job (KB)
...
006 (16720545.011.000) 06/26 00:59:17 Image size of job updated: 1182320
	1155  -  MemoryUsage of job (MB)
	1182320  -  ResidentSetSize of job (KB)
...
006 (16720545.011.000) 06/26 01:04:18 Image size of job updated: 1182864
	1156  -  MemoryUsage of job (MB)
	1182864  -  ResidentSetSize of job (KB)
...
006 (16720545.011.000) 06/26 01:09:18 Image size of job updated: 1183448
	1156  -  MemoryUsage of job (MB)
	1183448  -  ResidentSetSize of job (KB)
...
006 (16720545.011.000) 06/26 01:14:18 Image size of job updated: 1183972
	1157  -  MemoryUsage of job (MB)
	1183972  -  ResidentSetSize of job (KB)
...
006 (16720545.011.000) 06/26 01:19:19 Image size of job updated: 1184508
	1157  -  MemoryUsage of job (MB)
	1184508  -  ResidentSetSize of job (KB)
...
006 (16720545.011.000) 06/26 01:24:19 Image size of job updated: 1185064
	1158  -  MemoryUsage of job (MB)
	1185064  -  ResidentSetSize of job (KB)
...
006 (16720545.011.000) 06/26 01:29:19 Image size of job updated: 1185628
	1158  -  MemoryUsage of job (MB)
	1185628  -  ResidentSetSize of job (KB)
...
006 (16720545.011.000) 06/26 01:34:20 Image size of job updated: 1186268
	1159  -  MemoryUsage of job (MB)
	1186268  -  ResidentSetSize of job (KB)
...
006 (16720545.011.000) 06/26 01:39:21 Image size of job updated: 1186888
	1160  -  MemoryUsage of job (MB)
	1186888  -  ResidentSetSize of job (KB)
...
006 (16720545.011.000) 06/26 01:44:21 Image size of job updated: 1187484
	1160  -  MemoryUsage of job (MB)
	1187484  -  ResidentSetSize of job (KB)
...
006 (16720545.011.000) 06/26 01:49:22 Image size of job updated: 1188076
	1161  -  MemoryUsage of job (MB)
	1188076  -  ResidentSetSize of job (KB)
...
006 (16720545.011.000) 06/26 01:54:23 Image size of job updated: 1188728
	1161  -  MemoryUsage of job (MB)
	1188728  -  ResidentSetSize of job (KB)
...
006 (16720545.011.000) 06/26 01:59:23 Image size of job updated: 1189404
	1162  -  MemoryUsage of job (MB)
	1189404  -  ResidentSetSize of job (KB)
...
006 (16720545.011.000) 06/26 02:04:24 Image size of job updated: 1192952
	1165  -  MemoryUsage of job (MB)
	1192952  -  ResidentSetSize of job (KB)
...
006 (16720545.011.000) 06/26 02:09:25 Image size of job updated: 1193520
	1166  -  MemoryUsage of job (MB)
	1193520  -  ResidentSetSize of job (KB)
...
006 (16720545.011.000) 06/26 02:14:25 Image size of job updated: 1194236
	1167  -  MemoryUsage of job (MB)
	1194236  -  ResidentSetSize of job (KB)
...
006 (16720545.011.000) 06/26 02:19:26 Image size of job updated: 1195444
	1168  -  MemoryUsage of job (MB)
	1195444  -  ResidentSetSize of job (KB)
...
006 (16720545.011.000) 06/26 02:24:27 Image size of job updated: 1196180
	1169  -  MemoryUsage of job (MB)
	1196180  -  ResidentSetSize of job (KB)
...
006 (16720545.011.000) 06/26 02:29:27 Image size of job updated: 1196900
	1169  -  MemoryUsage of job (MB)
	1196900  -  ResidentSetSize of job (KB)
...
006 (16720545.011.000) 06/26 02:34:27 Image size of job updated: 1197464
	1170  -  MemoryUsage of job (MB)
	1197464  -  ResidentSetSize of job (KB)
...
006 (16720545.011.000) 06/26 02:39:28 Image size of job updated: 1198132
	1171  -  MemoryUsage of job (MB)
	1198132  -  ResidentSetSize of job (KB)
...
006 (16720545.011.000) 06/26 02:44:28 Image size of job updated: 1198732
	1171  -  MemoryUsage of job (MB)
	1198732  -  ResidentSetSize of job (KB)
...
006 (16720545.011.000) 06/26 02:49:28 Image size of job updated: 1199304
	1172  -  MemoryUsage of job (MB)
	1199304  -  ResidentSetSize of job (KB)
...
006 (16720545.011.000) 06/26 02:54:29 Image size of job updated: 1199848
	1172  -  MemoryUsage of job (MB)
	1199848  -  ResidentSetSize of job (KB)
...
006 (16720545.011.000) 06/26 02:59:30 Image size of job updated: 1200388
	1173  -  MemoryUsage of job (MB)
	1200388  -  ResidentSetSize of job (KB)
...
006 (16720545.011.000) 06/26 03:04:30 Image size of job updated: 1200916
	1173  -  MemoryUsage of job (MB)
	1200916  -  ResidentSetSize of job (KB)
...
006 (16720545.011.000) 06/26 03:09:31 Image size of job updated: 1201440
	1174  -  MemoryUsage of job (MB)
	1201440  -  ResidentSetSize of job (KB)
...
006 (16720545.011.000) 06/26 03:14:32 Image size of job updated: 1201976
	1174  -  MemoryUsage of job (MB)
	1201976  -  ResidentSetSize of job (KB)
...
006 (16720545.011.000) 06/26 03:19:32 Image size of job updated: 1202512
	1175  -  MemoryUsage of job (MB)
	1202512  -  ResidentSetSize of job (KB)
...
006 (16720545.011.000) 06/26 03:24:32 Image size of job updated: 1203084
	1175  -  MemoryUsage of job (MB)
	1203084  -  ResidentSetSize of job (KB)
...
006 (16720545.011.000) 06/26 03:29:33 Image size of job updated: 1203644
	1176  -  MemoryUsage of job (MB)
	1203644  -  ResidentSetSize of job (KB)
...
006 (16720545.011.000) 06/26 03:34:33 Image size of job updated: 1204172
	1176  -  MemoryUsage of job (MB)
	1204172  -  ResidentSetSize of job (KB)
...
006 (16720545.011.000) 06/26 03:39:33 Image size of job updated: 1204692
	1177  -  MemoryUsage of job (MB)
	1204692  -  ResidentSetSize of job (KB)
...
006 (16720545.011.000) 06/26 03:44:34 Image size of job updated: 1205232
	1177  -  MemoryUsage of job (MB)
	1205232  -  ResidentSetSize of job (KB)
...
006 (16720545.011.000) 06/26 03:49:34 Image size of job updated: 1205776
	1178  -  MemoryUsage of job (MB)
	1205776  -  ResidentSetSize of job (KB)
...
006 (16720545.011.000) 06/26 03:54:34 Image size of job updated: 1206100
	1178  -  MemoryUsage of job (MB)
	1206100  -  ResidentSetSize of job (KB)
...
006 (16720545.011.000) 06/26 03:59:35 Image size of job updated: 1207220
	1179  -  MemoryUsage of job (MB)
	1207220  -  ResidentSetSize of job (KB)
...
006 (16720545.011.000) 06/26 04:04:35 Image size of job updated: 1207748
	1180  -  MemoryUsage of job (MB)
	1207748  -  ResidentSetSize of job (KB)
...
006 (16720545.011.000) 06/26 04:09:35 Image size of job updated: 1208260
	1180  -  MemoryUsage of job (MB)
	1208260  -  ResidentSetSize of job (KB)
...
006 (16720545.011.000) 06/26 04:14:36 Image size of job updated: 1208848
	1181  -  MemoryUsage of job (MB)
	1208848  -  ResidentSetSize of job (KB)
...
006 (16720545.011.000) 06/26 04:19:37 Image size of job updated: 1209344
	1181  -  MemoryUsage of job (MB)
	1209344  -  ResidentSetSize of job (KB)
...
006 (16720545.011.000) 06/26 04:24:37 Image size of job updated: 1209888
	1182  -  MemoryUsage of job (MB)
	1209888  -  ResidentSetSize of job (KB)
...
006 (16720545.011.000) 06/26 04:29:38 Image size of job updated: 1210376
	1183  -  MemoryUsage of job (MB)
	1210376  -  ResidentSetSize of job (KB)
...
006 (16720545.011.000) 06/26 04:34:39 Image size of job updated: 1210904
	1183  -  MemoryUsage of job (MB)
	1210904  -  ResidentSetSize of job (KB)
...
006 (16720545.011.000) 06/26 04:39:39 Image size of job updated: 1211436
	1184  -  MemoryUsage of job (MB)
	1211436  -  ResidentSetSize of job (KB)
...
006 (16720545.011.000) 06/26 04:44:40 Image size of job updated: 1212064
	1184  -  MemoryUsage of job (MB)
	1212064  -  ResidentSetSize of job (KB)
...
006 (16720545.011.000) 06/26 04:49:41 Image size of job updated: 1212632
	1185  -  MemoryUsage of job (MB)
	1212632  -  ResidentSetSize of job (KB)
...
006 (16720545.011.000) 06/26 04:54:41 Image size of job updated: 1213284
	1185  -  MemoryUsage of job (MB)
	1213284  -  ResidentSetSize of job (KB)
...
006 (16720545.011.000) 06/26 04:59:42 Image size of job updated: 1213856
	1186  -  MemoryUsage of job (MB)
	1213856  -  ResidentSetSize of job (KB)
...
006 (16720545.011.000) 06/26 05:04:43 Image size of job updated: 1214508
	1187  -  MemoryUsage of job (MB)
	1214508  -  ResidentSetSize of job (KB)
...
006 (16720545.011.000) 06/26 05:09:43 Image size of job updated: 1215200
	1187  -  MemoryUsage of job (MB)
	1215200  -  ResidentSetSize of job (KB)
...
006 (16720545.011.000) 06/26 05:14:44 Image size of job updated: 1215948
	1188  -  MemoryUsage of job (MB)
	1215948  -  ResidentSetSize of job (KB)
...
006 (16720545.011.000) 06/26 05:19:45 Image size of job updated: 1216668
	1189  -  MemoryUsage of job (MB)
	1216668  -  ResidentSetSize of job (KB)
...
006 (16720545.011.000) 06/26 05:24:45 Image size of job updated: 1217416
	1189  -  MemoryUsage of job (MB)
	1217416  -  ResidentSetSize of job (KB)
...
006 (16720545.011.000) 06/26 05:29:45 Image size of job updated: 1219328
	1191  -  MemoryUsage of job (MB)
	1219328  -  ResidentSetSize of job (KB)
...
006 (16720545.011.000) 06/26 05:34:46 Image size of job updated: 1220244
	1192  -  MemoryUsage of job (MB)
	1220244  -  ResidentSetSize of job (KB)
...
006 (16720545.011.000) 06/26 05:39:46 Image size of job updated: 1220852
	1193  -  MemoryUsage of job (MB)
	1220852  -  ResidentSetSize of job (KB)
...
006 (16720545.011.000) 06/26 05:44:46 Image size of job updated: 1221488
	1193  -  MemoryUsage of job (MB)
	1221488  -  ResidentSetSize of job (KB)
...
006 (16720545.011.000) 06/26 05:49:47 Image size of job updated: 1222156
	1194  -  MemoryUsage of job (MB)
	1222156  -  ResidentSetSize of job (KB)
...
006 (16720545.011.000) 06/26 05:54:47 Image size of job updated: 1222828
	1195  -  MemoryUsage of job (MB)
	1222828  -  ResidentSetSize of job (KB)
...
006 (16720545.011.000) 06/26 05:59:47 Image size of job updated: 1223428
	1195  -  MemoryUsage of job (MB)
	1223428  -  ResidentSetSize of job (KB)
...
006 (16720545.011.000) 06/26 06:04:48 Image size of job updated: 1224036
	1196  -  MemoryUsage of job (MB)
	1224036  -  ResidentSetSize of job (KB)
...
006 (16720545.011.000) 06/26 06:09:48 Image size of job updated: 1224652
	1196  -  MemoryUsage of job (MB)
	1224652  -  ResidentSetSize of job (KB)
...
006 (16720545.011.000) 06/26 06:14:48 Image size of job updated: 1225240
	1197  -  MemoryUsage of job (MB)
	1225240  -  ResidentSetSize of job (KB)
...
006 (16720545.011.000) 06/26 06:19:49 Image size of job updated: 1225816
	1198  -  MemoryUsage of job (MB)
	1225816  -  ResidentSetSize of job (KB)
...
006 (16720545.011.000) 06/26 06:24:49 Image size of job updated: 1226404
	1198  -  MemoryUsage of job (MB)
	1226404  -  ResidentSetSize of job (KB)
...
006 (16720545.011.000) 06/26 06:29:49 Image size of job updated: 1226968
	1199  -  MemoryUsage of job (MB)
	1226968  -  ResidentSetSize of job (KB)
...
006 (16720545.011.000) 06/26 06:34:50 Image size of job updated: 1227572
	1199  -  MemoryUsage of job (MB)
	1227572  -  ResidentSetSize of job (KB)
...
006 (16720545.011.000) 06/26 06:39:51 Image size of job updated: 1228156
	1200  -  MemoryUsage of job (MB)
	1228156  -  ResidentSetSize of job (KB)
...
006 (16720545.011.000) 06/26 06:44:51 Image size of job updated: 1228760
	1200  -  MemoryUsage of job (MB)
	1228760  -  ResidentSetSize of job (KB)
...
006 (16720545.011.000) 06/26 06:49:52 Image size of job updated: 1229344
	1201  -  MemoryUsage of job (MB)
	1229344  -  ResidentSetSize of job (KB)
...
006 (16720545.011.000) 06/26 06:54:53 Image size of job updated: 1229924
	1202  -  MemoryUsage of job (MB)
	1229924  -  ResidentSetSize of job (KB)
...
006 (16720545.011.000) 06/26 06:59:53 Image size of job updated: 1230496
	1202  -  MemoryUsage of job (MB)
	1230496  -  ResidentSetSize of job (KB)
...
006 (16720545.011.000) 06/26 07:04:54 Image size of job updated: 1230800
	1202  -  MemoryUsage of job (MB)
	1230800  -  ResidentSetSize of job (KB)
...
006 (16720545.011.000) 06/26 07:09:55 Image size of job updated: 1232112
	1204  -  MemoryUsage of job (MB)
	1232112  -  ResidentSetSize of job (KB)
...
006 (16720545.011.000) 06/26 07:14:55 Image size of job updated: 1232596
	1204  -  MemoryUsage of job (MB)
	1232596  -  ResidentSetSize of job (KB)
...
006 (16720545.011.000) 06/26 07:19:55 Image size of job updated: 1233200
	1205  -  MemoryUsage of job (MB)
	1233200  -  ResidentSetSize of job (KB)
...
006 (16720545.011.000) 06/26 07:24:56 Image size of job updated: 1233740
	1205  -  MemoryUsage of job (MB)
	1233740  -  ResidentSetSize of job (KB)
...
006 (16720545.011.000) 06/26 07:29:56 Image size of job updated: 1234360
	1206  -  MemoryUsage of job (MB)
	1234360  -  ResidentSetSize of job (KB)
...
006 (16720545.011.000) 06/26 07:34:56 Image size of job updated: 1234948
	1207  -  MemoryUsage of job (MB)
	1234948  -  ResidentSetSize of job (KB)
...
006 (16720545.011.000) 06/26 07:39:57 Image size of job updated: 1235512
	1207  -  MemoryUsage of job (MB)
	1235512  -  ResidentSetSize of job (KB)
...
006 (16720545.011.000) 06/26 07:44:57 Image size of job updated: 1236068
	1208  -  MemoryUsage of job (MB)
	1236068  -  ResidentSetSize of job (KB)
...
006 (16720545.011.000) 06/26 07:49:57 Image size of job updated: 1236592
	1208  -  MemoryUsage of job (MB)
	1236592  -  ResidentSetSize of job (KB)
...
006 (16720545.011.000) 06/26 07:54:58 Image size of job updated: 1237192
	1209  -  MemoryUsage of job (MB)
	1237192  -  ResidentSetSize of job (KB)
...
006 (16720545.011.000) 06/26 07:59:58 Image size of job updated: 1237832
	1209  -  MemoryUsage of job (MB)
	1237832  -  ResidentSetSize of job (KB)
...
006 (16720545.011.000) 06/26 08:04:58 Image size of job updated: 1238444
	1210  -  MemoryUsage of job (MB)
	1238444  -  ResidentSetSize of job (KB)
...
006 (16720545.011.000) 06/26 08:09:59 Image size of job updated: 1239080
	1211  -  MemoryUsage of job (MB)
	1239080  -  ResidentSetSize of job (KB)
...
006 (16720545.011.000) 06/26 08:15:00 Image size of job updated: 1239640
	1211  -  MemoryUsage of job (MB)
	1239640  -  ResidentSetSize of job (KB)
...
006 (16720545.011.000) 06/26 08:20:00 Image size of job updated: 1240256
	1212  -  MemoryUsage of job (MB)
	1240256  -  ResidentSetSize of job (KB)
...
006 (16720545.011.000) 06/26 08:25:01 Image size of job updated: 1240824
	1212  -  MemoryUsage of job (MB)
	1240824  -  ResidentSetSize of job (KB)
...
006 (16720545.011.000) 06/26 08:30:02 Image size of job updated: 1241424
	1213  -  MemoryUsage of job (MB)
	1241424  -  ResidentSetSize of job (KB)
...
006 (16720545.011.000) 06/26 08:35:02 Image size of job updated: 1242064
	1213  -  MemoryUsage of job (MB)
	1242064  -  ResidentSetSize of job (KB)
...
006 (16720545.011.000) 06/26 08:40:03 Image size of job updated: 1242532
	1214  -  MemoryUsage of job (MB)
	1242532  -  ResidentSetSize of job (KB)
...
006 (16720545.011.000) 06/26 08:45:04 Image size of job updated: 1243620
	1215  -  MemoryUsage of job (MB)
	1243620  -  ResidentSetSize of job (KB)
...
006 (16720545.011.000) 06/26 08:50:04 Image size of job updated: 1244128
	1215  -  MemoryUsage of job (MB)
	1244128  -  ResidentSetSize of job (KB)
...
006 (16720545.011.000) 06/26 08:55:05 Image size of job updated: 1244580
	1216  -  MemoryUsage of job (MB)
	1244580  -  ResidentSetSize of job (KB)
...
006 (16720545.011.000) 06/26 09:00:06 Image size of job updated: 1245208
	1217  -  MemoryUsage of job (MB)
	1245208  -  ResidentSetSize of job (KB)
...
006 (16720545.011.000) 06/26 09:05:06 Image size of job updated: 1245756
	1217  -  MemoryUsage of job (MB)
	1245756  -  ResidentSetSize of job (KB)
...
006 (16720545.011.000) 06/26 09:10:06 Image size of job updated: 1246288
	1218  -  MemoryUsage of job (MB)
	1246288  -  ResidentSetSize of job (KB)
...
006 (16720545.011.000) 06/26 09:15:07 Image size of job updated: 1246828
	1218  -  MemoryUsage of job (MB)
	1246828  -  ResidentSetSize of job (KB)
...
006 (16720545.011.000) 06/26 09:20:07 Image size of job updated: 1247408
	1219  -  MemoryUsage of job (MB)
	1247408  -  ResidentSetSize of job (KB)
...
006 (16720545.011.000) 06/26 09:25:07 Image size of job updated: 1247984
	1219  -  MemoryUsage of job (MB)
	1247984  -  ResidentSetSize of job (KB)
...
006 (16720545.011.000) 06/26 09:30:08 Image size of job updated: 1248616
	1220  -  MemoryUsage of job (MB)
	1248616  -  ResidentSetSize of job (KB)
...
006 (16720545.011.000) 06/26 09:35:08 Image size of job updated: 1249128
	1220  -  MemoryUsage of job (MB)
	1249128  -  ResidentSetSize of job (KB)
...
006 (16720545.011.000) 06/26 09:40:08 Image size of job updated: 1249652
	1221  -  MemoryUsage of job (MB)
	1249652  -  ResidentSetSize of job (KB)
...
006 (16720545.011.000) 06/26 09:45:08 Image size of job updated: 1250228
	1221  -  MemoryUsage of job (MB)
	1250228  -  ResidentSetSize of job (KB)
...
006 (16720545.011.000) 06/26 09:50:09 Image size of job updated: 1250812
	1222  -  MemoryUsage of job (MB)
	1250812  -  ResidentSetSize of job (KB)
...
006 (16720545.011.000) 06/26 09:55:09 Image size of job updated: 1251304
	1222  -  MemoryUsage of job (MB)
	1251304  -  ResidentSetSize of job (KB)
...
006 (16720545.011.000) 06/26 10:00:09 Image size of job updated: 1251880
	1223  -  MemoryUsage of job (MB)
	1251880  -  ResidentSetSize of job (KB)
...
006 (16720545.011.000) 06/26 10:05:10 Image size of job updated: 1252500
	1224  -  MemoryUsage of job (MB)
	1252500  -  ResidentSetSize of job (KB)
...
006 (16720545.011.000) 06/26 10:10:10 Image size of job updated: 1253148
	1224  -  MemoryUsage of job (MB)
	1253148  -  ResidentSetSize of job (KB)
...
006 (16720545.011.000) 06/26 10:15:11 Image size of job updated: 1254208
	1225  -  MemoryUsage of job (MB)
	1254208  -  ResidentSetSize of job (KB)
...
006 (16720545.011.000) 06/26 10:20:12 Image size of job updated: 1255116
	1226  -  MemoryUsage of job (MB)
	1255116  -  ResidentSetSize of job (KB)
...
006 (16720545.011.000) 06/26 10:25:12 Image size of job updated: 1255828
	1227  -  MemoryUsage of job (MB)
	1255828  -  ResidentSetSize of job (KB)
...
006 (16720545.011.000) 06/26 10:30:13 Image size of job updated: 1256372
	1227  -  MemoryUsage of job (MB)
	1256372  -  ResidentSetSize of job (KB)
...
006 (16720545.011.000) 06/26 10:35:14 Image size of job updated: 1257024
	1228  -  MemoryUsage of job (MB)
	1257024  -  ResidentSetSize of job (KB)
...
006 (16720545.011.000) 06/26 10:40:14 Image size of job updated: 1257632
	1229  -  MemoryUsage of job (MB)
	1257632  -  ResidentSetSize of job (KB)
...
006 (16720545.011.000) 06/26 10:45:15 Image size of job updated: 1258216
	1229  -  MemoryUsage of job (MB)
	1258216  -  ResidentSetSize of job (KB)
...
006 (16720545.011.000) 06/26 10:50:16 Image size of job updated: 1258844
	1230  -  MemoryUsage of job (MB)
	1258844  -  ResidentSetSize of job (KB)
...
006 (16720545.011.000) 06/26 10:55:16 Image size of job updated: 1259476
	1230  -  MemoryUsage of job (MB)
	1259476  -  ResidentSetSize of job (KB)
...
006 (16720545.011.000) 06/26 11:00:17 Image size of job updated: 1260016
	1231  -  MemoryUsage of job (MB)
	1260016  -  ResidentSetSize of job (KB)
...
006 (16720545.011.000) 06/26 11:05:18 Image size of job updated: 1260656
	1232  -  MemoryUsage of job (MB)
	1260656  -  ResidentSetSize of job (KB)
...
006 (16720545.011.000) 06/26 11:10:18 Image size of job updated: 1261272
	1232  -  MemoryUsage of job (MB)
	1261272  -  ResidentSetSize of job (KB)
...
006 (16720545.011.000) 06/26 11:15:19 Image size of job updated: 1261896
	1233  -  MemoryUsage of job (MB)
	1261896  -  ResidentSetSize of job (KB)
...
006 (16720545.011.000) 06/26 11:20:20 Image size of job updated: 1262488
	1233  -  MemoryUsage of job (MB)
	1262488  -  ResidentSetSize of job (KB)
...
006 (16720545.011.000) 06/26 11:25:20 Image size of job updated: 1263088
	1234  -  MemoryUsage of job (MB)
	1263088  -  ResidentSetSize of job (KB)
...
006 (16720545.011.000) 06/26 11:30:21 Image size of job updated: 1263748
	1235  -  MemoryUsage of job (MB)
	1263748  -  ResidentSetSize of job (KB)
...
006 (16720545.011.000) 06/26 11:35:22 Image size of job updated: 1264356
	1235  -  MemoryUsage of job (MB)
	1264356  -  ResidentSetSize of job (KB)
...
006 (16720545.011.000) 06/26 11:40:22 Image size of job updated: 1264964
	1236  -  MemoryUsage of job (MB)
	1264964  -  ResidentSetSize of job (KB)
...
006 (16720545.011.000) 06/26 11:45:23 Image size of job updated: 1265560
	1236  -  MemoryUsage of job (MB)
	1265560  -  ResidentSetSize of job (KB)
...
006 (16720545.011.000) 06/26 11:50:24 Image size of job updated: 1266188
	1237  -  MemoryUsage of job (MB)
	1266188  -  ResidentSetSize of job (KB)
...
006 (16720545.011.000) 06/26 11:55:24 Image size of job updated: 1266436
	1237  -  MemoryUsage of job (MB)
	1266436  -  ResidentSetSize of job (KB)
...
006 (16720545.011.000) 06/26 12:00:25 Image size of job updated: 1267712
	1238  -  MemoryUsage of job (MB)
	1267712  -  ResidentSetSize of job (KB)
...
006 (16720545.011.000) 06/26 12:05:26 Image size of job updated: 1268308
	1239  -  MemoryUsage of job (MB)
	1268308  -  ResidentSetSize of job (KB)
...
006 (16720545.011.000) 06/26 12:10:26 Image size of job updated: 1268856
	1240  -  MemoryUsage of job (MB)
	1268856  -  ResidentSetSize of job (KB)
...
006 (16720545.011.000) 06/26 12:15:27 Image size of job updated: 1269484
	1240  -  MemoryUsage of job (MB)
	1269484  -  ResidentSetSize of job (KB)
...
006 (16720545.011.000) 06/26 12:20:28 Image size of job updated: 1270016
	1241  -  MemoryUsage of job (MB)
	1270016  -  ResidentSetSize of job (KB)
...
006 (16720545.011.000) 06/26 12:25:28 Image size of job updated: 1270580
	1241  -  MemoryUsage of job (MB)
	1270580  -  ResidentSetSize of job (KB)
...
006 (16720545.011.000) 06/26 12:30:29 Image size of job updated: 1271516
	1242  -  MemoryUsage of job (MB)
	1271516  -  ResidentSetSize of job (KB)
...
006 (16720545.011.000) 06/26 12:35:30 Image size of job updated: 1272508
	1243  -  MemoryUsage of job (MB)
	1272508  -  ResidentSetSize of job (KB)
...
006 (16720545.011.000) 06/26 12:40:30 Image size of job updated: 1273444
	1244  -  MemoryUsage of job (MB)
	1273444  -  ResidentSetSize of job (KB)
...
006 (16720545.011.000) 06/26 12:45:30 Image size of job updated: 1274328
	1245  -  MemoryUsage of job (MB)
	1274328  -  ResidentSetSize of job (KB)
...
006 (16720545.011.000) 06/26 12:50:31 Image size of job updated: 1275208
	1246  -  MemoryUsage of job (MB)
	1275208  -  ResidentSetSize of job (KB)
...
006 (16720545.011.000) 06/26 12:55:31 Image size of job updated: 1276040
	1247  -  MemoryUsage of job (MB)
	1276040  -  ResidentSetSize of job (KB)
...
006 (16720545.011.000) 06/26 13:00:31 Image size of job updated: 1277048
	1248  -  MemoryUsage of job (MB)
	1277048  -  ResidentSetSize of job (KB)
...
006 (16720545.011.000) 06/26 13:05:32 Image size of job updated: 1277912
	1248  -  MemoryUsage of job (MB)
	1277912  -  ResidentSetSize of job (KB)
...
006 (16720545.011.000) 06/26 13:10:32 Image size of job updated: 1279228
	1250  -  MemoryUsage of job (MB)
	1279228  -  ResidentSetSize of job (KB)
...
006 (16720545.011.000) 06/26 13:15:32 Image size of job updated: 1280008
	1251  -  MemoryUsage of job (MB)
	1280008  -  ResidentSetSize of job (KB)
...
006 (16720545.011.000) 06/26 13:20:33 Image size of job updated: 1280736
	1251  -  MemoryUsage of job (MB)
	1280736  -  ResidentSetSize of job (KB)
...
006 (16720545.011.000) 06/26 13:25:33 Image size of job updated: 1281516
	1252  -  MemoryUsage of job (MB)
	1281516  -  ResidentSetSize of job (KB)
...
006 (16720545.011.000) 06/26 13:30:33 Image size of job updated: 1282272
	1253  -  MemoryUsage of job (MB)
	1282272  -  ResidentSetSize of job (KB)
...
006 (16720545.011.000) 06/26 13:35:34 Image size of job updated: 1283364
	1254  -  MemoryUsage of job (MB)
	1283364  -  ResidentSetSize of job (KB)
...
006 (16720545.011.000) 06/26 13:40:34 Image size of job updated: 1284752
	1255  -  MemoryUsage of job (MB)
	1284752  -  ResidentSetSize of job (KB)
...
006 (16720545.011.000) 06/26 13:45:34 Image size of job updated: 1286088
	1256  -  MemoryUsage of job (MB)
	1286088  -  ResidentSetSize of job (KB)
...
006 (16720545.011.000) 06/26 13:48:35 Image size of job updated: 1287048
	1256  -  MemoryUsage of job (MB)
	1286088  -  ResidentSetSize of job (KB)
...
040 (16720545.011.000) 06/26 13:48:35 Started transferring output files
...
040 (16720545.011.000) 06/26 13:48:35 Finished transferring output files
...
009 (16720545.011.000) 06/26 13:48:35 Job was aborted.
	Job removed by SYSTEM_PERIODIC_REMOVE due to wall time exceeded allowed max.
...
