000 (16720353.007.000) 06/25 10:05:45 Job submitted from host: <188.185.114.121:9618?addrs=188.185.114.121-9618+[2001-1458-d00-a--100-273]-9618&alias=bigbird19.cern.ch&noUDP&sock=schedd_5103_cfe0>
...
040 (16720353.007.000) 06/25 11:08:00 Started transferring input files
	Transferring to host: <188.185.190.76:9618?addrs=188.185.190.76-9618+[2001-1458-d03-b--100-1c5]-9618&alias=b9pgpun215.cern.ch&noUDP&sock=slot1_1_1235502_ad7a_60>
...
040 (16720353.007.000) 06/25 11:08:00 Finished transferring input files
...
001 (16720353.007.000) 06/25 11:08:01 Job executing on host: <188.185.190.76:9618?addrs=188.185.190.76-9618+[2001-1458-d03-b--100-1c5]-9618&alias=b9pgpun215.cern.ch&noUDP&sock=startd_273240_7dc8>
	SlotName: slot1_1@b9pgpun215.cern.ch
	AvailableGPUs = { GPUs_MIG_f888ead1_c637_5348_8081_c5ee55d694e6 }
	CondorScratchDir = "/pool/condor/dir_1338033"
	Cpus = 3
	Disk = 8389632
	GPUs = 1
	GPUs_MIG_f888ead1_c637_5348_8081_c5ee55d694e6 = [ Id = "MIG-f888ead1-c637-5348-8081-c5ee55d694e6"; DeviceName = "NVIDIA H100L-2-24C MIG 2g.24gb"; DeviceUuid = "MIG-f888ead1-c637-5348-8081-c5ee55d694e6"; ComputeUnits = 32; GlobalMemoryMb = 21547 ]
	Memory = 9000
...
006 (16720353.007.000) 06/25 11:08:09 Image size of job updated: 124860
	122  -  MemoryUsage of job (MB)
	124860  -  ResidentSetSize of job (KB)
...
006 (16720353.007.000) 06/25 11:13:09 Image size of job updated: 498660
	487  -  MemoryUsage of job (MB)
	498660  -  ResidentSetSize of job (KB)
...
006 (16720353.007.000) 06/25 11:18:09 Image size of job updated: 500852
	490  -  MemoryUsage of job (MB)
	500852  -  ResidentSetSize of job (KB)
...
006 (16720353.007.000) 06/25 11:23:10 Image size of job updated: 501632
	490  -  MemoryUsage of job (MB)
	501632  -  ResidentSetSize of job (KB)
...
006 (16720353.007.000) 06/25 11:28:10 Image size of job updated: 504900
	494  -  MemoryUsage of job (MB)
	504900  -  ResidentSetSize of job (KB)
...
006 (16720353.007.000) 06/25 11:33:10 Image size of job updated: 507000
	496  -  MemoryUsage of job (MB)
	507000  -  ResidentSetSize of job (KB)
...
006 (16720353.007.000) 06/25 11:38:11 Image size of job updated: 509580
	498  -  MemoryUsage of job (MB)
	509580  -  ResidentSetSize of job (KB)
...
006 (16720353.007.000) 06/25 11:43:11 Image size of job updated: 509928
	498  -  MemoryUsage of job (MB)
	509928  -  ResidentSetSize of job (KB)
...
006 (16720353.007.000) 06/25 11:48:11 Image size of job updated: 509932
	498  -  MemoryUsage of job (MB)
	509932  -  ResidentSetSize of job (KB)
...
006 (16720353.007.000) 06/25 11:53:13 Image size of job updated: 511492
	500  -  MemoryUsage of job (MB)
	511492  -  ResidentSetSize of job (KB)
...
006 (16720353.007.000) 06/25 11:58:13 Image size of job updated: 513964
	502  -  MemoryUsage of job (MB)
	513964  -  ResidentSetSize of job (KB)
...
006 (16720353.007.000) 06/25 12:03:13 Image size of job updated: 516456
	505  -  MemoryUsage of job (MB)
	516456  -  ResidentSetSize of job (KB)
...
006 (16720353.007.000) 06/25 12:08:14 Image size of job updated: 519072
	507  -  MemoryUsage of job (MB)
	519072  -  ResidentSetSize of job (KB)
...
006 (16720353.007.000) 06/25 12:13:15 Image size of job updated: 520888
	509  -  MemoryUsage of job (MB)
	520888  -  ResidentSetSize of job (KB)
...
006 (16720353.007.000) 06/25 12:18:15 Image size of job updated: 523540
	512  -  MemoryUsage of job (MB)
	523540  -  ResidentSetSize of job (KB)
...
006 (16720353.007.000) 06/25 12:23:02 Image size of job updated: 526752
	512  -  MemoryUsage of job (MB)
	523540  -  ResidentSetSize of job (KB)
...
040 (16720353.007.000) 06/25 12:23:02 Started transferring output files
...
040 (16720353.007.000) 06/25 12:23:02 Finished transferring output files
...
004 (16720353.007.000) 06/25 12:23:02 Job was evicted. Code 1009 Subcode 0
	(0) CPU times
		Usr 0 00:00:18, Sys 0 00:00:10  -  Run Remote Usage
		Usr 0 00:00:00, Sys 0 00:00:00  -  Run Local Usage
	7279  -  Run Bytes Sent By Job
	128497  -  Run Bytes Received By Job
	Reason: Claim deactivated
	Partitionable Resources :    Usage  Request Allocated Assigned
	   Cpus                 :     0.00        3         3 
	   Disk (KB)            :   213     8388608   8389632 
	   GPUs                 :                 1         1 "MIG-f888ead1-c637-5348-8081-c5ee55d694e6"
	   Memory (MB)          :   512        9000      9000 
	   TimeExecute (s)      :  4501                       
	   TimeSlotBusy (s)     :  4504                       
...
009 (16720353.007.000) 06/25 12:23:02 Job was aborted.
	via condor_rm (by user yeo)
...
