000 (16720545.002.000) 06/25 12:23:40 Job submitted from host: <188.185.114.121:9618?addrs=188.185.114.121-9618+[2001-1458-d00-a--100-273]-9618&alias=bigbird19.cern.ch&noUDP&sock=schedd_5103_cfe0>
...
040 (16720545.002.000) 06/25 12:24:25 Started transferring input files
	Transferring to host: <188.185.238.12:9618?addrs=188.185.238.12-9618+[2001-1458-303-28--100-8]-9618&alias=b9pgpun001.cern.ch&noUDP&sock=slot1_4_3229370_0eb2_154386>
...
040 (16720545.002.000) 06/25 12:24:25 Finished transferring input files
...
001 (16720545.002.000) 06/25 12:24:26 Job executing on host: <188.185.238.12:9618?addrs=188.185.238.12-9618+[2001-1458-303-28--100-8]-9618&alias=b9pgpun001.cern.ch&noUDP&sock=startd_16419_a594>
	SlotName: slot1_4@b9pgpun001.cern.ch
	AvailableGPUs = { GPUs_GPU_b3592e1c }
	CondorScratchDir = "/pool/condor/dir_76439"
	Cpus = 3
	Disk = 8394560
	GPUs = 1
	GPUs_GPU_b3592e1c = [ Id = "GPU-b3592e1c"; ClockMhz = 1785.0; Capability = 9.0; CoresPerCU = 128; DeviceName = "NVIDIA H100 NVL"; DeviceUuid = "b3592e1c-94b7-d9d7-0d94-bdbd69c4d6f6"; ECCEnabled = true; ComputeUnits = 132; DriverVersion = 13.0; DevicePciBusId = "0000:AE:00.0"; GlobalMemoryMb = 95320; MaxSupportedVersion = 13000 ]
	Memory = 9000
...
006 (16720545.002.000) 06/25 12:24:40 Image size of job updated: 410468
	401  -  MemoryUsage of job (MB)
	410468  -  ResidentSetSize of job (KB)
...
006 (16720545.002.000) 06/25 12:29:41 Image size of job updated: 504524
	493  -  MemoryUsage of job (MB)
	504524  -  ResidentSetSize of job (KB)
...
006 (16720545.002.000) 06/25 12:34:41 Image size of job updated: 511448
	500  -  MemoryUsage of job (MB)
	511448  -  ResidentSetSize of job (KB)
...
006 (16720545.002.000) 06/25 12:39:42 Image size of job updated: 524400
	513  -  MemoryUsage of job (MB)
	524400  -  ResidentSetSize of job (KB)
...
006 (16720545.002.000) 06/25 12:44:43 Image size of job updated: 535552
	523  -  MemoryUsage of job (MB)
	535552  -  ResidentSetSize of job (KB)
...
006 (16720545.002.000) 06/25 12:49:43 Image size of job updated: 545584
	533  -  MemoryUsage of job (MB)
	545584  -  ResidentSetSize of job (KB)
...
006 (16720545.002.000) 06/25 12:54:44 Image size of job updated: 557396
	545  -  MemoryUsage of job (MB)
	557396  -  ResidentSetSize of job (KB)
...
006 (16720545.002.000) 06/25 12:59:45 Image size of job updated: 560264
	548  -  MemoryUsage of job (MB)
	560264  -  ResidentSetSize of job (KB)
...
006 (16720545.002.000) 06/25 13:04:45 Image size of job updated: 564256
	552  -  MemoryUsage of job (MB)
	564256  -  ResidentSetSize of job (KB)
...
006 (16720545.002.000) 06/25 13:09:46 Image size of job updated: 570436
	558  -  MemoryUsage of job (MB)
	570436  -  ResidentSetSize of job (KB)
...
006 (16720545.002.000) 06/25 13:14:47 Image size of job updated: 587060
	574  -  MemoryUsage of job (MB)
	587060  -  ResidentSetSize of job (KB)
...
006 (16720545.002.000) 06/25 13:19:47 Image size of job updated: 607164
	593  -  MemoryUsage of job (MB)
	607164  -  ResidentSetSize of job (KB)
...
006 (16720545.002.000) 06/25 13:24:47 Image size of job updated: 635868
	621  -  MemoryUsage of job (MB)
	635868  -  ResidentSetSize of job (KB)
...
006 (16720545.002.000) 06/25 13:29:48 Image size of job updated: 665720
	651  -  MemoryUsage of job (MB)
	665720  -  ResidentSetSize of job (KB)
...
006 (16720545.002.000) 06/25 13:34:48 Image size of job updated: 679488
	664  -  MemoryUsage of job (MB)
	679488  -  ResidentSetSize of job (KB)
...
006 (16720545.002.000) 06/25 13:39:48 Image size of job updated: 1129132
	1103  -  MemoryUsage of job (MB)
	1129132  -  ResidentSetSize of job (KB)
...
006 (16720545.002.000) 06/25 13:44:49 Image size of job updated: 1129688
	1104  -  MemoryUsage of job (MB)
	1129688  -  ResidentSetSize of job (KB)
...
006 (16720545.002.000) 06/25 13:49:49 Image size of job updated: 1130132
	1104  -  MemoryUsage of job (MB)
	1130132  -  ResidentSetSize of job (KB)
...
006 (16720545.002.000) 06/25 13:54:49 Image size of job updated: 1131328
	1105  -  MemoryUsage of job (MB)
	1131328  -  ResidentSetSize of job (KB)
...
006 (16720545.002.000) 06/25 13:59:50 Image size of job updated: 1132028
	1106  -  MemoryUsage of job (MB)
	1132028  -  ResidentSetSize of job (KB)
...
006 (16720545.002.000) 06/25 14:04:50 Image size of job updated: 1132648
	1107  -  MemoryUsage of job (MB)
	1132648  -  ResidentSetSize of job (KB)
...
006 (16720545.002.000) 06/25 14:09:50 Image size of job updated: 1133152
	1107  -  MemoryUsage of job (MB)
	1133152  -  ResidentSetSize of job (KB)
...
006 (16720545.002.000) 06/25 14:14:51 Image size of job updated: 1134088
	1108  -  MemoryUsage of job (MB)
	1134088  -  ResidentSetSize of job (KB)
...
006 (16720545.002.000) 06/25 14:19:51 Image size of job updated: 1134824
	1109  -  MemoryUsage of job (MB)
	1134824  -  ResidentSetSize of job (KB)
...
006 (16720545.002.000) 06/25 14:24:51 Image size of job updated: 1135500
	1109  -  MemoryUsage of job (MB)
	1135500  -  ResidentSetSize of job (KB)
...
006 (16720545.002.000) 06/25 14:29:52 Image size of job updated: 1136076
	1110  -  MemoryUsage of job (MB)
	1136076  -  ResidentSetSize of job (KB)
...
006 (16720545.002.000) 06/25 14:34:53 Image size of job updated: 1139764
	1114  -  MemoryUsage of job (MB)
	1139764  -  ResidentSetSize of job (KB)
...
006 (16720545.002.000) 06/25 14:39:53 Image size of job updated: 1140360
	1114  -  MemoryUsage of job (MB)
	1140360  -  ResidentSetSize of job (KB)
...
006 (16720545.002.000) 06/25 14:44:54 Image size of job updated: 1140952
	1115  -  MemoryUsage of job (MB)
	1140952  -  ResidentSetSize of job (KB)
...
006 (16720545.002.000) 06/25 14:49:55 Image size of job updated: 1141544
	1115  -  MemoryUsage of job (MB)
	1141544  -  ResidentSetSize of job (KB)
...
006 (16720545.002.000) 06/25 14:54:55 Image size of job updated: 1142156
	1116  -  MemoryUsage of job (MB)
	1142156  -  ResidentSetSize of job (KB)
...
006 (16720545.002.000) 06/25 14:59:56 Image size of job updated: 1142712
	1116  -  MemoryUsage of job (MB)
	1142712  -  ResidentSetSize of job (KB)
...
006 (16720545.002.000) 06/25 15:04:57 Image size of job updated: 1143256
	1117  -  MemoryUsage of job (MB)
	1143256  -  ResidentSetSize of job (KB)
...
006 (16720545.002.000) 06/25 15:09:57 Image size of job updated: 1143452
	1117  -  MemoryUsage of job (MB)
	1143452  -  ResidentSetSize of job (KB)
...
006 (16720545.002.000) 06/25 15:14:58 Image size of job updated: 1143664
	1117  -  MemoryUsage of job (MB)
	1143664  -  ResidentSetSize of job (KB)
...
006 (16720545.002.000) 06/25 15:19:59 Image size of job updated: 1143800
	1117  -  MemoryUsage of job (MB)
	1143800  -  ResidentSetSize of job (KB)
...
006 (16720545.002.000) 06/25 15:24:59 Image size of job updated: 1143952
	1118  -  MemoryUsage of job (MB)
	1143952  -  ResidentSetSize of job (KB)
...
006 (16720545.002.000) 06/25 15:29:59 Image size of job updated: 1144096
	1118  -  MemoryUsage of job (MB)
	1144096  -  ResidentSetSize of job (KB)
...
006 (16720545.002.000) 06/25 15:35:00 Image size of job updated: 1144256
	1118  -  MemoryUsage of job (MB)
	1144256  -  ResidentSetSize of job (KB)
...
006 (16720545.002.000) 06/25 15:40:00 Image size of job updated: 1146452
	1120  -  MemoryUsage of job (MB)
	1146452  -  ResidentSetSize of job (KB)
...
006 (16720545.002.000) 06/25 15:45:00 Image size of job updated: 1148120
	1122  -  MemoryUsage of job (MB)
	1148120  -  ResidentSetSize of job (KB)
...
006 (16720545.002.000) 06/25 15:50:01 Image size of job updated: 1148288
	1122  -  MemoryUsage of job (MB)
	1148288  -  ResidentSetSize of job (KB)
...
006 (16720545.002.000) 06/25 15:55:01 Image size of job updated: 1148424
	1122  -  MemoryUsage of job (MB)
	1148424  -  ResidentSetSize of job (KB)
...
006 (16720545.002.000) 06/25 16:00:01 Image size of job updated: 1148560
	1122  -  MemoryUsage of job (MB)
	1148560  -  ResidentSetSize of job (KB)
...
006 (16720545.002.000) 06/25 16:05:02 Image size of job updated: 1148716
	1122  -  MemoryUsage of job (MB)
	1148716  -  ResidentSetSize of job (KB)
...
006 (16720545.002.000) 06/25 16:10:02 Image size of job updated: 1148844
	1122  -  MemoryUsage of job (MB)
	1148844  -  ResidentSetSize of job (KB)
...
006 (16720545.002.000) 06/25 16:15:02 Image size of job updated: 1148960
	1123  -  MemoryUsage of job (MB)
	1148960  -  ResidentSetSize of job (KB)
...
006 (16720545.002.000) 06/25 16:20:03 Image size of job updated: 1151972
	1125  -  MemoryUsage of job (MB)
	1151972  -  ResidentSetSize of job (KB)
...
006 (16720545.002.000) 06/25 16:25:04 Image size of job updated: 1195980
	1168  -  MemoryUsage of job (MB)
	1195980  -  ResidentSetSize of job (KB)
...
006 (16720545.002.000) 06/25 16:30:04 Image size of job updated: 1197520
	1170  -  MemoryUsage of job (MB)
	1197520  -  ResidentSetSize of job (KB)
...
006 (16720545.002.000) 06/25 16:35:05 Image size of job updated: 1197616
	1170  -  MemoryUsage of job (MB)
	1197616  -  ResidentSetSize of job (KB)
...
006 (16720545.002.000) 06/25 16:40:06 Image size of job updated: 1197720
	1170  -  MemoryUsage of job (MB)
	1197720  -  ResidentSetSize of job (KB)
...
006 (16720545.002.000) 06/25 16:45:06 Image size of job updated: 1197852
	1170  -  MemoryUsage of job (MB)
	1197852  -  ResidentSetSize of job (KB)
...
006 (16720545.002.000) 06/25 16:50:07 Image size of job updated: 1197956
	1170  -  MemoryUsage of job (MB)
	1197956  -  ResidentSetSize of job (KB)
...
006 (16720545.002.000) 06/25 16:55:08 Image size of job updated: 1198116
	1171  -  MemoryUsage of job (MB)
	1198116  -  ResidentSetSize of job (KB)
...
006 (16720545.002.000) 06/25 17:00:08 Image size of job updated: 1198224
	1171  -  MemoryUsage of job (MB)
	1198224  -  ResidentSetSize of job (KB)
...
006 (16720545.002.000) 06/25 17:05:08 Image size of job updated: 1198324
	1171  -  MemoryUsage of job (MB)
	1198324  -  ResidentSetSize of job (KB)
...
006 (16720545.002.000) 06/25 17:10:09 Image size of job updated: 1198424
	1171  -  MemoryUsage of job (MB)
	1198424  -  ResidentSetSize of job (KB)
...
006 (16720545.002.000) 06/25 17:15:09 Image size of job updated: 1198500
	1171  -  MemoryUsage of job (MB)
	1198500  -  ResidentSetSize of job (KB)
...
006 (16720545.002.000) 06/25 17:20:09 Image size of job updated: 1198584
	1171  -  MemoryUsage of job (MB)
	1198584  -  ResidentSetSize of job (KB)
...
006 (16720545.002.000) 06/25 17:25:10 Image size of job updated: 1198696
	1171  -  MemoryUsage of job (MB)
	1198696  -  ResidentSetSize of job (KB)
...
006 (16720545.002.000) 06/25 17:30:10 Image size of job updated: 1198808
	1171  -  MemoryUsage of job (MB)
	1198808  -  ResidentSetSize of job (KB)
...
006 (16720545.002.000) 06/25 17:35:10 Image size of job updated: 1198976
	1171  -  MemoryUsage of job (MB)
	1198976  -  ResidentSetSize of job (KB)
...
006 (16720545.002.000) 06/25 17:40:11 Image size of job updated: 1199064
	1171  -  MemoryUsage of job (MB)
	1199064  -  ResidentSetSize of job (KB)
...
006 (16720545.002.000) 06/25 17:45:11 Image size of job updated: 1199148
	1172  -  MemoryUsage of job (MB)
	1199148  -  ResidentSetSize of job (KB)
...
006 (16720545.002.000) 06/25 17:50:11 Image size of job updated: 1199232
	1172  -  MemoryUsage of job (MB)
	1199232  -  ResidentSetSize of job (KB)
...
006 (16720545.002.000) 06/25 17:55:12 Image size of job updated: 1199320
	1172  -  MemoryUsage of job (MB)
	1199320  -  ResidentSetSize of job (KB)
...
006 (16720545.002.000) 06/25 18:00:13 Image size of job updated: 1199392
	1172  -  MemoryUsage of job (MB)
	1199392  -  ResidentSetSize of job (KB)
...
006 (16720545.002.000) 06/25 18:05:13 Image size of job updated: 1199496
	1172  -  MemoryUsage of job (MB)
	1199496  -  ResidentSetSize of job (KB)
...
006 (16720545.002.000) 06/25 18:10:14 Image size of job updated: 1199596
	1172  -  MemoryUsage of job (MB)
	1199596  -  ResidentSetSize of job (KB)
...
006 (16720545.002.000) 06/25 18:15:15 Image size of job updated: 1199700
	1172  -  MemoryUsage of job (MB)
	1199700  -  ResidentSetSize of job (KB)
...
006 (16720545.002.000) 06/25 18:20:15 Image size of job updated: 1199752
	1172  -  MemoryUsage of job (MB)
	1199752  -  ResidentSetSize of job (KB)
...
006 (16720545.002.000) 06/25 18:25:16 Image size of job updated: 1199876
	1172  -  MemoryUsage of job (MB)
	1199876  -  ResidentSetSize of job (KB)
...
006 (16720545.002.000) 06/25 18:30:17 Image size of job updated: 1199964
	1172  -  MemoryUsage of job (MB)
	1199964  -  ResidentSetSize of job (KB)
...
006 (16720545.002.000) 06/25 18:35:17 Image size of job updated: 1200068
	1172  -  MemoryUsage of job (MB)
	1200068  -  ResidentSetSize of job (KB)
...
006 (16720545.002.000) 06/25 18:40:17 Image size of job updated: 1200180
	1173  -  MemoryUsage of job (MB)
	1200180  -  ResidentSetSize of job (KB)
...
006 (16720545.002.000) 06/25 18:45:18 Image size of job updated: 1200264
	1173  -  MemoryUsage of job (MB)
	1200264  -  ResidentSetSize of job (KB)
...
006 (16720545.002.000) 06/25 18:50:18 Image size of job updated: 1200348
	1173  -  MemoryUsage of job (MB)
	1200348  -  ResidentSetSize of job (KB)
...
006 (16720545.002.000) 06/25 18:55:18 Image size of job updated: 1200428
	1173  -  MemoryUsage of job (MB)
	1200428  -  ResidentSetSize of job (KB)
...
006 (16720545.002.000) 06/25 19:00:20 Image size of job updated: 1200520
	1173  -  MemoryUsage of job (MB)
	1200520  -  ResidentSetSize of job (KB)
...
006 (16720545.002.000) 06/25 19:05:20 Image size of job updated: 1200604
	1173  -  MemoryUsage of job (MB)
	1200604  -  ResidentSetSize of job (KB)
...
006 (16720545.002.000) 06/25 19:10:20 Image size of job updated: 1200704
	1173  -  MemoryUsage of job (MB)
	1200704  -  ResidentSetSize of job (KB)
...
006 (16720545.002.000) 06/25 19:15:21 Image size of job updated: 1200804
	1173  -  MemoryUsage of job (MB)
	1200804  -  ResidentSetSize of job (KB)
...
006 (16720545.002.000) 06/25 19:20:22 Image size of job updated: 1200892
	1173  -  MemoryUsage of job (MB)
	1200892  -  ResidentSetSize of job (KB)
...
006 (16720545.002.000) 06/25 19:25:22 Image size of job updated: 1201012
	1173  -  MemoryUsage of job (MB)
	1201012  -  ResidentSetSize of job (KB)
...
006 (16720545.002.000) 06/25 19:30:23 Image size of job updated: 1203168
	1175  -  MemoryUsage of job (MB)
	1203168  -  ResidentSetSize of job (KB)
...
006 (16720545.002.000) 06/25 19:35:24 Image size of job updated: 1203252
	1176  -  MemoryUsage of job (MB)
	1203252  -  ResidentSetSize of job (KB)
...
006 (16720545.002.000) 06/25 19:40:24 Image size of job updated: 1203344
	1176  -  MemoryUsage of job (MB)
	1203344  -  ResidentSetSize of job (KB)
...
006 (16720545.002.000) 06/25 19:45:24 Image size of job updated: 1203420
	1176  -  MemoryUsage of job (MB)
	1203420  -  ResidentSetSize of job (KB)
...
006 (16720545.002.000) 06/25 19:50:25 Image size of job updated: 1203524
	1176  -  MemoryUsage of job (MB)
	1203524  -  ResidentSetSize of job (KB)
...
006 (16720545.002.000) 06/25 19:55:25 Image size of job updated: 1203616
	1176  -  MemoryUsage of job (MB)
	1203616  -  ResidentSetSize of job (KB)
...
006 (16720545.002.000) 06/25 20:00:25 Image size of job updated: 1203704
	1176  -  MemoryUsage of job (MB)
	1203704  -  ResidentSetSize of job (KB)
...
006 (16720545.002.000) 06/25 20:05:26 Image size of job updated: 1203848
	1176  -  MemoryUsage of job (MB)
	1203848  -  ResidentSetSize of job (KB)
...
006 (16720545.002.000) 06/25 20:10:26 Image size of job updated: 1203936
	1176  -  MemoryUsage of job (MB)
	1203936  -  ResidentSetSize of job (KB)
...
006 (16720545.002.000) 06/25 20:15:26 Image size of job updated: 1204044
	1176  -  MemoryUsage of job (MB)
	1204044  -  ResidentSetSize of job (KB)
...
006 (16720545.002.000) 06/25 20:20:27 Image size of job updated: 1204140
	1176  -  MemoryUsage of job (MB)
	1204140  -  ResidentSetSize of job (KB)
...
006 (16720545.002.000) 06/25 20:25:27 Image size of job updated: 1204220
	1176  -  MemoryUsage of job (MB)
	1204220  -  ResidentSetSize of job (KB)
...
006 (16720545.002.000) 06/25 20:30:27 Image size of job updated: 1204320
	1177  -  MemoryUsage of job (MB)
	1204320  -  ResidentSetSize of job (KB)
...
006 (16720545.002.000) 06/25 20:35:28 Image size of job updated: 1204404
	1177  -  MemoryUsage of job (MB)
	1204404  -  ResidentSetSize of job (KB)
...
006 (16720545.002.000) 06/25 20:40:28 Image size of job updated: 1204572
	1177  -  MemoryUsage of job (MB)
	1204572  -  ResidentSetSize of job (KB)
...
006 (16720545.002.000) 06/25 20:45:28 Image size of job updated: 1204676
	1177  -  MemoryUsage of job (MB)
	1204676  -  ResidentSetSize of job (KB)
...
006 (16720545.002.000) 06/25 20:50:29 Image size of job updated: 1204756
	1177  -  MemoryUsage of job (MB)
	1204756  -  ResidentSetSize of job (KB)
...
006 (16720545.002.000) 06/25 20:55:30 Image size of job updated: 1204840
	1177  -  MemoryUsage of job (MB)
	1204840  -  ResidentSetSize of job (KB)
...
006 (16720545.002.000) 06/25 21:00:30 Image size of job updated: 1205076
	1177  -  MemoryUsage of job (MB)
	1205076  -  ResidentSetSize of job (KB)
...
006 (16720545.002.000) 06/25 21:05:31 Image size of job updated: 1205120
	1177  -  MemoryUsage of job (MB)
	1205120  -  ResidentSetSize of job (KB)
...
006 (16720545.002.000) 06/25 21:10:32 Image size of job updated: 1205216
	1177  -  MemoryUsage of job (MB)
	1205216  -  ResidentSetSize of job (KB)
...
006 (16720545.002.000) 06/25 21:15:32 Image size of job updated: 1205300
	1178  -  MemoryUsage of job (MB)
	1205300  -  ResidentSetSize of job (KB)
...
006 (16720545.002.000) 06/25 21:20:33 Image size of job updated: 1205412
	1178  -  MemoryUsage of job (MB)
	1205412  -  ResidentSetSize of job (KB)
...
006 (16720545.002.000) 06/25 21:25:34 Image size of job updated: 1205500
	1178  -  MemoryUsage of job (MB)
	1205500  -  ResidentSetSize of job (KB)
...
006 (16720545.002.000) 06/25 21:30:34 Image size of job updated: 1205588
	1178  -  MemoryUsage of job (MB)
	1205588  -  ResidentSetSize of job (KB)
...
006 (16720545.002.000) 06/25 21:35:35 Image size of job updated: 1205708
	1178  -  MemoryUsage of job (MB)
	1205708  -  ResidentSetSize of job (KB)
...
006 (16720545.002.000) 06/25 21:40:36 Image size of job updated: 1205812
	1178  -  MemoryUsage of job (MB)
	1205812  -  ResidentSetSize of job (KB)
...
006 (16720545.002.000) 06/25 21:45:36 Image size of job updated: 1205908
	1178  -  MemoryUsage of job (MB)
	1205908  -  ResidentSetSize of job (KB)
...
006 (16720545.002.000) 06/25 21:50:36 Image size of job updated: 1206016
	1178  -  MemoryUsage of job (MB)
	1206016  -  ResidentSetSize of job (KB)
...
006 (16720545.002.000) 06/25 21:55:37 Image size of job updated: 1206108
	1178  -  MemoryUsage of job (MB)
	1206108  -  ResidentSetSize of job (KB)
...
006 (16720545.002.000) 06/25 22:00:37 Image size of job updated: 1206196
	1178  -  MemoryUsage of job (MB)
	1206196  -  ResidentSetSize of job (KB)
...
006 (16720545.002.000) 06/25 22:05:37 Image size of job updated: 1206276
	1179  -  MemoryUsage of job (MB)
	1206276  -  ResidentSetSize of job (KB)
...
006 (16720545.002.000) 06/25 22:10:38 Image size of job updated: 1206360
	1179  -  MemoryUsage of job (MB)
	1206360  -  ResidentSetSize of job (KB)
...
006 (16720545.002.000) 06/25 22:15:38 Image size of job updated: 1206452
	1179  -  MemoryUsage of job (MB)
	1206452  -  ResidentSetSize of job (KB)
...
006 (16720545.002.000) 06/25 22:20:38 Image size of job updated: 1206544
	1179  -  MemoryUsage of job (MB)
	1206544  -  ResidentSetSize of job (KB)
...
006 (16720545.002.000) 06/25 22:25:39 Image size of job updated: 1206628
	1179  -  MemoryUsage of job (MB)
	1206628  -  ResidentSetSize of job (KB)
...
006 (16720545.002.000) 06/25 22:30:40 Image size of job updated: 1206716
	1179  -  MemoryUsage of job (MB)
	1206716  -  ResidentSetSize of job (KB)
...
006 (16720545.002.000) 06/25 22:35:40 Image size of job updated: 1206808
	1179  -  MemoryUsage of job (MB)
	1206808  -  ResidentSetSize of job (KB)
...
006 (16720545.002.000) 06/25 22:40:41 Image size of job updated: 1206888
	1179  -  MemoryUsage of job (MB)
	1206888  -  ResidentSetSize of job (KB)
...
006 (16720545.002.000) 06/25 22:45:42 Image size of job updated: 1206980
	1179  -  MemoryUsage of job (MB)
	1206980  -  ResidentSetSize of job (KB)
...
006 (16720545.002.000) 06/25 22:50:42 Image size of job updated: 1207072
	1179  -  MemoryUsage of job (MB)
	1207072  -  ResidentSetSize of job (KB)
...
006 (16720545.002.000) 06/25 22:55:43 Image size of job updated: 1207164
	1179  -  MemoryUsage of job (MB)
	1207164  -  ResidentSetSize of job (KB)
...
006 (16720545.002.000) 06/25 23:00:44 Image size of job updated: 1207320
	1180  -  MemoryUsage of job (MB)
	1207320  -  ResidentSetSize of job (KB)
...
006 (16720545.002.000) 06/25 23:05:44 Image size of job updated: 1207432
	1180  -  MemoryUsage of job (MB)
	1207432  -  ResidentSetSize of job (KB)
...
006 (16720545.002.000) 06/25 23:10:45 Image size of job updated: 1207548
	1180  -  MemoryUsage of job (MB)
	1207548  -  ResidentSetSize of job (KB)
...
006 (16720545.002.000) 06/25 23:15:46 Image size of job updated: 1207648
	1180  -  MemoryUsage of job (MB)
	1207648  -  ResidentSetSize of job (KB)
...
006 (16720545.002.000) 06/25 23:20:46 Image size of job updated: 1207748
	1180  -  MemoryUsage of job (MB)
	1207748  -  ResidentSetSize of job (KB)
...
006 (16720545.002.000) 06/25 23:25:47 Image size of job updated: 1207844
	1180  -  MemoryUsage of job (MB)
	1207844  -  ResidentSetSize of job (KB)
...
006 (16720545.002.000) 06/25 23:30:48 Image size of job updated: 1207960
	1180  -  MemoryUsage of job (MB)
	1207960  -  ResidentSetSize of job (KB)
...
006 (16720545.002.000) 06/25 23:35:48 Image size of job updated: 1208052
	1180  -  MemoryUsage of job (MB)
	1208052  -  ResidentSetSize of job (KB)
...
006 (16720545.002.000) 06/25 23:40:49 Image size of job updated: 1208132
	1180  -  MemoryUsage of job (MB)
	1208132  -  ResidentSetSize of job (KB)
...
006 (16720545.002.000) 06/25 23:45:50 Image size of job updated: 1210280
	1182  -  MemoryUsage of job (MB)
	1210280  -  ResidentSetSize of job (KB)
...
006 (16720545.002.000) 06/25 23:50:50 Image size of job updated: 1213456
	1186  -  MemoryUsage of job (MB)
	1213456  -  ResidentSetSize of job (KB)
...
006 (16720545.002.000) 06/25 23:55:50 Image size of job updated: 1213564
	1186  -  MemoryUsage of job (MB)
	1213564  -  ResidentSetSize of job (KB)
...
006 (16720545.002.000) 06/26 00:00:51 Image size of job updated: 1213672
	1186  -  MemoryUsage of job (MB)
	1213672  -  ResidentSetSize of job (KB)
...
006 (16720545.002.000) 06/26 00:05:51 Image size of job updated: 1213812
	1186  -  MemoryUsage of job (MB)
	1213812  -  ResidentSetSize of job (KB)
...
006 (16720545.002.000) 06/26 00:10:51 Image size of job updated: 1213924
	1186  -  MemoryUsage of job (MB)
	1213924  -  ResidentSetSize of job (KB)
...
006 (16720545.002.000) 06/26 00:15:52 Image size of job updated: 1214040
	1186  -  MemoryUsage of job (MB)
	1214040  -  ResidentSetSize of job (KB)
...
006 (16720545.002.000) 06/26 00:20:52 Image size of job updated: 1214148
	1186  -  MemoryUsage of job (MB)
	1214148  -  ResidentSetSize of job (KB)
...
006 (16720545.002.000) 06/26 00:25:52 Image size of job updated: 1214256
	1186  -  MemoryUsage of job (MB)
	1214256  -  ResidentSetSize of job (KB)
...
006 (16720545.002.000) 06/26 00:30:53 Image size of job updated: 1214372
	1186  -  MemoryUsage of job (MB)
	1214372  -  ResidentSetSize of job (KB)
...
006 (16720545.002.000) 06/26 00:35:53 Image size of job updated: 1214528
	1187  -  MemoryUsage of job (MB)
	1214528  -  ResidentSetSize of job (KB)
...
006 (16720545.002.000) 06/26 00:40:53 Image size of job updated: 1214648
	1187  -  MemoryUsage of job (MB)
	1214648  -  ResidentSetSize of job (KB)
...
006 (16720545.002.000) 06/26 00:45:54 Image size of job updated: 1214768
	1187  -  MemoryUsage of job (MB)
	1214768  -  ResidentSetSize of job (KB)
...
006 (16720545.002.000) 06/26 00:50:55 Image size of job updated: 1214900
	1187  -  MemoryUsage of job (MB)
	1214900  -  ResidentSetSize of job (KB)
...
006 (16720545.002.000) 06/26 00:55:55 Image size of job updated: 1215032
	1187  -  MemoryUsage of job (MB)
	1215032  -  ResidentSetSize of job (KB)
...
006 (16720545.002.000) 06/26 01:00:56 Image size of job updated: 1215184
	1187  -  MemoryUsage of job (MB)
	1215184  -  ResidentSetSize of job (KB)
...
006 (16720545.002.000) 06/26 01:05:57 Image size of job updated: 1215316
	1187  -  MemoryUsage of job (MB)
	1215316  -  ResidentSetSize of job (KB)
...
006 (16720545.002.000) 06/26 01:10:57 Image size of job updated: 1215468
	1187  -  MemoryUsage of job (MB)
	1215468  -  ResidentSetSize of job (KB)
...
006 (16720545.002.000) 06/26 01:15:58 Image size of job updated: 1215624
	1188  -  MemoryUsage of job (MB)
	1215624  -  ResidentSetSize of job (KB)
...
006 (16720545.002.000) 06/26 01:20:59 Image size of job updated: 1215808
	1188  -  MemoryUsage of job (MB)
	1215808  -  ResidentSetSize of job (KB)
...
006 (16720545.002.000) 06/26 01:25:59 Image size of job updated: 1215952
	1188  -  MemoryUsage of job (MB)
	1215952  -  ResidentSetSize of job (KB)
...
006 (16720545.002.000) 06/26 01:31:00 Image size of job updated: 1216104
	1188  -  MemoryUsage of job (MB)
	1216104  -  ResidentSetSize of job (KB)
...
006 (16720545.002.000) 06/26 01:36:01 Image size of job updated: 1216264
	1188  -  MemoryUsage of job (MB)
	1216264  -  ResidentSetSize of job (KB)
...
006 (16720545.002.000) 06/26 01:41:01 Image size of job updated: 1216424
	1188  -  MemoryUsage of job (MB)
	1216424  -  ResidentSetSize of job (KB)
...
006 (16720545.002.000) 06/26 01:46:02 Image size of job updated: 1216580
	1189  -  MemoryUsage of job (MB)
	1216580  -  ResidentSetSize of job (KB)
...
006 (16720545.002.000) 06/26 01:51:03 Image size of job updated: 1216788
	1189  -  MemoryUsage of job (MB)
	1216788  -  ResidentSetSize of job (KB)
...
006 (16720545.002.000) 06/26 01:56:03 Image size of job updated: 1216956
	1189  -  MemoryUsage of job (MB)
	1216956  -  ResidentSetSize of job (KB)
...
006 (16720545.002.000) 06/26 02:01:03 Image size of job updated: 1217112
	1189  -  MemoryUsage of job (MB)
	1217112  -  ResidentSetSize of job (KB)
...
006 (16720545.002.000) 06/26 02:06:04 Image size of job updated: 1217284
	1189  -  MemoryUsage of job (MB)
	1217284  -  ResidentSetSize of job (KB)
...
006 (16720545.002.000) 06/26 02:11:04 Image size of job updated: 1217412
	1189  -  MemoryUsage of job (MB)
	1217412  -  ResidentSetSize of job (KB)
...
006 (16720545.002.000) 06/26 02:16:04 Image size of job updated: 1239260
	1211  -  MemoryUsage of job (MB)
	1239260  -  ResidentSetSize of job (KB)
...
006 (16720545.002.000) 06/26 02:21:05 Image size of job updated: 1239388
	1211  -  MemoryUsage of job (MB)
	1239388  -  ResidentSetSize of job (KB)
...
006 (16720545.002.000) 06/26 02:26:05 Image size of job updated: 1239612
	1211  -  MemoryUsage of job (MB)
	1239612  -  ResidentSetSize of job (KB)
...
006 (16720545.002.000) 06/26 02:31:05 Image size of job updated: 1240616
	1212  -  MemoryUsage of job (MB)
	1240616  -  ResidentSetSize of job (KB)
...
006 (16720545.002.000) 06/26 02:41:06 Image size of job updated: 1269816
	1241  -  MemoryUsage of job (MB)
	1269816  -  ResidentSetSize of job (KB)
...
006 (16720545.002.000) 06/26 03:26:11 Image size of job updated: 1269896
	1241  -  MemoryUsage of job (MB)
	1269896  -  ResidentSetSize of job (KB)
...
006 (16720545.002.000) 06/26 03:31:12 Image size of job updated: 1270056
	1241  -  MemoryUsage of job (MB)
	1270056  -  ResidentSetSize of job (KB)
...
006 (16720545.002.000) 06/26 03:36:12 Image size of job updated: 1270228
	1241  -  MemoryUsage of job (MB)
	1270228  -  ResidentSetSize of job (KB)
...
006 (16720545.002.000) 06/26 03:41:13 Image size of job updated: 1270428
	1241  -  MemoryUsage of job (MB)
	1270428  -  ResidentSetSize of job (KB)
...
006 (16720545.002.000) 06/26 03:46:14 Image size of job updated: 1270592
	1241  -  MemoryUsage of job (MB)
	1270592  -  ResidentSetSize of job (KB)
...
006 (16720545.002.000) 06/26 03:51:14 Image size of job updated: 1270776
	1241  -  MemoryUsage of job (MB)
	1270776  -  ResidentSetSize of job (KB)
...
006 (16720545.002.000) 06/26 03:56:15 Image size of job updated: 1271008
	1242  -  MemoryUsage of job (MB)
	1271008  -  ResidentSetSize of job (KB)
...
006 (16720545.002.000) 06/26 04:01:15 Image size of job updated: 1271200
	1242  -  MemoryUsage of job (MB)
	1271200  -  ResidentSetSize of job (KB)
...
006 (16720545.002.000) 06/26 04:06:15 Image size of job updated: 1271396
	1242  -  MemoryUsage of job (MB)
	1271396  -  ResidentSetSize of job (KB)
...
006 (16720545.002.000) 06/26 04:11:16 Image size of job updated: 1271592
	1242  -  MemoryUsage of job (MB)
	1271592  -  ResidentSetSize of job (KB)
...
006 (16720545.002.000) 06/26 04:16:16 Image size of job updated: 1271768
	1242  -  MemoryUsage of job (MB)
	1271768  -  ResidentSetSize of job (KB)
...
006 (16720545.002.000) 06/26 04:21:16 Image size of job updated: 1271960
	1243  -  MemoryUsage of job (MB)
	1271960  -  ResidentSetSize of job (KB)
...
006 (16720545.002.000) 06/26 04:26:17 Image size of job updated: 1272148
	1243  -  MemoryUsage of job (MB)
	1272148  -  ResidentSetSize of job (KB)
...
006 (16720545.002.000) 06/26 04:31:17 Image size of job updated: 1272344
	1243  -  MemoryUsage of job (MB)
	1272344  -  ResidentSetSize of job (KB)
...
006 (16720545.002.000) 06/26 04:36:18 Image size of job updated: 1272540
	1243  -  MemoryUsage of job (MB)
	1272540  -  ResidentSetSize of job (KB)
...
006 (16720545.002.000) 06/26 04:41:19 Image size of job updated: 1272756
	1243  -  MemoryUsage of job (MB)
	1272756  -  ResidentSetSize of job (KB)
...
006 (16720545.002.000) 06/26 04:46:19 Image size of job updated: 1272968
	1244  -  MemoryUsage of job (MB)
	1272968  -  ResidentSetSize of job (KB)
...
006 (16720545.002.000) 06/26 04:51:20 Image size of job updated: 1273176
	1244  -  MemoryUsage of job (MB)
	1273176  -  ResidentSetSize of job (KB)
...
006 (16720545.002.000) 06/26 04:56:20 Image size of job updated: 1273388
	1244  -  MemoryUsage of job (MB)
	1273388  -  ResidentSetSize of job (KB)
...
006 (16720545.002.000) 06/26 05:01:20 Image size of job updated: 1273596
	1244  -  MemoryUsage of job (MB)
	1273596  -  ResidentSetSize of job (KB)
...
006 (16720545.002.000) 06/26 05:06:21 Image size of job updated: 1273784
	1244  -  MemoryUsage of job (MB)
	1273784  -  ResidentSetSize of job (KB)
...
006 (16720545.002.000) 06/26 05:11:21 Image size of job updated: 1273908
	1245  -  MemoryUsage of job (MB)
	1273908  -  ResidentSetSize of job (KB)
...
006 (16720545.002.000) 06/26 05:16:22 Image size of job updated: 1274048
	1245  -  MemoryUsage of job (MB)
	1274048  -  ResidentSetSize of job (KB)
...
006 (16720545.002.000) 06/26 05:21:23 Image size of job updated: 1274192
	1245  -  MemoryUsage of job (MB)
	1274192  -  ResidentSetSize of job (KB)
...
006 (16720545.002.000) 06/26 05:26:23 Image size of job updated: 1274304
	1245  -  MemoryUsage of job (MB)
	1274304  -  ResidentSetSize of job (KB)
...
006 (16720545.002.000) 06/26 05:31:24 Image size of job updated: 1274456
	1245  -  MemoryUsage of job (MB)
	1274456  -  ResidentSetSize of job (KB)
...
006 (16720545.002.000) 06/26 05:36:25 Image size of job updated: 1274588
	1245  -  MemoryUsage of job (MB)
	1274588  -  ResidentSetSize of job (KB)
...
006 (16720545.002.000) 06/26 05:41:25 Image size of job updated: 1274756
	1245  -  MemoryUsage of job (MB)
	1274756  -  ResidentSetSize of job (KB)
...
006 (16720545.002.000) 06/26 05:46:26 Image size of job updated: 1274900
	1246  -  MemoryUsage of job (MB)
	1274900  -  ResidentSetSize of job (KB)
...
006 (16720545.002.000) 06/26 05:51:26 Image size of job updated: 1275044
	1246  -  MemoryUsage of job (MB)
	1275044  -  ResidentSetSize of job (KB)
...
006 (16720545.002.000) 06/26 05:56:26 Image size of job updated: 1275172
	1246  -  MemoryUsage of job (MB)
	1275172  -  ResidentSetSize of job (KB)
...
006 (16720545.002.000) 06/26 06:01:27 Image size of job updated: 1275300
	1246  -  MemoryUsage of job (MB)
	1275300  -  ResidentSetSize of job (KB)
...
006 (16720545.002.000) 06/26 06:06:27 Image size of job updated: 1275420
	1246  -  MemoryUsage of job (MB)
	1275420  -  ResidentSetSize of job (KB)
...
006 (16720545.002.000) 06/26 06:11:28 Image size of job updated: 1275580
	1246  -  MemoryUsage of job (MB)
	1275580  -  ResidentSetSize of job (KB)
...
006 (16720545.002.000) 06/26 06:16:29 Image size of job updated: 1275728
	1246  -  MemoryUsage of job (MB)
	1275728  -  ResidentSetSize of job (KB)
...
006 (16720545.002.000) 06/26 06:21:29 Image size of job updated: 1275856
	1246  -  MemoryUsage of job (MB)
	1275856  -  ResidentSetSize of job (KB)
...
006 (16720545.002.000) 06/26 06:26:30 Image size of job updated: 1275976
	1247  -  MemoryUsage of job (MB)
	1275976  -  ResidentSetSize of job (KB)
...
006 (16720545.002.000) 06/26 06:31:30 Image size of job updated: 1276116
	1247  -  MemoryUsage of job (MB)
	1276116  -  ResidentSetSize of job (KB)
...
006 (16720545.002.000) 06/26 06:36:30 Image size of job updated: 1276272
	1247  -  MemoryUsage of job (MB)
	1276272  -  ResidentSetSize of job (KB)
...
006 (16720545.002.000) 06/26 06:41:31 Image size of job updated: 1276404
	1247  -  MemoryUsage of job (MB)
	1276404  -  ResidentSetSize of job (KB)
...
006 (16720545.002.000) 06/26 06:46:31 Image size of job updated: 1276536
	1247  -  MemoryUsage of job (MB)
	1276536  -  ResidentSetSize of job (KB)
...
006 (16720545.002.000) 06/26 06:51:31 Image size of job updated: 1276668
	1247  -  MemoryUsage of job (MB)
	1276668  -  ResidentSetSize of job (KB)
...
006 (16720545.002.000) 06/26 06:56:32 Image size of job updated: 1276800
	1247  -  MemoryUsage of job (MB)
	1276800  -  ResidentSetSize of job (KB)
...
006 (16720545.002.000) 06/26 07:01:32 Image size of job updated: 1276936
	1248  -  MemoryUsage of job (MB)
	1276936  -  ResidentSetSize of job (KB)
...
006 (16720545.002.000) 06/26 07:06:33 Image size of job updated: 1277108
	1248  -  MemoryUsage of job (MB)
	1277108  -  ResidentSetSize of job (KB)
...
006 (16720545.002.000) 06/26 07:11:34 Image size of job updated: 1277252
	1248  -  MemoryUsage of job (MB)
	1277252  -  ResidentSetSize of job (KB)
...
006 (16720545.002.000) 06/26 07:16:34 Image size of job updated: 1277396
	1248  -  MemoryUsage of job (MB)
	1277396  -  ResidentSetSize of job (KB)
...
006 (16720545.002.000) 06/26 07:21:35 Image size of job updated: 1277516
	1248  -  MemoryUsage of job (MB)
	1277516  -  ResidentSetSize of job (KB)
...
006 (16720545.002.000) 06/26 07:26:35 Image size of job updated: 1277652
	1248  -  MemoryUsage of job (MB)
	1277652  -  ResidentSetSize of job (KB)
...
006 (16720545.002.000) 06/26 07:31:35 Image size of job updated: 1277784
	1248  -  MemoryUsage of job (MB)
	1277784  -  ResidentSetSize of job (KB)
...
006 (16720545.002.000) 06/26 07:36:36 Image size of job updated: 1277900
	1248  -  MemoryUsage of job (MB)
	1277900  -  ResidentSetSize of job (KB)
...
006 (16720545.002.000) 06/26 07:41:36 Image size of job updated: 1278076
	1249  -  MemoryUsage of job (MB)
	1278076  -  ResidentSetSize of job (KB)
...
006 (16720545.002.000) 06/26 07:46:36 Image size of job updated: 1278204
	1249  -  MemoryUsage of job (MB)
	1278204  -  ResidentSetSize of job (KB)
...
006 (16720545.002.000) 06/26 07:51:37 Image size of job updated: 1278340
	1249  -  MemoryUsage of job (MB)
	1278340  -  ResidentSetSize of job (KB)
...
006 (16720545.002.000) 06/26 07:56:37 Image size of job updated: 1278464
	1249  -  MemoryUsage of job (MB)
	1278464  -  ResidentSetSize of job (KB)
...
006 (16720545.002.000) 06/26 08:01:38 Image size of job updated: 1278588
	1249  -  MemoryUsage of job (MB)
	1278588  -  ResidentSetSize of job (KB)
...
006 (16720545.002.000) 06/26 08:06:39 Image size of job updated: 1278748
	1249  -  MemoryUsage of job (MB)
	1278748  -  ResidentSetSize of job (KB)
...
006 (16720545.002.000) 06/26 08:11:39 Image size of job updated: 1278872
	1249  -  MemoryUsage of job (MB)
	1278872  -  ResidentSetSize of job (KB)
...
006 (16720545.002.000) 06/26 08:16:40 Image size of job updated: 1279016
	1250  -  MemoryUsage of job (MB)
	1279016  -  ResidentSetSize of job (KB)
...
006 (16720545.002.000) 06/26 08:21:40 Image size of job updated: 1279156
	1250  -  MemoryUsage of job (MB)
	1279156  -  ResidentSetSize of job (KB)
...
006 (16720545.002.000) 06/26 08:26:40 Image size of job updated: 1279300
	1250  -  MemoryUsage of job (MB)
	1279300  -  ResidentSetSize of job (KB)
...
006 (16720545.002.000) 06/26 08:31:41 Image size of job updated: 1279452
	1250  -  MemoryUsage of job (MB)
	1279452  -  ResidentSetSize of job (KB)
...
006 (16720545.002.000) 06/26 08:36:41 Image size of job updated: 1279588
	1250  -  MemoryUsage of job (MB)
	1279588  -  ResidentSetSize of job (KB)
...
006 (16720545.002.000) 06/26 08:41:41 Image size of job updated: 1279708
	1250  -  MemoryUsage of job (MB)
	1279708  -  ResidentSetSize of job (KB)
...
006 (16720545.002.000) 06/26 08:46:42 Image size of job updated: 1279892
	1250  -  MemoryUsage of job (MB)
	1279892  -  ResidentSetSize of job (KB)
...
006 (16720545.002.000) 06/26 08:51:42 Image size of job updated: 1280060
	1251  -  MemoryUsage of job (MB)
	1280060  -  ResidentSetSize of job (KB)
...
006 (16720545.002.000) 06/26 08:56:43 Image size of job updated: 1280196
	1251  -  MemoryUsage of job (MB)
	1280196  -  ResidentSetSize of job (KB)
...
006 (16720545.002.000) 06/26 09:01:44 Image size of job updated: 1280332
	1251  -  MemoryUsage of job (MB)
	1280332  -  ResidentSetSize of job (KB)
...
006 (16720545.002.000) 06/26 09:06:44 Image size of job updated: 1280460
	1251  -  MemoryUsage of job (MB)
	1280460  -  ResidentSetSize of job (KB)
...
006 (16720545.002.000) 06/26 09:11:45 Image size of job updated: 1280612
	1251  -  MemoryUsage of job (MB)
	1280612  -  ResidentSetSize of job (KB)
...
006 (16720545.002.000) 06/26 09:16:45 Image size of job updated: 1280772
	1251  -  MemoryUsage of job (MB)
	1280772  -  ResidentSetSize of job (KB)
...
006 (16720545.002.000) 06/26 09:21:45 Image size of job updated: 1280928
	1251  -  MemoryUsage of job (MB)
	1280928  -  ResidentSetSize of job (KB)
...
006 (16720545.002.000) 06/26 09:26:46 Image size of job updated: 1281056
	1252  -  MemoryUsage of job (MB)
	1281056  -  ResidentSetSize of job (KB)
...
006 (16720545.002.000) 06/26 09:31:46 Image size of job updated: 1281204
	1252  -  MemoryUsage of job (MB)
	1281204  -  ResidentSetSize of job (KB)
...
006 (16720545.002.000) 06/26 09:36:46 Image size of job updated: 1281332
	1252  -  MemoryUsage of job (MB)
	1281332  -  ResidentSetSize of job (KB)
...
006 (16720545.002.000) 06/26 09:41:47 Image size of job updated: 1281504
	1252  -  MemoryUsage of job (MB)
	1281504  -  ResidentSetSize of job (KB)
...
006 (16720545.002.000) 06/26 09:46:47 Image size of job updated: 1281624
	1252  -  MemoryUsage of job (MB)
	1281624  -  ResidentSetSize of job (KB)
...
006 (16720545.002.000) 06/26 09:51:48 Image size of job updated: 1281772
	1252  -  MemoryUsage of job (MB)
	1281772  -  ResidentSetSize of job (KB)
...
006 (16720545.002.000) 06/26 09:56:49 Image size of job updated: 1281904
	1252  -  MemoryUsage of job (MB)
	1281904  -  ResidentSetSize of job (KB)
...
006 (16720545.002.000) 06/26 10:01:49 Image size of job updated: 1282028
	1252  -  MemoryUsage of job (MB)
	1282028  -  ResidentSetSize of job (KB)
...
006 (16720545.002.000) 06/26 10:06:50 Image size of job updated: 1282176
	1253  -  MemoryUsage of job (MB)
	1282176  -  ResidentSetSize of job (KB)
...
006 (16720545.002.000) 06/26 10:11:50 Image size of job updated: 1282368
	1253  -  MemoryUsage of job (MB)
	1282368  -  ResidentSetSize of job (KB)
...
006 (16720545.002.000) 06/26 10:16:50 Image size of job updated: 1282516
	1253  -  MemoryUsage of job (MB)
	1282516  -  ResidentSetSize of job (KB)
...
006 (16720545.002.000) 06/26 10:21:51 Image size of job updated: 1282684
	1253  -  MemoryUsage of job (MB)
	1282684  -  ResidentSetSize of job (KB)
...
006 (16720545.002.000) 06/26 10:26:52 Image size of job updated: 1282840
	1253  -  MemoryUsage of job (MB)
	1282840  -  ResidentSetSize of job (KB)
...
006 (16720545.002.000) 06/26 10:31:52 Image size of job updated: 1283024
	1253  -  MemoryUsage of job (MB)
	1283024  -  ResidentSetSize of job (KB)
...
006 (16720545.002.000) 06/26 10:36:53 Image size of job updated: 1283164
	1254  -  MemoryUsage of job (MB)
	1283164  -  ResidentSetSize of job (KB)
...
006 (16720545.002.000) 06/26 10:41:54 Image size of job updated: 1283304
	1254  -  MemoryUsage of job (MB)
	1283304  -  ResidentSetSize of job (KB)
...
006 (16720545.002.000) 06/26 10:46:54 Image size of job updated: 1283456
	1254  -  MemoryUsage of job (MB)
	1283456  -  ResidentSetSize of job (KB)
...
006 (16720545.002.000) 06/26 10:51:55 Image size of job updated: 1283628
	1254  -  MemoryUsage of job (MB)
	1283628  -  ResidentSetSize of job (KB)
...
006 (16720545.002.000) 06/26 10:56:56 Image size of job updated: 1283784
	1254  -  MemoryUsage of job (MB)
	1283784  -  ResidentSetSize of job (KB)
...
006 (16720545.002.000) 06/26 11:01:56 Image size of job updated: 1283980
	1254  -  MemoryUsage of job (MB)
	1283980  -  ResidentSetSize of job (KB)
...
006 (16720545.002.000) 06/26 11:06:56 Image size of job updated: 1284144
	1255  -  MemoryUsage of job (MB)
	1284144  -  ResidentSetSize of job (KB)
...
006 (16720545.002.000) 06/26 11:11:57 Image size of job updated: 1284312
	1255  -  MemoryUsage of job (MB)
	1284312  -  ResidentSetSize of job (KB)
...
006 (16720545.002.000) 06/26 11:16:57 Image size of job updated: 1284452
	1255  -  MemoryUsage of job (MB)
	1284452  -  ResidentSetSize of job (KB)
...
006 (16720545.002.000) 06/26 11:21:57 Image size of job updated: 1284620
	1255  -  MemoryUsage of job (MB)
	1284620  -  ResidentSetSize of job (KB)
...
006 (16720545.002.000) 06/26 11:26:58 Image size of job updated: 1284780
	1255  -  MemoryUsage of job (MB)
	1284780  -  ResidentSetSize of job (KB)
...
006 (16720545.002.000) 06/26 11:31:58 Image size of job updated: 1284988
	1255  -  MemoryUsage of job (MB)
	1284988  -  ResidentSetSize of job (KB)
...
006 (16720545.002.000) 06/26 11:36:58 Image size of job updated: 1285144
	1256  -  MemoryUsage of job (MB)
	1285144  -  ResidentSetSize of job (KB)
...
006 (16720545.002.000) 06/26 11:41:59 Image size of job updated: 1285304
	1256  -  MemoryUsage of job (MB)
	1285304  -  ResidentSetSize of job (KB)
...
006 (16720545.002.000) 06/26 11:47:00 Image size of job updated: 1285492
	1256  -  MemoryUsage of job (MB)
	1285492  -  ResidentSetSize of job (KB)
...
006 (16720545.002.000) 06/26 11:52:00 Image size of job updated: 1285632
	1256  -  MemoryUsage of job (MB)
	1285632  -  ResidentSetSize of job (KB)
...
006 (16720545.002.000) 06/26 11:57:01 Image size of job updated: 1285808
	1256  -  MemoryUsage of job (MB)
	1285808  -  ResidentSetSize of job (KB)
...
006 (16720545.002.000) 06/26 12:02:02 Image size of job updated: 1285964
	1256  -  MemoryUsage of job (MB)
	1285964  -  ResidentSetSize of job (KB)
...
006 (16720545.002.000) 06/26 12:07:02 Image size of job updated: 1286136
	1256  -  MemoryUsage of job (MB)
	1286136  -  ResidentSetSize of job (KB)
...
006 (16720545.002.000) 06/26 12:12:03 Image size of job updated: 1286332
	1257  -  MemoryUsage of job (MB)
	1286332  -  ResidentSetSize of job (KB)
...
006 (16720545.002.000) 06/26 12:17:04 Image size of job updated: 1286500
	1257  -  MemoryUsage of job (MB)
	1286500  -  ResidentSetSize of job (KB)
...
006 (16720545.002.000) 06/26 12:22:04 Image size of job updated: 1286644
	1257  -  MemoryUsage of job (MB)
	1286644  -  ResidentSetSize of job (KB)
...
006 (16720545.002.000) 06/26 12:25:07 Image size of job updated: 1286736
	1257  -  MemoryUsage of job (MB)
	1286644  -  ResidentSetSize of job (KB)
...
040 (16720545.002.000) 06/26 12:25:07 Started transferring output files
...
040 (16720545.002.000) 06/26 12:25:07 Finished transferring output files
...
009 (16720545.002.000) 06/26 12:25:07 Job was aborted.
	Job removed by SYSTEM_PERIODIC_REMOVE due to wall time exceeded allowed max.
...
