000 (16720546.012.000) 06/25 12:23:40 Job submitted from host: <188.185.114.121:9618?addrs=188.185.114.121-9618+[2001-1458-d00-a--100-273]-9618&alias=bigbird19.cern.ch&noUDP&sock=schedd_5103_cfe0>
...
040 (16720546.012.000) 06/25 14:07:51 Started transferring input files
	Transferring to host: <188.184.195.32:9618?addrs=188.184.195.32-9618+[2001-1458-301-72--100-33d]-9618&alias=b9g47n6060.cern.ch&noUDP&sock=slot1_1_5699_3601_9734>
...
001 (16720546.012.000) 06/25 14:07:53 Job executing on host: <188.184.195.32:9618?addrs=188.184.195.32-9618+[2001-1458-301-72--100-33d]-9618&alias=b9g47n6060.cern.ch&noUDP&sock=startd_5651_b1c7>
	SlotName: slot1_1@b9g47n6060.cern.ch
	AvailableGPUs = { GPUs_GPU_10305a3e }
	CondorScratchDir = "/pool/condor/dir_667951"
	Cpus = 3
	Disk = 8389577
	GPUs = 1
	GPUs_GPU_10305a3e = [ Id = "GPU-10305a3e"; ClockMhz = 1590.0; Capability = 7.5; CoresPerCU = 64; DeviceName = "Tesla T4"; DeviceUuid = "10305a3e-bed9-e887-2406-4eb9ceb8fe6b"; ECCEnabled = true; ComputeUnits = 40; DriverVersion = 13.0; DevicePciBusId = "0000:07:00.0"; GlobalMemoryMb = 14913; MaxSupportedVersion = 13000 ]
	Memory = 9000
...
040 (16720546.012.000) 06/25 14:07:53 Finished transferring input files
...
006 (16720546.012.000) 06/25 14:08:07 Image size of job updated: 221208
	35  -  MemoryUsage of job (MB)
	34940  -  ResidentSetSize of job (KB)
...
006 (16720546.012.000) 06/25 14:13:08 Image size of job updated: 453224
	443  -  MemoryUsage of job (MB)
	453224  -  ResidentSetSize of job (KB)
...
006 (16720546.012.000) 06/25 14:18:08 Image size of job updated: 462692
	452  -  MemoryUsage of job (MB)
	462692  -  ResidentSetSize of job (KB)
...
006 (16720546.012.000) 06/25 14:23:08 Image size of job updated: 475108
	464  -  MemoryUsage of job (MB)
	475108  -  ResidentSetSize of job (KB)
...
006 (16720546.012.000) 06/25 14:28:10 Image size of job updated: 482380
	472  -  MemoryUsage of job (MB)
	482380  -  ResidentSetSize of job (KB)
...
006 (16720546.012.000) 06/25 14:33:10 Image size of job updated: 486396
	475  -  MemoryUsage of job (MB)
	486396  -  ResidentSetSize of job (KB)
...
006 (16720546.012.000) 06/25 14:38:10 Image size of job updated: 490388
	479  -  MemoryUsage of job (MB)
	490388  -  ResidentSetSize of job (KB)
...
006 (16720546.012.000) 06/25 14:43:11 Image size of job updated: 495636
	485  -  MemoryUsage of job (MB)
	495636  -  ResidentSetSize of job (KB)
...
006 (16720546.012.000) 06/25 14:48:12 Image size of job updated: 503724
	492  -  MemoryUsage of job (MB)
	503724  -  ResidentSetSize of job (KB)
...
006 (16720546.012.000) 06/25 14:53:12 Image size of job updated: 510732
	499  -  MemoryUsage of job (MB)
	510732  -  ResidentSetSize of job (KB)
...
006 (16720546.012.000) 06/25 14:58:13 Image size of job updated: 518748
	507  -  MemoryUsage of job (MB)
	518748  -  ResidentSetSize of job (KB)
...
006 (16720546.012.000) 06/25 15:03:14 Image size of job updated: 523660
	512  -  MemoryUsage of job (MB)
	523660  -  ResidentSetSize of job (KB)
...
006 (16720546.012.000) 06/25 15:08:14 Image size of job updated: 530736
	519  -  MemoryUsage of job (MB)
	530736  -  ResidentSetSize of job (KB)
...
006 (16720546.012.000) 06/25 15:13:15 Image size of job updated: 535516
	523  -  MemoryUsage of job (MB)
	535516  -  ResidentSetSize of job (KB)
...
006 (16720546.012.000) 06/25 15:18:16 Image size of job updated: 539260
	527  -  MemoryUsage of job (MB)
	539260  -  ResidentSetSize of job (KB)
...
006 (16720546.012.000) 06/25 15:23:16 Image size of job updated: 545076
	533  -  MemoryUsage of job (MB)
	545076  -  ResidentSetSize of job (KB)
...
006 (16720546.012.000) 06/25 15:28:16 Image size of job updated: 555928
	543  -  MemoryUsage of job (MB)
	555928  -  ResidentSetSize of job (KB)
...
006 (16720546.012.000) 06/25 15:33:17 Image size of job updated: 563132
	550  -  MemoryUsage of job (MB)
	563132  -  ResidentSetSize of job (KB)
...
006 (16720546.012.000) 06/25 15:38:17 Image size of job updated: 573396
	560  -  MemoryUsage of job (MB)
	573396  -  ResidentSetSize of job (KB)
...
006 (16720546.012.000) 06/25 15:43:17 Image size of job updated: 574052
	560  -  MemoryUsage of job (MB)
	573396  -  ResidentSetSize of job (KB)
...
006 (16720546.012.000) 06/25 16:03:19 Image size of job updated: 581132
	568  -  MemoryUsage of job (MB)
	581132  -  ResidentSetSize of job (KB)
...
006 (16720546.012.000) 06/25 16:08:19 Image size of job updated: 612792
	599  -  MemoryUsage of job (MB)
	612792  -  ResidentSetSize of job (KB)
...
006 (16720546.012.000) 06/25 16:13:19 Image size of job updated: 646264
	632  -  MemoryUsage of job (MB)
	646264  -  ResidentSetSize of job (KB)
...
006 (16720546.012.000) 06/25 16:18:20 Image size of job updated: 646556
	632  -  MemoryUsage of job (MB)
	646556  -  ResidentSetSize of job (KB)
...
006 (16720546.012.000) 06/25 16:23:21 Image size of job updated: 646804
	632  -  MemoryUsage of job (MB)
	646804  -  ResidentSetSize of job (KB)
...
006 (16720546.012.000) 06/25 16:28:21 Image size of job updated: 646888
	632  -  MemoryUsage of job (MB)
	646888  -  ResidentSetSize of job (KB)
...
006 (16720546.012.000) 06/25 16:33:22 Image size of job updated: 647012
	632  -  MemoryUsage of job (MB)
	647012  -  ResidentSetSize of job (KB)
...
006 (16720546.012.000) 06/25 16:38:23 Image size of job updated: 647044
	632  -  MemoryUsage of job (MB)
	647044  -  ResidentSetSize of job (KB)
...
006 (16720546.012.000) 06/25 16:48:23 Image size of job updated: 650324
	636  -  MemoryUsage of job (MB)
	650324  -  ResidentSetSize of job (KB)
...
006 (16720546.012.000) 06/25 17:28:26 Image size of job updated: 1390516
	1358  -  MemoryUsage of job (MB)
	1390516  -  ResidentSetSize of job (KB)
...
006 (16720546.012.000) 06/25 17:33:26 Image size of job updated: 1427720
	1379  -  MemoryUsage of job (MB)
	1411348  -  ResidentSetSize of job (KB)
...
006 (16720546.012.000) 06/25 17:38:27 Image size of job updated: 1451476
	1406  -  MemoryUsage of job (MB)
	1439180  -  ResidentSetSize of job (KB)
...
006 (16720546.012.000) 06/25 17:43:28 Image size of job updated: 1509832
	1419  -  MemoryUsage of job (MB)
	1452708  -  ResidentSetSize of job (KB)
...
006 (16720546.012.000) 06/25 17:48:28 Image size of job updated: 1509976
	1419  -  MemoryUsage of job (MB)
	1452708  -  ResidentSetSize of job (KB)
...
006 (16720546.012.000) 06/25 17:53:29 Image size of job updated: 1509976
	1451  -  MemoryUsage of job (MB)
	1485576  -  ResidentSetSize of job (KB)
...
006 (16720546.012.000) 06/25 18:03:30 Image size of job updated: 1510364
	1451  -  MemoryUsage of job (MB)
	1485576  -  ResidentSetSize of job (KB)
...
006 (16720546.012.000) 06/25 18:13:32 Image size of job updated: 1510364
	1468  -  MemoryUsage of job (MB)
	1502460  -  ResidentSetSize of job (KB)
...
006 (16720546.012.000) 06/25 18:38:34 Image size of job updated: 1511836
	1468  -  MemoryUsage of job (MB)
	1502460  -  ResidentSetSize of job (KB)
...
006 (16720546.012.000) 06/25 18:48:35 Image size of job updated: 1511836
	1473  -  MemoryUsage of job (MB)
	1507740  -  ResidentSetSize of job (KB)
...
006 (16720546.012.000) 06/25 19:43:41 Image size of job updated: 1551228
	1473  -  MemoryUsage of job (MB)
	1508328  -  ResidentSetSize of job (KB)
...
006 (16720546.012.000) 06/25 21:48:54 Image size of job updated: 1551228
	1475  -  MemoryUsage of job (MB)
	1509416  -  ResidentSetSize of job (KB)
...
006 (16720546.012.000) 06/25 22:28:58 Image size of job updated: 1551228
	1477  -  MemoryUsage of job (MB)
	1511524  -  ResidentSetSize of job (KB)
...
006 (16720546.012.000) 06/25 22:59:00 Image size of job updated: 1551228
	1484  -  MemoryUsage of job (MB)
	1518712  -  ResidentSetSize of job (KB)
...
006 (16720546.012.000) 06/25 23:04:00 Image size of job updated: 1551228
	1488  -  MemoryUsage of job (MB)
	1522936  -  ResidentSetSize of job (KB)
...
006 (16720546.012.000) 06/25 23:34:03 Image size of job updated: 1551228
	1493  -  MemoryUsage of job (MB)
	1527812  -  ResidentSetSize of job (KB)
...
006 (16720546.012.000) 06/26 01:09:13 Image size of job updated: 1551228
	1501  -  MemoryUsage of job (MB)
	1536656  -  ResidentSetSize of job (KB)
...
006 (16720546.012.000) 06/26 01:14:13 Image size of job updated: 1599220
	1501  -  MemoryUsage of job (MB)
	1536656  -  ResidentSetSize of job (KB)
...
006 (16720546.012.000) 06/26 03:04:23 Image size of job updated: 1599220
	1515  -  MemoryUsage of job (MB)
	1550564  -  ResidentSetSize of job (KB)
...
006 (16720546.012.000) 06/26 03:59:29 Image size of job updated: 1599220
	1518  -  MemoryUsage of job (MB)
	1553616  -  ResidentSetSize of job (KB)
...
006 (16720546.012.000) 06/26 04:19:31 Image size of job updated: 1599220
	1522  -  MemoryUsage of job (MB)
	1557716  -  ResidentSetSize of job (KB)
...
006 (16720546.012.000) 06/26 04:44:33 Image size of job updated: 1599220
	1522  -  MemoryUsage of job (MB)
	1558424  -  ResidentSetSize of job (KB)
...
006 (16720546.012.000) 06/26 05:14:35 Image size of job updated: 1612984
	1522  -  MemoryUsage of job (MB)
	1558424  -  ResidentSetSize of job (KB)
...
006 (16720546.012.000) 06/26 05:19:36 Image size of job updated: 1612984
	1524  -  MemoryUsage of job (MB)
	1559732  -  ResidentSetSize of job (KB)
...
006 (16720546.012.000) 06/26 05:54:41 Image size of job updated: 1640308
	1524  -  MemoryUsage of job (MB)
	1559732  -  ResidentSetSize of job (KB)
...
006 (16720546.012.000) 06/26 06:24:43 Image size of job updated: 1640308
	1527  -  MemoryUsage of job (MB)
	1563512  -  ResidentSetSize of job (KB)
...
006 (16720546.012.000) 06/26 06:49:46 Image size of job updated: 1640308
	1537  -  MemoryUsage of job (MB)
	1573500  -  ResidentSetSize of job (KB)
...
006 (16720546.012.000) 06/26 07:54:52 Image size of job updated: 1640308
	1542  -  MemoryUsage of job (MB)
	1578948  -  ResidentSetSize of job (KB)
...
006 (16720546.012.000) 06/26 08:04:53 Image size of job updated: 1649864
	1542  -  MemoryUsage of job (MB)
	1578948  -  ResidentSetSize of job (KB)
...
006 (16720546.012.000) 06/26 08:29:56 Image size of job updated: 1649864
	1547  -  MemoryUsage of job (MB)
	1583112  -  ResidentSetSize of job (KB)
...
006 (16720546.012.000) 06/26 09:40:04 Image size of job updated: 1649864
	1553  -  MemoryUsage of job (MB)
	1589720  -  ResidentSetSize of job (KB)
...
006 (16720546.012.000) 06/26 11:15:14 Image size of job updated: 1649864
	1558  -  MemoryUsage of job (MB)
	1595368  -  ResidentSetSize of job (KB)
...
006 (16720546.012.000) 06/26 12:10:18 Image size of job updated: 1649864
	1560  -  MemoryUsage of job (MB)
	1597048  -  ResidentSetSize of job (KB)
...
006 (16720546.012.000) 06/26 12:15:19 Image size of job updated: 1649864
	1576  -  MemoryUsage of job (MB)
	1613564  -  ResidentSetSize of job (KB)
...
006 (16720546.012.000) 06/26 13:10:25 Image size of job updated: 1672516
	1578  -  MemoryUsage of job (MB)
	1615208  -  ResidentSetSize of job (KB)
...
006 (16720546.012.000) 06/26 13:15:25 Image size of job updated: 1672516
	1578  -  MemoryUsage of job (MB)
	1615356  -  ResidentSetSize of job (KB)
...
040 (16720546.012.000) 06/26 14:08:34 Started transferring output files
...
040 (16720546.012.000) 06/26 14:08:34 Finished transferring output files
...
009 (16720546.012.000) 06/26 14:08:34 Job was aborted.
	Job removed by SYSTEM_PERIODIC_REMOVE due to wall time exceeded allowed max.
...
