000 (16720546.011.000) 06/25 12:23:40 Job submitted from host: <188.185.114.121:9618?addrs=188.185.114.121-9618+[2001-1458-d00-a--100-273]-9618&alias=bigbird19.cern.ch&noUDP&sock=schedd_5103_cfe0>
...
040 (16720546.011.000) 06/25 14:07:49 Started transferring input files
	Transferring to host: <188.185.92.157:9618?addrs=188.185.92.157-9618+[2001-1458-d00-6c--100-379]-9618&alias=b9g57n1695.cern.ch&noUDP&sock=slot1_1_5389_c9b4_158397>
...
040 (16720546.011.000) 06/25 14:07:50 Finished transferring input files
...
001 (16720546.011.000) 06/25 14:07:52 Job executing on host: <188.185.92.157:9618?addrs=188.185.92.157-9618+[2001-1458-d00-6c--100-379]-9618&alias=b9g57n1695.cern.ch&noUDP&sock=startd_5342_bf03>
	SlotName: slot1_1@b9g57n1695.cern.ch
	AvailableGPUs = { GPUs_GPU_837d59ba }
	CondorScratchDir = "/pool/condor/dir_3064325"
	Cpus = 3
	Disk = 8389116
	GPUs = 1
	GPUs_GPU_837d59ba = [ Id = "GPU-837d59ba"; ClockMhz = 1410.0; Capability = 8.0; CoresPerCU = 64; DeviceName = "NVIDIA A100-PCIE-40GB"; DeviceUuid = "837d59ba-8828-f50d-eac6-78cf9176c415"; ECCEnabled = true; ComputeUnits = 108; DriverVersion = 13.0; DevicePciBusId = "0000:06:00.0"; GlobalMemoryMb = 40441; MaxSupportedVersion = 13000 ]
	Memory = 9000
...
006 (16720546.011.000) 06/25 14:08:06 Image size of job updated: 140476
	138  -  MemoryUsage of job (MB)
	140476  -  ResidentSetSize of job (KB)
...
006 (16720546.011.000) 06/25 14:13:07 Image size of job updated: 451796
	442  -  MemoryUsage of job (MB)
	451796  -  ResidentSetSize of job (KB)
...
006 (16720546.011.000) 06/25 14:18:08 Image size of job updated: 458788
	449  -  MemoryUsage of job (MB)
	458788  -  ResidentSetSize of job (KB)
...
006 (16720546.011.000) 06/25 14:23:08 Image size of job updated: 465148
	455  -  MemoryUsage of job (MB)
	465148  -  ResidentSetSize of job (KB)
...
006 (16720546.011.000) 06/25 14:28:09 Image size of job updated: 470876
	460  -  MemoryUsage of job (MB)
	470876  -  ResidentSetSize of job (KB)
...
006 (16720546.011.000) 06/25 14:33:10 Image size of job updated: 474108
	463  -  MemoryUsage of job (MB)
	474108  -  ResidentSetSize of job (KB)
...
006 (16720546.011.000) 06/25 14:38:10 Image size of job updated: 477116
	466  -  MemoryUsage of job (MB)
	477116  -  ResidentSetSize of job (KB)
...
006 (16720546.011.000) 06/25 14:43:10 Image size of job updated: 480824
	470  -  MemoryUsage of job (MB)
	480824  -  ResidentSetSize of job (KB)
...
006 (16720546.011.000) 06/25 14:48:11 Image size of job updated: 486860
	476  -  MemoryUsage of job (MB)
	486860  -  ResidentSetSize of job (KB)
...
006 (16720546.011.000) 06/25 14:53:11 Image size of job updated: 492792
	482  -  MemoryUsage of job (MB)
	492792  -  ResidentSetSize of job (KB)
...
006 (16720546.011.000) 06/25 14:58:11 Image size of job updated: 496424
	485  -  MemoryUsage of job (MB)
	496424  -  ResidentSetSize of job (KB)
...
006 (16720546.011.000) 06/25 15:03:13 Image size of job updated: 502220
	491  -  MemoryUsage of job (MB)
	502220  -  ResidentSetSize of job (KB)
...
006 (16720546.011.000) 06/25 15:08:13 Image size of job updated: 509516
	498  -  MemoryUsage of job (MB)
	509516  -  ResidentSetSize of job (KB)
...
006 (16720546.011.000) 06/25 15:13:13 Image size of job updated: 519740
	508  -  MemoryUsage of job (MB)
	519740  -  ResidentSetSize of job (KB)
...
006 (16720546.011.000) 06/25 15:18:14 Image size of job updated: 521596
	510  -  MemoryUsage of job (MB)
	521596  -  ResidentSetSize of job (KB)
...
006 (16720546.011.000) 06/25 15:23:15 Image size of job updated: 522644
	511  -  MemoryUsage of job (MB)
	522644  -  ResidentSetSize of job (KB)
...
006 (16720546.011.000) 06/25 15:28:15 Image size of job updated: 528384
	516  -  MemoryUsage of job (MB)
	528384  -  ResidentSetSize of job (KB)
...
006 (16720546.011.000) 06/25 15:33:16 Image size of job updated: 532832
	521  -  MemoryUsage of job (MB)
	532832  -  ResidentSetSize of job (KB)
...
006 (16720546.011.000) 06/25 15:38:17 Image size of job updated: 539908
	528  -  MemoryUsage of job (MB)
	539908  -  ResidentSetSize of job (KB)
...
006 (16720546.011.000) 06/25 15:43:17 Image size of job updated: 557780
	528  -  MemoryUsage of job (MB)
	539908  -  ResidentSetSize of job (KB)
...
006 (16720546.011.000) 06/25 16:03:19 Image size of job updated: 557780
	543  -  MemoryUsage of job (MB)
	555644  -  ResidentSetSize of job (KB)
...
006 (16720546.011.000) 06/25 16:08:20 Image size of job updated: 588156
	575  -  MemoryUsage of job (MB)
	588156  -  ResidentSetSize of job (KB)
...
006 (16720546.011.000) 06/25 16:13:20 Image size of job updated: 611392
	598  -  MemoryUsage of job (MB)
	611392  -  ResidentSetSize of job (KB)
...
006 (16720546.011.000) 06/25 16:18:21 Image size of job updated: 611596
	598  -  MemoryUsage of job (MB)
	611596  -  ResidentSetSize of job (KB)
...
006 (16720546.011.000) 06/25 16:23:22 Image size of job updated: 611980
	598  -  MemoryUsage of job (MB)
	611980  -  ResidentSetSize of job (KB)
...
006 (16720546.011.000) 06/25 16:28:22 Image size of job updated: 612260
	598  -  MemoryUsage of job (MB)
	612260  -  ResidentSetSize of job (KB)
...
006 (16720546.011.000) 06/25 16:33:22 Image size of job updated: 612304
	598  -  MemoryUsage of job (MB)
	612304  -  ResidentSetSize of job (KB)
...
006 (16720546.011.000) 06/25 16:38:23 Image size of job updated: 612320
	598  -  MemoryUsage of job (MB)
	612320  -  ResidentSetSize of job (KB)
...
006 (16720546.011.000) 06/25 16:53:24 Image size of job updated: 612920
	599  -  MemoryUsage of job (MB)
	612920  -  ResidentSetSize of job (KB)
...
006 (16720546.011.000) 06/25 16:58:25 Image size of job updated: 612940
	599  -  MemoryUsage of job (MB)
	612940  -  ResidentSetSize of job (KB)
...
006 (16720546.011.000) 06/25 17:03:25 Image size of job updated: 612960
	599  -  MemoryUsage of job (MB)
	612960  -  ResidentSetSize of job (KB)
...
006 (16720546.011.000) 06/25 17:08:26 Image size of job updated: 612980
	599  -  MemoryUsage of job (MB)
	612980  -  ResidentSetSize of job (KB)
...
006 (16720546.011.000) 06/25 17:13:27 Image size of job updated: 613048
	599  -  MemoryUsage of job (MB)
	613048  -  ResidentSetSize of job (KB)
...
006 (16720546.011.000) 06/25 17:38:29 Image size of job updated: 1509680
	1455  -  MemoryUsage of job (MB)
	1489208  -  ResidentSetSize of job (KB)
...
006 (16720546.011.000) 06/25 17:43:30 Image size of job updated: 1512984
	1470  -  MemoryUsage of job (MB)
	1504812  -  ResidentSetSize of job (KB)
...
006 (16720546.011.000) 06/25 17:48:30 Image size of job updated: 1513080
	1470  -  MemoryUsage of job (MB)
	1504812  -  ResidentSetSize of job (KB)
...
006 (16720546.011.000) 06/25 17:53:30 Image size of job updated: 1513228
	1470  -  MemoryUsage of job (MB)
	1505048  -  ResidentSetSize of job (KB)
...
006 (16720546.011.000) 06/25 17:58:31 Image size of job updated: 1513352
	1470  -  MemoryUsage of job (MB)
	1505048  -  ResidentSetSize of job (KB)
...
006 (16720546.011.000) 06/25 18:03:31 Image size of job updated: 1513412
	1470  -  MemoryUsage of job (MB)
	1505048  -  ResidentSetSize of job (KB)
...
006 (16720546.011.000) 06/25 18:08:31 Image size of job updated: 1517724
	1470  -  MemoryUsage of job (MB)
	1505048  -  ResidentSetSize of job (KB)
...
006 (16720546.011.000) 06/25 18:18:33 Image size of job updated: 1517724
	1475  -  MemoryUsage of job (MB)
	1509784  -  ResidentSetSize of job (KB)
...
006 (16720546.011.000) 06/25 18:28:34 Image size of job updated: 1517724
	1475  -  MemoryUsage of job (MB)
	1510020  -  ResidentSetSize of job (KB)
...
006 (16720546.011.000) 06/25 18:33:35 Image size of job updated: 1540816
	1475  -  MemoryUsage of job (MB)
	1510020  -  ResidentSetSize of job (KB)
...
006 (16720546.011.000) 06/25 18:43:36 Image size of job updated: 1540816
	1475  -  MemoryUsage of job (MB)
	1510396  -  ResidentSetSize of job (KB)
...
006 (16720546.011.000) 06/25 19:18:39 Image size of job updated: 1554796
	1519  -  MemoryUsage of job (MB)
	1554796  -  ResidentSetSize of job (KB)
...
006 (16720546.011.000) 06/25 19:23:40 Image size of job updated: 1587736
	1519  -  MemoryUsage of job (MB)
	1554796  -  ResidentSetSize of job (KB)
...
006 (16720546.011.000) 06/25 19:28:40 Image size of job updated: 1587788
	1535  -  MemoryUsage of job (MB)
	1571500  -  ResidentSetSize of job (KB)
...
006 (16720546.011.000) 06/25 19:33:41 Image size of job updated: 1587996
	1535  -  MemoryUsage of job (MB)
	1571500  -  ResidentSetSize of job (KB)
...
006 (16720546.011.000) 06/25 19:38:42 Image size of job updated: 1588104
	1535  -  MemoryUsage of job (MB)
	1571500  -  ResidentSetSize of job (KB)
...
006 (16720546.011.000) 06/25 19:43:42 Image size of job updated: 1588252
	1535  -  MemoryUsage of job (MB)
	1571500  -  ResidentSetSize of job (KB)
...
006 (16720546.011.000) 06/25 19:48:43 Image size of job updated: 1588384
	1535  -  MemoryUsage of job (MB)
	1571500  -  ResidentSetSize of job (KB)
...
006 (16720546.011.000) 06/25 19:53:44 Image size of job updated: 1646656
	1609  -  MemoryUsage of job (MB)
	1646656  -  ResidentSetSize of job (KB)
...
006 (16720546.011.000) 06/26 05:44:45 Image size of job updated: 1648428
	1609  -  MemoryUsage of job (MB)
	1646656  -  ResidentSetSize of job (KB)
...
006 (16720546.011.000) 06/26 06:29:49 Image size of job updated: 1648624
	1609  -  MemoryUsage of job (MB)
	1646656  -  ResidentSetSize of job (KB)
...
006 (16720546.011.000) 06/26 06:34:49 Image size of job updated: 1689684
	1609  -  MemoryUsage of job (MB)
	1646656  -  ResidentSetSize of job (KB)
...
006 (16720546.011.000) 06/26 06:54:51 Image size of job updated: 1698360
	1609  -  MemoryUsage of job (MB)
	1646656  -  ResidentSetSize of job (KB)
...
006 (16720546.011.000) 06/26 07:54:58 Image size of job updated: 1698360
	1614  -  MemoryUsage of job (MB)
	1652336  -  ResidentSetSize of job (KB)
...
006 (16720546.011.000) 06/26 08:30:01 Image size of job updated: 1698360
	1619  -  MemoryUsage of job (MB)
	1657560  -  ResidentSetSize of job (KB)
...
006 (16720546.011.000) 06/26 09:40:08 Image size of job updated: 1698360
	1620  -  MemoryUsage of job (MB)
	1658600  -  ResidentSetSize of job (KB)
...
006 (16720546.011.000) 06/26 09:55:10 Image size of job updated: 1698360
	1630  -  MemoryUsage of job (MB)
	1668260  -  ResidentSetSize of job (KB)
...
006 (16720546.011.000) 06/26 10:35:13 Image size of job updated: 1698360
	1633  -  MemoryUsage of job (MB)
	1671504  -  ResidentSetSize of job (KB)
...
006 (16720546.011.000) 06/26 11:00:15 Image size of job updated: 1698360
	1635  -  MemoryUsage of job (MB)
	1673456  -  ResidentSetSize of job (KB)
...
006 (16720546.011.000) 06/26 11:20:17 Image size of job updated: 1698360
	1636  -  MemoryUsage of job (MB)
	1674944  -  ResidentSetSize of job (KB)
...
006 (16720546.011.000) 06/26 11:25:18 Image size of job updated: 1698360
	1637  -  MemoryUsage of job (MB)
	1676096  -  ResidentSetSize of job (KB)
...
006 (16720546.011.000) 06/26 12:20:23 Image size of job updated: 1698360
	1643  -  MemoryUsage of job (MB)
	1681808  -  ResidentSetSize of job (KB)
...
006 (16720546.011.000) 06/26 13:10:28 Image size of job updated: 1698360
	1643  -  MemoryUsage of job (MB)
	1682192  -  ResidentSetSize of job (KB)
...
006 (16720546.011.000) 06/26 13:25:30 Image size of job updated: 1699048
	1660  -  MemoryUsage of job (MB)
	1699048  -  ResidentSetSize of job (KB)
...
006 (16720546.011.000) 06/26 13:45:32 Image size of job updated: 1760980
	1660  -  MemoryUsage of job (MB)
	1699048  -  ResidentSetSize of job (KB)
...
040 (16720546.011.000) 06/26 14:08:34 Started transferring output files
...
040 (16720546.011.000) 06/26 14:08:34 Finished transferring output files
...
009 (16720546.011.000) 06/26 14:08:34 Job was aborted.
	Job removed by SYSTEM_PERIODIC_REMOVE due to wall time exceeded allowed max.
...
