000 (16720545.005.000) 06/25 12:23:40 Job submitted from host: <188.185.114.121:9618?addrs=188.185.114.121-9618+[2001-1458-d00-a--100-273]-9618&alias=bigbird19.cern.ch&noUDP&sock=schedd_5103_cfe0>
...
040 (16720545.005.000) 06/25 13:31:38 Started transferring input files
	Transferring to host: <188.185.190.104:9618?addrs=188.185.190.104-9618+[2001-1458-d03-b--100-22f]-9618&alias=b9pgpun501.cern.ch&noUDP&sock=slot1_1_278654_b37c_85123>
...
040 (16720545.005.000) 06/25 13:31:38 Finished transferring input files
...
001 (16720545.005.000) 06/25 13:31:39 Job executing on host: <188.185.190.104:9618?addrs=188.185.190.104-9618+[2001-1458-d03-b--100-22f]-9618&alias=b9pgpun501.cern.ch&noUDP&sock=startd_240657_4373>
	SlotName: slot1_1@b9pgpun501.cern.ch
	AvailableGPUs = { GPUs_GPU_76f72c0d }
	CondorScratchDir = "/pool/condor/dir_89828"
	Cpus = 3
	Disk = 8391668
	GPUs = 1
	GPUs_GPU_76f72c0d = [ Id = "GPU-76f72c0d"; ClockMhz = 1785.0; Capability = 9.0; CoresPerCU = 128; DeviceName = "NVIDIA H100 NVL"; DeviceUuid = "76f72c0d-56fe-10ae-ad99-9fde1e23639d"; ECCEnabled = true; ComputeUnits = 132; DriverVersion = 13.0; DevicePciBusId = "0000:06:00.0"; GlobalMemoryMb = 95319; MaxSupportedVersion = 13000 ]
	Memory = 9000
...
006 (16720545.005.000) 06/25 13:31:53 Image size of job updated: 312864
	306  -  MemoryUsage of job (MB)
	312864  -  ResidentSetSize of job (KB)
...
006 (16720545.005.000) 06/25 13:36:54 Image size of job updated: 497988
	487  -  MemoryUsage of job (MB)
	497988  -  ResidentSetSize of job (KB)
...
006 (16720545.005.000) 06/25 13:41:55 Image size of job updated: 505548
	494  -  MemoryUsage of job (MB)
	505548  -  ResidentSetSize of job (KB)
...
006 (16720545.005.000) 06/25 13:51:56 Image size of job updated: 505556
	494  -  MemoryUsage of job (MB)
	505556  -  ResidentSetSize of job (KB)
...
006 (16720545.005.000) 06/25 13:56:57 Image size of job updated: 506004
	495  -  MemoryUsage of job (MB)
	506004  -  ResidentSetSize of job (KB)
...
006 (16720545.005.000) 06/25 14:01:57 Image size of job updated: 508892
	497  -  MemoryUsage of job (MB)
	508892  -  ResidentSetSize of job (KB)
...
006 (16720545.005.000) 06/25 14:06:58 Image size of job updated: 510616
	499  -  MemoryUsage of job (MB)
	510616  -  ResidentSetSize of job (KB)
...
006 (16720545.005.000) 06/25 14:22:00 Image size of job updated: 511168
	500  -  MemoryUsage of job (MB)
	511168  -  ResidentSetSize of job (KB)
...
006 (16720545.005.000) 06/25 14:27:01 Image size of job updated: 513228
	502  -  MemoryUsage of job (MB)
	513228  -  ResidentSetSize of job (KB)
...
006 (16720545.005.000) 06/25 14:32:01 Image size of job updated: 515264
	504  -  MemoryUsage of job (MB)
	515264  -  ResidentSetSize of job (KB)
...
006 (16720545.005.000) 06/25 14:37:02 Image size of job updated: 517144
	506  -  MemoryUsage of job (MB)
	517144  -  ResidentSetSize of job (KB)
...
006 (16720545.005.000) 06/25 14:42:03 Image size of job updated: 519104
	507  -  MemoryUsage of job (MB)
	519104  -  ResidentSetSize of job (KB)
...
006 (16720545.005.000) 06/25 14:47:03 Image size of job updated: 520816
	509  -  MemoryUsage of job (MB)
	520816  -  ResidentSetSize of job (KB)
...
006 (16720545.005.000) 06/25 14:52:04 Image size of job updated: 521580
	510  -  MemoryUsage of job (MB)
	521580  -  ResidentSetSize of job (KB)
...
006 (16720545.005.000) 06/25 14:57:05 Image size of job updated: 521860
	510  -  MemoryUsage of job (MB)
	521860  -  ResidentSetSize of job (KB)
...
006 (16720545.005.000) 06/25 15:02:05 Image size of job updated: 523936
	512  -  MemoryUsage of job (MB)
	523936  -  ResidentSetSize of job (KB)
...
006 (16720545.005.000) 06/25 15:07:05 Image size of job updated: 525968
	514  -  MemoryUsage of job (MB)
	525968  -  ResidentSetSize of job (KB)
...
006 (16720545.005.000) 06/25 15:12:06 Image size of job updated: 528232
	516  -  MemoryUsage of job (MB)
	528232  -  ResidentSetSize of job (KB)
...
006 (16720545.005.000) 06/25 15:17:06 Image size of job updated: 530648
	519  -  MemoryUsage of job (MB)
	530648  -  ResidentSetSize of job (KB)
...
006 (16720545.005.000) 06/25 15:22:06 Image size of job updated: 532984
	521  -  MemoryUsage of job (MB)
	532984  -  ResidentSetSize of job (KB)
...
006 (16720545.005.000) 06/25 15:27:07 Image size of job updated: 535408
	523  -  MemoryUsage of job (MB)
	535408  -  ResidentSetSize of job (KB)
...
006 (16720545.005.000) 06/25 15:32:08 Image size of job updated: 535828
	524  -  MemoryUsage of job (MB)
	535828  -  ResidentSetSize of job (KB)
...
006 (16720545.005.000) 06/25 15:37:08 Image size of job updated: 537900
	526  -  MemoryUsage of job (MB)
	537900  -  ResidentSetSize of job (KB)
...
006 (16720545.005.000) 06/25 15:42:09 Image size of job updated: 540192
	528  -  MemoryUsage of job (MB)
	540192  -  ResidentSetSize of job (KB)
...
006 (16720545.005.000) 06/25 15:47:10 Image size of job updated: 542744
	531  -  MemoryUsage of job (MB)
	542744  -  ResidentSetSize of job (KB)
...
006 (16720545.005.000) 06/25 15:52:10 Image size of job updated: 545608
	533  -  MemoryUsage of job (MB)
	545608  -  ResidentSetSize of job (KB)
...
006 (16720545.005.000) 06/25 15:57:11 Image size of job updated: 548028
	536  -  MemoryUsage of job (MB)
	548028  -  ResidentSetSize of job (KB)
...
006 (16720545.005.000) 06/25 16:02:12 Image size of job updated: 550600
	538  -  MemoryUsage of job (MB)
	550600  -  ResidentSetSize of job (KB)
...
006 (16720545.005.000) 06/25 16:07:12 Image size of job updated: 556372
	544  -  MemoryUsage of job (MB)
	556372  -  ResidentSetSize of job (KB)
...
006 (16720545.005.000) 06/25 16:12:12 Image size of job updated: 579116
	566  -  MemoryUsage of job (MB)
	579116  -  ResidentSetSize of job (KB)
...
006 (16720545.005.000) 06/25 16:17:13 Image size of job updated: 584732
	572  -  MemoryUsage of job (MB)
	584732  -  ResidentSetSize of job (KB)
...
006 (16720545.005.000) 06/25 16:22:13 Image size of job updated: 592088
	579  -  MemoryUsage of job (MB)
	592088  -  ResidentSetSize of job (KB)
...
006 (16720545.005.000) 06/25 16:27:13 Image size of job updated: 596600
	583  -  MemoryUsage of job (MB)
	596600  -  ResidentSetSize of job (KB)
...
006 (16720545.005.000) 06/25 16:32:14 Image size of job updated: 601888
	588  -  MemoryUsage of job (MB)
	601888  -  ResidentSetSize of job (KB)
...
006 (16720545.005.000) 06/25 16:37:14 Image size of job updated: 603728
	590  -  MemoryUsage of job (MB)
	603728  -  ResidentSetSize of job (KB)
...
006 (16720545.005.000) 06/25 16:42:14 Image size of job updated: 607424
	594  -  MemoryUsage of job (MB)
	607424  -  ResidentSetSize of job (KB)
...
006 (16720545.005.000) 06/25 16:47:15 Image size of job updated: 612880
	599  -  MemoryUsage of job (MB)
	612880  -  ResidentSetSize of job (KB)
...
006 (16720545.005.000) 06/25 16:52:15 Image size of job updated: 618008
	604  -  MemoryUsage of job (MB)
	618008  -  ResidentSetSize of job (KB)
...
006 (16720545.005.000) 06/25 16:57:15 Image size of job updated: 622140
	608  -  MemoryUsage of job (MB)
	622140  -  ResidentSetSize of job (KB)
...
006 (16720545.005.000) 06/25 17:02:16 Image size of job updated: 626740
	613  -  MemoryUsage of job (MB)
	626740  -  ResidentSetSize of job (KB)
...
006 (16720545.005.000) 06/25 17:07:16 Image size of job updated: 631848
	618  -  MemoryUsage of job (MB)
	631848  -  ResidentSetSize of job (KB)
...
006 (16720545.005.000) 06/25 17:12:16 Image size of job updated: 635152
	621  -  MemoryUsage of job (MB)
	635152  -  ResidentSetSize of job (KB)
...
006 (16720545.005.000) 06/25 17:17:17 Image size of job updated: 642008
	627  -  MemoryUsage of job (MB)
	642008  -  ResidentSetSize of job (KB)
...
006 (16720545.005.000) 06/25 17:22:17 Image size of job updated: 648088
	633  -  MemoryUsage of job (MB)
	648088  -  ResidentSetSize of job (KB)
...
006 (16720545.005.000) 06/25 17:27:17 Image size of job updated: 655292
	640  -  MemoryUsage of job (MB)
	655292  -  ResidentSetSize of job (KB)
...
006 (16720545.005.000) 06/25 17:32:18 Image size of job updated: 660968
	646  -  MemoryUsage of job (MB)
	660968  -  ResidentSetSize of job (KB)
...
006 (16720545.005.000) 06/25 17:37:18 Image size of job updated: 667660
	653  -  MemoryUsage of job (MB)
	667660  -  ResidentSetSize of job (KB)
...
006 (16720545.005.000) 06/25 17:42:18 Image size of job updated: 668484
	653  -  MemoryUsage of job (MB)
	668484  -  ResidentSetSize of job (KB)
...
006 (16720545.005.000) 06/25 17:47:19 Image size of job updated: 669136
	654  -  MemoryUsage of job (MB)
	669136  -  ResidentSetSize of job (KB)
...
006 (16720545.005.000) 06/25 17:52:20 Image size of job updated: 669692
	654  -  MemoryUsage of job (MB)
	669692  -  ResidentSetSize of job (KB)
...
006 (16720545.005.000) 06/25 17:57:20 Image size of job updated: 671344
	656  -  MemoryUsage of job (MB)
	671344  -  ResidentSetSize of job (KB)
...
006 (16720545.005.000) 06/25 18:02:21 Image size of job updated: 671400
	656  -  MemoryUsage of job (MB)
	671400  -  ResidentSetSize of job (KB)
...
006 (16720545.005.000) 06/25 18:07:22 Image size of job updated: 672544
	657  -  MemoryUsage of job (MB)
	672544  -  ResidentSetSize of job (KB)
...
006 (16720545.005.000) 06/25 18:12:22 Image size of job updated: 673988
	659  -  MemoryUsage of job (MB)
	673988  -  ResidentSetSize of job (KB)
...
006 (16720545.005.000) 06/25 18:17:23 Image size of job updated: 674104
	659  -  MemoryUsage of job (MB)
	674104  -  ResidentSetSize of job (KB)
...
006 (16720545.005.000) 06/25 18:22:24 Image size of job updated: 674368
	659  -  MemoryUsage of job (MB)
	674368  -  ResidentSetSize of job (KB)
...
006 (16720545.005.000) 06/25 18:32:25 Image size of job updated: 1117424
	1092  -  MemoryUsage of job (MB)
	1117424  -  ResidentSetSize of job (KB)
...
006 (16720545.005.000) 06/25 18:37:26 Image size of job updated: 1117536
	1092  -  MemoryUsage of job (MB)
	1117536  -  ResidentSetSize of job (KB)
...
006 (16720545.005.000) 06/25 18:42:26 Image size of job updated: 1118520
	1093  -  MemoryUsage of job (MB)
	1118520  -  ResidentSetSize of job (KB)
...
006 (16720545.005.000) 06/25 18:47:27 Image size of job updated: 1118524
	1093  -  MemoryUsage of job (MB)
	1118524  -  ResidentSetSize of job (KB)
...
006 (16720545.005.000) 06/25 18:52:28 Image size of job updated: 1118560
	1093  -  MemoryUsage of job (MB)
	1118560  -  ResidentSetSize of job (KB)
...
006 (16720545.005.000) 06/25 18:57:28 Image size of job updated: 1118660
	1093  -  MemoryUsage of job (MB)
	1118660  -  ResidentSetSize of job (KB)
...
006 (16720545.005.000) 06/25 19:02:28 Image size of job updated: 1120808
	1095  -  MemoryUsage of job (MB)
	1120808  -  ResidentSetSize of job (KB)
...
006 (16720545.005.000) 06/25 19:07:29 Image size of job updated: 1278664
	1249  -  MemoryUsage of job (MB)
	1278664  -  ResidentSetSize of job (KB)
...
006 (16720545.005.000) 06/25 19:12:29 Image size of job updated: 1278884
	1249  -  MemoryUsage of job (MB)
	1278884  -  ResidentSetSize of job (KB)
...
006 (16720545.005.000) 06/25 19:17:29 Image size of job updated: 1278984
	1250  -  MemoryUsage of job (MB)
	1278984  -  ResidentSetSize of job (KB)
...
006 (16720545.005.000) 06/25 19:22:30 Image size of job updated: 1279080
	1250  -  MemoryUsage of job (MB)
	1279080  -  ResidentSetSize of job (KB)
...
006 (16720545.005.000) 06/25 19:27:30 Image size of job updated: 1279116
	1250  -  MemoryUsage of job (MB)
	1279116  -  ResidentSetSize of job (KB)
...
006 (16720545.005.000) 06/25 19:32:30 Image size of job updated: 1279196
	1250  -  MemoryUsage of job (MB)
	1279196  -  ResidentSetSize of job (KB)
...
006 (16720545.005.000) 06/25 19:37:31 Image size of job updated: 1279244
	1250  -  MemoryUsage of job (MB)
	1279244  -  ResidentSetSize of job (KB)
...
006 (16720545.005.000) 06/25 19:42:31 Image size of job updated: 1279320
	1250  -  MemoryUsage of job (MB)
	1279320  -  ResidentSetSize of job (KB)
...
006 (16720545.005.000) 06/25 19:47:31 Image size of job updated: 1279416
	1250  -  MemoryUsage of job (MB)
	1279416  -  ResidentSetSize of job (KB)
...
006 (16720545.005.000) 06/25 19:52:32 Image size of job updated: 1279728
	1250  -  MemoryUsage of job (MB)
	1279728  -  ResidentSetSize of job (KB)
...
006 (16720545.005.000) 06/25 19:57:32 Image size of job updated: 1279800
	1250  -  MemoryUsage of job (MB)
	1279800  -  ResidentSetSize of job (KB)
...
006 (16720545.005.000) 06/25 20:02:32 Image size of job updated: 1279888
	1250  -  MemoryUsage of job (MB)
	1279888  -  ResidentSetSize of job (KB)
...
006 (16720545.005.000) 06/25 20:07:33 Image size of job updated: 1279952
	1250  -  MemoryUsage of job (MB)
	1279952  -  ResidentSetSize of job (KB)
...
006 (16720545.005.000) 06/25 20:12:33 Image size of job updated: 1280016
	1251  -  MemoryUsage of job (MB)
	1280016  -  ResidentSetSize of job (KB)
...
006 (16720545.005.000) 06/25 20:17:33 Image size of job updated: 1280148
	1251  -  MemoryUsage of job (MB)
	1280148  -  ResidentSetSize of job (KB)
...
006 (16720545.005.000) 06/25 20:22:34 Image size of job updated: 1280384
	1251  -  MemoryUsage of job (MB)
	1280384  -  ResidentSetSize of job (KB)
...
006 (16720545.005.000) 06/25 20:27:34 Image size of job updated: 1280456
	1251  -  MemoryUsage of job (MB)
	1280456  -  ResidentSetSize of job (KB)
...
006 (16720545.005.000) 06/25 20:32:34 Image size of job updated: 1280568
	1251  -  MemoryUsage of job (MB)
	1280568  -  ResidentSetSize of job (KB)
...
006 (16720545.005.000) 06/25 20:37:35 Image size of job updated: 1280656
	1251  -  MemoryUsage of job (MB)
	1280656  -  ResidentSetSize of job (KB)
...
006 (16720545.005.000) 06/25 20:42:35 Image size of job updated: 1280748
	1251  -  MemoryUsage of job (MB)
	1280748  -  ResidentSetSize of job (KB)
...
006 (16720545.005.000) 06/25 20:47:35 Image size of job updated: 1280824
	1251  -  MemoryUsage of job (MB)
	1280824  -  ResidentSetSize of job (KB)
...
006 (16720545.005.000) 06/25 20:52:36 Image size of job updated: 1280900
	1251  -  MemoryUsage of job (MB)
	1280900  -  ResidentSetSize of job (KB)
...
006 (16720545.005.000) 06/25 20:57:36 Image size of job updated: 1280992
	1251  -  MemoryUsage of job (MB)
	1280992  -  ResidentSetSize of job (KB)
...
006 (16720545.005.000) 06/25 21:02:36 Image size of job updated: 1281068
	1252  -  MemoryUsage of job (MB)
	1281068  -  ResidentSetSize of job (KB)
...
006 (16720545.005.000) 06/25 21:07:37 Image size of job updated: 1281532
	1252  -  MemoryUsage of job (MB)
	1281532  -  ResidentSetSize of job (KB)
...
006 (16720545.005.000) 06/25 21:12:37 Image size of job updated: 1281596
	1252  -  MemoryUsage of job (MB)
	1281596  -  ResidentSetSize of job (KB)
...
006 (16720545.005.000) 06/25 21:17:37 Image size of job updated: 1281696
	1252  -  MemoryUsage of job (MB)
	1281696  -  ResidentSetSize of job (KB)
...
006 (16720545.005.000) 06/25 21:22:38 Image size of job updated: 1281828
	1252  -  MemoryUsage of job (MB)
	1281828  -  ResidentSetSize of job (KB)
...
006 (16720545.005.000) 06/25 21:27:38 Image size of job updated: 1281908
	1252  -  MemoryUsage of job (MB)
	1281908  -  ResidentSetSize of job (KB)
...
006 (16720545.005.000) 06/25 21:32:38 Image size of job updated: 1281976
	1252  -  MemoryUsage of job (MB)
	1281976  -  ResidentSetSize of job (KB)
...
006 (16720545.005.000) 06/25 21:37:39 Image size of job updated: 1282060
	1253  -  MemoryUsage of job (MB)
	1282060  -  ResidentSetSize of job (KB)
...
006 (16720545.005.000) 06/25 21:42:39 Image size of job updated: 1282136
	1253  -  MemoryUsage of job (MB)
	1282136  -  ResidentSetSize of job (KB)
...
006 (16720545.005.000) 06/25 21:47:39 Image size of job updated: 1282216
	1253  -  MemoryUsage of job (MB)
	1282216  -  ResidentSetSize of job (KB)
...
006 (16720545.005.000) 06/25 21:52:40 Image size of job updated: 1282324
	1253  -  MemoryUsage of job (MB)
	1282324  -  ResidentSetSize of job (KB)
...
006 (16720545.005.000) 06/25 21:57:40 Image size of job updated: 1282420
	1253  -  MemoryUsage of job (MB)
	1282420  -  ResidentSetSize of job (KB)
...
006 (16720545.005.000) 06/25 22:02:40 Image size of job updated: 1282500
	1253  -  MemoryUsage of job (MB)
	1282500  -  ResidentSetSize of job (KB)
...
006 (16720545.005.000) 06/25 22:07:41 Image size of job updated: 1282580
	1253  -  MemoryUsage of job (MB)
	1282580  -  ResidentSetSize of job (KB)
...
006 (16720545.005.000) 06/25 22:12:41 Image size of job updated: 1282672
	1253  -  MemoryUsage of job (MB)
	1282672  -  ResidentSetSize of job (KB)
...
006 (16720545.005.000) 06/25 22:17:41 Image size of job updated: 1282748
	1253  -  MemoryUsage of job (MB)
	1282748  -  ResidentSetSize of job (KB)
...
006 (16720545.005.000) 06/25 22:22:42 Image size of job updated: 1282828
	1253  -  MemoryUsage of job (MB)
	1282828  -  ResidentSetSize of job (KB)
...
006 (16720545.005.000) 06/25 22:27:42 Image size of job updated: 1282964
	1253  -  MemoryUsage of job (MB)
	1282964  -  ResidentSetSize of job (KB)
...
006 (16720545.005.000) 06/25 22:32:42 Image size of job updated: 1283040
	1253  -  MemoryUsage of job (MB)
	1283040  -  ResidentSetSize of job (KB)
...
006 (16720545.005.000) 06/25 22:37:43 Image size of job updated: 1283136
	1254  -  MemoryUsage of job (MB)
	1283136  -  ResidentSetSize of job (KB)
...
006 (16720545.005.000) 06/25 22:42:43 Image size of job updated: 1283216
	1254  -  MemoryUsage of job (MB)
	1283216  -  ResidentSetSize of job (KB)
...
006 (16720545.005.000) 06/25 22:47:43 Image size of job updated: 1283296
	1254  -  MemoryUsage of job (MB)
	1283296  -  ResidentSetSize of job (KB)
...
006 (16720545.005.000) 06/25 22:52:45 Image size of job updated: 1283408
	1254  -  MemoryUsage of job (MB)
	1283408  -  ResidentSetSize of job (KB)
...
006 (16720545.005.000) 06/25 22:57:45 Image size of job updated: 1309692
	1279  -  MemoryUsage of job (MB)
	1309692  -  ResidentSetSize of job (KB)
...
006 (16720545.005.000) 06/25 23:02:45 Image size of job updated: 1326132
	1296  -  MemoryUsage of job (MB)
	1326132  -  ResidentSetSize of job (KB)
...
006 (16720545.005.000) 06/25 23:07:46 Image size of job updated: 1326552
	1296  -  MemoryUsage of job (MB)
	1326552  -  ResidentSetSize of job (KB)
...
006 (16720545.005.000) 06/25 23:12:47 Image size of job updated: 1332124
	1301  -  MemoryUsage of job (MB)
	1332124  -  ResidentSetSize of job (KB)
...
006 (16720545.005.000) 06/25 23:42:51 Image size of job updated: 1332132
	1301  -  MemoryUsage of job (MB)
	1332132  -  ResidentSetSize of job (KB)
...
006 (16720545.005.000) 06/25 23:47:51 Image size of job updated: 1332240
	1302  -  MemoryUsage of job (MB)
	1332240  -  ResidentSetSize of job (KB)
...
006 (16720545.005.000) 06/25 23:52:52 Image size of job updated: 1332384
	1302  -  MemoryUsage of job (MB)
	1332384  -  ResidentSetSize of job (KB)
...
006 (16720545.005.000) 06/25 23:57:53 Image size of job updated: 1332536
	1302  -  MemoryUsage of job (MB)
	1332536  -  ResidentSetSize of job (KB)
...
006 (16720545.005.000) 06/26 00:02:53 Image size of job updated: 1332668
	1302  -  MemoryUsage of job (MB)
	1332668  -  ResidentSetSize of job (KB)
...
006 (16720545.005.000) 06/26 00:07:54 Image size of job updated: 1332816
	1302  -  MemoryUsage of job (MB)
	1332816  -  ResidentSetSize of job (KB)
...
006 (16720545.005.000) 06/26 00:12:55 Image size of job updated: 1332960
	1302  -  MemoryUsage of job (MB)
	1332960  -  ResidentSetSize of job (KB)
...
006 (16720545.005.000) 06/26 00:17:55 Image size of job updated: 1333100
	1302  -  MemoryUsage of job (MB)
	1333100  -  ResidentSetSize of job (KB)
...
006 (16720545.005.000) 06/26 00:22:56 Image size of job updated: 1333244
	1302  -  MemoryUsage of job (MB)
	1333244  -  ResidentSetSize of job (KB)
...
006 (16720545.005.000) 06/26 00:27:57 Image size of job updated: 1333396
	1303  -  MemoryUsage of job (MB)
	1333396  -  ResidentSetSize of job (KB)
...
006 (16720545.005.000) 06/26 00:32:57 Image size of job updated: 1333568
	1303  -  MemoryUsage of job (MB)
	1333568  -  ResidentSetSize of job (KB)
...
006 (16720545.005.000) 06/26 00:37:58 Image size of job updated: 1333744
	1303  -  MemoryUsage of job (MB)
	1333744  -  ResidentSetSize of job (KB)
...
006 (16720545.005.000) 06/26 00:42:59 Image size of job updated: 1342748
	1312  -  MemoryUsage of job (MB)
	1342748  -  ResidentSetSize of job (KB)
...
006 (16720545.005.000) 06/26 00:47:59 Image size of job updated: 1342768
	1312  -  MemoryUsage of job (MB)
	1342768  -  ResidentSetSize of job (KB)
...
006 (16720545.005.000) 06/26 00:53:00 Image size of job updated: 1342916
	1312  -  MemoryUsage of job (MB)
	1342916  -  ResidentSetSize of job (KB)
...
006 (16720545.005.000) 06/26 00:58:01 Image size of job updated: 1343096
	1312  -  MemoryUsage of job (MB)
	1343096  -  ResidentSetSize of job (KB)
...
006 (16720545.005.000) 06/26 01:03:01 Image size of job updated: 1343304
	1312  -  MemoryUsage of job (MB)
	1343304  -  ResidentSetSize of job (KB)
...
006 (16720545.005.000) 06/26 01:08:02 Image size of job updated: 1343504
	1313  -  MemoryUsage of job (MB)
	1343504  -  ResidentSetSize of job (KB)
...
006 (16720545.005.000) 06/26 01:13:03 Image size of job updated: 1343720
	1313  -  MemoryUsage of job (MB)
	1343720  -  ResidentSetSize of job (KB)
...
006 (16720545.005.000) 06/26 01:18:03 Image size of job updated: 1343916
	1313  -  MemoryUsage of job (MB)
	1343916  -  ResidentSetSize of job (KB)
...
006 (16720545.005.000) 06/26 01:23:04 Image size of job updated: 1344124
	1313  -  MemoryUsage of job (MB)
	1344124  -  ResidentSetSize of job (KB)
...
006 (16720545.005.000) 06/26 01:28:05 Image size of job updated: 1344340
	1313  -  MemoryUsage of job (MB)
	1344340  -  ResidentSetSize of job (KB)
...
006 (16720545.005.000) 06/26 01:33:05 Image size of job updated: 1344796
	1314  -  MemoryUsage of job (MB)
	1344796  -  ResidentSetSize of job (KB)
...
006 (16720545.005.000) 06/26 01:38:06 Image size of job updated: 1344800
	1314  -  MemoryUsage of job (MB)
	1344800  -  ResidentSetSize of job (KB)
...
006 (16720545.005.000) 06/26 01:53:08 Image size of job updated: 1344996
	1314  -  MemoryUsage of job (MB)
	1344996  -  ResidentSetSize of job (KB)
...
006 (16720545.005.000) 06/26 01:58:09 Image size of job updated: 1345200
	1314  -  MemoryUsage of job (MB)
	1345200  -  ResidentSetSize of job (KB)
...
006 (16720545.005.000) 06/26 02:03:09 Image size of job updated: 1345408
	1314  -  MemoryUsage of job (MB)
	1345408  -  ResidentSetSize of job (KB)
...
006 (16720545.005.000) 06/26 02:08:10 Image size of job updated: 1345592
	1315  -  MemoryUsage of job (MB)
	1345592  -  ResidentSetSize of job (KB)
...
006 (16720545.005.000) 06/26 02:13:11 Image size of job updated: 1345788
	1315  -  MemoryUsage of job (MB)
	1345788  -  ResidentSetSize of job (KB)
...
006 (16720545.005.000) 06/26 02:18:11 Image size of job updated: 1346072
	1315  -  MemoryUsage of job (MB)
	1346072  -  ResidentSetSize of job (KB)
...
006 (16720545.005.000) 06/26 02:23:11 Image size of job updated: 1346348
	1315  -  MemoryUsage of job (MB)
	1346348  -  ResidentSetSize of job (KB)
...
006 (16720545.005.000) 06/26 02:28:12 Image size of job updated: 1346616
	1316  -  MemoryUsage of job (MB)
	1346616  -  ResidentSetSize of job (KB)
...
006 (16720545.005.000) 06/26 02:33:12 Image size of job updated: 1346832
	1316  -  MemoryUsage of job (MB)
	1346832  -  ResidentSetSize of job (KB)
...
006 (16720545.005.000) 06/26 02:38:12 Image size of job updated: 1347056
	1316  -  MemoryUsage of job (MB)
	1347056  -  ResidentSetSize of job (KB)
...
006 (16720545.005.000) 06/26 02:43:13 Image size of job updated: 1347276
	1316  -  MemoryUsage of job (MB)
	1347276  -  ResidentSetSize of job (KB)
...
006 (16720545.005.000) 06/26 02:48:13 Image size of job updated: 1347496
	1316  -  MemoryUsage of job (MB)
	1347496  -  ResidentSetSize of job (KB)
...
006 (16720545.005.000) 06/26 02:53:13 Image size of job updated: 1347688
	1317  -  MemoryUsage of job (MB)
	1347688  -  ResidentSetSize of job (KB)
...
006 (16720545.005.000) 06/26 02:58:14 Image size of job updated: 1347880
	1317  -  MemoryUsage of job (MB)
	1347880  -  ResidentSetSize of job (KB)
...
006 (16720545.005.000) 06/26 03:03:14 Image size of job updated: 1348056
	1317  -  MemoryUsage of job (MB)
	1348056  -  ResidentSetSize of job (KB)
...
006 (16720545.005.000) 06/26 03:08:14 Image size of job updated: 1348228
	1317  -  MemoryUsage of job (MB)
	1348228  -  ResidentSetSize of job (KB)
...
006 (16720545.005.000) 06/26 03:13:15 Image size of job updated: 1348408
	1317  -  MemoryUsage of job (MB)
	1348408  -  ResidentSetSize of job (KB)
...
006 (16720545.005.000) 06/26 03:18:16 Image size of job updated: 1348836
	1318  -  MemoryUsage of job (MB)
	1348836  -  ResidentSetSize of job (KB)
...
006 (16720545.005.000) 06/26 03:33:17 Image size of job updated: 1348884
	1318  -  MemoryUsage of job (MB)
	1348884  -  ResidentSetSize of job (KB)
...
006 (16720545.005.000) 06/26 03:38:18 Image size of job updated: 1349028
	1318  -  MemoryUsage of job (MB)
	1349028  -  ResidentSetSize of job (KB)
...
006 (16720545.005.000) 06/26 03:43:18 Image size of job updated: 1349180
	1318  -  MemoryUsage of job (MB)
	1349180  -  ResidentSetSize of job (KB)
...
006 (16720545.005.000) 06/26 03:48:18 Image size of job updated: 1349336
	1318  -  MemoryUsage of job (MB)
	1349336  -  ResidentSetSize of job (KB)
...
006 (16720545.005.000) 06/26 03:53:19 Image size of job updated: 1349508
	1318  -  MemoryUsage of job (MB)
	1349508  -  ResidentSetSize of job (KB)
...
006 (16720545.005.000) 06/26 03:58:19 Image size of job updated: 1349692
	1319  -  MemoryUsage of job (MB)
	1349692  -  ResidentSetSize of job (KB)
...
006 (16720545.005.000) 06/26 04:03:19 Image size of job updated: 1349868
	1319  -  MemoryUsage of job (MB)
	1349868  -  ResidentSetSize of job (KB)
...
006 (16720545.005.000) 06/26 04:08:20 Image size of job updated: 1350352
	1319  -  MemoryUsage of job (MB)
	1350352  -  ResidentSetSize of job (KB)
...
006 (16720545.005.000) 06/26 04:13:20 Image size of job updated: 1350536
	1319  -  MemoryUsage of job (MB)
	1350536  -  ResidentSetSize of job (KB)
...
006 (16720545.005.000) 06/26 04:18:20 Image size of job updated: 1350704
	1320  -  MemoryUsage of job (MB)
	1350704  -  ResidentSetSize of job (KB)
...
006 (16720545.005.000) 06/26 04:23:21 Image size of job updated: 1350876
	1320  -  MemoryUsage of job (MB)
	1350876  -  ResidentSetSize of job (KB)
...
006 (16720545.005.000) 06/26 04:28:21 Image size of job updated: 1350976
	1320  -  MemoryUsage of job (MB)
	1350976  -  ResidentSetSize of job (KB)
...
006 (16720545.005.000) 06/26 04:33:21 Image size of job updated: 1351028
	1320  -  MemoryUsage of job (MB)
	1351028  -  ResidentSetSize of job (KB)
...
006 (16720545.005.000) 06/26 04:38:22 Image size of job updated: 1351212
	1320  -  MemoryUsage of job (MB)
	1351212  -  ResidentSetSize of job (KB)
...
006 (16720545.005.000) 06/26 04:43:22 Image size of job updated: 1351432
	1320  -  MemoryUsage of job (MB)
	1351432  -  ResidentSetSize of job (KB)
...
006 (16720545.005.000) 06/26 04:48:22 Image size of job updated: 1351632
	1320  -  MemoryUsage of job (MB)
	1351632  -  ResidentSetSize of job (KB)
...
006 (16720545.005.000) 06/26 04:53:23 Image size of job updated: 1351836
	1321  -  MemoryUsage of job (MB)
	1351836  -  ResidentSetSize of job (KB)
...
006 (16720545.005.000) 06/26 04:58:23 Image size of job updated: 1352040
	1321  -  MemoryUsage of job (MB)
	1352040  -  ResidentSetSize of job (KB)
...
006 (16720545.005.000) 06/26 05:03:23 Image size of job updated: 1352260
	1321  -  MemoryUsage of job (MB)
	1352260  -  ResidentSetSize of job (KB)
...
006 (16720545.005.000) 06/26 05:08:24 Image size of job updated: 1352496
	1321  -  MemoryUsage of job (MB)
	1352496  -  ResidentSetSize of job (KB)
...
006 (16720545.005.000) 06/26 05:13:24 Image size of job updated: 1352752
	1322  -  MemoryUsage of job (MB)
	1352752  -  ResidentSetSize of job (KB)
...
006 (16720545.005.000) 06/26 05:18:24 Image size of job updated: 1353000
	1322  -  MemoryUsage of job (MB)
	1353000  -  ResidentSetSize of job (KB)
...
006 (16720545.005.000) 06/26 05:23:25 Image size of job updated: 1353064
	1322  -  MemoryUsage of job (MB)
	1353064  -  ResidentSetSize of job (KB)
...
006 (16720545.005.000) 06/26 05:28:25 Image size of job updated: 1353268
	1322  -  MemoryUsage of job (MB)
	1353268  -  ResidentSetSize of job (KB)
...
006 (16720545.005.000) 06/26 05:33:25 Image size of job updated: 1353496
	1322  -  MemoryUsage of job (MB)
	1353496  -  ResidentSetSize of job (KB)
...
006 (16720545.005.000) 06/26 05:38:26 Image size of job updated: 1353676
	1322  -  MemoryUsage of job (MB)
	1353676  -  ResidentSetSize of job (KB)
...
006 (16720545.005.000) 06/26 05:43:26 Image size of job updated: 1353876
	1323  -  MemoryUsage of job (MB)
	1353876  -  ResidentSetSize of job (KB)
...
006 (16720545.005.000) 06/26 05:48:26 Image size of job updated: 1354088
	1323  -  MemoryUsage of job (MB)
	1354088  -  ResidentSetSize of job (KB)
...
006 (16720545.005.000) 06/26 05:53:27 Image size of job updated: 1354276
	1323  -  MemoryUsage of job (MB)
	1354276  -  ResidentSetSize of job (KB)
...
006 (16720545.005.000) 06/26 05:58:27 Image size of job updated: 1354452
	1323  -  MemoryUsage of job (MB)
	1354452  -  ResidentSetSize of job (KB)
...
006 (16720545.005.000) 06/26 06:03:27 Image size of job updated: 1354636
	1323  -  MemoryUsage of job (MB)
	1354636  -  ResidentSetSize of job (KB)
...
006 (16720545.005.000) 06/26 06:08:28 Image size of job updated: 1354840
	1324  -  MemoryUsage of job (MB)
	1354840  -  ResidentSetSize of job (KB)
...
006 (16720545.005.000) 06/26 06:13:28 Image size of job updated: 1355052
	1324  -  MemoryUsage of job (MB)
	1355052  -  ResidentSetSize of job (KB)
...
006 (16720545.005.000) 06/26 06:18:28 Image size of job updated: 1355252
	1324  -  MemoryUsage of job (MB)
	1355252  -  ResidentSetSize of job (KB)
...
006 (16720545.005.000) 06/26 06:23:29 Image size of job updated: 1355444
	1324  -  MemoryUsage of job (MB)
	1355444  -  ResidentSetSize of job (KB)
...
006 (16720545.005.000) 06/26 06:28:29 Image size of job updated: 1355644
	1324  -  MemoryUsage of job (MB)
	1355644  -  ResidentSetSize of job (KB)
...
006 (16720545.005.000) 06/26 06:33:29 Image size of job updated: 1355880
	1325  -  MemoryUsage of job (MB)
	1355880  -  ResidentSetSize of job (KB)
...
006 (16720545.005.000) 06/26 06:38:30 Image size of job updated: 1356072
	1325  -  MemoryUsage of job (MB)
	1356072  -  ResidentSetSize of job (KB)
...
006 (16720545.005.000) 06/26 06:43:30 Image size of job updated: 1356276
	1325  -  MemoryUsage of job (MB)
	1356276  -  ResidentSetSize of job (KB)
...
006 (16720545.005.000) 06/26 06:48:30 Image size of job updated: 1356492
	1325  -  MemoryUsage of job (MB)
	1356492  -  ResidentSetSize of job (KB)
...
006 (16720545.005.000) 06/26 06:53:31 Image size of job updated: 1356696
	1325  -  MemoryUsage of job (MB)
	1356696  -  ResidentSetSize of job (KB)
...
006 (16720545.005.000) 06/26 06:58:31 Image size of job updated: 1356908
	1326  -  MemoryUsage of job (MB)
	1356908  -  ResidentSetSize of job (KB)
...
006 (16720545.005.000) 06/26 07:03:31 Image size of job updated: 1357060
	1326  -  MemoryUsage of job (MB)
	1357060  -  ResidentSetSize of job (KB)
...
006 (16720545.005.000) 06/26 07:08:32 Image size of job updated: 1357156
	1326  -  MemoryUsage of job (MB)
	1357156  -  ResidentSetSize of job (KB)
...
006 (16720545.005.000) 06/26 07:13:32 Image size of job updated: 1357328
	1326  -  MemoryUsage of job (MB)
	1357328  -  ResidentSetSize of job (KB)
...
006 (16720545.005.000) 06/26 07:18:32 Image size of job updated: 1357492
	1326  -  MemoryUsage of job (MB)
	1357492  -  ResidentSetSize of job (KB)
...
006 (16720545.005.000) 06/26 07:23:33 Image size of job updated: 1357680
	1326  -  MemoryUsage of job (MB)
	1357680  -  ResidentSetSize of job (KB)
...
006 (16720545.005.000) 06/26 07:28:33 Image size of job updated: 1357956
	1327  -  MemoryUsage of job (MB)
	1357956  -  ResidentSetSize of job (KB)
...
006 (16720545.005.000) 06/26 07:33:33 Image size of job updated: 1358124
	1327  -  MemoryUsage of job (MB)
	1358124  -  ResidentSetSize of job (KB)
...
006 (16720545.005.000) 06/26 07:38:34 Image size of job updated: 1358308
	1327  -  MemoryUsage of job (MB)
	1358308  -  ResidentSetSize of job (KB)
...
006 (16720545.005.000) 06/26 07:43:34 Image size of job updated: 1358492
	1327  -  MemoryUsage of job (MB)
	1358492  -  ResidentSetSize of job (KB)
...
006 (16720545.005.000) 06/26 07:48:34 Image size of job updated: 1358652
	1327  -  MemoryUsage of job (MB)
	1358652  -  ResidentSetSize of job (KB)
...
006 (16720545.005.000) 06/26 07:53:35 Image size of job updated: 1358832
	1327  -  MemoryUsage of job (MB)
	1358832  -  ResidentSetSize of job (KB)
...
006 (16720545.005.000) 06/26 07:58:35 Image size of job updated: 1359040
	1328  -  MemoryUsage of job (MB)
	1359040  -  ResidentSetSize of job (KB)
...
006 (16720545.005.000) 06/26 08:03:35 Image size of job updated: 1359224
	1328  -  MemoryUsage of job (MB)
	1359224  -  ResidentSetSize of job (KB)
...
006 (16720545.005.000) 06/26 08:08:36 Image size of job updated: 1359420
	1328  -  MemoryUsage of job (MB)
	1359420  -  ResidentSetSize of job (KB)
...
006 (16720545.005.000) 06/26 08:13:36 Image size of job updated: 1359624
	1328  -  MemoryUsage of job (MB)
	1359624  -  ResidentSetSize of job (KB)
...
006 (16720545.005.000) 06/26 08:18:36 Image size of job updated: 1359840
	1328  -  MemoryUsage of job (MB)
	1359840  -  ResidentSetSize of job (KB)
...
006 (16720545.005.000) 06/26 08:23:37 Image size of job updated: 1360044
	1329  -  MemoryUsage of job (MB)
	1360044  -  ResidentSetSize of job (KB)
...
006 (16720545.005.000) 06/26 08:28:38 Image size of job updated: 1360252
	1329  -  MemoryUsage of job (MB)
	1360252  -  ResidentSetSize of job (KB)
...
006 (16720545.005.000) 06/26 08:33:38 Image size of job updated: 1360476
	1329  -  MemoryUsage of job (MB)
	1360476  -  ResidentSetSize of job (KB)
...
006 (16720545.005.000) 06/26 08:38:39 Image size of job updated: 1360688
	1329  -  MemoryUsage of job (MB)
	1360688  -  ResidentSetSize of job (KB)
...
006 (16720545.005.000) 06/26 08:43:40 Image size of job updated: 1360916
	1330  -  MemoryUsage of job (MB)
	1360916  -  ResidentSetSize of job (KB)
...
006 (16720545.005.000) 06/26 08:48:40 Image size of job updated: 1361128
	1330  -  MemoryUsage of job (MB)
	1361128  -  ResidentSetSize of job (KB)
...
006 (16720545.005.000) 06/26 08:53:41 Image size of job updated: 1361328
	1330  -  MemoryUsage of job (MB)
	1361328  -  ResidentSetSize of job (KB)
...
006 (16720545.005.000) 06/26 08:58:42 Image size of job updated: 1361380
	1330  -  MemoryUsage of job (MB)
	1361380  -  ResidentSetSize of job (KB)
...
006 (16720545.005.000) 06/26 09:03:42 Image size of job updated: 1361556
	1330  -  MemoryUsage of job (MB)
	1361556  -  ResidentSetSize of job (KB)
...
006 (16720545.005.000) 06/26 09:08:43 Image size of job updated: 1361712
	1330  -  MemoryUsage of job (MB)
	1361712  -  ResidentSetSize of job (KB)
...
006 (16720545.005.000) 06/26 09:13:44 Image size of job updated: 1361872
	1330  -  MemoryUsage of job (MB)
	1361872  -  ResidentSetSize of job (KB)
...
006 (16720545.005.000) 06/26 09:18:44 Image size of job updated: 1362072
	1331  -  MemoryUsage of job (MB)
	1362072  -  ResidentSetSize of job (KB)
...
006 (16720545.005.000) 06/26 09:23:45 Image size of job updated: 1362256
	1331  -  MemoryUsage of job (MB)
	1362256  -  ResidentSetSize of job (KB)
...
006 (16720545.005.000) 06/26 09:28:46 Image size of job updated: 1362440
	1331  -  MemoryUsage of job (MB)
	1362440  -  ResidentSetSize of job (KB)
...
006 (16720545.005.000) 06/26 09:33:46 Image size of job updated: 1362544
	1331  -  MemoryUsage of job (MB)
	1362544  -  ResidentSetSize of job (KB)
...
006 (16720545.005.000) 06/26 09:38:47 Image size of job updated: 1362644
	1331  -  MemoryUsage of job (MB)
	1362644  -  ResidentSetSize of job (KB)
...
006 (16720545.005.000) 06/26 09:43:48 Image size of job updated: 1362816
	1331  -  MemoryUsage of job (MB)
	1362816  -  ResidentSetSize of job (KB)
...
006 (16720545.005.000) 06/26 09:48:48 Image size of job updated: 1362996
	1332  -  MemoryUsage of job (MB)
	1362996  -  ResidentSetSize of job (KB)
...
006 (16720545.005.000) 06/26 09:53:49 Image size of job updated: 1363156
	1332  -  MemoryUsage of job (MB)
	1363156  -  ResidentSetSize of job (KB)
...
006 (16720545.005.000) 06/26 09:58:50 Image size of job updated: 1363344
	1332  -  MemoryUsage of job (MB)
	1363344  -  ResidentSetSize of job (KB)
...
006 (16720545.005.000) 06/26 10:03:50 Image size of job updated: 1363536
	1332  -  MemoryUsage of job (MB)
	1363536  -  ResidentSetSize of job (KB)
...
006 (16720545.005.000) 06/26 10:08:51 Image size of job updated: 1363748
	1332  -  MemoryUsage of job (MB)
	1363748  -  ResidentSetSize of job (KB)
...
006 (16720545.005.000) 06/26 10:13:52 Image size of job updated: 1363948
	1332  -  MemoryUsage of job (MB)
	1363948  -  ResidentSetSize of job (KB)
...
006 (16720545.005.000) 06/26 10:18:52 Image size of job updated: 1364172
	1333  -  MemoryUsage of job (MB)
	1364172  -  ResidentSetSize of job (KB)
...
006 (16720545.005.000) 06/26 10:23:53 Image size of job updated: 1364432
	1333  -  MemoryUsage of job (MB)
	1364432  -  ResidentSetSize of job (KB)
...
006 (16720545.005.000) 06/26 10:28:54 Image size of job updated: 1364640
	1333  -  MemoryUsage of job (MB)
	1364640  -  ResidentSetSize of job (KB)
...
006 (16720545.005.000) 06/26 10:33:54 Image size of job updated: 1365192
	1334  -  MemoryUsage of job (MB)
	1365192  -  ResidentSetSize of job (KB)
...
006 (16720545.005.000) 06/26 10:38:55 Image size of job updated: 1365328
	1334  -  MemoryUsage of job (MB)
	1365328  -  ResidentSetSize of job (KB)
...
006 (16720545.005.000) 06/26 10:43:56 Image size of job updated: 1365460
	1334  -  MemoryUsage of job (MB)
	1365460  -  ResidentSetSize of job (KB)
...
006 (16720545.005.000) 06/26 10:48:56 Image size of job updated: 1365584
	1334  -  MemoryUsage of job (MB)
	1365584  -  ResidentSetSize of job (KB)
...
006 (16720545.005.000) 06/26 10:53:57 Image size of job updated: 1365696
	1334  -  MemoryUsage of job (MB)
	1365696  -  ResidentSetSize of job (KB)
...
006 (16720545.005.000) 06/26 10:58:58 Image size of job updated: 1365856
	1334  -  MemoryUsage of job (MB)
	1365856  -  ResidentSetSize of job (KB)
...
006 (16720545.005.000) 06/26 11:03:58 Image size of job updated: 1366044
	1335  -  MemoryUsage of job (MB)
	1366044  -  ResidentSetSize of job (KB)
...
006 (16720545.005.000) 06/26 11:08:59 Image size of job updated: 1366248
	1335  -  MemoryUsage of job (MB)
	1366248  -  ResidentSetSize of job (KB)
...
006 (16720545.005.000) 06/26 11:14:00 Image size of job updated: 1366448
	1335  -  MemoryUsage of job (MB)
	1366448  -  ResidentSetSize of job (KB)
...
006 (16720545.005.000) 06/26 11:19:00 Image size of job updated: 1366632
	1335  -  MemoryUsage of job (MB)
	1366632  -  ResidentSetSize of job (KB)
...
006 (16720545.005.000) 06/26 11:24:01 Image size of job updated: 1366816
	1335  -  MemoryUsage of job (MB)
	1366816  -  ResidentSetSize of job (KB)
...
006 (16720545.005.000) 06/26 11:29:02 Image size of job updated: 1367020
	1335  -  MemoryUsage of job (MB)
	1367020  -  ResidentSetSize of job (KB)
...
006 (16720545.005.000) 06/26 11:34:02 Image size of job updated: 1367208
	1336  -  MemoryUsage of job (MB)
	1367208  -  ResidentSetSize of job (KB)
...
006 (16720545.005.000) 06/26 11:39:03 Image size of job updated: 1367404
	1336  -  MemoryUsage of job (MB)
	1367404  -  ResidentSetSize of job (KB)
...
006 (16720545.005.000) 06/26 11:44:04 Image size of job updated: 1367608
	1336  -  MemoryUsage of job (MB)
	1367608  -  ResidentSetSize of job (KB)
...
006 (16720545.005.000) 06/26 11:49:04 Image size of job updated: 1367804
	1336  -  MemoryUsage of job (MB)
	1367804  -  ResidentSetSize of job (KB)
...
006 (16720545.005.000) 06/26 11:54:05 Image size of job updated: 1367992
	1336  -  MemoryUsage of job (MB)
	1367992  -  ResidentSetSize of job (KB)
...
006 (16720545.005.000) 06/26 11:59:06 Image size of job updated: 1368200
	1337  -  MemoryUsage of job (MB)
	1368200  -  ResidentSetSize of job (KB)
...
006 (16720545.005.000) 06/26 12:04:06 Image size of job updated: 1368420
	1337  -  MemoryUsage of job (MB)
	1368420  -  ResidentSetSize of job (KB)
...
006 (16720545.005.000) 06/26 12:09:07 Image size of job updated: 1368628
	1337  -  MemoryUsage of job (MB)
	1368628  -  ResidentSetSize of job (KB)
...
006 (16720545.005.000) 06/26 12:14:08 Image size of job updated: 1368856
	1337  -  MemoryUsage of job (MB)
	1368856  -  ResidentSetSize of job (KB)
...
006 (16720545.005.000) 06/26 12:19:08 Image size of job updated: 1369052
	1337  -  MemoryUsage of job (MB)
	1369052  -  ResidentSetSize of job (KB)
...
006 (16720545.005.000) 06/26 12:24:09 Image size of job updated: 1369248
	1338  -  MemoryUsage of job (MB)
	1369248  -  ResidentSetSize of job (KB)
...
006 (16720545.005.000) 06/26 12:29:10 Image size of job updated: 1369540
	1338  -  MemoryUsage of job (MB)
	1369540  -  ResidentSetSize of job (KB)
...
006 (16720545.005.000) 06/26 12:34:10 Image size of job updated: 1369768
	1338  -  MemoryUsage of job (MB)
	1369768  -  ResidentSetSize of job (KB)
...
006 (16720545.005.000) 06/26 12:39:11 Image size of job updated: 1369952
	1338  -  MemoryUsage of job (MB)
	1369952  -  ResidentSetSize of job (KB)
...
006 (16720545.005.000) 06/26 12:44:12 Image size of job updated: 1370200
	1339  -  MemoryUsage of job (MB)
	1370200  -  ResidentSetSize of job (KB)
...
006 (16720545.005.000) 06/26 12:49:12 Image size of job updated: 1370460
	1339  -  MemoryUsage of job (MB)
	1370460  -  ResidentSetSize of job (KB)
...
006 (16720545.005.000) 06/26 12:54:12 Image size of job updated: 1370724
	1339  -  MemoryUsage of job (MB)
	1370724  -  ResidentSetSize of job (KB)
...
006 (16720545.005.000) 06/26 12:59:13 Image size of job updated: 1371012
	1339  -  MemoryUsage of job (MB)
	1371012  -  ResidentSetSize of job (KB)
...
006 (16720545.005.000) 06/26 13:04:13 Image size of job updated: 1371232
	1340  -  MemoryUsage of job (MB)
	1371232  -  ResidentSetSize of job (KB)
...
006 (16720545.005.000) 06/26 13:09:13 Image size of job updated: 1371488
	1340  -  MemoryUsage of job (MB)
	1371488  -  ResidentSetSize of job (KB)
...
006 (16720545.005.000) 06/26 13:14:14 Image size of job updated: 1371776
	1340  -  MemoryUsage of job (MB)
	1371776  -  ResidentSetSize of job (KB)
...
006 (16720545.005.000) 06/26 13:19:14 Image size of job updated: 1372080
	1340  -  MemoryUsage of job (MB)
	1372080  -  ResidentSetSize of job (KB)
...
006 (16720545.005.000) 06/26 13:24:14 Image size of job updated: 1372408
	1341  -  MemoryUsage of job (MB)
	1372408  -  ResidentSetSize of job (KB)
...
006 (16720545.005.000) 06/26 13:29:15 Image size of job updated: 1372712
	1341  -  MemoryUsage of job (MB)
	1372712  -  ResidentSetSize of job (KB)
...
006 (16720545.005.000) 06/26 13:32:20 Image size of job updated: 1372932
	1341  -  MemoryUsage of job (MB)
	1372712  -  ResidentSetSize of job (KB)
...
040 (16720545.005.000) 06/26 13:32:20 Started transferring output files
...
040 (16720545.005.000) 06/26 13:32:20 Finished transferring output files
...
009 (16720545.005.000) 06/26 13:32:20 Job was aborted.
	Job removed by SYSTEM_PERIODIC_REMOVE due to wall time exceeded allowed max.
...
