000 (17058714.003.000) 06/30 16:20:02 Job submitted from host: <188.185.114.121:9618?addrs=188.185.114.121-9618+[2001-1458-d00-a--100-273]-9618&alias=bigbird19.cern.ch&noUDP&sock=schedd_5103_cfe0>
...
040 (17058714.003.000) 06/30 16:28:57 Started transferring input files
	Transferring to host: <188.185.93.218:9618?addrs=188.185.93.218-9618+[2001-1458-d00-6c--100-34c]-9618&alias=b9g57n0991.cern.ch&noUDP&sock=slot1_1_8997_f347_91260>
...
040 (17058714.003.000) 06/30 16:28:58 Finished transferring input files
...
001 (17058714.003.000) 06/30 16:28:59 Job executing on host: <188.185.93.218:9618?addrs=188.185.93.218-9618+[2001-1458-d00-6c--100-34c]-9618&alias=b9g57n0991.cern.ch&noUDP&sock=startd_8779_3e05>
	SlotName: slot1_1@b9g57n0991.cern.ch
	AvailableGPUs = { GPUs_GPU_481212f1 }
	CondorScratchDir = "/pool/condor/dir_2893278"
	Cpus = 3
	Disk = 8389054
	GPUs = 1
	GPUs_GPU_481212f1 = [ Id = "GPU-481212f1"; ClockMhz = 1410.0; Capability = 8.0; CoresPerCU = 64; DeviceName = "NVIDIA A100-PCIE-40GB"; DeviceUuid = "481212f1-d5bc-e456-f450-346df9467bda"; ECCEnabled = true; ComputeUnits = 108; DriverVersion = 13.0; DevicePciBusId = "0000:06:00.0"; GlobalMemoryMb = 40441; MaxSupportedVersion = 13000 ]
	Memory = 9000
...
006 (17058714.003.000) 06/30 16:29:13 Image size of job updated: 221316
	217  -  MemoryUsage of job (MB)
	221316  -  ResidentSetSize of job (KB)
...
006 (17058714.003.000) 06/30 16:34:14 Image size of job updated: 505732
	494  -  MemoryUsage of job (MB)
	505732  -  ResidentSetSize of job (KB)
...
006 (17058714.003.000) 06/30 16:39:14 Image size of job updated: 516288
	505  -  MemoryUsage of job (MB)
	516288  -  ResidentSetSize of job (KB)
...
006 (17058714.003.000) 06/30 16:44:14 Image size of job updated: 532864
	521  -  MemoryUsage of job (MB)
	532864  -  ResidentSetSize of job (KB)
...
006 (17058714.003.000) 06/30 16:49:15 Image size of job updated: 546148
	534  -  MemoryUsage of job (MB)
	546148  -  ResidentSetSize of job (KB)
...
006 (17058714.003.000) 06/30 16:54:15 Image size of job updated: 560372
	548  -  MemoryUsage of job (MB)
	560372  -  ResidentSetSize of job (KB)
...
006 (17058714.003.000) 06/30 16:59:15 Image size of job updated: 598672
	585  -  MemoryUsage of job (MB)
	598672  -  ResidentSetSize of job (KB)
...
006 (17058714.003.000) 06/30 17:04:16 Image size of job updated: 623228
	609  -  MemoryUsage of job (MB)
	623228  -  ResidentSetSize of job (KB)
...
006 (17058714.003.000) 06/30 17:09:16 Image size of job updated: 643108
	629  -  MemoryUsage of job (MB)
	643108  -  ResidentSetSize of job (KB)
...
006 (17058714.003.000) 06/30 17:14:17 Image size of job updated: 675984
	661  -  MemoryUsage of job (MB)
	675984  -  ResidentSetSize of job (KB)
...
006 (17058714.003.000) 06/30 17:19:18 Image size of job updated: 714952
	674  -  MemoryUsage of job (MB)
	689968  -  ResidentSetSize of job (KB)
...
006 (17058714.003.000) 06/30 17:24:18 Image size of job updated: 714952
	680  -  MemoryUsage of job (MB)
	695884  -  ResidentSetSize of job (KB)
...
006 (17058714.003.000) 06/30 17:29:19 Image size of job updated: 799284
	781  -  MemoryUsage of job (MB)
	799284  -  ResidentSetSize of job (KB)
...
006 (17058714.003.000) 06/30 17:34:20 Image size of job updated: 817820
	799  -  MemoryUsage of job (MB)
	817820  -  ResidentSetSize of job (KB)
...
006 (17058714.003.000) 06/30 17:39:20 Image size of job updated: 820388
	802  -  MemoryUsage of job (MB)
	820388  -  ResidentSetSize of job (KB)
...
006 (17058714.003.000) 06/30 17:44:21 Image size of job updated: 821536
	803  -  MemoryUsage of job (MB)
	821536  -  ResidentSetSize of job (KB)
...
006 (17058714.003.000) 06/30 17:49:22 Image size of job updated: 821596
	803  -  MemoryUsage of job (MB)
	821596  -  ResidentSetSize of job (KB)
...
006 (17058714.003.000) 06/30 17:54:22 Image size of job updated: 822836
	804  -  MemoryUsage of job (MB)
	822836  -  ResidentSetSize of job (KB)
...
006 (17058714.003.000) 06/30 17:59:22 Image size of job updated: 830356
	811  -  MemoryUsage of job (MB)
	830356  -  ResidentSetSize of job (KB)
...
006 (17058714.003.000) 06/30 18:04:23 Image size of job updated: 1339804
	1309  -  MemoryUsage of job (MB)
	1339804  -  ResidentSetSize of job (KB)
...
006 (17058714.003.000) 06/30 18:09:23 Image size of job updated: 1340264
	1309  -  MemoryUsage of job (MB)
	1340264  -  ResidentSetSize of job (KB)
...
006 (17058714.003.000) 06/30 18:14:23 Image size of job updated: 1340704
	1310  -  MemoryUsage of job (MB)
	1340704  -  ResidentSetSize of job (KB)
...
006 (17058714.003.000) 06/30 18:19:24 Image size of job updated: 1341328
	1310  -  MemoryUsage of job (MB)
	1341328  -  ResidentSetSize of job (KB)
...
006 (17058714.003.000) 06/30 18:24:24 Image size of job updated: 1341800
	1311  -  MemoryUsage of job (MB)
	1341800  -  ResidentSetSize of job (KB)
...
006 (17058714.003.000) 06/30 18:29:24 Image size of job updated: 1342356
	1311  -  MemoryUsage of job (MB)
	1342356  -  ResidentSetSize of job (KB)
...
006 (17058714.003.000) 06/30 18:34:25 Image size of job updated: 1342948
	1312  -  MemoryUsage of job (MB)
	1342948  -  ResidentSetSize of job (KB)
...
006 (17058714.003.000) 06/30 18:39:26 Image size of job updated: 1343304
	1312  -  MemoryUsage of job (MB)
	1343304  -  ResidentSetSize of job (KB)
...
006 (17058714.003.000) 06/30 18:44:26 Image size of job updated: 1343636
	1313  -  MemoryUsage of job (MB)
	1343636  -  ResidentSetSize of job (KB)
...
006 (17058714.003.000) 06/30 18:49:27 Image size of job updated: 1344224
	1313  -  MemoryUsage of job (MB)
	1344224  -  ResidentSetSize of job (KB)
...
006 (17058714.003.000) 06/30 18:54:28 Image size of job updated: 1344576
	1314  -  MemoryUsage of job (MB)
	1344576  -  ResidentSetSize of job (KB)
...
006 (17058714.003.000) 06/30 18:59:28 Image size of job updated: 1344924
	1314  -  MemoryUsage of job (MB)
	1344924  -  ResidentSetSize of job (KB)
...
006 (17058714.003.000) 06/30 19:04:28 Image size of job updated: 1432428
	1399  -  MemoryUsage of job (MB)
	1432428  -  ResidentSetSize of job (KB)
...
006 (17058714.003.000) 06/30 19:09:29 Image size of job updated: 1432888
	1400  -  MemoryUsage of job (MB)
	1432888  -  ResidentSetSize of job (KB)
...
006 (17058714.003.000) 06/30 19:14:29 Image size of job updated: 1433256
	1400  -  MemoryUsage of job (MB)
	1433256  -  ResidentSetSize of job (KB)
...
006 (17058714.003.000) 06/30 19:19:29 Image size of job updated: 1433800
	1401  -  MemoryUsage of job (MB)
	1433800  -  ResidentSetSize of job (KB)
...
006 (17058714.003.000) 06/30 19:24:30 Image size of job updated: 1437088
	1404  -  MemoryUsage of job (MB)
	1437088  -  ResidentSetSize of job (KB)
...
006 (17058714.003.000) 06/30 19:29:30 Image size of job updated: 1437412
	1404  -  MemoryUsage of job (MB)
	1437412  -  ResidentSetSize of job (KB)
...
006 (17058714.003.000) 06/30 19:34:30 Image size of job updated: 1437604
	1404  -  MemoryUsage of job (MB)
	1437604  -  ResidentSetSize of job (KB)
...
006 (17058714.003.000) 06/30 19:39:31 Image size of job updated: 1437728
	1405  -  MemoryUsage of job (MB)
	1437728  -  ResidentSetSize of job (KB)
...
006 (17058714.003.000) 06/30 19:44:31 Image size of job updated: 1437820
	1405  -  MemoryUsage of job (MB)
	1437820  -  ResidentSetSize of job (KB)
...
006 (17058714.003.000) 06/30 19:49:31 Image size of job updated: 1437960
	1405  -  MemoryUsage of job (MB)
	1437960  -  ResidentSetSize of job (KB)
...
006 (17058714.003.000) 06/30 19:54:32 Image size of job updated: 1438092
	1405  -  MemoryUsage of job (MB)
	1438092  -  ResidentSetSize of job (KB)
...
006 (17058714.003.000) 06/30 19:59:32 Image size of job updated: 1438208
	1405  -  MemoryUsage of job (MB)
	1438208  -  ResidentSetSize of job (KB)
...
006 (17058714.003.000) 06/30 20:04:32 Image size of job updated: 1438316
	1405  -  MemoryUsage of job (MB)
	1438316  -  ResidentSetSize of job (KB)
...
006 (17058714.003.000) 06/30 20:09:33 Image size of job updated: 1438420
	1405  -  MemoryUsage of job (MB)
	1438420  -  ResidentSetSize of job (KB)
...
006 (17058714.003.000) 06/30 20:14:34 Image size of job updated: 1438516
	1405  -  MemoryUsage of job (MB)
	1438516  -  ResidentSetSize of job (KB)
...
006 (17058714.003.000) 06/30 20:19:34 Image size of job updated: 1438620
	1405  -  MemoryUsage of job (MB)
	1438620  -  ResidentSetSize of job (KB)
...
006 (17058714.003.000) 06/30 20:24:34 Image size of job updated: 1438728
	1406  -  MemoryUsage of job (MB)
	1438728  -  ResidentSetSize of job (KB)
...
006 (17058714.003.000) 06/30 20:29:35 Image size of job updated: 1438848
	1406  -  MemoryUsage of job (MB)
	1438848  -  ResidentSetSize of job (KB)
...
006 (17058714.003.000) 06/30 20:34:35 Image size of job updated: 1438976
	1406  -  MemoryUsage of job (MB)
	1438976  -  ResidentSetSize of job (KB)
...
006 (17058714.003.000) 06/30 20:39:35 Image size of job updated: 1439112
	1406  -  MemoryUsage of job (MB)
	1439112  -  ResidentSetSize of job (KB)
...
006 (17058714.003.000) 06/30 20:44:36 Image size of job updated: 1439244
	1406  -  MemoryUsage of job (MB)
	1439244  -  ResidentSetSize of job (KB)
...
006 (17058714.003.000) 06/30 20:49:36 Image size of job updated: 1439384
	1406  -  MemoryUsage of job (MB)
	1439384  -  ResidentSetSize of job (KB)
...
006 (17058714.003.000) 06/30 20:54:36 Image size of job updated: 1439492
	1406  -  MemoryUsage of job (MB)
	1439492  -  ResidentSetSize of job (KB)
...
006 (17058714.003.000) 06/30 20:59:37 Image size of job updated: 1439612
	1406  -  MemoryUsage of job (MB)
	1439612  -  ResidentSetSize of job (KB)
...
006 (17058714.003.000) 06/30 21:04:37 Image size of job updated: 1439728
	1406  -  MemoryUsage of job (MB)
	1439728  -  ResidentSetSize of job (KB)
...
006 (17058714.003.000) 06/30 21:09:37 Image size of job updated: 1439848
	1407  -  MemoryUsage of job (MB)
	1439848  -  ResidentSetSize of job (KB)
...
006 (17058714.003.000) 06/30 21:14:38 Image size of job updated: 1439960
	1407  -  MemoryUsage of job (MB)
	1439960  -  ResidentSetSize of job (KB)
...
006 (17058714.003.000) 06/30 21:19:38 Image size of job updated: 1440068
	1407  -  MemoryUsage of job (MB)
	1440068  -  ResidentSetSize of job (KB)
...
006 (17058714.003.000) 06/30 21:24:38 Image size of job updated: 1440176
	1407  -  MemoryUsage of job (MB)
	1440176  -  ResidentSetSize of job (KB)
...
006 (17058714.003.000) 06/30 21:29:39 Image size of job updated: 1440260
	1407  -  MemoryUsage of job (MB)
	1440260  -  ResidentSetSize of job (KB)
...
006 (17058714.003.000) 06/30 21:34:39 Image size of job updated: 1440320
	1407  -  MemoryUsage of job (MB)
	1440320  -  ResidentSetSize of job (KB)
...
006 (17058714.003.000) 06/30 21:39:39 Image size of job updated: 1440396
	1407  -  MemoryUsage of job (MB)
	1440396  -  ResidentSetSize of job (KB)
...
006 (17058714.003.000) 06/30 21:44:40 Image size of job updated: 1440492
	1407  -  MemoryUsage of job (MB)
	1440492  -  ResidentSetSize of job (KB)
...
006 (17058714.003.000) 06/30 21:49:40 Image size of job updated: 1440568
	1407  -  MemoryUsage of job (MB)
	1440568  -  ResidentSetSize of job (KB)
...
006 (17058714.003.000) 06/30 21:54:40 Image size of job updated: 1440636
	1407  -  MemoryUsage of job (MB)
	1440636  -  ResidentSetSize of job (KB)
...
006 (17058714.003.000) 06/30 21:59:41 Image size of job updated: 1440708
	1407  -  MemoryUsage of job (MB)
	1440708  -  ResidentSetSize of job (KB)
...
006 (17058714.003.000) 06/30 22:04:41 Image size of job updated: 1440768
	1407  -  MemoryUsage of job (MB)
	1440768  -  ResidentSetSize of job (KB)
...
006 (17058714.003.000) 06/30 22:09:41 Image size of job updated: 1440824
	1408  -  MemoryUsage of job (MB)
	1440824  -  ResidentSetSize of job (KB)
...
006 (17058714.003.000) 06/30 22:14:42 Image size of job updated: 1440884
	1408  -  MemoryUsage of job (MB)
	1440884  -  ResidentSetSize of job (KB)
...
006 (17058714.003.000) 06/30 22:19:43 Image size of job updated: 1440964
	1408  -  MemoryUsage of job (MB)
	1440964  -  ResidentSetSize of job (KB)
...
006 (17058714.003.000) 06/30 22:24:43 Image size of job updated: 1441088
	1408  -  MemoryUsage of job (MB)
	1441088  -  ResidentSetSize of job (KB)
...
006 (17058714.003.000) 06/30 22:29:44 Image size of job updated: 1441348
	1408  -  MemoryUsage of job (MB)
	1441348  -  ResidentSetSize of job (KB)
...
006 (17058714.003.000) 06/30 22:34:45 Image size of job updated: 1441440
	1408  -  MemoryUsage of job (MB)
	1441440  -  ResidentSetSize of job (KB)
...
006 (17058714.003.000) 06/30 22:39:45 Image size of job updated: 1441552
	1408  -  MemoryUsage of job (MB)
	1441552  -  ResidentSetSize of job (KB)
...
006 (17058714.003.000) 06/30 22:44:46 Image size of job updated: 1441652
	1408  -  MemoryUsage of job (MB)
	1441652  -  ResidentSetSize of job (KB)
...
006 (17058714.003.000) 06/30 22:49:47 Image size of job updated: 1441732
	1408  -  MemoryUsage of job (MB)
	1441732  -  ResidentSetSize of job (KB)
...
006 (17058714.003.000) 06/30 22:54:47 Image size of job updated: 1441768
	1408  -  MemoryUsage of job (MB)
	1441768  -  ResidentSetSize of job (KB)
...
006 (17058714.003.000) 06/30 22:59:48 Image size of job updated: 1441776
	1408  -  MemoryUsage of job (MB)
	1441776  -  ResidentSetSize of job (KB)
...
006 (17058714.003.000) 06/30 23:04:49 Image size of job updated: 1443880
	1411  -  MemoryUsage of job (MB)
	1443880  -  ResidentSetSize of job (KB)
...
006 (17058714.003.000) 06/30 23:09:49 Image size of job updated: 1445516
	1412  -  MemoryUsage of job (MB)
	1445516  -  ResidentSetSize of job (KB)
...
006 (17058714.003.000) 06/30 23:14:50 Image size of job updated: 1445576
	1412  -  MemoryUsage of job (MB)
	1445576  -  ResidentSetSize of job (KB)
...
006 (17058714.003.000) 06/30 23:19:51 Image size of job updated: 1445664
	1412  -  MemoryUsage of job (MB)
	1445664  -  ResidentSetSize of job (KB)
...
006 (17058714.003.000) 06/30 23:24:51 Image size of job updated: 1445756
	1412  -  MemoryUsage of job (MB)
	1445756  -  ResidentSetSize of job (KB)
...
006 (17058714.003.000) 06/30 23:29:51 Image size of job updated: 1445852
	1412  -  MemoryUsage of job (MB)
	1445852  -  ResidentSetSize of job (KB)
...
006 (17058714.003.000) 06/30 23:34:52 Image size of job updated: 1445908
	1413  -  MemoryUsage of job (MB)
	1445908  -  ResidentSetSize of job (KB)
...
006 (17058714.003.000) 06/30 23:39:52 Image size of job updated: 1445980
	1413  -  MemoryUsage of job (MB)
	1445980  -  ResidentSetSize of job (KB)
...
006 (17058714.003.000) 06/30 23:44:52 Image size of job updated: 1446040
	1413  -  MemoryUsage of job (MB)
	1446040  -  ResidentSetSize of job (KB)
...
006 (17058714.003.000) 06/30 23:49:53 Image size of job updated: 1446096
	1413  -  MemoryUsage of job (MB)
	1446096  -  ResidentSetSize of job (KB)
...
006 (17058714.003.000) 06/30 23:54:54 Image size of job updated: 1446184
	1413  -  MemoryUsage of job (MB)
	1446184  -  ResidentSetSize of job (KB)
...
006 (17058714.003.000) 06/30 23:59:54 Image size of job updated: 1446248
	1413  -  MemoryUsage of job (MB)
	1446248  -  ResidentSetSize of job (KB)
...
006 (17058714.003.000) 07/01 00:04:55 Image size of job updated: 1446324
	1413  -  MemoryUsage of job (MB)
	1446324  -  ResidentSetSize of job (KB)
...
006 (17058714.003.000) 07/01 00:09:56 Image size of job updated: 1446388
	1413  -  MemoryUsage of job (MB)
	1446388  -  ResidentSetSize of job (KB)
...
006 (17058714.003.000) 07/01 00:14:56 Image size of job updated: 1446444
	1413  -  MemoryUsage of job (MB)
	1446444  -  ResidentSetSize of job (KB)
...
006 (17058714.003.000) 07/01 00:19:57 Image size of job updated: 1446532
	1413  -  MemoryUsage of job (MB)
	1446532  -  ResidentSetSize of job (KB)
...
006 (17058714.003.000) 07/01 00:24:58 Image size of job updated: 1446584
	1413  -  MemoryUsage of job (MB)
	1446584  -  ResidentSetSize of job (KB)
...
006 (17058714.003.000) 07/01 00:29:58 Image size of job updated: 1446668
	1413  -  MemoryUsage of job (MB)
	1446668  -  ResidentSetSize of job (KB)
...
006 (17058714.003.000) 07/01 00:34:59 Image size of job updated: 1446756
	1413  -  MemoryUsage of job (MB)
	1446756  -  ResidentSetSize of job (KB)
...
006 (17058714.003.000) 07/01 00:39:59 Image size of job updated: 1446816
	1413  -  MemoryUsage of job (MB)
	1446816  -  ResidentSetSize of job (KB)
...
006 (17058714.003.000) 07/01 00:44:59 Image size of job updated: 1446888
	1413  -  MemoryUsage of job (MB)
	1446888  -  ResidentSetSize of job (KB)
...
006 (17058714.003.000) 07/01 00:50:00 Image size of job updated: 1447120
	1414  -  MemoryUsage of job (MB)
	1447120  -  ResidentSetSize of job (KB)
...
006 (17058714.003.000) 07/01 00:55:00 Image size of job updated: 1447184
	1414  -  MemoryUsage of job (MB)
	1447184  -  ResidentSetSize of job (KB)
...
006 (17058714.003.000) 07/01 01:00:01 Image size of job updated: 1447256
	1414  -  MemoryUsage of job (MB)
	1447256  -  ResidentSetSize of job (KB)
...
006 (17058714.003.000) 07/01 01:05:02 Image size of job updated: 1447312
	1414  -  MemoryUsage of job (MB)
	1447312  -  ResidentSetSize of job (KB)
...
006 (17058714.003.000) 07/01 01:10:02 Image size of job updated: 1447372
	1414  -  MemoryUsage of job (MB)
	1447372  -  ResidentSetSize of job (KB)
...
006 (17058714.003.000) 07/01 01:15:03 Image size of job updated: 1447424
	1414  -  MemoryUsage of job (MB)
	1447424  -  ResidentSetSize of job (KB)
...
006 (17058714.003.000) 07/01 01:20:04 Image size of job updated: 1447428
	1414  -  MemoryUsage of job (MB)
	1447428  -  ResidentSetSize of job (KB)
...
006 (17058714.003.000) 07/01 01:25:04 Image size of job updated: 1447448
	1414  -  MemoryUsage of job (MB)
	1447448  -  ResidentSetSize of job (KB)
...
006 (17058714.003.000) 07/01 01:30:05 Image size of job updated: 1447504
	1414  -  MemoryUsage of job (MB)
	1447504  -  ResidentSetSize of job (KB)
...
006 (17058714.003.000) 07/01 01:35:06 Image size of job updated: 1447584
	1414  -  MemoryUsage of job (MB)
	1447584  -  ResidentSetSize of job (KB)
...
006 (17058714.003.000) 07/01 01:40:06 Image size of job updated: 1447664
	1414  -  MemoryUsage of job (MB)
	1447664  -  ResidentSetSize of job (KB)
...
006 (17058714.003.000) 07/01 01:45:06 Image size of job updated: 1447732
	1414  -  MemoryUsage of job (MB)
	1447732  -  ResidentSetSize of job (KB)
...
006 (17058714.003.000) 07/01 01:50:07 Image size of job updated: 1447804
	1414  -  MemoryUsage of job (MB)
	1447804  -  ResidentSetSize of job (KB)
...
006 (17058714.003.000) 07/01 01:55:07 Image size of job updated: 1447904
	1414  -  MemoryUsage of job (MB)
	1447904  -  ResidentSetSize of job (KB)
...
006 (17058714.003.000) 07/01 02:00:07 Image size of job updated: 1447984
	1415  -  MemoryUsage of job (MB)
	1447984  -  ResidentSetSize of job (KB)
...
006 (17058714.003.000) 07/01 02:05:08 Image size of job updated: 1448092
	1415  -  MemoryUsage of job (MB)
	1448092  -  ResidentSetSize of job (KB)
...
006 (17058714.003.000) 07/01 02:10:08 Image size of job updated: 1448196
	1415  -  MemoryUsage of job (MB)
	1448196  -  ResidentSetSize of job (KB)
...
006 (17058714.003.000) 07/01 02:15:08 Image size of job updated: 1448272
	1415  -  MemoryUsage of job (MB)
	1448272  -  ResidentSetSize of job (KB)
...
006 (17058714.003.000) 07/01 02:20:09 Image size of job updated: 1448368
	1415  -  MemoryUsage of job (MB)
	1448368  -  ResidentSetSize of job (KB)
...
006 (17058714.003.000) 07/01 02:25:09 Image size of job updated: 1448436
	1415  -  MemoryUsage of job (MB)
	1448436  -  ResidentSetSize of job (KB)
...
006 (17058714.003.000) 07/01 02:30:09 Image size of job updated: 1448536
	1415  -  MemoryUsage of job (MB)
	1448536  -  ResidentSetSize of job (KB)
...
006 (17058714.003.000) 07/01 02:35:10 Image size of job updated: 1448632
	1415  -  MemoryUsage of job (MB)
	1448632  -  ResidentSetSize of job (KB)
...
006 (17058714.003.000) 07/01 02:40:10 Image size of job updated: 1448712
	1415  -  MemoryUsage of job (MB)
	1448712  -  ResidentSetSize of job (KB)
...
006 (17058714.003.000) 07/01 02:45:10 Image size of job updated: 1448800
	1415  -  MemoryUsage of job (MB)
	1448800  -  ResidentSetSize of job (KB)
...
006 (17058714.003.000) 07/01 02:50:11 Image size of job updated: 1448896
	1415  -  MemoryUsage of job (MB)
	1448896  -  ResidentSetSize of job (KB)
...
006 (17058714.003.000) 07/01 02:55:11 Image size of job updated: 1448992
	1416  -  MemoryUsage of job (MB)
	1448992  -  ResidentSetSize of job (KB)
...
006 (17058714.003.000) 07/01 03:00:11 Image size of job updated: 1449072
	1416  -  MemoryUsage of job (MB)
	1449072  -  ResidentSetSize of job (KB)
...
006 (17058714.003.000) 07/01 03:05:12 Image size of job updated: 1449328
	1416  -  MemoryUsage of job (MB)
	1449328  -  ResidentSetSize of job (KB)
...
006 (17058714.003.000) 07/01 03:10:13 Image size of job updated: 1449456
	1416  -  MemoryUsage of job (MB)
	1449456  -  ResidentSetSize of job (KB)
...
006 (17058714.003.000) 07/01 03:15:13 Image size of job updated: 1449476
	1416  -  MemoryUsage of job (MB)
	1449476  -  ResidentSetSize of job (KB)
...
006 (17058714.003.000) 07/01 03:20:14 Image size of job updated: 1449524
	1416  -  MemoryUsage of job (MB)
	1449524  -  ResidentSetSize of job (KB)
...
006 (17058714.003.000) 07/01 03:22:16 Image size of job updated: 1449548
	1416  -  MemoryUsage of job (MB)
	1449524  -  ResidentSetSize of job (KB)
...
040 (17058714.003.000) 07/01 03:22:16 Started transferring output files
...
040 (17058714.003.000) 07/01 03:22:16 Finished transferring output files
...
004 (17058714.003.000) 07/01 03:22:16 Job was evicted.
	(0) CPU times
		Usr 0 00:05:45, Sys 0 00:04:37  -  Run Remote Usage
		Usr 0 00:00:00, Sys 0 00:00:00  -  Run Local Usage
	7606  -  Run Bytes Sent By Job
	128497  -  Run Bytes Received By Job
	Partitionable Resources :    Usage  Request Allocated Assigned
	   Cpus                 :     0.01        3         3 
	   Disk (KB)            :   293     8388608   8389054 
	   GPUs                 :     0.00        1         1 "GPU-481212f1"
	   GpusMemory (MB)      :  1124                       
	   Memory (MB)          :  1416        9000      9000 
	   TimeExecute (s)      : 39196                       
	   TimeSlotBusy (s)     : 39199                       
...
009 (17058714.003.000) 07/01 03:22:16 Job was aborted.
	via condor_rm (by user yeo)
...
