000 (17058715.007.000) 06/30 16:20:06 Job submitted from host: <188.185.114.121:9618?addrs=188.185.114.121-9618+[2001-1458-d00-a--100-273]-9618&alias=bigbird19.cern.ch&noUDP&sock=schedd_5103_cfe0>
...
040 (17058715.007.000) 07/01 00:52:03 Started transferring input files
	Transferring to host: <188.185.92.187:9618?addrs=188.185.92.187-9618+[2001-1458-d00-6c--100-187]-9618&alias=b9g57n1627.cern.ch&noUDP&sock=slot1_1_15549_6d51_161354>
...
040 (17058715.007.000) 07/01 00:52:03 Finished transferring input files
...
001 (17058715.007.000) 07/01 00:52:04 Job executing on host: <188.185.92.187:9618?addrs=188.185.92.187-9618+[2001-1458-d00-6c--100-187]-9618&alias=b9g57n1627.cern.ch&noUDP&sock=startd_14708_0b09>
	SlotName: slot1_1@b9g57n1627.cern.ch
	AvailableGPUs = { GPUs_GPU_17f035a0 }
	CondorScratchDir = "/pool/condor/dir_2855643"
	Cpus = 3
	Disk = 8389579
	GPUs = 1
	GPUs_GPU_17f035a0 = [ Id = "GPU-17f035a0"; ClockMhz = 1410.0; Capability = 8.0; CoresPerCU = 64; DeviceName = "NVIDIA A100-PCIE-40GB"; DeviceUuid = "17f035a0-2803-bbec-2357-4944e9cca222"; ECCEnabled = true; ComputeUnits = 108; DriverVersion = 13.0; DevicePciBusId = "0000:06:00.0"; GlobalMemoryMb = 40441; MaxSupportedVersion = 13000 ]
	Memory = 9000
...
006 (17058715.007.000) 07/01 00:52:17 Image size of job updated: 223484
	219  -  MemoryUsage of job (MB)
	223484  -  ResidentSetSize of job (KB)
...
006 (17058715.007.000) 07/01 00:52:50 Image size of job updated: 394468
	219  -  MemoryUsage of job (MB)
	223484  -  ResidentSetSize of job (KB)
...
040 (17058715.007.000) 07/01 00:52:51 Started transferring output files
...
040 (17058715.007.000) 07/01 00:52:51 Finished transferring output files
...
005 (17058715.007.000) 07/01 00:52:51 Job terminated.
	(1) Normal termination (return value 1)
		Usr 0 00:00:07, Sys 0 00:00:18  -  Run Remote Usage
		Usr 0 00:00:00, Sys 0 00:00:00  -  Run Local Usage
		Usr 0 00:00:07, Sys 0 00:00:18  -  Total Remote Usage
		Usr 0 00:00:00, Sys 0 00:00:00  -  Total Local Usage
	8832  -  Run Bytes Sent By Job
	128497  -  Run Bytes Received By Job
	8832  -  Total Bytes Sent By Job
	128497  -  Total Bytes Received By Job
	Partitionable Resources :    Usage  Request Allocated Assigned
	   Cpus                 :        0        3         3 
	   Disk (KB)            :      217  8388608   8389579 
	   GPUs                 :        0        1         1 "GPU-17f035a0"
	   Memory (MB)          :      219     9000      9000 
	   TimeExecute (s)      :       46                    
	   TimeSlotBusy (s)     :       48                    
...
