[host] b9g57n4705.cern.ch
[args] train_point_transformer_track_classifier.py --detector eb --weight-h5 /eos/user/y/yeo/4l/weights/categories/MiniAOD_eq1/category_weights.h5 --output-dir /eos/user/y/yeo/4l/runs/v2/track_mini_eb_eq1 --track-types Lost,PF,GSF --epochs 100 --batch-size 64 --lr 1e-4 --max-points 16 --embed-dim 128 --depth 4 --num-heads 4 --mlp-ratio 4.0 --dropout 0.1
[gpu] True 1
[detector] eb
[weight_h5] /eos/home-y/yeo/4l/weights/categories/MiniAOD_eq1/category_weights.h5
[weight_key] EB_weight_split
[output] /eos/home-y/yeo/4l/runs/v2/track_mini_eb_eq1
[device] cuda
[num_workers] requested=0 effective=0
[torch_sharing_strategy] file_system

[train] objects=144462 weight_sum=2.000000
  label counts: background=1892 signal=142570
  label weight sums: background=1.000000 signal=1.000000
  background           1892
  signal_H2000_A10     12866
  signal_H750_A10      38385
  signal_H750_A2       917
  signal_H750_A5       20429
  signal_H2000_A2      128
  signal_H2000_A5      1584
  signal_H250_A10      26821
  signal_H250_A2       16378
  signal_H250_A5       25062

[val] objects=18078 weight_sum=2.000000
  label counts: background=241 signal=17837
  label weight sums: background=1.000000 signal=1.000000
  background           241
  signal_H2000_A10     1610
  signal_H750_A10      4815
  signal_H750_A2       113
  signal_H750_A5       2540
  signal_H2000_A2      16
  signal_H2000_A5      192
  signal_H250_A10      3346
  signal_H250_A2       2053
  signal_H250_A5       3152

[test] objects=18182 weight_sum=2.000000
  label counts: background=238 signal=17944
  label weight sums: background=1.000000 signal=1.000000
  background           238
  signal_H2000_A10     1596
  signal_H750_A10      4856
  signal_H750_A2       114
  signal_H750_A5       2539
  signal_H2000_A2      16
  signal_H2000_A5      203
  signal_H250_A10      3342
  signal_H250_A2       2085
  signal_H250_A5       3193

[weight sums before training]
train background=1.00000000 signal=1.00000001 total=2.00000000 | before_rebalance background=0.82071396 signal=0.81596106
val   background=1.00000000 signal=1.00000000 total=2.00000000 | before_rebalance background=0.09198531 signal=0.09484172
test  background=1.00000000 signal=1.00000000 total=2.00000001 | before_rebalance background=0.08730073 signal=0.08919723

[start training]

