000 (17004348.002.000) 06/29 05:41:06 Job submitted from host: <188.185.114.121:9618?addrs=188.185.114.121-9618+[2001-1458-d00-a--100-273]-9618&alias=bigbird19.cern.ch&noUDP&sock=schedd_5103_cfe0>
...
040 (17004348.002.000) 06/29 07:07:43 Started transferring input files
	Transferring to host: <188.185.238.12:9618?addrs=188.185.238.12-9618+[2001-1458-303-28--100-8]-9618&alias=b9pgpun001.cern.ch&noUDP&sock=slot1_1_3229370_0eb2_157078>
...
040 (17004348.002.000) 06/29 07:07:43 Finished transferring input files
...
001 (17004348.002.000) 06/29 07:07:44 Job executing on host: <188.185.238.12:9618?addrs=188.185.238.12-9618+[2001-1458-303-28--100-8]-9618&alias=b9pgpun001.cern.ch&noUDP&sock=startd_16419_a594>
	SlotName: slot1_1@b9pgpun001.cern.ch
	AvailableGPUs = { GPUs_GPU_ba8f5d65 }
	CondorScratchDir = "/pool/condor/dir_2291726"
	Cpus = 3
	Disk = 8394640
	GPUs = 1
	GPUs_GPU_ba8f5d65 = [ Id = "GPU-ba8f5d65"; ClockMhz = 1785.0; Capability = 9.0; CoresPerCU = 128; DeviceName = "NVIDIA H100 NVL"; DeviceUuid = "ba8f5d65-a6fb-796f-67a2-9d19bc987566"; ECCEnabled = true; ComputeUnits = 132; DriverVersion = 13.0; DevicePciBusId = "0000:3A:00.0"; GlobalMemoryMb = 95320; MaxSupportedVersion = 13000 ]
	Memory = 9000
...
006 (17004348.002.000) 06/29 07:07:57 Image size of job updated: 341636
	334  -  MemoryUsage of job (MB)
	341636  -  ResidentSetSize of job (KB)
...
006 (17004348.002.000) 06/29 07:12:57 Image size of job updated: 504540
	493  -  MemoryUsage of job (MB)
	504540  -  ResidentSetSize of job (KB)
...
006 (17004348.002.000) 06/29 07:17:58 Image size of job updated: 510912
	499  -  MemoryUsage of job (MB)
	510912  -  ResidentSetSize of job (KB)
...
006 (17004348.002.000) 06/29 07:22:58 Image size of job updated: 518532
	507  -  MemoryUsage of job (MB)
	518532  -  ResidentSetSize of job (KB)
...
006 (17004348.002.000) 06/29 07:27:58 Image size of job updated: 525872
	514  -  MemoryUsage of job (MB)
	525872  -  ResidentSetSize of job (KB)
...
006 (17004348.002.000) 06/29 07:32:59 Image size of job updated: 534936
	523  -  MemoryUsage of job (MB)
	534936  -  ResidentSetSize of job (KB)
...
006 (17004348.002.000) 06/29 07:37:59 Image size of job updated: 542448
	530  -  MemoryUsage of job (MB)
	542448  -  ResidentSetSize of job (KB)
...
006 (17004348.002.000) 06/29 07:42:59 Image size of job updated: 548452
	536  -  MemoryUsage of job (MB)
	548452  -  ResidentSetSize of job (KB)
...
006 (17004348.002.000) 06/29 07:48:00 Image size of job updated: 555776
	543  -  MemoryUsage of job (MB)
	555776  -  ResidentSetSize of job (KB)
...
006 (17004348.002.000) 06/29 07:53:00 Image size of job updated: 560888
	548  -  MemoryUsage of job (MB)
	560888  -  ResidentSetSize of job (KB)
...
006 (17004348.002.000) 06/29 07:58:00 Image size of job updated: 574312
	561  -  MemoryUsage of job (MB)
	574312  -  ResidentSetSize of job (KB)
...
006 (17004348.002.000) 06/29 08:03:01 Image size of job updated: 588620
	575  -  MemoryUsage of job (MB)
	588620  -  ResidentSetSize of job (KB)
...
006 (17004348.002.000) 06/29 08:08:01 Image size of job updated: 595520
	582  -  MemoryUsage of job (MB)
	595520  -  ResidentSetSize of job (KB)
...
006 (17004348.002.000) 06/29 08:13:01 Image size of job updated: 601388
	588  -  MemoryUsage of job (MB)
	601388  -  ResidentSetSize of job (KB)
...
006 (17004348.002.000) 06/29 08:18:02 Image size of job updated: 607896
	594  -  MemoryUsage of job (MB)
	607896  -  ResidentSetSize of job (KB)
...
006 (17004348.002.000) 06/29 08:23:02 Image size of job updated: 613592
	600  -  MemoryUsage of job (MB)
	613592  -  ResidentSetSize of job (KB)
...
006 (17004348.002.000) 06/29 08:28:02 Image size of job updated: 619540
	606  -  MemoryUsage of job (MB)
	619540  -  ResidentSetSize of job (KB)
...
006 (17004348.002.000) 06/29 08:33:03 Image size of job updated: 641232
	627  -  MemoryUsage of job (MB)
	641232  -  ResidentSetSize of job (KB)
...
006 (17004348.002.000) 06/29 08:38:03 Image size of job updated: 657084
	642  -  MemoryUsage of job (MB)
	657084  -  ResidentSetSize of job (KB)
...
006 (17004348.002.000) 06/29 08:43:03 Image size of job updated: 665440
	650  -  MemoryUsage of job (MB)
	664792  -  ResidentSetSize of job (KB)
...
006 (17004348.002.000) 06/29 08:48:04 Image size of job updated: 679708
	664  -  MemoryUsage of job (MB)
	679708  -  ResidentSetSize of job (KB)
...
006 (17004348.002.000) 06/29 08:53:05 Image size of job updated: 1128020
	1102  -  MemoryUsage of job (MB)
	1128020  -  ResidentSetSize of job (KB)
...
006 (17004348.002.000) 06/29 08:58:05 Image size of job updated: 1128720
	1103  -  MemoryUsage of job (MB)
	1128720  -  ResidentSetSize of job (KB)
...
006 (17004348.002.000) 06/29 09:03:06 Image size of job updated: 1129940
	1104  -  MemoryUsage of job (MB)
	1129940  -  ResidentSetSize of job (KB)
...
006 (17004348.002.000) 06/29 09:08:07 Image size of job updated: 1130564
	1105  -  MemoryUsage of job (MB)
	1130564  -  ResidentSetSize of job (KB)
...
006 (17004348.002.000) 06/29 09:13:07 Image size of job updated: 1131176
	1105  -  MemoryUsage of job (MB)
	1131176  -  ResidentSetSize of job (KB)
...
006 (17004348.002.000) 06/29 09:18:08 Image size of job updated: 1131696
	1106  -  MemoryUsage of job (MB)
	1131696  -  ResidentSetSize of job (KB)
...
006 (17004348.002.000) 06/29 09:23:09 Image size of job updated: 1132280
	1106  -  MemoryUsage of job (MB)
	1132280  -  ResidentSetSize of job (KB)
...
006 (17004348.002.000) 06/29 09:28:09 Image size of job updated: 1133284
	1107  -  MemoryUsage of job (MB)
	1133284  -  ResidentSetSize of job (KB)
...
006 (17004348.002.000) 06/29 09:33:10 Image size of job updated: 1133868
	1108  -  MemoryUsage of job (MB)
	1133868  -  ResidentSetSize of job (KB)
...
006 (17004348.002.000) 06/29 09:38:11 Image size of job updated: 1134424
	1108  -  MemoryUsage of job (MB)
	1134424  -  ResidentSetSize of job (KB)
...
006 (17004348.002.000) 06/29 09:43:11 Image size of job updated: 1134996
	1109  -  MemoryUsage of job (MB)
	1134996  -  ResidentSetSize of job (KB)
...
006 (17004348.002.000) 06/29 09:48:11 Image size of job updated: 1138412
	1112  -  MemoryUsage of job (MB)
	1138412  -  ResidentSetSize of job (KB)
...
006 (17004348.002.000) 06/29 09:53:12 Image size of job updated: 1139100
	1113  -  MemoryUsage of job (MB)
	1139100  -  ResidentSetSize of job (KB)
...
006 (17004348.002.000) 06/29 09:58:12 Image size of job updated: 1139880
	1114  -  MemoryUsage of job (MB)
	1139880  -  ResidentSetSize of job (KB)
...
006 (17004348.002.000) 06/29 10:03:12 Image size of job updated: 1140636
	1114  -  MemoryUsage of job (MB)
	1140636  -  ResidentSetSize of job (KB)
...
006 (17004348.002.000) 06/29 10:08:13 Image size of job updated: 1141420
	1115  -  MemoryUsage of job (MB)
	1141420  -  ResidentSetSize of job (KB)
...
006 (17004348.002.000) 06/29 10:13:13 Image size of job updated: 1142188
	1116  -  MemoryUsage of job (MB)
	1142188  -  ResidentSetSize of job (KB)
...
006 (17004348.002.000) 06/29 10:18:13 Image size of job updated: 1142984
	1117  -  MemoryUsage of job (MB)
	1142984  -  ResidentSetSize of job (KB)
...
006 (17004348.002.000) 06/29 10:23:14 Image size of job updated: 1147324
	1121  -  MemoryUsage of job (MB)
	1147324  -  ResidentSetSize of job (KB)
...
006 (17004348.002.000) 06/29 10:28:15 Image size of job updated: 1148092
	1122  -  MemoryUsage of job (MB)
	1148092  -  ResidentSetSize of job (KB)
...
006 (17004348.002.000) 06/29 10:33:15 Image size of job updated: 1148832
	1122  -  MemoryUsage of job (MB)
	1148832  -  ResidentSetSize of job (KB)
...
006 (17004348.002.000) 06/29 10:38:16 Image size of job updated: 1149628
	1123  -  MemoryUsage of job (MB)
	1149628  -  ResidentSetSize of job (KB)
...
006 (17004348.002.000) 06/29 10:43:17 Image size of job updated: 1150356
	1124  -  MemoryUsage of job (MB)
	1150356  -  ResidentSetSize of job (KB)
...
006 (17004348.002.000) 06/29 10:48:17 Image size of job updated: 1151060
	1125  -  MemoryUsage of job (MB)
	1151060  -  ResidentSetSize of job (KB)
...
006 (17004348.002.000) 06/29 10:53:18 Image size of job updated: 1153808
	1127  -  MemoryUsage of job (MB)
	1153808  -  ResidentSetSize of job (KB)
...
006 (17004348.002.000) 06/29 10:58:19 Image size of job updated: 1154508
	1128  -  MemoryUsage of job (MB)
	1154508  -  ResidentSetSize of job (KB)
...
006 (17004348.002.000) 06/29 11:03:19 Image size of job updated: 1155196
	1129  -  MemoryUsage of job (MB)
	1155196  -  ResidentSetSize of job (KB)
...
006 (17004348.002.000) 06/29 11:08:20 Image size of job updated: 1155816
	1129  -  MemoryUsage of job (MB)
	1155816  -  ResidentSetSize of job (KB)
...
006 (17004348.002.000) 06/29 11:13:21 Image size of job updated: 1156504
	1130  -  MemoryUsage of job (MB)
	1156504  -  ResidentSetSize of job (KB)
...
006 (17004348.002.000) 06/29 11:18:21 Image size of job updated: 1157104
	1130  -  MemoryUsage of job (MB)
	1157104  -  ResidentSetSize of job (KB)
...
006 (17004348.002.000) 06/29 11:23:22 Image size of job updated: 1157616
	1131  -  MemoryUsage of job (MB)
	1157616  -  ResidentSetSize of job (KB)
...
006 (17004348.002.000) 06/29 11:28:23 Image size of job updated: 1158136
	1131  -  MemoryUsage of job (MB)
	1158136  -  ResidentSetSize of job (KB)
...
006 (17004348.002.000) 06/29 11:33:23 Image size of job updated: 1158580
	1132  -  MemoryUsage of job (MB)
	1158580  -  ResidentSetSize of job (KB)
...
006 (17004348.002.000) 06/29 11:38:24 Image size of job updated: 1164192
	1137  -  MemoryUsage of job (MB)
	1164192  -  ResidentSetSize of job (KB)
...
006 (17004348.002.000) 06/29 11:43:25 Image size of job updated: 1164648
	1138  -  MemoryUsage of job (MB)
	1164648  -  ResidentSetSize of job (KB)
...
006 (17004348.002.000) 06/29 11:48:25 Image size of job updated: 1165096
	1138  -  MemoryUsage of job (MB)
	1165096  -  ResidentSetSize of job (KB)
...
006 (17004348.002.000) 06/29 11:53:25 Image size of job updated: 1165736
	1139  -  MemoryUsage of job (MB)
	1165736  -  ResidentSetSize of job (KB)
...
006 (17004348.002.000) 06/29 11:58:26 Image size of job updated: 1166312
	1139  -  MemoryUsage of job (MB)
	1166312  -  ResidentSetSize of job (KB)
...
006 (17004348.002.000) 06/29 12:03:26 Image size of job updated: 1166904
	1140  -  MemoryUsage of job (MB)
	1166904  -  ResidentSetSize of job (KB)
...
006 (17004348.002.000) 06/29 12:08:26 Image size of job updated: 1167360
	1140  -  MemoryUsage of job (MB)
	1167360  -  ResidentSetSize of job (KB)
...
006 (17004348.002.000) 06/29 12:13:27 Image size of job updated: 1167804
	1141  -  MemoryUsage of job (MB)
	1167804  -  ResidentSetSize of job (KB)
...
006 (17004348.002.000) 06/29 12:18:27 Image size of job updated: 1189404
	1162  -  MemoryUsage of job (MB)
	1189404  -  ResidentSetSize of job (KB)
...
006 (17004348.002.000) 06/29 12:23:27 Image size of job updated: 1189692
	1162  -  MemoryUsage of job (MB)
	1189692  -  ResidentSetSize of job (KB)
...
006 (17004348.002.000) 06/29 12:28:28 Image size of job updated: 1219284
	1191  -  MemoryUsage of job (MB)
	1219284  -  ResidentSetSize of job (KB)
...
006 (17004348.002.000) 06/29 12:33:28 Image size of job updated: 1219296
	1191  -  MemoryUsage of job (MB)
	1219296  -  ResidentSetSize of job (KB)
...
006 (17004348.002.000) 06/29 12:38:28 Image size of job updated: 1219880
	1192  -  MemoryUsage of job (MB)
	1219880  -  ResidentSetSize of job (KB)
...
006 (17004348.002.000) 06/29 12:43:29 Image size of job updated: 1220448
	1192  -  MemoryUsage of job (MB)
	1220448  -  ResidentSetSize of job (KB)
...
006 (17004348.002.000) 06/29 12:48:29 Image size of job updated: 1221048
	1193  -  MemoryUsage of job (MB)
	1221048  -  ResidentSetSize of job (KB)
...
006 (17004348.002.000) 06/29 12:53:29 Image size of job updated: 1221576
	1193  -  MemoryUsage of job (MB)
	1221576  -  ResidentSetSize of job (KB)
...
006 (17004348.002.000) 06/29 12:58:30 Image size of job updated: 1222128
	1194  -  MemoryUsage of job (MB)
	1222128  -  ResidentSetSize of job (KB)
...
006 (17004348.002.000) 06/29 13:03:30 Image size of job updated: 1222616
	1194  -  MemoryUsage of job (MB)
	1222616  -  ResidentSetSize of job (KB)
...
006 (17004348.002.000) 06/29 13:08:30 Image size of job updated: 1223116
	1195  -  MemoryUsage of job (MB)
	1223116  -  ResidentSetSize of job (KB)
...
006 (17004348.002.000) 06/29 13:13:31 Image size of job updated: 1223676
	1195  -  MemoryUsage of job (MB)
	1223676  -  ResidentSetSize of job (KB)
...
006 (17004348.002.000) 06/29 13:18:32 Image size of job updated: 1224096
	1196  -  MemoryUsage of job (MB)
	1224096  -  ResidentSetSize of job (KB)
...
006 (17004348.002.000) 06/29 13:23:32 Image size of job updated: 1224584
	1196  -  MemoryUsage of job (MB)
	1224584  -  ResidentSetSize of job (KB)
...
006 (17004348.002.000) 06/29 13:28:33 Image size of job updated: 1225024
	1197  -  MemoryUsage of job (MB)
	1225024  -  ResidentSetSize of job (KB)
...
006 (17004348.002.000) 06/29 13:33:34 Image size of job updated: 1225412
	1197  -  MemoryUsage of job (MB)
	1225412  -  ResidentSetSize of job (KB)
...
006 (17004348.002.000) 06/29 13:38:34 Image size of job updated: 1225752
	1198  -  MemoryUsage of job (MB)
	1225752  -  ResidentSetSize of job (KB)
...
006 (17004348.002.000) 06/29 13:43:35 Image size of job updated: 1226120
	1198  -  MemoryUsage of job (MB)
	1226120  -  ResidentSetSize of job (KB)
...
006 (17004348.002.000) 06/29 13:48:36 Image size of job updated: 1226432
	1198  -  MemoryUsage of job (MB)
	1226432  -  ResidentSetSize of job (KB)
...
006 (17004348.002.000) 06/29 13:53:36 Image size of job updated: 1226736
	1198  -  MemoryUsage of job (MB)
	1226736  -  ResidentSetSize of job (KB)
...
006 (17004348.002.000) 06/29 13:58:36 Image size of job updated: 1227084
	1199  -  MemoryUsage of job (MB)
	1227084  -  ResidentSetSize of job (KB)
...
006 (17004348.002.000) 06/29 14:03:37 Image size of job updated: 1227488
	1199  -  MemoryUsage of job (MB)
	1227488  -  ResidentSetSize of job (KB)
...
006 (17004348.002.000) 06/29 14:08:37 Image size of job updated: 1227848
	1200  -  MemoryUsage of job (MB)
	1227848  -  ResidentSetSize of job (KB)
...
006 (17004348.002.000) 06/29 14:13:37 Image size of job updated: 1228196
	1200  -  MemoryUsage of job (MB)
	1228196  -  ResidentSetSize of job (KB)
...
006 (17004348.002.000) 06/29 14:18:38 Image size of job updated: 1228568
	1200  -  MemoryUsage of job (MB)
	1228568  -  ResidentSetSize of job (KB)
...
006 (17004348.002.000) 06/29 14:23:38 Image size of job updated: 1228996
	1201  -  MemoryUsage of job (MB)
	1228996  -  ResidentSetSize of job (KB)
...
006 (17004348.002.000) 06/29 14:28:38 Image size of job updated: 1229644
	1201  -  MemoryUsage of job (MB)
	1229644  -  ResidentSetSize of job (KB)
...
006 (17004348.002.000) 06/29 14:33:39 Image size of job updated: 1258596
	1230  -  MemoryUsage of job (MB)
	1258596  -  ResidentSetSize of job (KB)
...
006 (17004348.002.000) 06/29 14:38:39 Image size of job updated: 1277924
	1248  -  MemoryUsage of job (MB)
	1277924  -  ResidentSetSize of job (KB)
...
006 (17004348.002.000) 06/29 14:43:39 Image size of job updated: 1278760
	1249  -  MemoryUsage of job (MB)
	1278760  -  ResidentSetSize of job (KB)
...
006 (17004348.002.000) 06/29 14:48:40 Image size of job updated: 1279228
	1250  -  MemoryUsage of job (MB)
	1279228  -  ResidentSetSize of job (KB)
...
006 (17004348.002.000) 06/29 14:53:41 Image size of job updated: 1279640
	1250  -  MemoryUsage of job (MB)
	1279640  -  ResidentSetSize of job (KB)
...
006 (17004348.002.000) 06/29 14:58:41 Image size of job updated: 1280052
	1251  -  MemoryUsage of job (MB)
	1280052  -  ResidentSetSize of job (KB)
...
006 (17004348.002.000) 06/29 15:03:42 Image size of job updated: 1280492
	1251  -  MemoryUsage of job (MB)
	1280492  -  ResidentSetSize of job (KB)
...
006 (17004348.002.000) 06/29 15:08:43 Image size of job updated: 1280924
	1251  -  MemoryUsage of job (MB)
	1280924  -  ResidentSetSize of job (KB)
...
006 (17004348.002.000) 06/29 15:13:43 Image size of job updated: 1281348
	1252  -  MemoryUsage of job (MB)
	1281348  -  ResidentSetSize of job (KB)
...
006 (17004348.002.000) 06/29 15:18:43 Image size of job updated: 1281772
	1252  -  MemoryUsage of job (MB)
	1281772  -  ResidentSetSize of job (KB)
...
006 (17004348.002.000) 06/29 15:23:44 Image size of job updated: 1282196
	1253  -  MemoryUsage of job (MB)
	1282196  -  ResidentSetSize of job (KB)
...
006 (17004348.002.000) 06/29 15:28:44 Image size of job updated: 1282620
	1253  -  MemoryUsage of job (MB)
	1282620  -  ResidentSetSize of job (KB)
...
006 (17004348.002.000) 06/29 15:33:44 Image size of job updated: 1283000
	1253  -  MemoryUsage of job (MB)
	1283000  -  ResidentSetSize of job (KB)
...
006 (17004348.002.000) 06/29 15:38:45 Image size of job updated: 1283376
	1254  -  MemoryUsage of job (MB)
	1283376  -  ResidentSetSize of job (KB)
...
006 (17004348.002.000) 06/29 15:43:45 Image size of job updated: 1283788
	1254  -  MemoryUsage of job (MB)
	1283788  -  ResidentSetSize of job (KB)
...
006 (17004348.002.000) 06/29 15:48:45 Image size of job updated: 1284164
	1255  -  MemoryUsage of job (MB)
	1284164  -  ResidentSetSize of job (KB)
...
006 (17004348.002.000) 06/29 15:53:46 Image size of job updated: 1284572
	1255  -  MemoryUsage of job (MB)
	1284572  -  ResidentSetSize of job (KB)
...
006 (17004348.002.000) 06/29 15:58:46 Image size of job updated: 1284948
	1255  -  MemoryUsage of job (MB)
	1284948  -  ResidentSetSize of job (KB)
...
006 (17004348.002.000) 06/29 16:03:46 Image size of job updated: 1285348
	1256  -  MemoryUsage of job (MB)
	1285348  -  ResidentSetSize of job (KB)
...
006 (17004348.002.000) 06/29 16:08:47 Image size of job updated: 1285768
	1256  -  MemoryUsage of job (MB)
	1285768  -  ResidentSetSize of job (KB)
...
006 (17004348.002.000) 06/29 16:13:48 Image size of job updated: 1286120
	1256  -  MemoryUsage of job (MB)
	1286120  -  ResidentSetSize of job (KB)
...
006 (17004348.002.000) 06/29 16:18:48 Image size of job updated: 1286492
	1257  -  MemoryUsage of job (MB)
	1286492  -  ResidentSetSize of job (KB)
...
006 (17004348.002.000) 06/29 16:23:49 Image size of job updated: 1286816
	1257  -  MemoryUsage of job (MB)
	1286816  -  ResidentSetSize of job (KB)
...
006 (17004348.002.000) 06/29 16:28:50 Image size of job updated: 1287108
	1257  -  MemoryUsage of job (MB)
	1287108  -  ResidentSetSize of job (KB)
...
006 (17004348.002.000) 06/29 16:33:50 Image size of job updated: 1287404
	1258  -  MemoryUsage of job (MB)
	1287404  -  ResidentSetSize of job (KB)
...
006 (17004348.002.000) 06/29 16:38:51 Image size of job updated: 1287740
	1258  -  MemoryUsage of job (MB)
	1287740  -  ResidentSetSize of job (KB)
...
006 (17004348.002.000) 06/29 16:43:52 Image size of job updated: 1288016
	1258  -  MemoryUsage of job (MB)
	1288016  -  ResidentSetSize of job (KB)
...
006 (17004348.002.000) 06/29 16:48:52 Image size of job updated: 1288308
	1259  -  MemoryUsage of job (MB)
	1288308  -  ResidentSetSize of job (KB)
...
006 (17004348.002.000) 06/29 16:53:52 Image size of job updated: 1288536
	1259  -  MemoryUsage of job (MB)
	1288536  -  ResidentSetSize of job (KB)
...
006 (17004348.002.000) 06/29 16:58:53 Image size of job updated: 1288764
	1259  -  MemoryUsage of job (MB)
	1288764  -  ResidentSetSize of job (KB)
...
006 (17004348.002.000) 06/29 17:03:53 Image size of job updated: 1289008
	1259  -  MemoryUsage of job (MB)
	1289008  -  ResidentSetSize of job (KB)
...
006 (17004348.002.000) 06/29 17:08:53 Image size of job updated: 1289236
	1260  -  MemoryUsage of job (MB)
	1289236  -  ResidentSetSize of job (KB)
...
006 (17004348.002.000) 06/29 17:13:54 Image size of job updated: 1289448
	1260  -  MemoryUsage of job (MB)
	1289448  -  ResidentSetSize of job (KB)
...
006 (17004348.002.000) 06/29 17:18:54 Image size of job updated: 1289656
	1260  -  MemoryUsage of job (MB)
	1289656  -  ResidentSetSize of job (KB)
...
006 (17004348.002.000) 06/29 17:23:54 Image size of job updated: 1289884
	1260  -  MemoryUsage of job (MB)
	1289884  -  ResidentSetSize of job (KB)
...
006 (17004348.002.000) 06/29 17:28:55 Image size of job updated: 1297120
	1267  -  MemoryUsage of job (MB)
	1297120  -  ResidentSetSize of job (KB)
...
006 (17004348.002.000) 06/29 18:03:59 Image size of job updated: 1297236
	1267  -  MemoryUsage of job (MB)
	1297236  -  ResidentSetSize of job (KB)
...
006 (17004348.002.000) 06/29 18:08:59 Image size of job updated: 1297408
	1267  -  MemoryUsage of job (MB)
	1297408  -  ResidentSetSize of job (KB)
...
006 (17004348.002.000) 06/29 18:13:59 Image size of job updated: 1297620
	1268  -  MemoryUsage of job (MB)
	1297620  -  ResidentSetSize of job (KB)
...
006 (17004348.002.000) 06/29 18:19:00 Image size of job updated: 1297804
	1268  -  MemoryUsage of job (MB)
	1297804  -  ResidentSetSize of job (KB)
...
006 (17004348.002.000) 06/29 18:24:00 Image size of job updated: 1298000
	1268  -  MemoryUsage of job (MB)
	1298000  -  ResidentSetSize of job (KB)
...
006 (17004348.002.000) 06/29 18:29:00 Image size of job updated: 1298204
	1268  -  MemoryUsage of job (MB)
	1298204  -  ResidentSetSize of job (KB)
...
006 (17004348.002.000) 06/29 18:34:01 Image size of job updated: 1298372
	1268  -  MemoryUsage of job (MB)
	1298372  -  ResidentSetSize of job (KB)
...
006 (17004348.002.000) 06/29 18:39:02 Image size of job updated: 1298544
	1269  -  MemoryUsage of job (MB)
	1298544  -  ResidentSetSize of job (KB)
...
006 (17004348.002.000) 06/29 18:44:02 Image size of job updated: 1298732
	1269  -  MemoryUsage of job (MB)
	1298732  -  ResidentSetSize of job (KB)
...
006 (17004348.002.000) 06/29 18:49:03 Image size of job updated: 1298904
	1269  -  MemoryUsage of job (MB)
	1298904  -  ResidentSetSize of job (KB)
...
006 (17004348.002.000) 06/29 18:54:04 Image size of job updated: 1299084
	1269  -  MemoryUsage of job (MB)
	1299084  -  ResidentSetSize of job (KB)
...
006 (17004348.002.000) 06/29 18:59:04 Image size of job updated: 1299276
	1269  -  MemoryUsage of job (MB)
	1299276  -  ResidentSetSize of job (KB)
...
006 (17004348.002.000) 06/29 19:04:05 Image size of job updated: 1299460
	1270  -  MemoryUsage of job (MB)
	1299460  -  ResidentSetSize of job (KB)
...
006 (17004348.002.000) 06/29 19:09:06 Image size of job updated: 1299620
	1270  -  MemoryUsage of job (MB)
	1299620  -  ResidentSetSize of job (KB)
...
006 (17004348.002.000) 06/29 19:14:06 Image size of job updated: 1299784
	1270  -  MemoryUsage of job (MB)
	1299784  -  ResidentSetSize of job (KB)
...
006 (17004348.002.000) 06/29 19:19:07 Image size of job updated: 1299964
	1270  -  MemoryUsage of job (MB)
	1299964  -  ResidentSetSize of job (KB)
...
006 (17004348.002.000) 06/29 19:24:08 Image size of job updated: 1300132
	1270  -  MemoryUsage of job (MB)
	1300132  -  ResidentSetSize of job (KB)
...
006 (17004348.002.000) 06/29 19:29:08 Image size of job updated: 1300296
	1270  -  MemoryUsage of job (MB)
	1300296  -  ResidentSetSize of job (KB)
...
006 (17004348.002.000) 06/29 19:34:09 Image size of job updated: 1300472
	1270  -  MemoryUsage of job (MB)
	1300472  -  ResidentSetSize of job (KB)
...
006 (17004348.002.000) 06/29 19:39:10 Image size of job updated: 1300648
	1271  -  MemoryUsage of job (MB)
	1300648  -  ResidentSetSize of job (KB)
...
006 (17004348.002.000) 06/29 19:44:10 Image size of job updated: 1300820
	1271  -  MemoryUsage of job (MB)
	1300820  -  ResidentSetSize of job (KB)
...
006 (17004348.002.000) 06/29 19:49:10 Image size of job updated: 1300968
	1271  -  MemoryUsage of job (MB)
	1300968  -  ResidentSetSize of job (KB)
...
006 (17004348.002.000) 06/29 19:54:11 Image size of job updated: 1301128
	1271  -  MemoryUsage of job (MB)
	1301128  -  ResidentSetSize of job (KB)
...
006 (17004348.002.000) 06/29 19:59:11 Image size of job updated: 1301300
	1271  -  MemoryUsage of job (MB)
	1301300  -  ResidentSetSize of job (KB)
...
006 (17004348.002.000) 06/29 20:04:11 Image size of job updated: 1301476
	1271  -  MemoryUsage of job (MB)
	1301476  -  ResidentSetSize of job (KB)
...
006 (17004348.002.000) 06/29 20:09:12 Image size of job updated: 1301636
	1272  -  MemoryUsage of job (MB)
	1301636  -  ResidentSetSize of job (KB)
...
006 (17004348.002.000) 06/29 20:14:12 Image size of job updated: 1301800
	1272  -  MemoryUsage of job (MB)
	1301800  -  ResidentSetSize of job (KB)
...
006 (17004348.002.000) 06/29 20:19:12 Image size of job updated: 1301972
	1272  -  MemoryUsage of job (MB)
	1301972  -  ResidentSetSize of job (KB)
...
006 (17004348.002.000) 06/29 20:24:14 Image size of job updated: 1302136
	1272  -  MemoryUsage of job (MB)
	1302136  -  ResidentSetSize of job (KB)
...
006 (17004348.002.000) 06/29 20:29:13 Image size of job updated: 1302296
	1272  -  MemoryUsage of job (MB)
	1302296  -  ResidentSetSize of job (KB)
...
006 (17004348.002.000) 06/29 20:34:13 Image size of job updated: 1302468
	1272  -  MemoryUsage of job (MB)
	1302468  -  ResidentSetSize of job (KB)
...
006 (17004348.002.000) 06/29 20:39:14 Image size of job updated: 1302648
	1273  -  MemoryUsage of job (MB)
	1302648  -  ResidentSetSize of job (KB)
...
006 (17004348.002.000) 06/29 20:44:15 Image size of job updated: 1302808
	1273  -  MemoryUsage of job (MB)
	1302808  -  ResidentSetSize of job (KB)
...
006 (17004348.002.000) 06/29 20:49:15 Image size of job updated: 1302984
	1273  -  MemoryUsage of job (MB)
	1302984  -  ResidentSetSize of job (KB)
...
006 (17004348.002.000) 06/29 20:54:16 Image size of job updated: 1303160
	1273  -  MemoryUsage of job (MB)
	1303160  -  ResidentSetSize of job (KB)
...
006 (17004348.002.000) 06/29 20:59:17 Image size of job updated: 1303336
	1273  -  MemoryUsage of job (MB)
	1303336  -  ResidentSetSize of job (KB)
...
006 (17004348.002.000) 06/29 21:04:17 Image size of job updated: 1303540
	1273  -  MemoryUsage of job (MB)
	1303540  -  ResidentSetSize of job (KB)
...
006 (17004348.002.000) 06/29 21:09:18 Image size of job updated: 1303720
	1274  -  MemoryUsage of job (MB)
	1303720  -  ResidentSetSize of job (KB)
...
006 (17004348.002.000) 06/29 21:14:19 Image size of job updated: 1303912
	1274  -  MemoryUsage of job (MB)
	1303912  -  ResidentSetSize of job (KB)
...
006 (17004348.002.000) 06/29 21:19:19 Image size of job updated: 1304100
	1274  -  MemoryUsage of job (MB)
	1304100  -  ResidentSetSize of job (KB)
...
006 (17004348.002.000) 06/29 21:24:20 Image size of job updated: 1304292
	1274  -  MemoryUsage of job (MB)
	1304292  -  ResidentSetSize of job (KB)
...
006 (17004348.002.000) 06/29 21:29:21 Image size of job updated: 1304484
	1274  -  MemoryUsage of job (MB)
	1304484  -  ResidentSetSize of job (KB)
...
006 (17004348.002.000) 06/29 21:34:21 Image size of job updated: 1304700
	1275  -  MemoryUsage of job (MB)
	1304700  -  ResidentSetSize of job (KB)
...
006 (17004348.002.000) 06/29 21:39:21 Image size of job updated: 1304896
	1275  -  MemoryUsage of job (MB)
	1304896  -  ResidentSetSize of job (KB)
...
006 (17004348.002.000) 06/29 21:44:22 Image size of job updated: 1305104
	1275  -  MemoryUsage of job (MB)
	1305104  -  ResidentSetSize of job (KB)
...
006 (17004348.002.000) 06/29 21:49:22 Image size of job updated: 1305320
	1275  -  MemoryUsage of job (MB)
	1305320  -  ResidentSetSize of job (KB)
...
006 (17004348.002.000) 06/29 21:54:22 Image size of job updated: 1305544
	1275  -  MemoryUsage of job (MB)
	1305544  -  ResidentSetSize of job (KB)
...
006 (17004348.002.000) 06/29 21:59:23 Image size of job updated: 1305780
	1276  -  MemoryUsage of job (MB)
	1305780  -  ResidentSetSize of job (KB)
...
006 (17004348.002.000) 06/29 22:04:23 Image size of job updated: 1306000
	1276  -  MemoryUsage of job (MB)
	1306000  -  ResidentSetSize of job (KB)
...
006 (17004348.002.000) 06/29 22:09:23 Image size of job updated: 1306204
	1276  -  MemoryUsage of job (MB)
	1306204  -  ResidentSetSize of job (KB)
...
006 (17004348.002.000) 06/29 22:14:24 Image size of job updated: 1306428
	1276  -  MemoryUsage of job (MB)
	1306428  -  ResidentSetSize of job (KB)
...
006 (17004348.002.000) 06/29 22:19:24 Image size of job updated: 1306664
	1277  -  MemoryUsage of job (MB)
	1306664  -  ResidentSetSize of job (KB)
...
006 (17004348.002.000) 06/29 22:24:24 Image size of job updated: 1306904
	1277  -  MemoryUsage of job (MB)
	1306904  -  ResidentSetSize of job (KB)
...
006 (17004348.002.000) 06/29 22:29:25 Image size of job updated: 1307192
	1277  -  MemoryUsage of job (MB)
	1307192  -  ResidentSetSize of job (KB)
...
006 (17004348.002.000) 06/29 22:34:25 Image size of job updated: 1307484
	1277  -  MemoryUsage of job (MB)
	1307484  -  ResidentSetSize of job (KB)
...
006 (17004348.002.000) 06/29 22:39:25 Image size of job updated: 1307764
	1278  -  MemoryUsage of job (MB)
	1307764  -  ResidentSetSize of job (KB)
...
006 (17004348.002.000) 06/29 22:44:26 Image size of job updated: 1308052
	1278  -  MemoryUsage of job (MB)
	1308052  -  ResidentSetSize of job (KB)
...
006 (17004348.002.000) 06/29 22:49:27 Image size of job updated: 1308312
	1278  -  MemoryUsage of job (MB)
	1308312  -  ResidentSetSize of job (KB)
...
006 (17004348.002.000) 06/29 22:54:27 Image size of job updated: 1308576
	1278  -  MemoryUsage of job (MB)
	1308576  -  ResidentSetSize of job (KB)
...
006 (17004348.002.000) 06/29 22:59:28 Image size of job updated: 1308840
	1279  -  MemoryUsage of job (MB)
	1308840  -  ResidentSetSize of job (KB)
...
006 (17004348.002.000) 06/29 23:04:29 Image size of job updated: 1309132
	1279  -  MemoryUsage of job (MB)
	1309132  -  ResidentSetSize of job (KB)
...
006 (17004348.002.000) 06/29 23:09:29 Image size of job updated: 1309404
	1279  -  MemoryUsage of job (MB)
	1309404  -  ResidentSetSize of job (KB)
...
006 (17004348.002.000) 06/29 23:14:30 Image size of job updated: 1309680
	1279  -  MemoryUsage of job (MB)
	1309680  -  ResidentSetSize of job (KB)
...
006 (17004348.002.000) 06/29 23:19:31 Image size of job updated: 1309904
	1280  -  MemoryUsage of job (MB)
	1309904  -  ResidentSetSize of job (KB)
...
006 (17004348.002.000) 06/29 23:24:31 Image size of job updated: 1310144
	1280  -  MemoryUsage of job (MB)
	1310144  -  ResidentSetSize of job (KB)
...
006 (17004348.002.000) 06/29 23:29:32 Image size of job updated: 1310388
	1280  -  MemoryUsage of job (MB)
	1310388  -  ResidentSetSize of job (KB)
...
006 (17004348.002.000) 06/29 23:34:33 Image size of job updated: 1310644
	1280  -  MemoryUsage of job (MB)
	1310644  -  ResidentSetSize of job (KB)
...
006 (17004348.002.000) 06/29 23:39:33 Image size of job updated: 1310904
	1281  -  MemoryUsage of job (MB)
	1310904  -  ResidentSetSize of job (KB)
...
006 (17004348.002.000) 06/29 23:44:33 Image size of job updated: 1311168
	1281  -  MemoryUsage of job (MB)
	1311168  -  ResidentSetSize of job (KB)
...
006 (17004348.002.000) 06/29 23:49:34 Image size of job updated: 1311440
	1281  -  MemoryUsage of job (MB)
	1311440  -  ResidentSetSize of job (KB)
...
006 (17004348.002.000) 06/29 23:54:34 Image size of job updated: 1311652
	1281  -  MemoryUsage of job (MB)
	1311652  -  ResidentSetSize of job (KB)
...
006 (17004348.002.000) 06/29 23:59:34 Image size of job updated: 1311888
	1282  -  MemoryUsage of job (MB)
	1311888  -  ResidentSetSize of job (KB)
...
006 (17004348.002.000) 06/30 00:04:35 Image size of job updated: 1312136
	1282  -  MemoryUsage of job (MB)
	1312136  -  ResidentSetSize of job (KB)
...
006 (17004348.002.000) 06/30 00:09:35 Image size of job updated: 1312388
	1282  -  MemoryUsage of job (MB)
	1312388  -  ResidentSetSize of job (KB)
...
006 (17004348.002.000) 06/30 00:14:35 Image size of job updated: 1312616
	1282  -  MemoryUsage of job (MB)
	1312616  -  ResidentSetSize of job (KB)
...
006 (17004348.002.000) 06/30 00:19:36 Image size of job updated: 1312868
	1283  -  MemoryUsage of job (MB)
	1312868  -  ResidentSetSize of job (KB)
...
006 (17004348.002.000) 06/30 00:24:36 Image size of job updated: 1313184
	1283  -  MemoryUsage of job (MB)
	1313184  -  ResidentSetSize of job (KB)
...
006 (17004348.002.000) 06/30 00:29:36 Image size of job updated: 1313500
	1283  -  MemoryUsage of job (MB)
	1313500  -  ResidentSetSize of job (KB)
...
006 (17004348.002.000) 06/30 00:34:37 Image size of job updated: 1313836
	1284  -  MemoryUsage of job (MB)
	1313836  -  ResidentSetSize of job (KB)
...
006 (17004348.002.000) 06/30 00:39:38 Image size of job updated: 1314128
	1284  -  MemoryUsage of job (MB)
	1314128  -  ResidentSetSize of job (KB)
...
006 (17004348.002.000) 06/30 00:44:38 Image size of job updated: 1314440
	1284  -  MemoryUsage of job (MB)
	1314440  -  ResidentSetSize of job (KB)
...
006 (17004348.002.000) 06/30 00:49:39 Image size of job updated: 1314764
	1284  -  MemoryUsage of job (MB)
	1314764  -  ResidentSetSize of job (KB)
...
006 (17004348.002.000) 06/30 00:54:40 Image size of job updated: 1315080
	1285  -  MemoryUsage of job (MB)
	1315080  -  ResidentSetSize of job (KB)
...
006 (17004348.002.000) 06/30 00:59:40 Image size of job updated: 1315368
	1285  -  MemoryUsage of job (MB)
	1315368  -  ResidentSetSize of job (KB)
...
006 (17004348.002.000) 06/30 01:04:41 Image size of job updated: 1315696
	1285  -  MemoryUsage of job (MB)
	1315696  -  ResidentSetSize of job (KB)
...
006 (17004348.002.000) 06/30 01:09:42 Image size of job updated: 1316012
	1286  -  MemoryUsage of job (MB)
	1316012  -  ResidentSetSize of job (KB)
...
006 (17004348.002.000) 06/30 01:14:42 Image size of job updated: 1316308
	1286  -  MemoryUsage of job (MB)
	1316308  -  ResidentSetSize of job (KB)
...
006 (17004348.002.000) 06/30 01:19:43 Image size of job updated: 1316600
	1286  -  MemoryUsage of job (MB)
	1316600  -  ResidentSetSize of job (KB)
...
006 (17004348.002.000) 06/30 01:24:44 Image size of job updated: 1316932
	1287  -  MemoryUsage of job (MB)
	1316932  -  ResidentSetSize of job (KB)
...
006 (17004348.002.000) 06/30 01:29:44 Image size of job updated: 1317232
	1287  -  MemoryUsage of job (MB)
	1317232  -  ResidentSetSize of job (KB)
...
006 (17004348.002.000) 06/30 01:34:44 Image size of job updated: 1317540
	1287  -  MemoryUsage of job (MB)
	1317540  -  ResidentSetSize of job (KB)
...
006 (17004348.002.000) 06/30 01:39:45 Image size of job updated: 1317844
	1287  -  MemoryUsage of job (MB)
	1317844  -  ResidentSetSize of job (KB)
...
006 (17004348.002.000) 06/30 01:44:45 Image size of job updated: 1318140
	1288  -  MemoryUsage of job (MB)
	1318140  -  ResidentSetSize of job (KB)
...
006 (17004348.002.000) 06/30 01:49:45 Image size of job updated: 1318456
	1288  -  MemoryUsage of job (MB)
	1318456  -  ResidentSetSize of job (KB)
...
006 (17004348.002.000) 06/30 01:54:46 Image size of job updated: 1318768
	1288  -  MemoryUsage of job (MB)
	1318768  -  ResidentSetSize of job (KB)
...
006 (17004348.002.000) 06/30 01:59:46 Image size of job updated: 1319084
	1289  -  MemoryUsage of job (MB)
	1319084  -  ResidentSetSize of job (KB)
...
006 (17004348.002.000) 06/30 02:04:46 Image size of job updated: 1321372
	1291  -  MemoryUsage of job (MB)
	1321372  -  ResidentSetSize of job (KB)
...
006 (17004348.002.000) 06/30 02:14:48 Image size of job updated: 1321380
	1291  -  MemoryUsage of job (MB)
	1321380  -  ResidentSetSize of job (KB)
...
006 (17004348.002.000) 06/30 02:34:50 Image size of job updated: 1321624
	1291  -  MemoryUsage of job (MB)
	1321624  -  ResidentSetSize of job (KB)
...
006 (17004348.002.000) 06/30 02:39:50 Image size of job updated: 1321888
	1291  -  MemoryUsage of job (MB)
	1321888  -  ResidentSetSize of job (KB)
...
006 (17004348.002.000) 06/30 02:44:51 Image size of job updated: 1322144
	1292  -  MemoryUsage of job (MB)
	1322144  -  ResidentSetSize of job (KB)
...
006 (17004348.002.000) 06/30 02:49:51 Image size of job updated: 1322424
	1292  -  MemoryUsage of job (MB)
	1322424  -  ResidentSetSize of job (KB)
...
006 (17004348.002.000) 06/30 02:54:51 Image size of job updated: 1322704
	1292  -  MemoryUsage of job (MB)
	1322704  -  ResidentSetSize of job (KB)
...
006 (17004348.002.000) 06/30 02:59:52 Image size of job updated: 1322972
	1292  -  MemoryUsage of job (MB)
	1322972  -  ResidentSetSize of job (KB)
...
006 (17004348.002.000) 06/30 03:04:52 Image size of job updated: 1323264
	1293  -  MemoryUsage of job (MB)
	1323264  -  ResidentSetSize of job (KB)
...
006 (17004348.002.000) 06/30 03:09:52 Image size of job updated: 1323540
	1293  -  MemoryUsage of job (MB)
	1323540  -  ResidentSetSize of job (KB)
...
006 (17004348.002.000) 06/30 03:14:53 Image size of job updated: 1323804
	1293  -  MemoryUsage of job (MB)
	1323804  -  ResidentSetSize of job (KB)
...
006 (17004348.002.000) 06/30 03:19:54 Image size of job updated: 1324092
	1294  -  MemoryUsage of job (MB)
	1324092  -  ResidentSetSize of job (KB)
...
006 (17004348.002.000) 06/30 03:24:54 Image size of job updated: 1324364
	1294  -  MemoryUsage of job (MB)
	1324364  -  ResidentSetSize of job (KB)
...
006 (17004348.002.000) 06/30 03:29:55 Image size of job updated: 1324608
	1294  -  MemoryUsage of job (MB)
	1324608  -  ResidentSetSize of job (KB)
...
006 (17004348.002.000) 06/30 03:34:56 Image size of job updated: 1324884
	1294  -  MemoryUsage of job (MB)
	1324884  -  ResidentSetSize of job (KB)
...
006 (17004348.002.000) 06/30 03:39:56 Image size of job updated: 1325176
	1295  -  MemoryUsage of job (MB)
	1325176  -  ResidentSetSize of job (KB)
...
006 (17004348.002.000) 06/30 03:44:57 Image size of job updated: 1325460
	1295  -  MemoryUsage of job (MB)
	1325460  -  ResidentSetSize of job (KB)
...
006 (17004348.002.000) 06/30 03:49:58 Image size of job updated: 1325756
	1295  -  MemoryUsage of job (MB)
	1325756  -  ResidentSetSize of job (KB)
...
006 (17004348.002.000) 06/30 03:54:58 Image size of job updated: 1326048
	1295  -  MemoryUsage of job (MB)
	1326048  -  ResidentSetSize of job (KB)
...
006 (17004348.002.000) 06/30 03:59:58 Image size of job updated: 1326348
	1296  -  MemoryUsage of job (MB)
	1326348  -  ResidentSetSize of job (KB)
...
006 (17004348.002.000) 06/30 04:04:59 Image size of job updated: 1326640
	1296  -  MemoryUsage of job (MB)
	1326640  -  ResidentSetSize of job (KB)
...
006 (17004348.002.000) 06/30 04:09:59 Image size of job updated: 1326932
	1296  -  MemoryUsage of job (MB)
	1326932  -  ResidentSetSize of job (KB)
...
006 (17004348.002.000) 06/30 04:14:59 Image size of job updated: 1327268
	1297  -  MemoryUsage of job (MB)
	1327268  -  ResidentSetSize of job (KB)
...
006 (17004348.002.000) 06/30 04:20:00 Image size of job updated: 1327608
	1297  -  MemoryUsage of job (MB)
	1327608  -  ResidentSetSize of job (KB)
...
006 (17004348.002.000) 06/30 04:25:00 Image size of job updated: 1327936
	1297  -  MemoryUsage of job (MB)
	1327936  -  ResidentSetSize of job (KB)
...
006 (17004348.002.000) 06/30 04:30:00 Image size of job updated: 1328224
	1298  -  MemoryUsage of job (MB)
	1328224  -  ResidentSetSize of job (KB)
...
006 (17004348.002.000) 06/30 04:35:01 Image size of job updated: 1328492
	1298  -  MemoryUsage of job (MB)
	1328492  -  ResidentSetSize of job (KB)
...
006 (17004348.002.000) 06/30 04:40:02 Image size of job updated: 1328788
	1298  -  MemoryUsage of job (MB)
	1328788  -  ResidentSetSize of job (KB)
...
006 (17004348.002.000) 06/30 04:45:02 Image size of job updated: 1329088
	1298  -  MemoryUsage of job (MB)
	1329088  -  ResidentSetSize of job (KB)
...
006 (17004348.002.000) 06/30 04:50:03 Image size of job updated: 1329396
	1299  -  MemoryUsage of job (MB)
	1329396  -  ResidentSetSize of job (KB)
...
006 (17004348.002.000) 06/30 04:55:04 Image size of job updated: 1329712
	1299  -  MemoryUsage of job (MB)
	1329712  -  ResidentSetSize of job (KB)
...
006 (17004348.002.000) 06/30 05:00:04 Image size of job updated: 1330040
	1299  -  MemoryUsage of job (MB)
	1330040  -  ResidentSetSize of job (KB)
...
006 (17004348.002.000) 06/30 05:05:05 Image size of job updated: 1330376
	1300  -  MemoryUsage of job (MB)
	1330376  -  ResidentSetSize of job (KB)
...
006 (17004348.002.000) 06/30 05:10:06 Image size of job updated: 1330676
	1300  -  MemoryUsage of job (MB)
	1330676  -  ResidentSetSize of job (KB)
...
006 (17004348.002.000) 06/30 05:15:06 Image size of job updated: 1330980
	1300  -  MemoryUsage of job (MB)
	1330980  -  ResidentSetSize of job (KB)
...
006 (17004348.002.000) 06/30 05:20:07 Image size of job updated: 1331308
	1301  -  MemoryUsage of job (MB)
	1331308  -  ResidentSetSize of job (KB)
...
006 (17004348.002.000) 06/30 05:25:08 Image size of job updated: 1331628
	1301  -  MemoryUsage of job (MB)
	1331628  -  ResidentSetSize of job (KB)
...
006 (17004348.002.000) 06/30 05:30:08 Image size of job updated: 1331928
	1301  -  MemoryUsage of job (MB)
	1331928  -  ResidentSetSize of job (KB)
...
006 (17004348.002.000) 06/30 05:35:09 Image size of job updated: 1332220
	1301  -  MemoryUsage of job (MB)
	1332220  -  ResidentSetSize of job (KB)
...
006 (17004348.002.000) 06/30 05:40:10 Image size of job updated: 1332536
	1302  -  MemoryUsage of job (MB)
	1332536  -  ResidentSetSize of job (KB)
...
006 (17004348.002.000) 06/30 05:45:10 Image size of job updated: 1332852
	1302  -  MemoryUsage of job (MB)
	1332852  -  ResidentSetSize of job (KB)
...
006 (17004348.002.000) 06/30 05:50:11 Image size of job updated: 1333188
	1302  -  MemoryUsage of job (MB)
	1333188  -  ResidentSetSize of job (KB)
...
006 (17004348.002.000) 06/30 05:55:12 Image size of job updated: 1333528
	1303  -  MemoryUsage of job (MB)
	1333528  -  ResidentSetSize of job (KB)
...
006 (17004348.002.000) 06/30 06:00:12 Image size of job updated: 1333828
	1303  -  MemoryUsage of job (MB)
	1333828  -  ResidentSetSize of job (KB)
...
006 (17004348.002.000) 06/30 06:05:12 Image size of job updated: 1334168
	1303  -  MemoryUsage of job (MB)
	1334168  -  ResidentSetSize of job (KB)
...
006 (17004348.002.000) 06/30 06:10:13 Image size of job updated: 1334528
	1304  -  MemoryUsage of job (MB)
	1334528  -  ResidentSetSize of job (KB)
...
006 (17004348.002.000) 06/30 06:15:13 Image size of job updated: 1334928
	1304  -  MemoryUsage of job (MB)
	1334928  -  ResidentSetSize of job (KB)
...
006 (17004348.002.000) 06/30 06:20:13 Image size of job updated: 1335320
	1305  -  MemoryUsage of job (MB)
	1335320  -  ResidentSetSize of job (KB)
...
006 (17004348.002.000) 06/30 06:25:14 Image size of job updated: 1335692
	1305  -  MemoryUsage of job (MB)
	1335692  -  ResidentSetSize of job (KB)
...
006 (17004348.002.000) 06/30 06:30:14 Image size of job updated: 1336084
	1305  -  MemoryUsage of job (MB)
	1336084  -  ResidentSetSize of job (KB)
...
006 (17004348.002.000) 06/30 06:35:14 Image size of job updated: 1336460
	1306  -  MemoryUsage of job (MB)
	1336460  -  ResidentSetSize of job (KB)
...
006 (17004348.002.000) 06/30 06:40:15 Image size of job updated: 1336840
	1306  -  MemoryUsage of job (MB)
	1336840  -  ResidentSetSize of job (KB)
...
006 (17004348.002.000) 06/30 06:45:15 Image size of job updated: 1337208
	1306  -  MemoryUsage of job (MB)
	1337208  -  ResidentSetSize of job (KB)
...
006 (17004348.002.000) 06/30 06:50:15 Image size of job updated: 1337584
	1307  -  MemoryUsage of job (MB)
	1337584  -  ResidentSetSize of job (KB)
...
006 (17004348.002.000) 06/30 06:55:16 Image size of job updated: 1338004
	1307  -  MemoryUsage of job (MB)
	1338004  -  ResidentSetSize of job (KB)
...
006 (17004348.002.000) 06/30 07:00:17 Image size of job updated: 1338436
	1308  -  MemoryUsage of job (MB)
	1338436  -  ResidentSetSize of job (KB)
...
006 (17004348.002.000) 06/30 07:05:17 Image size of job updated: 1338840
	1308  -  MemoryUsage of job (MB)
	1338840  -  ResidentSetSize of job (KB)
...
006 (17004348.002.000) 06/30 07:08:21 Image size of job updated: 1339108
	1308  -  MemoryUsage of job (MB)
	1338840  -  ResidentSetSize of job (KB)
...
040 (17004348.002.000) 06/30 07:08:21 Started transferring output files
...
040 (17004348.002.000) 06/30 07:08:21 Finished transferring output files
...
009 (17004348.002.000) 06/30 07:08:21 Job was aborted.
	Job removed by SYSTEM_PERIODIC_REMOVE due to wall time exceeded allowed max.
...
