000 (16720352.004.000) 06/25 10:05:43 Job submitted from host: <188.185.114.121:9618?addrs=188.185.114.121-9618+[2001-1458-d00-a--100-273]-9618&alias=bigbird19.cern.ch&noUDP&sock=schedd_5103_cfe0>
...
040 (16720352.004.000) 06/25 10:28:58 Started transferring input files
	Transferring to host: <128.142.241.39:9618?addrs=128.142.241.39-9618+[2001-1458-301-ce--100-2fd]-9618&alias=b9g47n5388.cern.ch&noUDP&sock=slot1_1_2185072_a510_2073>
...
040 (16720352.004.000) 06/25 10:28:58 Finished transferring input files
...
001 (16720352.004.000) 06/25 10:28:59 Job executing on host: <128.142.241.39:9618?addrs=128.142.241.39-9618+[2001-1458-301-ce--100-2fd]-9618&alias=b9g47n5388.cern.ch&noUDP&sock=startd_2185033_7925>
	SlotName: slot1_1@b9g47n5388.cern.ch
	AvailableGPUs = { GPUs_GPU_0263aa3b }
	CondorScratchDir = "/pool/condor/dir_2815471"
	Cpus = 3
	Disk = 8389632
	GPUs = 1
	GPUs_GPU_0263aa3b = [ Id = "GPU-0263aa3b"; ClockMhz = 1380.0; Capability = 7.0; CoresPerCU = 64; DeviceName = "Tesla V100-PCIE-32GB"; DeviceUuid = "0263aa3b-c8d5-463b-01fd-34d6a04e515b"; ECCEnabled = true; ComputeUnits = 80; NvidiaDriver = "580.95.05"; DriverVersion = 13.0; DevicePciBusId = "0000:07:00.0"; GlobalMemoryMb = 32494; MaxSupportedVersion = 13000 ]
	Memory = 9000
...
006 (16720352.004.000) 06/25 10:29:08 Image size of job updated: 10868
	11  -  MemoryUsage of job (MB)
	10868  -  ResidentSetSize of job (KB)
...
006 (16720352.004.000) 06/25 10:34:09 Image size of job updated: 504948
	494  -  MemoryUsage of job (MB)
	504948  -  ResidentSetSize of job (KB)
...
006 (16720352.004.000) 06/25 10:39:09 Image size of job updated: 514540
	503  -  MemoryUsage of job (MB)
	514540  -  ResidentSetSize of job (KB)
...
006 (16720352.004.000) 06/25 10:44:09 Image size of job updated: 531564
	520  -  MemoryUsage of job (MB)
	531564  -  ResidentSetSize of job (KB)
...
006 (16720352.004.000) 06/25 10:49:10 Image size of job updated: 543648
	531  -  MemoryUsage of job (MB)
	543648  -  ResidentSetSize of job (KB)
...
006 (16720352.004.000) 06/25 10:54:10 Image size of job updated: 558496
	546  -  MemoryUsage of job (MB)
	558496  -  ResidentSetSize of job (KB)
...
006 (16720352.004.000) 06/25 10:59:10 Image size of job updated: 570100
	557  -  MemoryUsage of job (MB)
	570100  -  ResidentSetSize of job (KB)
...
006 (16720352.004.000) 06/25 11:04:11 Image size of job updated: 581564
	568  -  MemoryUsage of job (MB)
	581564  -  ResidentSetSize of job (KB)
...
006 (16720352.004.000) 06/25 11:09:11 Image size of job updated: 587528
	574  -  MemoryUsage of job (MB)
	587528  -  ResidentSetSize of job (KB)
...
006 (16720352.004.000) 06/25 11:14:11 Image size of job updated: 596596
	583  -  MemoryUsage of job (MB)
	596596  -  ResidentSetSize of job (KB)
...
006 (16720352.004.000) 06/25 11:19:12 Image size of job updated: 606588
	593  -  MemoryUsage of job (MB)
	606588  -  ResidentSetSize of job (KB)
...
006 (16720352.004.000) 06/25 11:24:13 Image size of job updated: 615964
	602  -  MemoryUsage of job (MB)
	615964  -  ResidentSetSize of job (KB)
...
006 (16720352.004.000) 06/25 11:29:13 Image size of job updated: 647892
	633  -  MemoryUsage of job (MB)
	647892  -  ResidentSetSize of job (KB)
...
006 (16720352.004.000) 06/25 11:34:14 Image size of job updated: 650812
	636  -  MemoryUsage of job (MB)
	650812  -  ResidentSetSize of job (KB)
...
006 (16720352.004.000) 06/25 11:39:15 Image size of job updated: 659620
	645  -  MemoryUsage of job (MB)
	659620  -  ResidentSetSize of job (KB)
...
006 (16720352.004.000) 06/25 11:44:15 Image size of job updated: 671080
	656  -  MemoryUsage of job (MB)
	671080  -  ResidentSetSize of job (KB)
...
006 (16720352.004.000) 06/25 11:49:16 Image size of job updated: 679428
	664  -  MemoryUsage of job (MB)
	679428  -  ResidentSetSize of job (KB)
...
006 (16720352.004.000) 06/25 11:54:17 Image size of job updated: 684004
	668  -  MemoryUsage of job (MB)
	684004  -  ResidentSetSize of job (KB)
...
006 (16720352.004.000) 06/25 11:59:17 Image size of job updated: 694092
	678  -  MemoryUsage of job (MB)
	694092  -  ResidentSetSize of job (KB)
...
006 (16720352.004.000) 06/25 12:04:17 Image size of job updated: 706684
	691  -  MemoryUsage of job (MB)
	706684  -  ResidentSetSize of job (KB)
...
006 (16720352.004.000) 06/25 12:09:18 Image size of job updated: 717360
	701  -  MemoryUsage of job (MB)
	717360  -  ResidentSetSize of job (KB)
...
006 (16720352.004.000) 06/25 12:14:18 Image size of job updated: 731756
	701  -  MemoryUsage of job (MB)
	717360  -  ResidentSetSize of job (KB)
...
040 (16720352.004.000) 06/25 12:23:00 Started transferring output files
...
040 (16720352.004.000) 06/25 12:23:00 Finished transferring output files
...
004 (16720352.004.000) 06/25 12:23:00 Job was evicted. Code 1009 Subcode 0
	(0) CPU times
		Usr 0 00:00:51, Sys 0 00:00:40  -  Run Remote Usage
		Usr 0 00:00:00, Sys 0 00:00:00  -  Run Local Usage
	7356  -  Run Bytes Sent By Job
	128497  -  Run Bytes Received By Job
	Reason: Claim deactivated
	Partitionable Resources :    Usage  Request Allocated Assigned
	   Cpus                 :     0.00        3         3 
	   Disk (KB)            :   294     8388608   8389632 
	   GPUs                 :     0           1         1 "GPU-0263aa3b"
	   GpusMemory (MB)      :   278                       
	   Memory (MB)          :   701        9000      9000 
	   TimeExecute (s)      :  6841                       
	   TimeSlotBusy (s)     :  6843                       
...
009 (16720352.004.000) 06/25 12:23:00 Job was aborted.
	via condor_rm (by user yeo)
...
