000 (16720352.000.000) 06/25 10:05:43 Job submitted from host: <188.185.114.121:9618?addrs=188.185.114.121-9618+[2001-1458-d00-a--100-273]-9618&alias=bigbird19.cern.ch&noUDP&sock=schedd_5103_cfe0>
...
040 (16720352.000.000) 06/25 10:55:56 Started transferring input files
	Transferring to host: <128.142.241.24:9618?addrs=128.142.241.24-9618+[2001-1458-301-ce--100-149]-9618&alias=b9g47n6595.cern.ch&noUDP&sock=slot1_1_6426_72be_11535>
...
040 (16720352.000.000) 06/25 10:55:56 Finished transferring input files
...
001 (16720352.000.000) 06/25 10:55:57 Job executing on host: <128.142.241.24:9618?addrs=128.142.241.24-9618+[2001-1458-301-ce--100-149]-9618&alias=b9g47n6595.cern.ch&noUDP&sock=startd_5623_7d20>
	SlotName: slot1_1@b9g47n6595.cern.ch
	AvailableGPUs = { GPUs_GPU_8c5fa06f }
	CondorScratchDir = "/pool/condor/dir_2261666"
	Cpus = 3
	Disk = 8389632
	GPUs = 1
	GPUs_GPU_8c5fa06f = [ Id = "GPU-8c5fa06f"; ClockMhz = 1380.0; Capability = 7.0; CoresPerCU = 64; DeviceName = "Tesla V100-PCIE-32GB"; DeviceUuid = "8c5fa06f-069b-0e01-5398-0e3be8e2c70e"; ECCEnabled = false; ComputeUnits = 80; NvidiaDriver = "580.95.05"; DriverVersion = 13.0; DevicePciBusId = "0000:07:00.0"; GlobalMemoryMb = 32494; MaxSupportedVersion = 13000 ]
	Memory = 9000
...
006 (16720352.000.000) 06/25 10:56:06 Image size of job updated: 2292
	3  -  MemoryUsage of job (MB)
	2292  -  ResidentSetSize of job (KB)
...
006 (16720352.000.000) 06/25 11:01:07 Image size of job updated: 505132
	494  -  MemoryUsage of job (MB)
	505132  -  ResidentSetSize of job (KB)
...
006 (16720352.000.000) 06/25 11:06:08 Image size of job updated: 509600
	498  -  MemoryUsage of job (MB)
	509600  -  ResidentSetSize of job (KB)
...
006 (16720352.000.000) 06/25 11:11:08 Image size of job updated: 515968
	504  -  MemoryUsage of job (MB)
	515968  -  ResidentSetSize of job (KB)
...
006 (16720352.000.000) 06/25 11:16:09 Image size of job updated: 520408
	509  -  MemoryUsage of job (MB)
	520408  -  ResidentSetSize of job (KB)
...
006 (16720352.000.000) 06/25 11:21:10 Image size of job updated: 522148
	510  -  MemoryUsage of job (MB)
	522148  -  ResidentSetSize of job (KB)
...
006 (16720352.000.000) 06/25 11:26:10 Image size of job updated: 523656
	512  -  MemoryUsage of job (MB)
	523656  -  ResidentSetSize of job (KB)
...
006 (16720352.000.000) 06/25 11:31:11 Image size of job updated: 528468
	517  -  MemoryUsage of job (MB)
	528468  -  ResidentSetSize of job (KB)
...
006 (16720352.000.000) 06/25 11:36:12 Image size of job updated: 532584
	521  -  MemoryUsage of job (MB)
	532584  -  ResidentSetSize of job (KB)
...
006 (16720352.000.000) 06/25 11:41:12 Image size of job updated: 537656
	526  -  MemoryUsage of job (MB)
	537656  -  ResidentSetSize of job (KB)
...
006 (16720352.000.000) 06/25 11:46:12 Image size of job updated: 542484
	530  -  MemoryUsage of job (MB)
	542484  -  ResidentSetSize of job (KB)
...
006 (16720352.000.000) 06/25 11:51:13 Image size of job updated: 546196
	534  -  MemoryUsage of job (MB)
	546196  -  ResidentSetSize of job (KB)
...
006 (16720352.000.000) 06/25 11:56:13 Image size of job updated: 550760
	538  -  MemoryUsage of job (MB)
	550760  -  ResidentSetSize of job (KB)
...
006 (16720352.000.000) 06/25 12:01:13 Image size of job updated: 555860
	543  -  MemoryUsage of job (MB)
	555860  -  ResidentSetSize of job (KB)
...
006 (16720352.000.000) 06/25 12:06:14 Image size of job updated: 561000
	548  -  MemoryUsage of job (MB)
	561000  -  ResidentSetSize of job (KB)
...
006 (16720352.000.000) 06/25 12:11:14 Image size of job updated: 567044
	554  -  MemoryUsage of job (MB)
	567044  -  ResidentSetSize of job (KB)
...
006 (16720352.000.000) 06/25 12:16:14 Image size of job updated: 574640
	562  -  MemoryUsage of job (MB)
	574640  -  ResidentSetSize of job (KB)
...
006 (16720352.000.000) 06/25 12:21:15 Image size of job updated: 576824
	564  -  MemoryUsage of job (MB)
	576824  -  ResidentSetSize of job (KB)
...
006 (16720352.000.000) 06/25 12:23:01 Image size of job updated: 578852
	564  -  MemoryUsage of job (MB)
	576824  -  ResidentSetSize of job (KB)
...
040 (16720352.000.000) 06/25 12:23:01 Started transferring output files
...
040 (16720352.000.000) 06/25 12:23:01 Finished transferring output files
...
004 (16720352.000.000) 06/25 12:23:02 Job was evicted. Code 1009 Subcode 0
	(0) CPU times
		Usr 0 00:00:35, Sys 0 00:00:29  -  Run Remote Usage
		Usr 0 00:00:00, Sys 0 00:00:00  -  Run Local Usage
	7356  -  Run Bytes Sent By Job
	128497  -  Run Bytes Received By Job
	Reason: Claim deactivated
	Partitionable Resources :    Usage  Request Allocated Assigned
	   Cpus                 :     0.00        3         3 
	   Disk (KB)            :   294     8388608   8389632 
	   GPUs                 :     0           1         1 "GPU-8c5fa06f"
	   GpusMemory (MB)      :   278                       
	   Memory (MB)          :   564        9000      9000 
	   TimeExecute (s)      :  5224                       
	   TimeSlotBusy (s)     :  5228                       
...
009 (16720352.000.000) 06/25 12:23:02 Job was aborted.
	via condor_rm (by user yeo)
...
