000 (16720545.000.000) 06/25 12:23:40 Job submitted from host: <188.185.114.121:9618?addrs=188.185.114.121-9618+[2001-1458-d00-a--100-273]-9618&alias=bigbird19.cern.ch&noUDP&sock=schedd_5103_cfe0>
...
040 (16720545.000.000) 06/25 12:24:25 Started transferring input files
	Transferring to host: <188.185.190.109:9618?addrs=188.185.190.109-9618+[2001-1458-d03-b--100-300]-9618&alias=b9pgpun014.cern.ch&noUDP&sock=slot1_2_10260_d91a_85182>
...
040 (16720545.000.000) 06/25 12:24:25 Finished transferring input files
...
001 (16720545.000.000) 06/25 12:24:26 Job executing on host: <188.185.190.109:9618?addrs=188.185.190.109-9618+[2001-1458-d03-b--100-300]-9618&alias=b9pgpun014.cern.ch&noUDP&sock=startd_9152_16d8>
	SlotName: slot1_2@b9pgpun014.cern.ch
	AvailableGPUs = { GPUs_GPU_45f32e65 }
	CondorScratchDir = "/pool/condor/dir_930162"
	Cpus = 3
	Disk = 8394566
	GPUs = 1
	GPUs_GPU_45f32e65 = [ Id = "GPU-45f32e65"; ClockMhz = 1785.0; Capability = 9.0; CoresPerCU = 128; DeviceName = "NVIDIA H100 NVL"; DeviceUuid = "45f32e65-fddf-18a1-63a5-d7c14d13255c"; ECCEnabled = true; ComputeUnits = 132; DriverVersion = 13.0; DevicePciBusId = "0000:3B:00.0"; GlobalMemoryMb = 95320; MaxSupportedVersion = 13000 ]
	Memory = 9000
...
006 (16720545.000.000) 06/25 12:24:40 Image size of job updated: 384508
	376  -  MemoryUsage of job (MB)
	384508  -  ResidentSetSize of job (KB)
...
006 (16720545.000.000) 06/25 12:29:41 Image size of job updated: 509572
	498  -  MemoryUsage of job (MB)
	509572  -  ResidentSetSize of job (KB)
...
006 (16720545.000.000) 06/25 12:34:41 Image size of job updated: 524020
	512  -  MemoryUsage of job (MB)
	524020  -  ResidentSetSize of job (KB)
...
006 (16720545.000.000) 06/25 12:39:42 Image size of job updated: 544096
	532  -  MemoryUsage of job (MB)
	544096  -  ResidentSetSize of job (KB)
...
006 (16720545.000.000) 06/25 12:44:43 Image size of job updated: 564372
	552  -  MemoryUsage of job (MB)
	564372  -  ResidentSetSize of job (KB)
...
006 (16720545.000.000) 06/25 12:49:43 Image size of job updated: 583148
	570  -  MemoryUsage of job (MB)
	583148  -  ResidentSetSize of job (KB)
...
006 (16720545.000.000) 06/25 12:54:44 Image size of job updated: 599572
	586  -  MemoryUsage of job (MB)
	599572  -  ResidentSetSize of job (KB)
...
006 (16720545.000.000) 06/25 12:59:45 Image size of job updated: 604836
	591  -  MemoryUsage of job (MB)
	604836  -  ResidentSetSize of job (KB)
...
006 (16720545.000.000) 06/25 13:04:45 Image size of job updated: 611352
	598  -  MemoryUsage of job (MB)
	611352  -  ResidentSetSize of job (KB)
...
006 (16720545.000.000) 06/25 13:09:46 Image size of job updated: 618880
	605  -  MemoryUsage of job (MB)
	618880  -  ResidentSetSize of job (KB)
...
006 (16720545.000.000) 06/25 13:14:47 Image size of job updated: 639184
	625  -  MemoryUsage of job (MB)
	639184  -  ResidentSetSize of job (KB)
...
006 (16720545.000.000) 06/25 13:19:47 Image size of job updated: 664480
	649  -  MemoryUsage of job (MB)
	664480  -  ResidentSetSize of job (KB)
...
006 (16720545.000.000) 06/25 13:24:48 Image size of job updated: 703716
	688  -  MemoryUsage of job (MB)
	703716  -  ResidentSetSize of job (KB)
...
006 (16720545.000.000) 06/25 13:29:49 Image size of job updated: 744400
	693  -  MemoryUsage of job (MB)
	709440  -  ResidentSetSize of job (KB)
...
006 (16720545.000.000) 06/25 13:34:49 Image size of job updated: 744400
	700  -  MemoryUsage of job (MB)
	716084  -  ResidentSetSize of job (KB)
...
006 (16720545.000.000) 06/25 13:39:50 Image size of job updated: 871216
	851  -  MemoryUsage of job (MB)
	871216  -  ResidentSetSize of job (KB)
...
006 (16720545.000.000) 06/25 13:44:51 Image size of job updated: 875432
	855  -  MemoryUsage of job (MB)
	875432  -  ResidentSetSize of job (KB)
...
006 (16720545.000.000) 06/25 13:49:51 Image size of job updated: 881944
	862  -  MemoryUsage of job (MB)
	881944  -  ResidentSetSize of job (KB)
...
006 (16720545.000.000) 06/25 13:54:52 Image size of job updated: 882040
	862  -  MemoryUsage of job (MB)
	882040  -  ResidentSetSize of job (KB)
...
006 (16720545.000.000) 06/25 13:59:53 Image size of job updated: 1309656
	1279  -  MemoryUsage of job (MB)
	1309656  -  ResidentSetSize of job (KB)
...
006 (16720545.000.000) 06/25 14:04:53 Image size of job updated: 1316560
	1286  -  MemoryUsage of job (MB)
	1316560  -  ResidentSetSize of job (KB)
...
006 (16720545.000.000) 06/25 14:09:54 Image size of job updated: 1316772
	1286  -  MemoryUsage of job (MB)
	1316772  -  ResidentSetSize of job (KB)
...
006 (16720545.000.000) 06/25 14:14:55 Image size of job updated: 1316868
	1287  -  MemoryUsage of job (MB)
	1316868  -  ResidentSetSize of job (KB)
...
006 (16720545.000.000) 06/25 14:19:55 Image size of job updated: 1316944
	1287  -  MemoryUsage of job (MB)
	1316944  -  ResidentSetSize of job (KB)
...
006 (16720545.000.000) 06/25 14:24:55 Image size of job updated: 1317072
	1287  -  MemoryUsage of job (MB)
	1317072  -  ResidentSetSize of job (KB)
...
006 (16720545.000.000) 06/25 14:29:56 Image size of job updated: 1317168
	1287  -  MemoryUsage of job (MB)
	1317168  -  ResidentSetSize of job (KB)
...
006 (16720545.000.000) 06/25 14:34:56 Image size of job updated: 1317252
	1287  -  MemoryUsage of job (MB)
	1317252  -  ResidentSetSize of job (KB)
...
006 (16720545.000.000) 06/25 14:39:56 Image size of job updated: 1317528
	1287  -  MemoryUsage of job (MB)
	1317528  -  ResidentSetSize of job (KB)
...
006 (16720545.000.000) 06/25 14:44:57 Image size of job updated: 1336340
	1306  -  MemoryUsage of job (MB)
	1336340  -  ResidentSetSize of job (KB)
...
006 (16720545.000.000) 06/25 14:49:57 Image size of job updated: 1336424
	1306  -  MemoryUsage of job (MB)
	1336424  -  ResidentSetSize of job (KB)
...
006 (16720545.000.000) 06/25 14:54:57 Image size of job updated: 1336504
	1306  -  MemoryUsage of job (MB)
	1336504  -  ResidentSetSize of job (KB)
...
006 (16720545.000.000) 06/25 14:59:58 Image size of job updated: 1336600
	1306  -  MemoryUsage of job (MB)
	1336600  -  ResidentSetSize of job (KB)
...
006 (16720545.000.000) 06/25 15:04:58 Image size of job updated: 1336828
	1306  -  MemoryUsage of job (MB)
	1336828  -  ResidentSetSize of job (KB)
...
006 (16720545.000.000) 06/25 15:09:58 Image size of job updated: 1336892
	1306  -  MemoryUsage of job (MB)
	1336892  -  ResidentSetSize of job (KB)
...
006 (16720545.000.000) 06/25 15:14:59 Image size of job updated: 1336944
	1306  -  MemoryUsage of job (MB)
	1336944  -  ResidentSetSize of job (KB)
...
006 (16720545.000.000) 06/25 15:19:59 Image size of job updated: 1337004
	1306  -  MemoryUsage of job (MB)
	1337004  -  ResidentSetSize of job (KB)
...
006 (16720545.000.000) 06/25 15:24:59 Image size of job updated: 1337072
	1306  -  MemoryUsage of job (MB)
	1337072  -  ResidentSetSize of job (KB)
...
006 (16720545.000.000) 06/25 15:30:01 Image size of job updated: 1337136
	1306  -  MemoryUsage of job (MB)
	1337136  -  ResidentSetSize of job (KB)
...
006 (16720545.000.000) 06/25 15:35:01 Image size of job updated: 1337184
	1306  -  MemoryUsage of job (MB)
	1337184  -  ResidentSetSize of job (KB)
...
006 (16720545.000.000) 06/25 15:40:01 Image size of job updated: 1337216
	1306  -  MemoryUsage of job (MB)
	1337216  -  ResidentSetSize of job (KB)
...
006 (16720545.000.000) 06/25 15:45:02 Image size of job updated: 1337288
	1306  -  MemoryUsage of job (MB)
	1337288  -  ResidentSetSize of job (KB)
...
006 (16720545.000.000) 06/25 15:50:03 Image size of job updated: 1337336
	1306  -  MemoryUsage of job (MB)
	1337336  -  ResidentSetSize of job (KB)
...
006 (16720545.000.000) 06/25 15:55:03 Image size of job updated: 1337404
	1307  -  MemoryUsage of job (MB)
	1337404  -  ResidentSetSize of job (KB)
...
006 (16720545.000.000) 06/25 16:00:04 Image size of job updated: 1337444
	1307  -  MemoryUsage of job (MB)
	1337444  -  ResidentSetSize of job (KB)
...
006 (16720545.000.000) 06/25 16:05:05 Image size of job updated: 1337508
	1307  -  MemoryUsage of job (MB)
	1337508  -  ResidentSetSize of job (KB)
...
006 (16720545.000.000) 06/25 16:10:05 Image size of job updated: 1337564
	1307  -  MemoryUsage of job (MB)
	1337564  -  ResidentSetSize of job (KB)
...
006 (16720545.000.000) 06/25 16:15:06 Image size of job updated: 1337632
	1307  -  MemoryUsage of job (MB)
	1337632  -  ResidentSetSize of job (KB)
...
006 (16720545.000.000) 06/25 16:20:07 Image size of job updated: 1337692
	1307  -  MemoryUsage of job (MB)
	1337692  -  ResidentSetSize of job (KB)
...
006 (16720545.000.000) 06/25 16:25:07 Image size of job updated: 1337740
	1307  -  MemoryUsage of job (MB)
	1337740  -  ResidentSetSize of job (KB)
...
006 (16720545.000.000) 06/25 16:30:08 Image size of job updated: 1337816
	1307  -  MemoryUsage of job (MB)
	1337816  -  ResidentSetSize of job (KB)
...
006 (16720545.000.000) 06/25 16:35:09 Image size of job updated: 1337876
	1307  -  MemoryUsage of job (MB)
	1337876  -  ResidentSetSize of job (KB)
...
006 (16720545.000.000) 06/25 16:40:09 Image size of job updated: 1337928
	1307  -  MemoryUsage of job (MB)
	1337928  -  ResidentSetSize of job (KB)
...
006 (16720545.000.000) 06/25 16:45:10 Image size of job updated: 1337972
	1307  -  MemoryUsage of job (MB)
	1337972  -  ResidentSetSize of job (KB)
...
006 (16720545.000.000) 06/25 16:50:11 Image size of job updated: 1338028
	1307  -  MemoryUsage of job (MB)
	1338028  -  ResidentSetSize of job (KB)
...
006 (16720545.000.000) 06/25 16:55:11 Image size of job updated: 1338068
	1307  -  MemoryUsage of job (MB)
	1338068  -  ResidentSetSize of job (KB)
...
006 (16720545.000.000) 06/25 17:00:12 Image size of job updated: 1338124
	1307  -  MemoryUsage of job (MB)
	1338124  -  ResidentSetSize of job (KB)
...
006 (16720545.000.000) 06/25 17:05:13 Image size of job updated: 1338172
	1307  -  MemoryUsage of job (MB)
	1338172  -  ResidentSetSize of job (KB)
...
006 (16720545.000.000) 06/25 17:10:13 Image size of job updated: 1338440
	1308  -  MemoryUsage of job (MB)
	1338440  -  ResidentSetSize of job (KB)
...
006 (16720545.000.000) 06/25 17:15:14 Image size of job updated: 1338500
	1308  -  MemoryUsage of job (MB)
	1338500  -  ResidentSetSize of job (KB)
...
006 (16720545.000.000) 06/25 17:20:15 Image size of job updated: 1338944
	1308  -  MemoryUsage of job (MB)
	1338944  -  ResidentSetSize of job (KB)
...
006 (16720545.000.000) 06/25 17:25:15 Image size of job updated: 1338988
	1308  -  MemoryUsage of job (MB)
	1338988  -  ResidentSetSize of job (KB)
...
006 (16720545.000.000) 06/25 17:30:16 Image size of job updated: 1339032
	1308  -  MemoryUsage of job (MB)
	1339032  -  ResidentSetSize of job (KB)
...
006 (16720545.000.000) 06/25 17:35:17 Image size of job updated: 1339084
	1308  -  MemoryUsage of job (MB)
	1339084  -  ResidentSetSize of job (KB)
...
006 (16720545.000.000) 06/25 17:40:17 Image size of job updated: 1339128
	1308  -  MemoryUsage of job (MB)
	1339128  -  ResidentSetSize of job (KB)
...
006 (16720545.000.000) 06/25 17:45:18 Image size of job updated: 1339184
	1308  -  MemoryUsage of job (MB)
	1339184  -  ResidentSetSize of job (KB)
...
006 (16720545.000.000) 06/25 17:50:19 Image size of job updated: 1339228
	1308  -  MemoryUsage of job (MB)
	1339228  -  ResidentSetSize of job (KB)
...
006 (16720545.000.000) 06/25 17:55:19 Image size of job updated: 1339264
	1308  -  MemoryUsage of job (MB)
	1339264  -  ResidentSetSize of job (KB)
...
006 (16720545.000.000) 06/25 18:00:20 Image size of job updated: 1339320
	1308  -  MemoryUsage of job (MB)
	1339320  -  ResidentSetSize of job (KB)
...
006 (16720545.000.000) 06/25 18:05:21 Image size of job updated: 1339380
	1308  -  MemoryUsage of job (MB)
	1339380  -  ResidentSetSize of job (KB)
...
006 (16720545.000.000) 06/25 18:10:21 Image size of job updated: 1339440
	1309  -  MemoryUsage of job (MB)
	1339440  -  ResidentSetSize of job (KB)
...
006 (16720545.000.000) 06/25 18:15:22 Image size of job updated: 1339496
	1309  -  MemoryUsage of job (MB)
	1339496  -  ResidentSetSize of job (KB)
...
006 (16720545.000.000) 06/25 18:20:23 Image size of job updated: 1339564
	1309  -  MemoryUsage of job (MB)
	1339564  -  ResidentSetSize of job (KB)
...
006 (16720545.000.000) 06/25 18:25:23 Image size of job updated: 1339600
	1309  -  MemoryUsage of job (MB)
	1339600  -  ResidentSetSize of job (KB)
...
006 (16720545.000.000) 06/25 18:30:24 Image size of job updated: 1339656
	1309  -  MemoryUsage of job (MB)
	1339656  -  ResidentSetSize of job (KB)
...
006 (16720545.000.000) 06/25 18:35:25 Image size of job updated: 1339704
	1309  -  MemoryUsage of job (MB)
	1339704  -  ResidentSetSize of job (KB)
...
006 (16720545.000.000) 06/25 18:40:25 Image size of job updated: 1339764
	1309  -  MemoryUsage of job (MB)
	1339764  -  ResidentSetSize of job (KB)
...
006 (16720545.000.000) 06/25 18:45:26 Image size of job updated: 1339808
	1309  -  MemoryUsage of job (MB)
	1339808  -  ResidentSetSize of job (KB)
...
006 (16720545.000.000) 06/25 18:50:27 Image size of job updated: 1339852
	1309  -  MemoryUsage of job (MB)
	1339852  -  ResidentSetSize of job (KB)
...
006 (16720545.000.000) 06/25 18:55:27 Image size of job updated: 1339896
	1309  -  MemoryUsage of job (MB)
	1339896  -  ResidentSetSize of job (KB)
...
006 (16720545.000.000) 06/25 19:00:27 Image size of job updated: 1339936
	1309  -  MemoryUsage of job (MB)
	1339936  -  ResidentSetSize of job (KB)
...
006 (16720545.000.000) 06/25 19:05:28 Image size of job updated: 1339984
	1309  -  MemoryUsage of job (MB)
	1339984  -  ResidentSetSize of job (KB)
...
006 (16720545.000.000) 06/25 19:10:28 Image size of job updated: 1340024
	1309  -  MemoryUsage of job (MB)
	1340024  -  ResidentSetSize of job (KB)
...
006 (16720545.000.000) 06/25 19:15:28 Image size of job updated: 1340064
	1309  -  MemoryUsage of job (MB)
	1340064  -  ResidentSetSize of job (KB)
...
006 (16720545.000.000) 06/25 19:20:29 Image size of job updated: 1340116
	1309  -  MemoryUsage of job (MB)
	1340116  -  ResidentSetSize of job (KB)
...
006 (16720545.000.000) 06/25 19:25:29 Image size of job updated: 1340176
	1309  -  MemoryUsage of job (MB)
	1340176  -  ResidentSetSize of job (KB)
...
006 (16720545.000.000) 06/25 19:30:29 Image size of job updated: 1340224
	1309  -  MemoryUsage of job (MB)
	1340224  -  ResidentSetSize of job (KB)
...
006 (16720545.000.000) 06/25 19:35:30 Image size of job updated: 1340276
	1309  -  MemoryUsage of job (MB)
	1340276  -  ResidentSetSize of job (KB)
...
006 (16720545.000.000) 06/25 19:40:30 Image size of job updated: 1340328
	1309  -  MemoryUsage of job (MB)
	1340328  -  ResidentSetSize of job (KB)
...
006 (16720545.000.000) 06/25 19:45:30 Image size of job updated: 1340400
	1309  -  MemoryUsage of job (MB)
	1340400  -  ResidentSetSize of job (KB)
...
006 (16720545.000.000) 06/25 19:50:31 Image size of job updated: 1340448
	1310  -  MemoryUsage of job (MB)
	1340448  -  ResidentSetSize of job (KB)
...
006 (16720545.000.000) 06/25 19:55:31 Image size of job updated: 1340496
	1310  -  MemoryUsage of job (MB)
	1340496  -  ResidentSetSize of job (KB)
...
006 (16720545.000.000) 06/25 20:00:31 Image size of job updated: 1340544
	1310  -  MemoryUsage of job (MB)
	1340544  -  ResidentSetSize of job (KB)
...
006 (16720545.000.000) 06/25 20:05:32 Image size of job updated: 1340596
	1310  -  MemoryUsage of job (MB)
	1340596  -  ResidentSetSize of job (KB)
...
006 (16720545.000.000) 06/25 20:10:32 Image size of job updated: 1340636
	1310  -  MemoryUsage of job (MB)
	1340636  -  ResidentSetSize of job (KB)
...
006 (16720545.000.000) 06/25 20:15:32 Image size of job updated: 1340676
	1310  -  MemoryUsage of job (MB)
	1340676  -  ResidentSetSize of job (KB)
...
006 (16720545.000.000) 06/25 20:20:33 Image size of job updated: 1340728
	1310  -  MemoryUsage of job (MB)
	1340728  -  ResidentSetSize of job (KB)
...
006 (16720545.000.000) 06/25 20:25:33 Image size of job updated: 1340788
	1310  -  MemoryUsage of job (MB)
	1340788  -  ResidentSetSize of job (KB)
...
006 (16720545.000.000) 06/25 20:30:33 Image size of job updated: 1340832
	1310  -  MemoryUsage of job (MB)
	1340832  -  ResidentSetSize of job (KB)
...
006 (16720545.000.000) 06/25 20:35:34 Image size of job updated: 1340904
	1310  -  MemoryUsage of job (MB)
	1340904  -  ResidentSetSize of job (KB)
...
006 (16720545.000.000) 06/25 20:40:34 Image size of job updated: 1340944
	1310  -  MemoryUsage of job (MB)
	1340944  -  ResidentSetSize of job (KB)
...
006 (16720545.000.000) 06/25 20:45:34 Image size of job updated: 1340992
	1310  -  MemoryUsage of job (MB)
	1340992  -  ResidentSetSize of job (KB)
...
006 (16720545.000.000) 06/25 20:50:35 Image size of job updated: 1341028
	1310  -  MemoryUsage of job (MB)
	1341028  -  ResidentSetSize of job (KB)
...
006 (16720545.000.000) 06/25 20:55:35 Image size of job updated: 1341076
	1310  -  MemoryUsage of job (MB)
	1341076  -  ResidentSetSize of job (KB)
...
006 (16720545.000.000) 06/25 21:00:35 Image size of job updated: 1341140
	1310  -  MemoryUsage of job (MB)
	1341140  -  ResidentSetSize of job (KB)
...
006 (16720545.000.000) 06/25 21:05:36 Image size of job updated: 1341184
	1310  -  MemoryUsage of job (MB)
	1341184  -  ResidentSetSize of job (KB)
...
006 (16720545.000.000) 06/25 21:10:36 Image size of job updated: 1343272
	1312  -  MemoryUsage of job (MB)
	1343272  -  ResidentSetSize of job (KB)
...
006 (16720545.000.000) 06/25 21:15:36 Image size of job updated: 1343324
	1312  -  MemoryUsage of job (MB)
	1343324  -  ResidentSetSize of job (KB)
...
006 (16720545.000.000) 06/25 21:20:37 Image size of job updated: 1344312
	1313  -  MemoryUsage of job (MB)
	1344312  -  ResidentSetSize of job (KB)
...
006 (16720545.000.000) 06/25 21:25:37 Image size of job updated: 1344352
	1313  -  MemoryUsage of job (MB)
	1344352  -  ResidentSetSize of job (KB)
...
006 (16720545.000.000) 06/25 21:30:37 Image size of job updated: 1344396
	1313  -  MemoryUsage of job (MB)
	1344396  -  ResidentSetSize of job (KB)
...
006 (16720545.000.000) 06/25 21:35:38 Image size of job updated: 1344436
	1313  -  MemoryUsage of job (MB)
	1344436  -  ResidentSetSize of job (KB)
...
006 (16720545.000.000) 06/25 21:40:38 Image size of job updated: 1344492
	1313  -  MemoryUsage of job (MB)
	1344492  -  ResidentSetSize of job (KB)
...
006 (16720545.000.000) 06/25 21:45:38 Image size of job updated: 1344516
	1314  -  MemoryUsage of job (MB)
	1344516  -  ResidentSetSize of job (KB)
...
006 (16720545.000.000) 06/25 21:50:39 Image size of job updated: 1344576
	1314  -  MemoryUsage of job (MB)
	1344576  -  ResidentSetSize of job (KB)
...
006 (16720545.000.000) 06/25 21:55:39 Image size of job updated: 1344620
	1314  -  MemoryUsage of job (MB)
	1344620  -  ResidentSetSize of job (KB)
...
006 (16720545.000.000) 06/25 22:00:39 Image size of job updated: 1344660
	1314  -  MemoryUsage of job (MB)
	1344660  -  ResidentSetSize of job (KB)
...
006 (16720545.000.000) 06/25 22:05:41 Image size of job updated: 1344720
	1314  -  MemoryUsage of job (MB)
	1344720  -  ResidentSetSize of job (KB)
...
006 (16720545.000.000) 06/25 22:10:41 Image size of job updated: 1344784
	1314  -  MemoryUsage of job (MB)
	1344784  -  ResidentSetSize of job (KB)
...
006 (16720545.000.000) 06/25 22:15:41 Image size of job updated: 1344836
	1314  -  MemoryUsage of job (MB)
	1344836  -  ResidentSetSize of job (KB)
...
006 (16720545.000.000) 06/25 22:20:42 Image size of job updated: 1344896
	1314  -  MemoryUsage of job (MB)
	1344896  -  ResidentSetSize of job (KB)
...
006 (16720545.000.000) 06/25 22:25:43 Image size of job updated: 1344940
	1314  -  MemoryUsage of job (MB)
	1344940  -  ResidentSetSize of job (KB)
...
006 (16720545.000.000) 06/25 22:30:43 Image size of job updated: 1344996
	1314  -  MemoryUsage of job (MB)
	1344996  -  ResidentSetSize of job (KB)
...
006 (16720545.000.000) 06/25 22:35:44 Image size of job updated: 1345024
	1314  -  MemoryUsage of job (MB)
	1345024  -  ResidentSetSize of job (KB)
...
006 (16720545.000.000) 06/25 22:40:45 Image size of job updated: 1345080
	1314  -  MemoryUsage of job (MB)
	1345080  -  ResidentSetSize of job (KB)
...
006 (16720545.000.000) 06/25 22:45:45 Image size of job updated: 1345136
	1314  -  MemoryUsage of job (MB)
	1345136  -  ResidentSetSize of job (KB)
...
006 (16720545.000.000) 06/25 22:50:46 Image size of job updated: 1345200
	1314  -  MemoryUsage of job (MB)
	1345200  -  ResidentSetSize of job (KB)
...
006 (16720545.000.000) 06/25 22:55:47 Image size of job updated: 1345256
	1314  -  MemoryUsage of job (MB)
	1345256  -  ResidentSetSize of job (KB)
...
006 (16720545.000.000) 06/25 23:00:47 Image size of job updated: 1345324
	1314  -  MemoryUsage of job (MB)
	1345324  -  ResidentSetSize of job (KB)
...
006 (16720545.000.000) 06/25 23:05:48 Image size of job updated: 1345356
	1314  -  MemoryUsage of job (MB)
	1345356  -  ResidentSetSize of job (KB)
...
006 (16720545.000.000) 06/25 23:10:49 Image size of job updated: 1345404
	1314  -  MemoryUsage of job (MB)
	1345404  -  ResidentSetSize of job (KB)
...
006 (16720545.000.000) 06/25 23:15:49 Image size of job updated: 1345460
	1314  -  MemoryUsage of job (MB)
	1345460  -  ResidentSetSize of job (KB)
...
006 (16720545.000.000) 06/25 23:20:50 Image size of job updated: 1345504
	1314  -  MemoryUsage of job (MB)
	1345504  -  ResidentSetSize of job (KB)
...
006 (16720545.000.000) 06/25 23:25:51 Image size of job updated: 1345564
	1315  -  MemoryUsage of job (MB)
	1345564  -  ResidentSetSize of job (KB)
...
006 (16720545.000.000) 06/25 23:30:51 Image size of job updated: 1345620
	1315  -  MemoryUsage of job (MB)
	1345620  -  ResidentSetSize of job (KB)
...
006 (16720545.000.000) 06/25 23:35:52 Image size of job updated: 1345656
	1315  -  MemoryUsage of job (MB)
	1345656  -  ResidentSetSize of job (KB)
...
006 (16720545.000.000) 06/25 23:40:53 Image size of job updated: 1345712
	1315  -  MemoryUsage of job (MB)
	1345712  -  ResidentSetSize of job (KB)
...
006 (16720545.000.000) 06/25 23:45:53 Image size of job updated: 1345740
	1315  -  MemoryUsage of job (MB)
	1345740  -  ResidentSetSize of job (KB)
...
006 (16720545.000.000) 06/25 23:50:54 Image size of job updated: 1345780
	1315  -  MemoryUsage of job (MB)
	1345780  -  ResidentSetSize of job (KB)
...
006 (16720545.000.000) 06/25 23:55:55 Image size of job updated: 1345824
	1315  -  MemoryUsage of job (MB)
	1345824  -  ResidentSetSize of job (KB)
...
006 (16720545.000.000) 06/26 00:00:55 Image size of job updated: 1345864
	1315  -  MemoryUsage of job (MB)
	1345864  -  ResidentSetSize of job (KB)
...
006 (16720545.000.000) 06/26 00:05:56 Image size of job updated: 1345912
	1315  -  MemoryUsage of job (MB)
	1345912  -  ResidentSetSize of job (KB)
...
006 (16720545.000.000) 06/26 00:10:57 Image size of job updated: 1345944
	1315  -  MemoryUsage of job (MB)
	1345944  -  ResidentSetSize of job (KB)
...
006 (16720545.000.000) 06/26 00:15:57 Image size of job updated: 1346000
	1315  -  MemoryUsage of job (MB)
	1346000  -  ResidentSetSize of job (KB)
...
006 (16720545.000.000) 06/26 00:20:58 Image size of job updated: 1346048
	1315  -  MemoryUsage of job (MB)
	1346048  -  ResidentSetSize of job (KB)
...
006 (16720545.000.000) 06/26 00:25:59 Image size of job updated: 1346100
	1315  -  MemoryUsage of job (MB)
	1346100  -  ResidentSetSize of job (KB)
...
006 (16720545.000.000) 06/26 00:30:59 Image size of job updated: 1346132
	1315  -  MemoryUsage of job (MB)
	1346132  -  ResidentSetSize of job (KB)
...
006 (16720545.000.000) 06/26 00:36:00 Image size of job updated: 1346172
	1315  -  MemoryUsage of job (MB)
	1346172  -  ResidentSetSize of job (KB)
...
006 (16720545.000.000) 06/26 00:41:01 Image size of job updated: 1346216
	1315  -  MemoryUsage of job (MB)
	1346216  -  ResidentSetSize of job (KB)
...
006 (16720545.000.000) 06/26 00:46:01 Image size of job updated: 1346256
	1315  -  MemoryUsage of job (MB)
	1346256  -  ResidentSetSize of job (KB)
...
006 (16720545.000.000) 06/26 00:51:02 Image size of job updated: 1346312
	1315  -  MemoryUsage of job (MB)
	1346312  -  ResidentSetSize of job (KB)
...
006 (16720545.000.000) 06/26 00:56:03 Image size of job updated: 1346360
	1315  -  MemoryUsage of job (MB)
	1346360  -  ResidentSetSize of job (KB)
...
006 (16720545.000.000) 06/26 01:01:03 Image size of job updated: 1346396
	1315  -  MemoryUsage of job (MB)
	1346396  -  ResidentSetSize of job (KB)
...
006 (16720545.000.000) 06/26 01:06:04 Image size of job updated: 1346452
	1315  -  MemoryUsage of job (MB)
	1346452  -  ResidentSetSize of job (KB)
...
006 (16720545.000.000) 06/26 01:11:05 Image size of job updated: 1346512
	1315  -  MemoryUsage of job (MB)
	1346512  -  ResidentSetSize of job (KB)
...
006 (16720545.000.000) 06/26 01:16:05 Image size of job updated: 1346568
	1316  -  MemoryUsage of job (MB)
	1346568  -  ResidentSetSize of job (KB)
...
006 (16720545.000.000) 06/26 01:21:06 Image size of job updated: 1346620
	1316  -  MemoryUsage of job (MB)
	1346620  -  ResidentSetSize of job (KB)
...
006 (16720545.000.000) 06/26 01:26:07 Image size of job updated: 1346664
	1316  -  MemoryUsage of job (MB)
	1346664  -  ResidentSetSize of job (KB)
...
006 (16720545.000.000) 06/26 01:31:07 Image size of job updated: 1346724
	1316  -  MemoryUsage of job (MB)
	1346724  -  ResidentSetSize of job (KB)
...
006 (16720545.000.000) 06/26 01:36:08 Image size of job updated: 1346784
	1316  -  MemoryUsage of job (MB)
	1346784  -  ResidentSetSize of job (KB)
...
006 (16720545.000.000) 06/26 01:41:09 Image size of job updated: 1346832
	1316  -  MemoryUsage of job (MB)
	1346832  -  ResidentSetSize of job (KB)
...
006 (16720545.000.000) 06/26 01:46:09 Image size of job updated: 1346888
	1316  -  MemoryUsage of job (MB)
	1346888  -  ResidentSetSize of job (KB)
...
006 (16720545.000.000) 06/26 01:51:10 Image size of job updated: 1346932
	1316  -  MemoryUsage of job (MB)
	1346932  -  ResidentSetSize of job (KB)
...
006 (16720545.000.000) 06/26 01:56:11 Image size of job updated: 1347004
	1316  -  MemoryUsage of job (MB)
	1347004  -  ResidentSetSize of job (KB)
...
006 (16720545.000.000) 06/26 02:01:11 Image size of job updated: 1347060
	1316  -  MemoryUsage of job (MB)
	1347060  -  ResidentSetSize of job (KB)
...
006 (16720545.000.000) 06/26 02:06:12 Image size of job updated: 1347116
	1316  -  MemoryUsage of job (MB)
	1347116  -  ResidentSetSize of job (KB)
...
006 (16720545.000.000) 06/26 02:11:13 Image size of job updated: 1347164
	1316  -  MemoryUsage of job (MB)
	1347164  -  ResidentSetSize of job (KB)
...
006 (16720545.000.000) 06/26 02:16:13 Image size of job updated: 1347228
	1316  -  MemoryUsage of job (MB)
	1347228  -  ResidentSetSize of job (KB)
...
006 (16720545.000.000) 06/26 02:21:14 Image size of job updated: 1347272
	1316  -  MemoryUsage of job (MB)
	1347272  -  ResidentSetSize of job (KB)
...
006 (16720545.000.000) 06/26 02:26:15 Image size of job updated: 1348064
	1317  -  MemoryUsage of job (MB)
	1348064  -  ResidentSetSize of job (KB)
...
006 (16720545.000.000) 06/26 02:31:15 Image size of job updated: 1348128
	1317  -  MemoryUsage of job (MB)
	1348128  -  ResidentSetSize of job (KB)
...
006 (16720545.000.000) 06/26 02:36:16 Image size of job updated: 1348196
	1317  -  MemoryUsage of job (MB)
	1348196  -  ResidentSetSize of job (KB)
...
006 (16720545.000.000) 06/26 02:41:17 Image size of job updated: 1348244
	1317  -  MemoryUsage of job (MB)
	1348244  -  ResidentSetSize of job (KB)
...
006 (16720545.000.000) 06/26 02:46:17 Image size of job updated: 1348288
	1317  -  MemoryUsage of job (MB)
	1348288  -  ResidentSetSize of job (KB)
...
006 (16720545.000.000) 06/26 02:51:18 Image size of job updated: 1348344
	1317  -  MemoryUsage of job (MB)
	1348344  -  ResidentSetSize of job (KB)
...
006 (16720545.000.000) 06/26 02:56:19 Image size of job updated: 1348388
	1317  -  MemoryUsage of job (MB)
	1348388  -  ResidentSetSize of job (KB)
...
006 (16720545.000.000) 06/26 03:01:19 Image size of job updated: 1348432
	1317  -  MemoryUsage of job (MB)
	1348432  -  ResidentSetSize of job (KB)
...
006 (16720545.000.000) 06/26 03:06:20 Image size of job updated: 1348492
	1317  -  MemoryUsage of job (MB)
	1348492  -  ResidentSetSize of job (KB)
...
006 (16720545.000.000) 06/26 03:11:21 Image size of job updated: 1348548
	1317  -  MemoryUsage of job (MB)
	1348548  -  ResidentSetSize of job (KB)
...
006 (16720545.000.000) 06/26 03:16:21 Image size of job updated: 1348608
	1317  -  MemoryUsage of job (MB)
	1348608  -  ResidentSetSize of job (KB)
...
006 (16720545.000.000) 06/26 03:21:22 Image size of job updated: 1348660
	1318  -  MemoryUsage of job (MB)
	1348660  -  ResidentSetSize of job (KB)
...
006 (16720545.000.000) 06/26 03:26:23 Image size of job updated: 1348704
	1318  -  MemoryUsage of job (MB)
	1348704  -  ResidentSetSize of job (KB)
...
006 (16720545.000.000) 06/26 03:31:23 Image size of job updated: 1348744
	1318  -  MemoryUsage of job (MB)
	1348744  -  ResidentSetSize of job (KB)
...
006 (16720545.000.000) 06/26 03:36:24 Image size of job updated: 1348808
	1318  -  MemoryUsage of job (MB)
	1348808  -  ResidentSetSize of job (KB)
...
006 (16720545.000.000) 06/26 03:41:25 Image size of job updated: 1348852
	1318  -  MemoryUsage of job (MB)
	1348852  -  ResidentSetSize of job (KB)
...
006 (16720545.000.000) 06/26 03:46:25 Image size of job updated: 1348912
	1318  -  MemoryUsage of job (MB)
	1348912  -  ResidentSetSize of job (KB)
...
006 (16720545.000.000) 06/26 03:51:26 Image size of job updated: 1348976
	1318  -  MemoryUsage of job (MB)
	1348976  -  ResidentSetSize of job (KB)
...
006 (16720545.000.000) 06/26 03:56:27 Image size of job updated: 1349020
	1318  -  MemoryUsage of job (MB)
	1349020  -  ResidentSetSize of job (KB)
...
006 (16720545.000.000) 06/26 04:01:27 Image size of job updated: 1349060
	1318  -  MemoryUsage of job (MB)
	1349060  -  ResidentSetSize of job (KB)
...
006 (16720545.000.000) 06/26 04:06:28 Image size of job updated: 1349124
	1318  -  MemoryUsage of job (MB)
	1349124  -  ResidentSetSize of job (KB)
...
006 (16720545.000.000) 06/26 04:11:29 Image size of job updated: 1349184
	1318  -  MemoryUsage of job (MB)
	1349184  -  ResidentSetSize of job (KB)
...
006 (16720545.000.000) 06/26 04:16:29 Image size of job updated: 1349224
	1318  -  MemoryUsage of job (MB)
	1349224  -  ResidentSetSize of job (KB)
...
006 (16720545.000.000) 06/26 04:21:30 Image size of job updated: 1349292
	1318  -  MemoryUsage of job (MB)
	1349292  -  ResidentSetSize of job (KB)
...
006 (16720545.000.000) 06/26 04:26:31 Image size of job updated: 1349344
	1318  -  MemoryUsage of job (MB)
	1349344  -  ResidentSetSize of job (KB)
...
006 (16720545.000.000) 06/26 04:31:31 Image size of job updated: 1349388
	1318  -  MemoryUsage of job (MB)
	1349388  -  ResidentSetSize of job (KB)
...
006 (16720545.000.000) 06/26 04:36:32 Image size of job updated: 1349436
	1318  -  MemoryUsage of job (MB)
	1349436  -  ResidentSetSize of job (KB)
...
006 (16720545.000.000) 06/26 04:41:33 Image size of job updated: 1349488
	1318  -  MemoryUsage of job (MB)
	1349488  -  ResidentSetSize of job (KB)
...
006 (16720545.000.000) 06/26 04:46:33 Image size of job updated: 1349536
	1318  -  MemoryUsage of job (MB)
	1349536  -  ResidentSetSize of job (KB)
...
006 (16720545.000.000) 06/26 04:51:34 Image size of job updated: 1349596
	1318  -  MemoryUsage of job (MB)
	1349596  -  ResidentSetSize of job (KB)
...
006 (16720545.000.000) 06/26 04:56:35 Image size of job updated: 1349664
	1319  -  MemoryUsage of job (MB)
	1349664  -  ResidentSetSize of job (KB)
...
006 (16720545.000.000) 06/26 05:01:35 Image size of job updated: 1349716
	1319  -  MemoryUsage of job (MB)
	1349716  -  ResidentSetSize of job (KB)
...
006 (16720545.000.000) 06/26 05:06:36 Image size of job updated: 1349784
	1319  -  MemoryUsage of job (MB)
	1349784  -  ResidentSetSize of job (KB)
...
006 (16720545.000.000) 06/26 05:11:37 Image size of job updated: 1349840
	1319  -  MemoryUsage of job (MB)
	1349840  -  ResidentSetSize of job (KB)
...
006 (16720545.000.000) 06/26 05:16:37 Image size of job updated: 1351956
	1321  -  MemoryUsage of job (MB)
	1351956  -  ResidentSetSize of job (KB)
...
006 (16720545.000.000) 06/26 05:21:38 Image size of job updated: 1352032
	1321  -  MemoryUsage of job (MB)
	1352032  -  ResidentSetSize of job (KB)
...
006 (16720545.000.000) 06/26 05:26:39 Image size of job updated: 1353632
	1322  -  MemoryUsage of job (MB)
	1353632  -  ResidentSetSize of job (KB)
...
006 (16720545.000.000) 06/26 05:31:39 Image size of job updated: 1353712
	1322  -  MemoryUsage of job (MB)
	1353712  -  ResidentSetSize of job (KB)
...
006 (16720545.000.000) 06/26 05:36:40 Image size of job updated: 1353772
	1323  -  MemoryUsage of job (MB)
	1353772  -  ResidentSetSize of job (KB)
...
006 (16720545.000.000) 06/26 05:41:41 Image size of job updated: 1353824
	1323  -  MemoryUsage of job (MB)
	1353824  -  ResidentSetSize of job (KB)
...
006 (16720545.000.000) 06/26 05:46:41 Image size of job updated: 1353896
	1323  -  MemoryUsage of job (MB)
	1353896  -  ResidentSetSize of job (KB)
...
006 (16720545.000.000) 06/26 05:51:42 Image size of job updated: 1353948
	1323  -  MemoryUsage of job (MB)
	1353948  -  ResidentSetSize of job (KB)
...
006 (16720545.000.000) 06/26 05:56:43 Image size of job updated: 1353996
	1323  -  MemoryUsage of job (MB)
	1353996  -  ResidentSetSize of job (KB)
...
006 (16720545.000.000) 06/26 06:01:43 Image size of job updated: 1354056
	1323  -  MemoryUsage of job (MB)
	1354056  -  ResidentSetSize of job (KB)
...
006 (16720545.000.000) 06/26 06:06:44 Image size of job updated: 1354128
	1323  -  MemoryUsage of job (MB)
	1354128  -  ResidentSetSize of job (KB)
...
006 (16720545.000.000) 06/26 06:11:44 Image size of job updated: 1354184
	1323  -  MemoryUsage of job (MB)
	1354184  -  ResidentSetSize of job (KB)
...
006 (16720545.000.000) 06/26 06:16:44 Image size of job updated: 1354240
	1323  -  MemoryUsage of job (MB)
	1354240  -  ResidentSetSize of job (KB)
...
006 (16720545.000.000) 06/26 06:21:45 Image size of job updated: 1354316
	1323  -  MemoryUsage of job (MB)
	1354316  -  ResidentSetSize of job (KB)
...
006 (16720545.000.000) 06/26 06:26:45 Image size of job updated: 1354384
	1323  -  MemoryUsage of job (MB)
	1354384  -  ResidentSetSize of job (KB)
...
006 (16720545.000.000) 06/26 06:31:45 Image size of job updated: 1354432
	1323  -  MemoryUsage of job (MB)
	1354432  -  ResidentSetSize of job (KB)
...
006 (16720545.000.000) 06/26 06:36:46 Image size of job updated: 1354492
	1323  -  MemoryUsage of job (MB)
	1354492  -  ResidentSetSize of job (KB)
...
006 (16720545.000.000) 06/26 06:41:46 Image size of job updated: 1354544
	1323  -  MemoryUsage of job (MB)
	1354544  -  ResidentSetSize of job (KB)
...
006 (16720545.000.000) 06/26 06:46:47 Image size of job updated: 1354600
	1323  -  MemoryUsage of job (MB)
	1354600  -  ResidentSetSize of job (KB)
...
006 (16720545.000.000) 06/26 06:51:48 Image size of job updated: 1354668
	1323  -  MemoryUsage of job (MB)
	1354668  -  ResidentSetSize of job (KB)
...
006 (16720545.000.000) 06/26 06:56:48 Image size of job updated: 1354724
	1323  -  MemoryUsage of job (MB)
	1354724  -  ResidentSetSize of job (KB)
...
006 (16720545.000.000) 06/26 07:01:50 Image size of job updated: 1354772
	1324  -  MemoryUsage of job (MB)
	1354772  -  ResidentSetSize of job (KB)
...
006 (16720545.000.000) 06/26 07:06:50 Image size of job updated: 1354836
	1324  -  MemoryUsage of job (MB)
	1354836  -  ResidentSetSize of job (KB)
...
006 (16720545.000.000) 06/26 07:11:50 Image size of job updated: 1354880
	1324  -  MemoryUsage of job (MB)
	1354880  -  ResidentSetSize of job (KB)
...
006 (16720545.000.000) 06/26 07:16:51 Image size of job updated: 1354956
	1324  -  MemoryUsage of job (MB)
	1354956  -  ResidentSetSize of job (KB)
...
006 (16720545.000.000) 06/26 07:21:51 Image size of job updated: 1355024
	1324  -  MemoryUsage of job (MB)
	1355024  -  ResidentSetSize of job (KB)
...
006 (16720545.000.000) 06/26 07:26:51 Image size of job updated: 1355064
	1324  -  MemoryUsage of job (MB)
	1355064  -  ResidentSetSize of job (KB)
...
006 (16720545.000.000) 06/26 07:31:52 Image size of job updated: 1355124
	1324  -  MemoryUsage of job (MB)
	1355124  -  ResidentSetSize of job (KB)
...
006 (16720545.000.000) 06/26 07:36:52 Image size of job updated: 1355188
	1324  -  MemoryUsage of job (MB)
	1355188  -  ResidentSetSize of job (KB)
...
006 (16720545.000.000) 06/26 07:41:53 Image size of job updated: 1355240
	1324  -  MemoryUsage of job (MB)
	1355240  -  ResidentSetSize of job (KB)
...
006 (16720545.000.000) 06/26 07:46:54 Image size of job updated: 1355308
	1324  -  MemoryUsage of job (MB)
	1355308  -  ResidentSetSize of job (KB)
...
006 (16720545.000.000) 06/26 07:51:54 Image size of job updated: 1355368
	1324  -  MemoryUsage of job (MB)
	1355368  -  ResidentSetSize of job (KB)
...
006 (16720545.000.000) 06/26 07:56:55 Image size of job updated: 1355420
	1324  -  MemoryUsage of job (MB)
	1355420  -  ResidentSetSize of job (KB)
...
006 (16720545.000.000) 06/26 08:01:56 Image size of job updated: 1355476
	1324  -  MemoryUsage of job (MB)
	1355476  -  ResidentSetSize of job (KB)
...
006 (16720545.000.000) 06/26 08:06:56 Image size of job updated: 1355536
	1324  -  MemoryUsage of job (MB)
	1355536  -  ResidentSetSize of job (KB)
...
006 (16720545.000.000) 06/26 08:11:57 Image size of job updated: 1355592
	1324  -  MemoryUsage of job (MB)
	1355592  -  ResidentSetSize of job (KB)
...
006 (16720545.000.000) 06/26 08:16:58 Image size of job updated: 1355644
	1324  -  MemoryUsage of job (MB)
	1355644  -  ResidentSetSize of job (KB)
...
006 (16720545.000.000) 06/26 08:21:58 Image size of job updated: 1355704
	1324  -  MemoryUsage of job (MB)
	1355704  -  ResidentSetSize of job (KB)
...
006 (16720545.000.000) 06/26 08:26:59 Image size of job updated: 1355748
	1324  -  MemoryUsage of job (MB)
	1355748  -  ResidentSetSize of job (KB)
...
006 (16720545.000.000) 06/26 08:32:00 Image size of job updated: 1355824
	1325  -  MemoryUsage of job (MB)
	1355824  -  ResidentSetSize of job (KB)
...
006 (16720545.000.000) 06/26 08:37:00 Image size of job updated: 1355884
	1325  -  MemoryUsage of job (MB)
	1355884  -  ResidentSetSize of job (KB)
...
006 (16720545.000.000) 06/26 08:42:01 Image size of job updated: 1355944
	1325  -  MemoryUsage of job (MB)
	1355944  -  ResidentSetSize of job (KB)
...
006 (16720545.000.000) 06/26 08:47:02 Image size of job updated: 1355988
	1325  -  MemoryUsage of job (MB)
	1355988  -  ResidentSetSize of job (KB)
...
006 (16720545.000.000) 06/26 08:52:02 Image size of job updated: 1356048
	1325  -  MemoryUsage of job (MB)
	1356048  -  ResidentSetSize of job (KB)
...
006 (16720545.000.000) 06/26 08:57:03 Image size of job updated: 1356108
	1325  -  MemoryUsage of job (MB)
	1356108  -  ResidentSetSize of job (KB)
...
006 (16720545.000.000) 06/26 09:02:04 Image size of job updated: 1356176
	1325  -  MemoryUsage of job (MB)
	1356176  -  ResidentSetSize of job (KB)
...
006 (16720545.000.000) 06/26 09:07:04 Image size of job updated: 1356224
	1325  -  MemoryUsage of job (MB)
	1356224  -  ResidentSetSize of job (KB)
...
006 (16720545.000.000) 06/26 09:12:05 Image size of job updated: 1356276
	1325  -  MemoryUsage of job (MB)
	1356276  -  ResidentSetSize of job (KB)
...
006 (16720545.000.000) 06/26 09:17:06 Image size of job updated: 1356324
	1325  -  MemoryUsage of job (MB)
	1356324  -  ResidentSetSize of job (KB)
...
006 (16720545.000.000) 06/26 09:22:06 Image size of job updated: 1356368
	1325  -  MemoryUsage of job (MB)
	1356368  -  ResidentSetSize of job (KB)
...
006 (16720545.000.000) 06/26 09:27:07 Image size of job updated: 1356428
	1325  -  MemoryUsage of job (MB)
	1356428  -  ResidentSetSize of job (KB)
...
006 (16720545.000.000) 06/26 09:32:08 Image size of job updated: 1356476
	1325  -  MemoryUsage of job (MB)
	1356476  -  ResidentSetSize of job (KB)
...
006 (16720545.000.000) 06/26 09:37:08 Image size of job updated: 1356540
	1325  -  MemoryUsage of job (MB)
	1356540  -  ResidentSetSize of job (KB)
...
006 (16720545.000.000) 06/26 09:42:09 Image size of job updated: 1356616
	1325  -  MemoryUsage of job (MB)
	1356616  -  ResidentSetSize of job (KB)
...
006 (16720545.000.000) 06/26 09:47:10 Image size of job updated: 1356664
	1325  -  MemoryUsage of job (MB)
	1356664  -  ResidentSetSize of job (KB)
...
006 (16720545.000.000) 06/26 09:52:10 Image size of job updated: 1356736
	1325  -  MemoryUsage of job (MB)
	1356736  -  ResidentSetSize of job (KB)
...
006 (16720545.000.000) 06/26 09:57:11 Image size of job updated: 1356788
	1325  -  MemoryUsage of job (MB)
	1356788  -  ResidentSetSize of job (KB)
...
006 (16720545.000.000) 06/26 10:02:12 Image size of job updated: 1356848
	1326  -  MemoryUsage of job (MB)
	1356848  -  ResidentSetSize of job (KB)
...
006 (16720545.000.000) 06/26 10:07:12 Image size of job updated: 1356908
	1326  -  MemoryUsage of job (MB)
	1356908  -  ResidentSetSize of job (KB)
...
006 (16720545.000.000) 06/26 10:12:12 Image size of job updated: 1356952
	1326  -  MemoryUsage of job (MB)
	1356952  -  ResidentSetSize of job (KB)
...
006 (16720545.000.000) 06/26 10:17:13 Image size of job updated: 1357004
	1326  -  MemoryUsage of job (MB)
	1357004  -  ResidentSetSize of job (KB)
...
006 (16720545.000.000) 06/26 10:22:13 Image size of job updated: 1357076
	1326  -  MemoryUsage of job (MB)
	1357076  -  ResidentSetSize of job (KB)
...
006 (16720545.000.000) 06/26 10:27:13 Image size of job updated: 1357140
	1326  -  MemoryUsage of job (MB)
	1357140  -  ResidentSetSize of job (KB)
...
006 (16720545.000.000) 06/26 10:32:14 Image size of job updated: 1357212
	1326  -  MemoryUsage of job (MB)
	1357212  -  ResidentSetSize of job (KB)
...
006 (16720545.000.000) 06/26 10:37:14 Image size of job updated: 1357264
	1326  -  MemoryUsage of job (MB)
	1357264  -  ResidentSetSize of job (KB)
...
006 (16720545.000.000) 06/26 10:42:14 Image size of job updated: 1357320
	1326  -  MemoryUsage of job (MB)
	1357320  -  ResidentSetSize of job (KB)
...
006 (16720545.000.000) 06/26 10:47:15 Image size of job updated: 1357376
	1326  -  MemoryUsage of job (MB)
	1357376  -  ResidentSetSize of job (KB)
...
006 (16720545.000.000) 06/26 10:52:15 Image size of job updated: 1357452
	1326  -  MemoryUsage of job (MB)
	1357452  -  ResidentSetSize of job (KB)
...
006 (16720545.000.000) 06/26 10:57:15 Image size of job updated: 1357536
	1326  -  MemoryUsage of job (MB)
	1357536  -  ResidentSetSize of job (KB)
...
006 (16720545.000.000) 06/26 11:02:16 Image size of job updated: 1357580
	1326  -  MemoryUsage of job (MB)
	1357580  -  ResidentSetSize of job (KB)
...
006 (16720545.000.000) 06/26 11:07:16 Image size of job updated: 1357628
	1326  -  MemoryUsage of job (MB)
	1357628  -  ResidentSetSize of job (KB)
...
006 (16720545.000.000) 06/26 11:12:16 Image size of job updated: 1357692
	1326  -  MemoryUsage of job (MB)
	1357692  -  ResidentSetSize of job (KB)
...
006 (16720545.000.000) 06/26 11:17:17 Image size of job updated: 1357756
	1326  -  MemoryUsage of job (MB)
	1357756  -  ResidentSetSize of job (KB)
...
006 (16720545.000.000) 06/26 11:22:17 Image size of job updated: 1357836
	1327  -  MemoryUsage of job (MB)
	1357836  -  ResidentSetSize of job (KB)
...
006 (16720545.000.000) 06/26 11:27:17 Image size of job updated: 1357896
	1327  -  MemoryUsage of job (MB)
	1357896  -  ResidentSetSize of job (KB)
...
006 (16720545.000.000) 06/26 11:32:18 Image size of job updated: 1357948
	1327  -  MemoryUsage of job (MB)
	1357948  -  ResidentSetSize of job (KB)
...
006 (16720545.000.000) 06/26 11:37:18 Image size of job updated: 1358016
	1327  -  MemoryUsage of job (MB)
	1358016  -  ResidentSetSize of job (KB)
...
006 (16720545.000.000) 06/26 11:42:18 Image size of job updated: 1358084
	1327  -  MemoryUsage of job (MB)
	1358084  -  ResidentSetSize of job (KB)
...
006 (16720545.000.000) 06/26 11:47:19 Image size of job updated: 1358172
	1327  -  MemoryUsage of job (MB)
	1358172  -  ResidentSetSize of job (KB)
...
006 (16720545.000.000) 06/26 11:52:19 Image size of job updated: 1358252
	1327  -  MemoryUsage of job (MB)
	1358252  -  ResidentSetSize of job (KB)
...
006 (16720545.000.000) 06/26 11:57:19 Image size of job updated: 1358332
	1327  -  MemoryUsage of job (MB)
	1358332  -  ResidentSetSize of job (KB)
...
006 (16720545.000.000) 06/26 12:02:20 Image size of job updated: 1358392
	1327  -  MemoryUsage of job (MB)
	1358392  -  ResidentSetSize of job (KB)
...
006 (16720545.000.000) 06/26 12:07:20 Image size of job updated: 1358448
	1327  -  MemoryUsage of job (MB)
	1358448  -  ResidentSetSize of job (KB)
...
006 (16720545.000.000) 06/26 12:12:20 Image size of job updated: 1360560
	1329  -  MemoryUsage of job (MB)
	1360560  -  ResidentSetSize of job (KB)
...
006 (16720545.000.000) 06/26 12:17:21 Image size of job updated: 1360656
	1329  -  MemoryUsage of job (MB)
	1360656  -  ResidentSetSize of job (KB)
...
006 (16720545.000.000) 06/26 12:22:21 Image size of job updated: 1360740
	1329  -  MemoryUsage of job (MB)
	1360740  -  ResidentSetSize of job (KB)
...
006 (16720545.000.000) 06/26 12:25:28 Image size of job updated: 1360780
	1329  -  MemoryUsage of job (MB)
	1360740  -  ResidentSetSize of job (KB)
...
040 (16720545.000.000) 06/26 12:25:31 Started transferring output files
...
040 (16720545.000.000) 06/26 12:25:32 Finished transferring output files
...
009 (16720545.000.000) 06/26 12:25:33 Job was aborted.
	Job removed by SYSTEM_PERIODIC_REMOVE due to wall time exceeded allowed max.
...
