Traceback (most recent call last):
  File "/pool/condor/dir_3261336/train_resnet_image_classifier.py", line 1147, in <module>
    main()
    ~~~~^^
  File "/pool/condor/dir_3261336/train_resnet_image_classifier.py", line 1030, in main
    train_pack = run_one_epoch(model, train_loader, device, optimizer=optimizer, scaler=scaler)
  File "/pool/condor/dir_3261336/train_resnet_image_classifier.py", line 545, in run_one_epoch
    for batch in loader:
                 ^^^^^^
  File "/cvmfs/sft.cern.ch/lcg/views/LCG_109_cuda/x86_64-el9-gcc13-opt/lib/python3.13/site-packages/torch/utils/data/dataloader.py", line 741, in __next__
    data = self._next_data()
  File "/cvmfs/sft.cern.ch/lcg/views/LCG_109_cuda/x86_64-el9-gcc13-opt/lib/python3.13/site-packages/torch/utils/data/dataloader.py", line 801, in _next_data
    data = self._dataset_fetcher.fetch(index)  # may raise StopIteration
  File "/cvmfs/sft.cern.ch/lcg/views/LCG_109_cuda/x86_64-el9-gcc13-opt/lib/python3.13/site-packages/torch/utils/data/_utils/fetch.py", line 54, in fetch
    data = [self.dataset[idx] for idx in possibly_batched_index]
            ~~~~~~~~~~~~^^^^^
  File "/pool/condor/dir_3261336/train_resnet_image_classifier.py", line 513, in __getitem__
    raw = self._ensure_open(file_idx)
  File "/pool/condor/dir_3261336/train_resnet_image_classifier.py", line 494, in _ensure_open
    handle = h5py.File(self.file_entries[file_idx].raw_path, "r")
  File "/cvmfs/sft.cern.ch/lcg/views/LCG_109_cuda/x86_64-el9-gcc13-opt/lib/python3.13/site-packages/h5py/_hl/files.py", line 564, in __init__
    fid = make_fid(name, mode, userblock_size, fapl, fcpl, swmr=swmr)
  File "/cvmfs/sft.cern.ch/lcg/views/LCG_109_cuda/x86_64-el9-gcc13-opt/lib/python3.13/site-packages/h5py/_hl/files.py", line 238, in make_fid
    fid = h5f.open(name, flags, fapl=fapl)
  File "h5py/_objects.pyx", line 54, in h5py._objects.with_phil.wrapper
  File "h5py/_objects.pyx", line 55, in h5py._objects.with_phil.wrapper
  File "h5py/h5f.pyx", line 102, in h5py.h5f.open
OSError: Unable to synchronously open file (can't retrieve stat info for file)
