000 (17058714.001.000) 06/30 16:20:02 Job submitted from host: <188.185.114.121:9618?addrs=188.185.114.121-9618+[2001-1458-d00-a--100-273]-9618&alias=bigbird19.cern.ch&noUDP&sock=schedd_5103_cfe0>
...
040 (17058714.001.000) 06/30 17:17:39 Started transferring input files
	Transferring to host: <188.185.92.150:9618?addrs=188.185.92.150-9618+[2001-1458-d00-6c--100-201]-9618&alias=b9g57n6574.cern.ch&noUDP&sock=slot1_1_16331_6ab1_160767>
...
040 (17058714.001.000) 06/30 17:17:39 Finished transferring input files
...
001 (17058714.001.000) 06/30 17:17:40 Job executing on host: <188.185.92.150:9618?addrs=188.185.92.150-9618+[2001-1458-d00-6c--100-201]-9618&alias=b9g57n6574.cern.ch&noUDP&sock=startd_15371_ce54>
	SlotName: slot1_1@b9g57n6574.cern.ch
	AvailableGPUs = { GPUs_GPU_02931ae6 }
	CondorScratchDir = "/pool/condor/dir_4122821"
	Cpus = 3
	Disk = 8389528
	GPUs = 1
	GPUs_GPU_02931ae6 = [ Id = "GPU-02931ae6"; ClockMhz = 1410.0; Capability = 8.0; CoresPerCU = 64; DeviceName = "NVIDIA A100-PCIE-40GB"; DeviceUuid = "02931ae6-34d8-3ada-595e-af9723b392cc"; ECCEnabled = true; ComputeUnits = 108; DriverVersion = 13.0; DevicePciBusId = "0000:06:00.0"; GlobalMemoryMb = 40441; MaxSupportedVersion = 13000 ]
	Memory = 9000
...
006 (17058714.001.000) 06/30 17:17:53 Image size of job updated: 223184
	218  -  MemoryUsage of job (MB)
	223184  -  ResidentSetSize of job (KB)
...
006 (17058714.001.000) 06/30 17:22:53 Image size of job updated: 501992
	491  -  MemoryUsage of job (MB)
	501992  -  ResidentSetSize of job (KB)
...
006 (17058714.001.000) 06/30 17:27:53 Image size of job updated: 505868
	495  -  MemoryUsage of job (MB)
	505868  -  ResidentSetSize of job (KB)
...
006 (17058714.001.000) 06/30 17:32:54 Image size of job updated: 509476
	498  -  MemoryUsage of job (MB)
	509476  -  ResidentSetSize of job (KB)
...
006 (17058714.001.000) 06/30 17:37:54 Image size of job updated: 510492
	499  -  MemoryUsage of job (MB)
	510492  -  ResidentSetSize of job (KB)
...
006 (17058714.001.000) 06/30 17:42:54 Image size of job updated: 511552
	500  -  MemoryUsage of job (MB)
	511552  -  ResidentSetSize of job (KB)
...
006 (17058714.001.000) 06/30 17:47:55 Image size of job updated: 512872
	501  -  MemoryUsage of job (MB)
	512872  -  ResidentSetSize of job (KB)
...
006 (17058714.001.000) 06/30 17:52:55 Image size of job updated: 516412
	505  -  MemoryUsage of job (MB)
	516412  -  ResidentSetSize of job (KB)
...
006 (17058714.001.000) 06/30 17:57:55 Image size of job updated: 520380
	509  -  MemoryUsage of job (MB)
	520380  -  ResidentSetSize of job (KB)
...
006 (17058714.001.000) 06/30 18:02:56 Image size of job updated: 524424
	513  -  MemoryUsage of job (MB)
	524424  -  ResidentSetSize of job (KB)
...
006 (17058714.001.000) 06/30 18:07:56 Image size of job updated: 526452
	515  -  MemoryUsage of job (MB)
	526452  -  ResidentSetSize of job (KB)
...
006 (17058714.001.000) 06/30 18:12:56 Image size of job updated: 529552
	518  -  MemoryUsage of job (MB)
	529552  -  ResidentSetSize of job (KB)
...
006 (17058714.001.000) 06/30 18:17:57 Image size of job updated: 539500
	527  -  MemoryUsage of job (MB)
	539500  -  ResidentSetSize of job (KB)
...
006 (17058714.001.000) 06/30 18:22:58 Image size of job updated: 547376
	535  -  MemoryUsage of job (MB)
	547376  -  ResidentSetSize of job (KB)
...
006 (17058714.001.000) 06/30 18:27:58 Image size of job updated: 559456
	547  -  MemoryUsage of job (MB)
	559456  -  ResidentSetSize of job (KB)
...
006 (17058714.001.000) 06/30 18:32:59 Image size of job updated: 570688
	558  -  MemoryUsage of job (MB)
	570688  -  ResidentSetSize of job (KB)
...
006 (17058714.001.000) 06/30 18:38:00 Image size of job updated: 580112
	567  -  MemoryUsage of job (MB)
	580112  -  ResidentSetSize of job (KB)
...
006 (17058714.001.000) 06/30 18:43:00 Image size of job updated: 590412
	577  -  MemoryUsage of job (MB)
	590412  -  ResidentSetSize of job (KB)
...
006 (17058714.001.000) 06/30 18:48:01 Image size of job updated: 602104
	588  -  MemoryUsage of job (MB)
	602104  -  ResidentSetSize of job (KB)
...
006 (17058714.001.000) 06/30 18:53:02 Image size of job updated: 630612
	616  -  MemoryUsage of job (MB)
	630612  -  ResidentSetSize of job (KB)
...
006 (17058714.001.000) 06/30 18:58:02 Image size of job updated: 643532
	629  -  MemoryUsage of job (MB)
	643532  -  ResidentSetSize of job (KB)
...
006 (17058714.001.000) 06/30 19:03:03 Image size of job updated: 658800
	644  -  MemoryUsage of job (MB)
	658800  -  ResidentSetSize of job (KB)
...
006 (17058714.001.000) 06/30 19:08:04 Image size of job updated: 668092
	653  -  MemoryUsage of job (MB)
	668092  -  ResidentSetSize of job (KB)
...
006 (17058714.001.000) 06/30 19:13:04 Image size of job updated: 679092
	664  -  MemoryUsage of job (MB)
	679092  -  ResidentSetSize of job (KB)
...
006 (17058714.001.000) 06/30 19:18:05 Image size of job updated: 692176
	676  -  MemoryUsage of job (MB)
	692176  -  ResidentSetSize of job (KB)
...
006 (17058714.001.000) 06/30 19:23:06 Image size of job updated: 706076
	690  -  MemoryUsage of job (MB)
	706076  -  ResidentSetSize of job (KB)
...
006 (17058714.001.000) 06/30 19:28:06 Image size of job updated: 736280
	720  -  MemoryUsage of job (MB)
	736280  -  ResidentSetSize of job (KB)
...
006 (17058714.001.000) 06/30 19:33:07 Image size of job updated: 759792
	742  -  MemoryUsage of job (MB)
	759792  -  ResidentSetSize of job (KB)
...
006 (17058714.001.000) 06/30 19:38:07 Image size of job updated: 781268
	742  -  MemoryUsage of job (MB)
	759792  -  ResidentSetSize of job (KB)
...
006 (17058714.001.000) 06/30 19:48:08 Image size of job updated: 827988
	809  -  MemoryUsage of job (MB)
	827988  -  ResidentSetSize of job (KB)
...
006 (17058714.001.000) 06/30 19:53:09 Image size of job updated: 869044
	849  -  MemoryUsage of job (MB)
	869044  -  ResidentSetSize of job (KB)
...
006 (17058714.001.000) 06/30 19:58:09 Image size of job updated: 870668
	851  -  MemoryUsage of job (MB)
	870668  -  ResidentSetSize of job (KB)
...
006 (17058714.001.000) 06/30 20:03:10 Image size of job updated: 872360
	852  -  MemoryUsage of job (MB)
	872360  -  ResidentSetSize of job (KB)
...
006 (17058714.001.000) 06/30 20:08:11 Image size of job updated: 872680
	853  -  MemoryUsage of job (MB)
	872680  -  ResidentSetSize of job (KB)
...
006 (17058714.001.000) 06/30 20:13:11 Image size of job updated: 872872
	853  -  MemoryUsage of job (MB)
	872872  -  ResidentSetSize of job (KB)
...
006 (17058714.001.000) 06/30 20:18:12 Image size of job updated: 873380
	853  -  MemoryUsage of job (MB)
	873380  -  ResidentSetSize of job (KB)
...
006 (17058714.001.000) 06/30 20:23:13 Image size of job updated: 873612
	854  -  MemoryUsage of job (MB)
	873612  -  ResidentSetSize of job (KB)
...
006 (17058714.001.000) 06/30 20:28:13 Image size of job updated: 1405096
	1373  -  MemoryUsage of job (MB)
	1405096  -  ResidentSetSize of job (KB)
...
006 (17058714.001.000) 06/30 20:33:14 Image size of job updated: 1405192
	1373  -  MemoryUsage of job (MB)
	1405192  -  ResidentSetSize of job (KB)
...
006 (17058714.001.000) 06/30 20:38:15 Image size of job updated: 1405280
	1373  -  MemoryUsage of job (MB)
	1405280  -  ResidentSetSize of job (KB)
...
006 (17058714.001.000) 06/30 20:43:15 Image size of job updated: 1405472
	1373  -  MemoryUsage of job (MB)
	1405472  -  ResidentSetSize of job (KB)
...
006 (17058714.001.000) 06/30 20:48:16 Image size of job updated: 1405664
	1373  -  MemoryUsage of job (MB)
	1405664  -  ResidentSetSize of job (KB)
...
006 (17058714.001.000) 06/30 20:53:17 Image size of job updated: 1406116
	1374  -  MemoryUsage of job (MB)
	1406116  -  ResidentSetSize of job (KB)
...
006 (17058714.001.000) 06/30 20:58:17 Image size of job updated: 1406772
	1374  -  MemoryUsage of job (MB)
	1406772  -  ResidentSetSize of job (KB)
...
006 (17058714.001.000) 06/30 21:03:18 Image size of job updated: 1424352
	1391  -  MemoryUsage of job (MB)
	1424352  -  ResidentSetSize of job (KB)
...
006 (17058714.001.000) 06/30 21:08:19 Image size of job updated: 1495628
	1461  -  MemoryUsage of job (MB)
	1495628  -  ResidentSetSize of job (KB)
...
006 (17058714.001.000) 06/30 21:13:19 Image size of job updated: 1495672
	1461  -  MemoryUsage of job (MB)
	1495672  -  ResidentSetSize of job (KB)
...
006 (17058714.001.000) 06/30 21:18:19 Image size of job updated: 1495736
	1461  -  MemoryUsage of job (MB)
	1495736  -  ResidentSetSize of job (KB)
...
006 (17058714.001.000) 06/30 21:23:20 Image size of job updated: 1495812
	1461  -  MemoryUsage of job (MB)
	1495812  -  ResidentSetSize of job (KB)
...
006 (17058714.001.000) 06/30 21:28:20 Image size of job updated: 1495868
	1461  -  MemoryUsage of job (MB)
	1495868  -  ResidentSetSize of job (KB)
...
006 (17058714.001.000) 06/30 21:33:20 Image size of job updated: 1496292
	1462  -  MemoryUsage of job (MB)
	1496292  -  ResidentSetSize of job (KB)
...
006 (17058714.001.000) 06/30 21:38:21 Image size of job updated: 1496340
	1462  -  MemoryUsage of job (MB)
	1496340  -  ResidentSetSize of job (KB)
...
006 (17058714.001.000) 06/30 21:43:21 Image size of job updated: 1496396
	1462  -  MemoryUsage of job (MB)
	1496396  -  ResidentSetSize of job (KB)
...
006 (17058714.001.000) 06/30 21:48:21 Image size of job updated: 1496444
	1462  -  MemoryUsage of job (MB)
	1496444  -  ResidentSetSize of job (KB)
...
006 (17058714.001.000) 06/30 21:53:22 Image size of job updated: 1496480
	1462  -  MemoryUsage of job (MB)
	1496480  -  ResidentSetSize of job (KB)
...
006 (17058714.001.000) 06/30 21:58:22 Image size of job updated: 1496548
	1462  -  MemoryUsage of job (MB)
	1496548  -  ResidentSetSize of job (KB)
...
006 (17058714.001.000) 06/30 22:03:22 Image size of job updated: 1496588
	1462  -  MemoryUsage of job (MB)
	1496588  -  ResidentSetSize of job (KB)
...
006 (17058714.001.000) 06/30 22:08:23 Image size of job updated: 1496660
	1462  -  MemoryUsage of job (MB)
	1496660  -  ResidentSetSize of job (KB)
...
006 (17058714.001.000) 06/30 22:13:23 Image size of job updated: 1496740
	1462  -  MemoryUsage of job (MB)
	1496740  -  ResidentSetSize of job (KB)
...
006 (17058714.001.000) 06/30 22:18:23 Image size of job updated: 1496800
	1462  -  MemoryUsage of job (MB)
	1496800  -  ResidentSetSize of job (KB)
...
006 (17058714.001.000) 06/30 22:23:24 Image size of job updated: 1497024
	1462  -  MemoryUsage of job (MB)
	1497024  -  ResidentSetSize of job (KB)
...
006 (17058714.001.000) 06/30 22:28:24 Image size of job updated: 1497092
	1463  -  MemoryUsage of job (MB)
	1497092  -  ResidentSetSize of job (KB)
...
006 (17058714.001.000) 06/30 22:33:24 Image size of job updated: 1497152
	1463  -  MemoryUsage of job (MB)
	1497152  -  ResidentSetSize of job (KB)
...
006 (17058714.001.000) 06/30 22:38:25 Image size of job updated: 1497228
	1463  -  MemoryUsage of job (MB)
	1497228  -  ResidentSetSize of job (KB)
...
006 (17058714.001.000) 06/30 22:43:25 Image size of job updated: 1497300
	1463  -  MemoryUsage of job (MB)
	1497300  -  ResidentSetSize of job (KB)
...
006 (17058714.001.000) 06/30 22:48:25 Image size of job updated: 1497404
	1463  -  MemoryUsage of job (MB)
	1497404  -  ResidentSetSize of job (KB)
...
006 (17058714.001.000) 06/30 22:53:26 Image size of job updated: 1497456
	1463  -  MemoryUsage of job (MB)
	1497456  -  ResidentSetSize of job (KB)
...
006 (17058714.001.000) 06/30 22:58:26 Image size of job updated: 1497516
	1463  -  MemoryUsage of job (MB)
	1497516  -  ResidentSetSize of job (KB)
...
006 (17058714.001.000) 06/30 23:03:26 Image size of job updated: 1497584
	1463  -  MemoryUsage of job (MB)
	1497584  -  ResidentSetSize of job (KB)
...
006 (17058714.001.000) 06/30 23:08:27 Image size of job updated: 1497636
	1463  -  MemoryUsage of job (MB)
	1497636  -  ResidentSetSize of job (KB)
...
006 (17058714.001.000) 06/30 23:13:28 Image size of job updated: 1497700
	1463  -  MemoryUsage of job (MB)
	1497700  -  ResidentSetSize of job (KB)
...
006 (17058714.001.000) 06/30 23:18:28 Image size of job updated: 1497760
	1463  -  MemoryUsage of job (MB)
	1497760  -  ResidentSetSize of job (KB)
...
006 (17058714.001.000) 06/30 23:23:29 Image size of job updated: 1499216
	1465  -  MemoryUsage of job (MB)
	1499216  -  ResidentSetSize of job (KB)
...
006 (17058714.001.000) 06/30 23:28:30 Image size of job updated: 1499280
	1465  -  MemoryUsage of job (MB)
	1499280  -  ResidentSetSize of job (KB)
...
006 (17058714.001.000) 06/30 23:33:30 Image size of job updated: 1499336
	1465  -  MemoryUsage of job (MB)
	1499336  -  ResidentSetSize of job (KB)
...
006 (17058714.001.000) 06/30 23:38:30 Image size of job updated: 1499560
	1465  -  MemoryUsage of job (MB)
	1499560  -  ResidentSetSize of job (KB)
...
006 (17058714.001.000) 06/30 23:43:31 Image size of job updated: 1499604
	1465  -  MemoryUsage of job (MB)
	1499604  -  ResidentSetSize of job (KB)
...
006 (17058714.001.000) 06/30 23:48:31 Image size of job updated: 1499652
	1465  -  MemoryUsage of job (MB)
	1499652  -  ResidentSetSize of job (KB)
...
006 (17058714.001.000) 06/30 23:53:31 Image size of job updated: 1499696
	1465  -  MemoryUsage of job (MB)
	1499696  -  ResidentSetSize of job (KB)
...
006 (17058714.001.000) 06/30 23:58:32 Image size of job updated: 1499756
	1465  -  MemoryUsage of job (MB)
	1499756  -  ResidentSetSize of job (KB)
...
006 (17058714.001.000) 07/01 00:03:32 Image size of job updated: 1500052
	1465  -  MemoryUsage of job (MB)
	1500052  -  ResidentSetSize of job (KB)
...
006 (17058714.001.000) 07/01 00:08:32 Image size of job updated: 1500104
	1465  -  MemoryUsage of job (MB)
	1500104  -  ResidentSetSize of job (KB)
...
006 (17058714.001.000) 07/01 00:13:33 Image size of job updated: 1500152
	1465  -  MemoryUsage of job (MB)
	1500152  -  ResidentSetSize of job (KB)
...
006 (17058714.001.000) 07/01 00:18:33 Image size of job updated: 1500224
	1466  -  MemoryUsage of job (MB)
	1500224  -  ResidentSetSize of job (KB)
...
006 (17058714.001.000) 07/01 00:23:33 Image size of job updated: 1500284
	1466  -  MemoryUsage of job (MB)
	1500284  -  ResidentSetSize of job (KB)
...
006 (17058714.001.000) 07/01 00:28:34 Image size of job updated: 1500320
	1466  -  MemoryUsage of job (MB)
	1500320  -  ResidentSetSize of job (KB)
...
006 (17058714.001.000) 07/01 00:33:35 Image size of job updated: 1500372
	1466  -  MemoryUsage of job (MB)
	1500372  -  ResidentSetSize of job (KB)
...
006 (17058714.001.000) 07/01 00:38:35 Image size of job updated: 1500416
	1466  -  MemoryUsage of job (MB)
	1500416  -  ResidentSetSize of job (KB)
...
006 (17058714.001.000) 07/01 00:43:36 Image size of job updated: 1500476
	1466  -  MemoryUsage of job (MB)
	1500476  -  ResidentSetSize of job (KB)
...
006 (17058714.001.000) 07/01 00:48:37 Image size of job updated: 1500528
	1466  -  MemoryUsage of job (MB)
	1500528  -  ResidentSetSize of job (KB)
...
006 (17058714.001.000) 07/01 00:53:37 Image size of job updated: 1500584
	1466  -  MemoryUsage of job (MB)
	1500584  -  ResidentSetSize of job (KB)
...
006 (17058714.001.000) 07/01 00:58:38 Image size of job updated: 1500632
	1466  -  MemoryUsage of job (MB)
	1500632  -  ResidentSetSize of job (KB)
...
006 (17058714.001.000) 07/01 01:03:39 Image size of job updated: 1500668
	1466  -  MemoryUsage of job (MB)
	1500668  -  ResidentSetSize of job (KB)
...
006 (17058714.001.000) 07/01 01:08:39 Image size of job updated: 1500712
	1466  -  MemoryUsage of job (MB)
	1500712  -  ResidentSetSize of job (KB)
...
006 (17058714.001.000) 07/01 01:13:40 Image size of job updated: 1500792
	1466  -  MemoryUsage of job (MB)
	1500792  -  ResidentSetSize of job (KB)
...
006 (17058714.001.000) 07/01 01:18:41 Image size of job updated: 1500836
	1466  -  MemoryUsage of job (MB)
	1500836  -  ResidentSetSize of job (KB)
...
006 (17058714.001.000) 07/01 01:23:41 Image size of job updated: 1500912
	1466  -  MemoryUsage of job (MB)
	1500912  -  ResidentSetSize of job (KB)
...
006 (17058714.001.000) 07/01 01:28:41 Image size of job updated: 1500968
	1466  -  MemoryUsage of job (MB)
	1500968  -  ResidentSetSize of job (KB)
...
006 (17058714.001.000) 07/01 01:33:42 Image size of job updated: 1501020
	1466  -  MemoryUsage of job (MB)
	1501020  -  ResidentSetSize of job (KB)
...
006 (17058714.001.000) 07/01 01:38:42 Image size of job updated: 1501096
	1466  -  MemoryUsage of job (MB)
	1501096  -  ResidentSetSize of job (KB)
...
006 (17058714.001.000) 07/01 01:43:43 Image size of job updated: 1501148
	1466  -  MemoryUsage of job (MB)
	1501148  -  ResidentSetSize of job (KB)
...
006 (17058714.001.000) 07/01 01:48:44 Image size of job updated: 1501212
	1467  -  MemoryUsage of job (MB)
	1501212  -  ResidentSetSize of job (KB)
...
006 (17058714.001.000) 07/01 01:53:44 Image size of job updated: 1501268
	1467  -  MemoryUsage of job (MB)
	1501268  -  ResidentSetSize of job (KB)
...
006 (17058714.001.000) 07/01 01:58:45 Image size of job updated: 1501420
	1467  -  MemoryUsage of job (MB)
	1501420  -  ResidentSetSize of job (KB)
...
006 (17058714.001.000) 07/01 02:03:46 Image size of job updated: 1501492
	1467  -  MemoryUsage of job (MB)
	1501492  -  ResidentSetSize of job (KB)
...
006 (17058714.001.000) 07/01 02:08:46 Image size of job updated: 1501580
	1467  -  MemoryUsage of job (MB)
	1501580  -  ResidentSetSize of job (KB)
...
006 (17058714.001.000) 07/01 02:13:47 Image size of job updated: 1501644
	1467  -  MemoryUsage of job (MB)
	1501644  -  ResidentSetSize of job (KB)
...
006 (17058714.001.000) 07/01 02:18:48 Image size of job updated: 1501720
	1467  -  MemoryUsage of job (MB)
	1501720  -  ResidentSetSize of job (KB)
...
006 (17058714.001.000) 07/01 02:23:48 Image size of job updated: 1501792
	1467  -  MemoryUsage of job (MB)
	1501792  -  ResidentSetSize of job (KB)
...
006 (17058714.001.000) 07/01 02:28:49 Image size of job updated: 1501880
	1467  -  MemoryUsage of job (MB)
	1501880  -  ResidentSetSize of job (KB)
...
006 (17058714.001.000) 07/01 02:33:50 Image size of job updated: 1501964
	1467  -  MemoryUsage of job (MB)
	1501964  -  ResidentSetSize of job (KB)
...
006 (17058714.001.000) 07/01 02:38:50 Image size of job updated: 1502024
	1467  -  MemoryUsage of job (MB)
	1502024  -  ResidentSetSize of job (KB)
...
006 (17058714.001.000) 07/01 02:43:51 Image size of job updated: 1502088
	1467  -  MemoryUsage of job (MB)
	1502088  -  ResidentSetSize of job (KB)
...
006 (17058714.001.000) 07/01 02:48:52 Image size of job updated: 1502164
	1467  -  MemoryUsage of job (MB)
	1502164  -  ResidentSetSize of job (KB)
...
006 (17058714.001.000) 07/01 02:53:52 Image size of job updated: 1502236
	1468  -  MemoryUsage of job (MB)
	1502236  -  ResidentSetSize of job (KB)
...
006 (17058714.001.000) 07/01 02:58:53 Image size of job updated: 1502296
	1468  -  MemoryUsage of job (MB)
	1502296  -  ResidentSetSize of job (KB)
...
006 (17058714.001.000) 07/01 03:03:54 Image size of job updated: 1502368
	1468  -  MemoryUsage of job (MB)
	1502368  -  ResidentSetSize of job (KB)
...
006 (17058714.001.000) 07/01 03:08:54 Image size of job updated: 1502480
	1468  -  MemoryUsage of job (MB)
	1502480  -  ResidentSetSize of job (KB)
...
006 (17058714.001.000) 07/01 03:13:55 Image size of job updated: 1504604
	1470  -  MemoryUsage of job (MB)
	1504604  -  ResidentSetSize of job (KB)
...
006 (17058714.001.000) 07/01 03:18:56 Image size of job updated: 1505356
	1471  -  MemoryUsage of job (MB)
	1505356  -  ResidentSetSize of job (KB)
...
006 (17058714.001.000) 07/01 03:22:15 Image size of job updated: 1505412
	1471  -  MemoryUsage of job (MB)
	1505356  -  ResidentSetSize of job (KB)
...
040 (17058714.001.000) 07/01 03:22:15 Started transferring output files
...
040 (17058714.001.000) 07/01 03:22:15 Finished transferring output files
...
004 (17058714.001.000) 07/01 03:22:15 Job was evicted.
	(0) CPU times
		Usr 0 00:02:54, Sys 0 00:03:20  -  Run Remote Usage
		Usr 0 00:00:00, Sys 0 00:00:00  -  Run Local Usage
	7606  -  Run Bytes Sent By Job
	128497  -  Run Bytes Received By Job
	Partitionable Resources :    Usage  Request Allocated Assigned
	   Cpus                 :     0.02        3         3 
	   Disk (KB)            :   293     8388608   8389528 
	   GPUs                 :     0.00        1         1 "GPU-02931ae6"
	   GpusMemory (MB)      :  1116                       
	   Memory (MB)          :  1471        9000      9000 
	   TimeExecute (s)      : 36275                       
	   TimeSlotBusy (s)     : 36277                       
...
009 (17058714.001.000) 07/01 03:22:16 Job was aborted.
	via condor_rm (by user yeo)
...
