000 (16720545.010.000) 06/25 12:23:40 Job submitted from host: <188.185.114.121:9618?addrs=188.185.114.121-9618+[2001-1458-d00-a--100-273]-9618&alias=bigbird19.cern.ch&noUDP&sock=schedd_5103_cfe0>
...
040 (16720545.010.000) 06/25 13:42:56 Started transferring input files
	Transferring to host: <188.185.92.156:9618?addrs=188.185.92.156-9618+[2001-1458-d00-6c--100-10]-9618&alias=b9g57n5454.cern.ch&noUDP&sock=slot1_1_17749_86ab_157709>
...
040 (16720545.010.000) 06/25 13:42:56 Finished transferring input files
...
001 (16720545.010.000) 06/25 13:42:57 Job executing on host: <188.185.92.156:9618?addrs=188.185.92.156-9618+[2001-1458-d00-6c--100-10]-9618&alias=b9g57n5454.cern.ch&noUDP&sock=startd_17014_c46e>
	SlotName: slot1_1@b9g57n5454.cern.ch
	AvailableGPUs = { GPUs_GPU_d2642622 }
	CondorScratchDir = "/pool/condor/dir_2898236"
	Cpus = 3
	Disk = 8392960
	GPUs = 1
	GPUs_GPU_d2642622 = [ Id = "GPU-d2642622"; ClockMhz = 1410.0; Capability = 8.0; CoresPerCU = 64; DeviceName = "NVIDIA A100-PCIE-40GB"; DeviceUuid = "d2642622-6ee9-8711-70c1-34935a235a2a"; ECCEnabled = true; ComputeUnits = 108; DriverVersion = 13.0; DevicePciBusId = "0000:06:00.0"; GlobalMemoryMb = 40441; MaxSupportedVersion = 13000 ]
	Memory = 9000
...
006 (16720545.010.000) 06/25 13:43:10 Image size of job updated: 223336
	219  -  MemoryUsage of job (MB)
	223336  -  ResidentSetSize of job (KB)
...
006 (16720545.010.000) 06/25 13:48:10 Image size of job updated: 451844
	442  -  MemoryUsage of job (MB)
	451844  -  ResidentSetSize of job (KB)
...
006 (16720545.010.000) 06/25 13:53:11 Image size of job updated: 457188
	447  -  MemoryUsage of job (MB)
	457188  -  ResidentSetSize of job (KB)
...
006 (16720545.010.000) 06/25 13:58:12 Image size of job updated: 463848
	453  -  MemoryUsage of job (MB)
	463848  -  ResidentSetSize of job (KB)
...
006 (16720545.010.000) 06/25 14:03:12 Image size of job updated: 470452
	460  -  MemoryUsage of job (MB)
	470452  -  ResidentSetSize of job (KB)
...
006 (16720545.010.000) 06/25 14:08:13 Image size of job updated: 474120
	464  -  MemoryUsage of job (MB)
	474120  -  ResidentSetSize of job (KB)
...
006 (16720545.010.000) 06/25 14:13:14 Image size of job updated: 476912
	466  -  MemoryUsage of job (MB)
	476912  -  ResidentSetSize of job (KB)
...
006 (16720545.010.000) 06/25 14:18:14 Image size of job updated: 480936
	470  -  MemoryUsage of job (MB)
	480936  -  ResidentSetSize of job (KB)
...
006 (16720545.010.000) 06/25 14:23:15 Image size of job updated: 487236
	476  -  MemoryUsage of job (MB)
	487236  -  ResidentSetSize of job (KB)
...
006 (16720545.010.000) 06/25 14:28:16 Image size of job updated: 493956
	483  -  MemoryUsage of job (MB)
	493956  -  ResidentSetSize of job (KB)
...
006 (16720545.010.000) 06/25 14:33:16 Image size of job updated: 500880
	490  -  MemoryUsage of job (MB)
	500880  -  ResidentSetSize of job (KB)
...
006 (16720545.010.000) 06/25 14:38:16 Image size of job updated: 508272
	497  -  MemoryUsage of job (MB)
	508272  -  ResidentSetSize of job (KB)
...
006 (16720545.010.000) 06/25 14:43:17 Image size of job updated: 511588
	500  -  MemoryUsage of job (MB)
	511588  -  ResidentSetSize of job (KB)
...
006 (16720545.010.000) 06/25 14:48:17 Image size of job updated: 514452
	503  -  MemoryUsage of job (MB)
	514452  -  ResidentSetSize of job (KB)
...
006 (16720545.010.000) 06/25 14:53:17 Image size of job updated: 515156
	504  -  MemoryUsage of job (MB)
	515156  -  ResidentSetSize of job (KB)
...
006 (16720545.010.000) 06/25 14:58:18 Image size of job updated: 518728
	507  -  MemoryUsage of job (MB)
	518728  -  ResidentSetSize of job (KB)
...
006 (16720545.010.000) 06/25 15:03:18 Image size of job updated: 524016
	512  -  MemoryUsage of job (MB)
	524016  -  ResidentSetSize of job (KB)
...
006 (16720545.010.000) 06/25 15:08:18 Image size of job updated: 528088
	516  -  MemoryUsage of job (MB)
	528088  -  ResidentSetSize of job (KB)
...
006 (16720545.010.000) 06/25 15:13:19 Image size of job updated: 532916
	516  -  MemoryUsage of job (MB)
	528088  -  ResidentSetSize of job (KB)
...
006 (16720545.010.000) 06/25 15:28:20 Image size of job updated: 535296
	523  -  MemoryUsage of job (MB)
	535296  -  ResidentSetSize of job (KB)
...
006 (16720545.010.000) 06/25 15:33:20 Image size of job updated: 564776
	552  -  MemoryUsage of job (MB)
	564776  -  ResidentSetSize of job (KB)
...
006 (16720545.010.000) 06/25 15:38:20 Image size of job updated: 600868
	587  -  MemoryUsage of job (MB)
	600868  -  ResidentSetSize of job (KB)
...
006 (16720545.010.000) 06/25 15:43:21 Image size of job updated: 601272
	588  -  MemoryUsage of job (MB)
	601272  -  ResidentSetSize of job (KB)
...
006 (16720545.010.000) 06/25 15:48:21 Image size of job updated: 601596
	588  -  MemoryUsage of job (MB)
	601596  -  ResidentSetSize of job (KB)
...
006 (16720545.010.000) 06/25 15:53:21 Image size of job updated: 601688
	588  -  MemoryUsage of job (MB)
	601688  -  ResidentSetSize of job (KB)
...
006 (16720545.010.000) 06/25 15:58:23 Image size of job updated: 601728
	588  -  MemoryUsage of job (MB)
	601728  -  ResidentSetSize of job (KB)
...
006 (16720545.010.000) 06/25 16:03:23 Image size of job updated: 601744
	588  -  MemoryUsage of job (MB)
	601744  -  ResidentSetSize of job (KB)
...
006 (16720545.010.000) 06/25 16:08:23 Image size of job updated: 601752
	588  -  MemoryUsage of job (MB)
	601752  -  ResidentSetSize of job (KB)
...
006 (16720545.010.000) 06/25 16:13:24 Image size of job updated: 601756
	588  -  MemoryUsage of job (MB)
	601756  -  ResidentSetSize of job (KB)
...
006 (16720545.010.000) 06/25 16:18:25 Image size of job updated: 602740
	589  -  MemoryUsage of job (MB)
	602740  -  ResidentSetSize of job (KB)
...
006 (16720545.010.000) 06/25 16:23:25 Image size of job updated: 602788
	589  -  MemoryUsage of job (MB)
	602788  -  ResidentSetSize of job (KB)
...
006 (16720545.010.000) 06/25 16:28:26 Image size of job updated: 602864
	589  -  MemoryUsage of job (MB)
	602864  -  ResidentSetSize of job (KB)
...
006 (16720545.010.000) 06/25 16:33:27 Image size of job updated: 602880
	589  -  MemoryUsage of job (MB)
	602880  -  ResidentSetSize of job (KB)
...
006 (16720545.010.000) 06/25 16:58:28 Image size of job updated: 1178136
	1151  -  MemoryUsage of job (MB)
	1178136  -  ResidentSetSize of job (KB)
...
006 (16720545.010.000) 06/25 17:03:29 Image size of job updated: 1178892
	1152  -  MemoryUsage of job (MB)
	1178892  -  ResidentSetSize of job (KB)
...
006 (16720545.010.000) 06/25 17:08:29 Image size of job updated: 1179144
	1152  -  MemoryUsage of job (MB)
	1179144  -  ResidentSetSize of job (KB)
...
006 (16720545.010.000) 06/25 17:13:29 Image size of job updated: 1179304
	1152  -  MemoryUsage of job (MB)
	1179304  -  ResidentSetSize of job (KB)
...
006 (16720545.010.000) 06/25 17:18:30 Image size of job updated: 1179424
	1152  -  MemoryUsage of job (MB)
	1179424  -  ResidentSetSize of job (KB)
...
006 (16720545.010.000) 06/25 17:23:30 Image size of job updated: 1224924
	1197  -  MemoryUsage of job (MB)
	1224924  -  ResidentSetSize of job (KB)
...
006 (16720545.010.000) 06/25 17:28:30 Image size of job updated: 1351280
	1320  -  MemoryUsage of job (MB)
	1351280  -  ResidentSetSize of job (KB)
...
006 (16720545.010.000) 06/25 17:33:32 Image size of job updated: 1351312
	1320  -  MemoryUsage of job (MB)
	1351312  -  ResidentSetSize of job (KB)
...
006 (16720545.010.000) 06/25 17:43:32 Image size of job updated: 1351464
	1320  -  MemoryUsage of job (MB)
	1351464  -  ResidentSetSize of job (KB)
...
006 (16720545.010.000) 06/25 17:48:34 Image size of job updated: 1351712
	1321  -  MemoryUsage of job (MB)
	1351712  -  ResidentSetSize of job (KB)
...
006 (16720545.010.000) 06/25 17:53:34 Image size of job updated: 1351840
	1321  -  MemoryUsage of job (MB)
	1351840  -  ResidentSetSize of job (KB)
...
006 (16720545.010.000) 06/25 17:58:34 Image size of job updated: 1352028
	1321  -  MemoryUsage of job (MB)
	1352028  -  ResidentSetSize of job (KB)
...
006 (16720545.010.000) 06/25 18:03:35 Image size of job updated: 1352120
	1321  -  MemoryUsage of job (MB)
	1352120  -  ResidentSetSize of job (KB)
...
006 (16720545.010.000) 06/25 18:08:36 Image size of job updated: 1352236
	1321  -  MemoryUsage of job (MB)
	1352236  -  ResidentSetSize of job (KB)
...
006 (16720545.010.000) 06/25 18:13:36 Image size of job updated: 1352352
	1321  -  MemoryUsage of job (MB)
	1352352  -  ResidentSetSize of job (KB)
...
006 (16720545.010.000) 06/25 18:18:37 Image size of job updated: 1352492
	1321  -  MemoryUsage of job (MB)
	1352492  -  ResidentSetSize of job (KB)
...
006 (16720545.010.000) 06/25 18:23:38 Image size of job updated: 1352624
	1321  -  MemoryUsage of job (MB)
	1352624  -  ResidentSetSize of job (KB)
...
006 (16720545.010.000) 06/25 18:28:38 Image size of job updated: 1352756
	1322  -  MemoryUsage of job (MB)
	1352756  -  ResidentSetSize of job (KB)
...
006 (16720545.010.000) 06/25 18:33:38 Image size of job updated: 1352868
	1322  -  MemoryUsage of job (MB)
	1352868  -  ResidentSetSize of job (KB)
...
006 (16720545.010.000) 06/25 18:38:39 Image size of job updated: 1352984
	1322  -  MemoryUsage of job (MB)
	1352984  -  ResidentSetSize of job (KB)
...
006 (16720545.010.000) 06/25 18:43:39 Image size of job updated: 1353104
	1322  -  MemoryUsage of job (MB)
	1353104  -  ResidentSetSize of job (KB)
...
006 (16720545.010.000) 06/25 18:48:39 Image size of job updated: 1353248
	1322  -  MemoryUsage of job (MB)
	1353248  -  ResidentSetSize of job (KB)
...
006 (16720545.010.000) 06/25 18:53:40 Image size of job updated: 1353376
	1322  -  MemoryUsage of job (MB)
	1353376  -  ResidentSetSize of job (KB)
...
006 (16720545.010.000) 06/25 18:58:41 Image size of job updated: 1353476
	1322  -  MemoryUsage of job (MB)
	1353476  -  ResidentSetSize of job (KB)
...
006 (16720545.010.000) 06/25 19:03:41 Image size of job updated: 1353584
	1322  -  MemoryUsage of job (MB)
	1353584  -  ResidentSetSize of job (KB)
...
006 (16720545.010.000) 06/25 19:08:42 Image size of job updated: 1353712
	1322  -  MemoryUsage of job (MB)
	1353712  -  ResidentSetSize of job (KB)
...
006 (16720545.010.000) 06/25 19:13:43 Image size of job updated: 1353828
	1323  -  MemoryUsage of job (MB)
	1353828  -  ResidentSetSize of job (KB)
...
006 (16720545.010.000) 06/25 19:18:43 Image size of job updated: 1353968
	1323  -  MemoryUsage of job (MB)
	1353968  -  ResidentSetSize of job (KB)
...
006 (16720545.010.000) 06/25 19:23:43 Image size of job updated: 1354148
	1323  -  MemoryUsage of job (MB)
	1354148  -  ResidentSetSize of job (KB)
...
006 (16720545.010.000) 06/25 19:28:44 Image size of job updated: 1354252
	1323  -  MemoryUsage of job (MB)
	1354252  -  ResidentSetSize of job (KB)
...
006 (16720545.010.000) 06/25 19:33:44 Image size of job updated: 1354440
	1323  -  MemoryUsage of job (MB)
	1354440  -  ResidentSetSize of job (KB)
...
006 (16720545.010.000) 06/25 19:38:44 Image size of job updated: 1354556
	1323  -  MemoryUsage of job (MB)
	1354556  -  ResidentSetSize of job (KB)
...
006 (16720545.010.000) 06/25 19:43:45 Image size of job updated: 1354680
	1323  -  MemoryUsage of job (MB)
	1354680  -  ResidentSetSize of job (KB)
...
006 (16720545.010.000) 06/25 19:48:45 Image size of job updated: 1354808
	1324  -  MemoryUsage of job (MB)
	1354808  -  ResidentSetSize of job (KB)
...
006 (16720545.010.000) 06/25 19:53:45 Image size of job updated: 1354992
	1324  -  MemoryUsage of job (MB)
	1354992  -  ResidentSetSize of job (KB)
...
006 (16720545.010.000) 06/25 19:58:46 Image size of job updated: 1355120
	1324  -  MemoryUsage of job (MB)
	1355120  -  ResidentSetSize of job (KB)
...
006 (16720545.010.000) 06/25 20:03:47 Image size of job updated: 1355232
	1324  -  MemoryUsage of job (MB)
	1355232  -  ResidentSetSize of job (KB)
...
006 (16720545.010.000) 06/25 20:08:47 Image size of job updated: 1355388
	1324  -  MemoryUsage of job (MB)
	1355388  -  ResidentSetSize of job (KB)
...
006 (16720545.010.000) 06/25 20:13:48 Image size of job updated: 1355488
	1324  -  MemoryUsage of job (MB)
	1355488  -  ResidentSetSize of job (KB)
...
006 (16720545.010.000) 06/25 20:18:49 Image size of job updated: 1355736
	1324  -  MemoryUsage of job (MB)
	1355736  -  ResidentSetSize of job (KB)
...
006 (16720545.010.000) 06/25 20:23:49 Image size of job updated: 1355868
	1325  -  MemoryUsage of job (MB)
	1355868  -  ResidentSetSize of job (KB)
...
006 (16720545.010.000) 06/25 20:28:50 Image size of job updated: 1355976
	1325  -  MemoryUsage of job (MB)
	1355976  -  ResidentSetSize of job (KB)
...
006 (16720545.010.000) 06/25 20:33:51 Image size of job updated: 1356076
	1325  -  MemoryUsage of job (MB)
	1356076  -  ResidentSetSize of job (KB)
...
006 (16720545.010.000) 06/25 20:38:51 Image size of job updated: 1356188
	1325  -  MemoryUsage of job (MB)
	1356188  -  ResidentSetSize of job (KB)
...
006 (16720545.010.000) 06/25 20:43:51 Image size of job updated: 1356328
	1325  -  MemoryUsage of job (MB)
	1356328  -  ResidentSetSize of job (KB)
...
006 (16720545.010.000) 06/25 20:48:52 Image size of job updated: 1356468
	1325  -  MemoryUsage of job (MB)
	1356468  -  ResidentSetSize of job (KB)
...
006 (16720545.010.000) 06/25 20:53:52 Image size of job updated: 1356584
	1325  -  MemoryUsage of job (MB)
	1356584  -  ResidentSetSize of job (KB)
...
006 (16720545.010.000) 06/25 20:58:52 Image size of job updated: 1356688
	1325  -  MemoryUsage of job (MB)
	1356688  -  ResidentSetSize of job (KB)
...
006 (16720545.010.000) 06/25 21:03:53 Image size of job updated: 1356820
	1326  -  MemoryUsage of job (MB)
	1356820  -  ResidentSetSize of job (KB)
...
006 (16720545.010.000) 06/25 21:08:53 Image size of job updated: 1356916
	1326  -  MemoryUsage of job (MB)
	1356916  -  ResidentSetSize of job (KB)
...
006 (16720545.010.000) 06/25 21:13:53 Image size of job updated: 1357024
	1326  -  MemoryUsage of job (MB)
	1357024  -  ResidentSetSize of job (KB)
...
006 (16720545.010.000) 06/25 21:18:54 Image size of job updated: 1357156
	1326  -  MemoryUsage of job (MB)
	1357156  -  ResidentSetSize of job (KB)
...
006 (16720545.010.000) 06/25 21:23:54 Image size of job updated: 1357296
	1326  -  MemoryUsage of job (MB)
	1357296  -  ResidentSetSize of job (KB)
...
006 (16720545.010.000) 06/25 21:28:54 Image size of job updated: 1357776
	1326  -  MemoryUsage of job (MB)
	1357776  -  ResidentSetSize of job (KB)
...
006 (16720545.010.000) 06/25 21:33:55 Image size of job updated: 1357896
	1327  -  MemoryUsage of job (MB)
	1357896  -  ResidentSetSize of job (KB)
...
006 (16720545.010.000) 06/25 21:38:55 Image size of job updated: 1358028
	1327  -  MemoryUsage of job (MB)
	1358028  -  ResidentSetSize of job (KB)
...
006 (16720545.010.000) 06/25 21:43:55 Image size of job updated: 1358156
	1327  -  MemoryUsage of job (MB)
	1358156  -  ResidentSetSize of job (KB)
...
006 (16720545.010.000) 06/25 21:48:56 Image size of job updated: 1358552
	1327  -  MemoryUsage of job (MB)
	1358552  -  ResidentSetSize of job (KB)
...
006 (16720545.010.000) 06/25 21:53:56 Image size of job updated: 1358720
	1327  -  MemoryUsage of job (MB)
	1358720  -  ResidentSetSize of job (KB)
...
006 (16720545.010.000) 06/25 21:58:57 Image size of job updated: 1358848
	1327  -  MemoryUsage of job (MB)
	1358848  -  ResidentSetSize of job (KB)
...
006 (16720545.010.000) 06/25 22:03:58 Image size of job updated: 1358944
	1328  -  MemoryUsage of job (MB)
	1358944  -  ResidentSetSize of job (KB)
...
006 (16720545.010.000) 06/25 22:08:58 Image size of job updated: 1359056
	1328  -  MemoryUsage of job (MB)
	1359056  -  ResidentSetSize of job (KB)
...
006 (16720545.010.000) 06/25 22:13:59 Image size of job updated: 1359172
	1328  -  MemoryUsage of job (MB)
	1359172  -  ResidentSetSize of job (KB)
...
006 (16720545.010.000) 06/25 22:19:00 Image size of job updated: 1359308
	1328  -  MemoryUsage of job (MB)
	1359308  -  ResidentSetSize of job (KB)
...
006 (16720545.010.000) 06/25 22:24:00 Image size of job updated: 1359424
	1328  -  MemoryUsage of job (MB)
	1359424  -  ResidentSetSize of job (KB)
...
006 (16720545.010.000) 06/25 22:29:01 Image size of job updated: 1359552
	1328  -  MemoryUsage of job (MB)
	1359552  -  ResidentSetSize of job (KB)
...
006 (16720545.010.000) 06/25 22:34:02 Image size of job updated: 1359692
	1328  -  MemoryUsage of job (MB)
	1359692  -  ResidentSetSize of job (KB)
...
006 (16720545.010.000) 06/25 22:39:02 Image size of job updated: 1359804
	1328  -  MemoryUsage of job (MB)
	1359804  -  ResidentSetSize of job (KB)
...
006 (16720545.010.000) 06/25 22:44:02 Image size of job updated: 1359924
	1329  -  MemoryUsage of job (MB)
	1359924  -  ResidentSetSize of job (KB)
...
006 (16720545.010.000) 06/25 22:49:03 Image size of job updated: 1360020
	1329  -  MemoryUsage of job (MB)
	1360020  -  ResidentSetSize of job (KB)
...
006 (16720545.010.000) 06/25 22:54:03 Image size of job updated: 1360160
	1329  -  MemoryUsage of job (MB)
	1360160  -  ResidentSetSize of job (KB)
...
006 (16720545.010.000) 06/25 22:59:03 Image size of job updated: 1360292
	1329  -  MemoryUsage of job (MB)
	1360292  -  ResidentSetSize of job (KB)
...
006 (16720545.010.000) 06/25 23:04:04 Image size of job updated: 1360404
	1329  -  MemoryUsage of job (MB)
	1360404  -  ResidentSetSize of job (KB)
...
006 (16720545.010.000) 06/25 23:09:04 Image size of job updated: 1360540
	1329  -  MemoryUsage of job (MB)
	1360540  -  ResidentSetSize of job (KB)
...
006 (16720545.010.000) 06/25 23:14:04 Image size of job updated: 1360636
	1329  -  MemoryUsage of job (MB)
	1360636  -  ResidentSetSize of job (KB)
...
006 (16720545.010.000) 06/25 23:19:05 Image size of job updated: 1360784
	1329  -  MemoryUsage of job (MB)
	1360784  -  ResidentSetSize of job (KB)
...
006 (16720545.010.000) 06/25 23:24:05 Image size of job updated: 1360908
	1330  -  MemoryUsage of job (MB)
	1360908  -  ResidentSetSize of job (KB)
...
006 (16720545.010.000) 06/25 23:29:06 Image size of job updated: 1361064
	1330  -  MemoryUsage of job (MB)
	1361064  -  ResidentSetSize of job (KB)
...
006 (16720545.010.000) 06/25 23:34:07 Image size of job updated: 1361196
	1330  -  MemoryUsage of job (MB)
	1361196  -  ResidentSetSize of job (KB)
...
006 (16720545.010.000) 06/25 23:39:07 Image size of job updated: 1361308
	1330  -  MemoryUsage of job (MB)
	1361308  -  ResidentSetSize of job (KB)
...
006 (16720545.010.000) 06/25 23:44:08 Image size of job updated: 1361432
	1330  -  MemoryUsage of job (MB)
	1361432  -  ResidentSetSize of job (KB)
...
006 (16720545.010.000) 06/25 23:49:09 Image size of job updated: 1361556
	1330  -  MemoryUsage of job (MB)
	1361556  -  ResidentSetSize of job (KB)
...
006 (16720545.010.000) 06/25 23:54:09 Image size of job updated: 1364036
	1333  -  MemoryUsage of job (MB)
	1364036  -  ResidentSetSize of job (KB)
...
006 (16720545.010.000) 06/25 23:59:10 Image size of job updated: 1364136
	1333  -  MemoryUsage of job (MB)
	1364136  -  ResidentSetSize of job (KB)
...
006 (16720545.010.000) 06/26 00:04:11 Image size of job updated: 1365160
	1334  -  MemoryUsage of job (MB)
	1365160  -  ResidentSetSize of job (KB)
...
006 (16720545.010.000) 06/26 00:09:11 Image size of job updated: 1365164
	1334  -  MemoryUsage of job (MB)
	1365164  -  ResidentSetSize of job (KB)
...
006 (16720545.010.000) 06/26 00:39:13 Image size of job updated: 1365168
	1334  -  MemoryUsage of job (MB)
	1365168  -  ResidentSetSize of job (KB)
...
006 (16720545.010.000) 06/26 00:44:13 Image size of job updated: 1365288
	1334  -  MemoryUsage of job (MB)
	1365288  -  ResidentSetSize of job (KB)
...
006 (16720545.010.000) 06/26 00:49:15 Image size of job updated: 1365404
	1334  -  MemoryUsage of job (MB)
	1365404  -  ResidentSetSize of job (KB)
...
006 (16720545.010.000) 06/26 00:54:15 Image size of job updated: 1365528
	1334  -  MemoryUsage of job (MB)
	1365528  -  ResidentSetSize of job (KB)
...
006 (16720545.010.000) 06/26 00:59:15 Image size of job updated: 1365676
	1334  -  MemoryUsage of job (MB)
	1365676  -  ResidentSetSize of job (KB)
...
006 (16720545.010.000) 06/26 01:04:17 Image size of job updated: 1365804
	1334  -  MemoryUsage of job (MB)
	1365804  -  ResidentSetSize of job (KB)
...
006 (16720545.010.000) 06/26 01:09:17 Image size of job updated: 1365908
	1334  -  MemoryUsage of job (MB)
	1365908  -  ResidentSetSize of job (KB)
...
006 (16720545.010.000) 06/26 01:14:17 Image size of job updated: 1366012
	1334  -  MemoryUsage of job (MB)
	1366012  -  ResidentSetSize of job (KB)
...
006 (16720545.010.000) 06/26 01:19:18 Image size of job updated: 1366128
	1335  -  MemoryUsage of job (MB)
	1366128  -  ResidentSetSize of job (KB)
...
006 (16720545.010.000) 06/26 01:24:19 Image size of job updated: 1366240
	1335  -  MemoryUsage of job (MB)
	1366240  -  ResidentSetSize of job (KB)
...
006 (16720545.010.000) 06/26 01:29:19 Image size of job updated: 1366372
	1335  -  MemoryUsage of job (MB)
	1366372  -  ResidentSetSize of job (KB)
...
006 (16720545.010.000) 06/26 01:34:20 Image size of job updated: 1366488
	1335  -  MemoryUsage of job (MB)
	1366488  -  ResidentSetSize of job (KB)
...
006 (16720545.010.000) 06/26 01:39:21 Image size of job updated: 1366628
	1335  -  MemoryUsage of job (MB)
	1366628  -  ResidentSetSize of job (KB)
...
006 (16720545.010.000) 06/26 01:44:21 Image size of job updated: 1366756
	1335  -  MemoryUsage of job (MB)
	1366756  -  ResidentSetSize of job (KB)
...
006 (16720545.010.000) 06/26 01:49:22 Image size of job updated: 1366888
	1335  -  MemoryUsage of job (MB)
	1366888  -  ResidentSetSize of job (KB)
...
006 (16720545.010.000) 06/26 01:54:23 Image size of job updated: 1367028
	1335  -  MemoryUsage of job (MB)
	1367028  -  ResidentSetSize of job (KB)
...
006 (16720545.010.000) 06/26 01:59:23 Image size of job updated: 1368052
	1336  -  MemoryUsage of job (MB)
	1368052  -  ResidentSetSize of job (KB)
...
006 (16720545.010.000) 06/26 02:04:24 Image size of job updated: 1368144
	1337  -  MemoryUsage of job (MB)
	1368144  -  ResidentSetSize of job (KB)
...
006 (16720545.010.000) 06/26 02:09:25 Image size of job updated: 1368296
	1337  -  MemoryUsage of job (MB)
	1368296  -  ResidentSetSize of job (KB)
...
006 (16720545.010.000) 06/26 02:14:25 Image size of job updated: 1368464
	1337  -  MemoryUsage of job (MB)
	1368464  -  ResidentSetSize of job (KB)
...
006 (16720545.010.000) 06/26 02:19:25 Image size of job updated: 1368616
	1337  -  MemoryUsage of job (MB)
	1368616  -  ResidentSetSize of job (KB)
...
006 (16720545.010.000) 06/26 02:24:26 Image size of job updated: 1368712
	1337  -  MemoryUsage of job (MB)
	1368712  -  ResidentSetSize of job (KB)
...
006 (16720545.010.000) 06/26 02:29:26 Image size of job updated: 1368864
	1337  -  MemoryUsage of job (MB)
	1368864  -  ResidentSetSize of job (KB)
...
006 (16720545.010.000) 06/26 02:34:26 Image size of job updated: 1368960
	1337  -  MemoryUsage of job (MB)
	1368960  -  ResidentSetSize of job (KB)
...
006 (16720545.010.000) 06/26 02:39:27 Image size of job updated: 1369076
	1337  -  MemoryUsage of job (MB)
	1369076  -  ResidentSetSize of job (KB)
...
006 (16720545.010.000) 06/26 02:44:27 Image size of job updated: 1369160
	1338  -  MemoryUsage of job (MB)
	1369160  -  ResidentSetSize of job (KB)
...
006 (16720545.010.000) 06/26 02:49:27 Image size of job updated: 1369264
	1338  -  MemoryUsage of job (MB)
	1369264  -  ResidentSetSize of job (KB)
...
006 (16720545.010.000) 06/26 02:54:28 Image size of job updated: 1369352
	1338  -  MemoryUsage of job (MB)
	1369352  -  ResidentSetSize of job (KB)
...
006 (16720545.010.000) 06/26 02:59:28 Image size of job updated: 1369484
	1338  -  MemoryUsage of job (MB)
	1369484  -  ResidentSetSize of job (KB)
...
006 (16720545.010.000) 06/26 03:04:28 Image size of job updated: 1369604
	1338  -  MemoryUsage of job (MB)
	1369604  -  ResidentSetSize of job (KB)
...
006 (16720545.010.000) 06/26 03:09:29 Image size of job updated: 1369764
	1338  -  MemoryUsage of job (MB)
	1369764  -  ResidentSetSize of job (KB)
...
006 (16720545.010.000) 06/26 03:14:29 Image size of job updated: 1369896
	1338  -  MemoryUsage of job (MB)
	1369896  -  ResidentSetSize of job (KB)
...
006 (16720545.010.000) 06/26 03:19:29 Image size of job updated: 1370036
	1338  -  MemoryUsage of job (MB)
	1370036  -  ResidentSetSize of job (KB)
...
006 (16720545.010.000) 06/26 03:24:30 Image size of job updated: 1370152
	1339  -  MemoryUsage of job (MB)
	1370152  -  ResidentSetSize of job (KB)
...
006 (16720545.010.000) 06/26 03:29:30 Image size of job updated: 1370280
	1339  -  MemoryUsage of job (MB)
	1370280  -  ResidentSetSize of job (KB)
...
006 (16720545.010.000) 06/26 03:34:30 Image size of job updated: 1370416
	1339  -  MemoryUsage of job (MB)
	1370416  -  ResidentSetSize of job (KB)
...
006 (16720545.010.000) 06/26 03:39:31 Image size of job updated: 1370580
	1339  -  MemoryUsage of job (MB)
	1370580  -  ResidentSetSize of job (KB)
...
006 (16720545.010.000) 06/26 03:44:32 Image size of job updated: 1370708
	1339  -  MemoryUsage of job (MB)
	1370708  -  ResidentSetSize of job (KB)
...
006 (16720545.010.000) 06/26 03:49:32 Image size of job updated: 1370880
	1339  -  MemoryUsage of job (MB)
	1370880  -  ResidentSetSize of job (KB)
...
006 (16720545.010.000) 06/26 03:54:33 Image size of job updated: 1370976
	1339  -  MemoryUsage of job (MB)
	1370976  -  ResidentSetSize of job (KB)
...
006 (16720545.010.000) 06/26 03:59:34 Image size of job updated: 1371072
	1339  -  MemoryUsage of job (MB)
	1371072  -  ResidentSetSize of job (KB)
...
006 (16720545.010.000) 06/26 04:04:34 Image size of job updated: 1371184
	1340  -  MemoryUsage of job (MB)
	1371184  -  ResidentSetSize of job (KB)
...
006 (16720545.010.000) 06/26 04:09:35 Image size of job updated: 1371308
	1340  -  MemoryUsage of job (MB)
	1371308  -  ResidentSetSize of job (KB)
...
006 (16720545.010.000) 06/26 04:14:36 Image size of job updated: 1371408
	1340  -  MemoryUsage of job (MB)
	1371408  -  ResidentSetSize of job (KB)
...
006 (16720545.010.000) 06/26 04:19:36 Image size of job updated: 1371532
	1340  -  MemoryUsage of job (MB)
	1371532  -  ResidentSetSize of job (KB)
...
006 (16720545.010.000) 06/26 04:24:36 Image size of job updated: 1372224
	1341  -  MemoryUsage of job (MB)
	1372224  -  ResidentSetSize of job (KB)
...
006 (16720545.010.000) 06/26 04:49:38 Image size of job updated: 1372384
	1341  -  MemoryUsage of job (MB)
	1372384  -  ResidentSetSize of job (KB)
...
006 (16720545.010.000) 06/26 04:54:38 Image size of job updated: 1372476
	1341  -  MemoryUsage of job (MB)
	1372476  -  ResidentSetSize of job (KB)
...
006 (16720545.010.000) 06/26 04:59:39 Image size of job updated: 1372612
	1341  -  MemoryUsage of job (MB)
	1372612  -  ResidentSetSize of job (KB)
...
006 (16720545.010.000) 06/26 05:04:40 Image size of job updated: 1372728
	1341  -  MemoryUsage of job (MB)
	1372728  -  ResidentSetSize of job (KB)
...
006 (16720545.010.000) 06/26 05:09:40 Image size of job updated: 1372852
	1341  -  MemoryUsage of job (MB)
	1372852  -  ResidentSetSize of job (KB)
...
006 (16720545.010.000) 06/26 05:14:41 Image size of job updated: 1372984
	1341  -  MemoryUsage of job (MB)
	1372984  -  ResidentSetSize of job (KB)
...
006 (16720545.010.000) 06/26 05:19:42 Image size of job updated: 1373112
	1341  -  MemoryUsage of job (MB)
	1373112  -  ResidentSetSize of job (KB)
...
006 (16720545.010.000) 06/26 05:24:42 Image size of job updated: 1373276
	1342  -  MemoryUsage of job (MB)
	1373276  -  ResidentSetSize of job (KB)
...
006 (16720545.010.000) 06/26 05:29:43 Image size of job updated: 1373376
	1342  -  MemoryUsage of job (MB)
	1373376  -  ResidentSetSize of job (KB)
...
006 (16720545.010.000) 06/26 05:34:44 Image size of job updated: 1373552
	1342  -  MemoryUsage of job (MB)
	1373552  -  ResidentSetSize of job (KB)
...
006 (16720545.010.000) 06/26 05:39:44 Image size of job updated: 1373712
	1342  -  MemoryUsage of job (MB)
	1373712  -  ResidentSetSize of job (KB)
...
006 (16720545.010.000) 06/26 05:44:44 Image size of job updated: 1373836
	1342  -  MemoryUsage of job (MB)
	1373836  -  ResidentSetSize of job (KB)
...
006 (16720545.010.000) 06/26 05:49:45 Image size of job updated: 1373968
	1342  -  MemoryUsage of job (MB)
	1373968  -  ResidentSetSize of job (KB)
...
006 (16720545.010.000) 06/26 05:54:45 Image size of job updated: 1374124
	1342  -  MemoryUsage of job (MB)
	1374124  -  ResidentSetSize of job (KB)
...
006 (16720545.010.000) 06/26 05:59:45 Image size of job updated: 1374224
	1343  -  MemoryUsage of job (MB)
	1374224  -  ResidentSetSize of job (KB)
...
006 (16720545.010.000) 06/26 06:04:46 Image size of job updated: 1374340
	1343  -  MemoryUsage of job (MB)
	1374340  -  ResidentSetSize of job (KB)
...
006 (16720545.010.000) 06/26 06:09:46 Image size of job updated: 1374448
	1343  -  MemoryUsage of job (MB)
	1374448  -  ResidentSetSize of job (KB)
...
006 (16720545.010.000) 06/26 06:14:46 Image size of job updated: 1374576
	1343  -  MemoryUsage of job (MB)
	1374576  -  ResidentSetSize of job (KB)
...
006 (16720545.010.000) 06/26 06:19:47 Image size of job updated: 1374772
	1343  -  MemoryUsage of job (MB)
	1374772  -  ResidentSetSize of job (KB)
...
006 (16720545.010.000) 06/26 06:24:47 Image size of job updated: 1374912
	1343  -  MemoryUsage of job (MB)
	1374912  -  ResidentSetSize of job (KB)
...
006 (16720545.010.000) 06/26 06:29:47 Image size of job updated: 1375048
	1343  -  MemoryUsage of job (MB)
	1375048  -  ResidentSetSize of job (KB)
...
006 (16720545.010.000) 06/26 06:34:48 Image size of job updated: 1375184
	1343  -  MemoryUsage of job (MB)
	1375184  -  ResidentSetSize of job (KB)
...
006 (16720545.010.000) 06/26 06:39:48 Image size of job updated: 1375344
	1344  -  MemoryUsage of job (MB)
	1375344  -  ResidentSetSize of job (KB)
...
006 (16720545.010.000) 06/26 06:44:48 Image size of job updated: 1377584
	1346  -  MemoryUsage of job (MB)
	1377584  -  ResidentSetSize of job (KB)
...
006 (16720545.010.000) 06/26 06:49:49 Image size of job updated: 1377732
	1346  -  MemoryUsage of job (MB)
	1377732  -  ResidentSetSize of job (KB)
...
006 (16720545.010.000) 06/26 06:54:49 Image size of job updated: 1377864
	1346  -  MemoryUsage of job (MB)
	1377864  -  ResidentSetSize of job (KB)
...
006 (16720545.010.000) 06/26 06:59:49 Image size of job updated: 1378012
	1346  -  MemoryUsage of job (MB)
	1378012  -  ResidentSetSize of job (KB)
...
006 (16720545.010.000) 06/26 07:04:50 Image size of job updated: 1378148
	1346  -  MemoryUsage of job (MB)
	1378148  -  ResidentSetSize of job (KB)
...
006 (16720545.010.000) 06/26 07:09:51 Image size of job updated: 1378292
	1346  -  MemoryUsage of job (MB)
	1378292  -  ResidentSetSize of job (KB)
...
006 (16720545.010.000) 06/26 07:14:51 Image size of job updated: 1378472
	1347  -  MemoryUsage of job (MB)
	1378472  -  ResidentSetSize of job (KB)
...
006 (16720545.010.000) 06/26 07:19:52 Image size of job updated: 1378592
	1347  -  MemoryUsage of job (MB)
	1378592  -  ResidentSetSize of job (KB)
...
006 (16720545.010.000) 06/26 07:24:53 Image size of job updated: 1378720
	1347  -  MemoryUsage of job (MB)
	1378720  -  ResidentSetSize of job (KB)
...
006 (16720545.010.000) 06/26 07:29:53 Image size of job updated: 1378888
	1347  -  MemoryUsage of job (MB)
	1378888  -  ResidentSetSize of job (KB)
...
006 (16720545.010.000) 06/26 07:34:53 Image size of job updated: 1379004
	1347  -  MemoryUsage of job (MB)
	1379004  -  ResidentSetSize of job (KB)
...
006 (16720545.010.000) 06/26 07:39:54 Image size of job updated: 1379132
	1347  -  MemoryUsage of job (MB)
	1379132  -  ResidentSetSize of job (KB)
...
006 (16720545.010.000) 06/26 07:44:54 Image size of job updated: 1379268
	1347  -  MemoryUsage of job (MB)
	1379268  -  ResidentSetSize of job (KB)
...
006 (16720545.010.000) 06/26 07:49:54 Image size of job updated: 1379372
	1348  -  MemoryUsage of job (MB)
	1379372  -  ResidentSetSize of job (KB)
...
006 (16720545.010.000) 06/26 07:54:56 Image size of job updated: 1379480
	1348  -  MemoryUsage of job (MB)
	1379480  -  ResidentSetSize of job (KB)
...
006 (16720545.010.000) 06/26 07:59:56 Image size of job updated: 1379596
	1348  -  MemoryUsage of job (MB)
	1379596  -  ResidentSetSize of job (KB)
...
006 (16720545.010.000) 06/26 08:04:56 Image size of job updated: 1379740
	1348  -  MemoryUsage of job (MB)
	1379740  -  ResidentSetSize of job (KB)
...
006 (16720545.010.000) 06/26 08:09:57 Image size of job updated: 1379840
	1348  -  MemoryUsage of job (MB)
	1379840  -  ResidentSetSize of job (KB)
...
006 (16720545.010.000) 06/26 08:14:58 Image size of job updated: 1380000
	1348  -  MemoryUsage of job (MB)
	1380000  -  ResidentSetSize of job (KB)
...
006 (16720545.010.000) 06/26 08:19:58 Image size of job updated: 1380116
	1348  -  MemoryUsage of job (MB)
	1380116  -  ResidentSetSize of job (KB)
...
006 (16720545.010.000) 06/26 08:24:59 Image size of job updated: 1380224
	1348  -  MemoryUsage of job (MB)
	1380224  -  ResidentSetSize of job (KB)
...
006 (16720545.010.000) 06/26 08:30:00 Image size of job updated: 1380352
	1348  -  MemoryUsage of job (MB)
	1380352  -  ResidentSetSize of job (KB)
...
006 (16720545.010.000) 06/26 08:35:00 Image size of job updated: 1380452
	1349  -  MemoryUsage of job (MB)
	1380452  -  ResidentSetSize of job (KB)
...
006 (16720545.010.000) 06/26 08:40:01 Image size of job updated: 1380576
	1349  -  MemoryUsage of job (MB)
	1380576  -  ResidentSetSize of job (KB)
...
006 (16720545.010.000) 06/26 08:45:02 Image size of job updated: 1380736
	1349  -  MemoryUsage of job (MB)
	1380736  -  ResidentSetSize of job (KB)
...
006 (16720545.010.000) 06/26 08:50:02 Image size of job updated: 1380936
	1349  -  MemoryUsage of job (MB)
	1380936  -  ResidentSetSize of job (KB)
...
006 (16720545.010.000) 06/26 08:55:02 Image size of job updated: 1381060
	1349  -  MemoryUsage of job (MB)
	1381060  -  ResidentSetSize of job (KB)
...
006 (16720545.010.000) 06/26 09:00:03 Image size of job updated: 1381196
	1349  -  MemoryUsage of job (MB)
	1381196  -  ResidentSetSize of job (KB)
...
006 (16720545.010.000) 06/26 09:05:03 Image size of job updated: 1381372
	1349  -  MemoryUsage of job (MB)
	1381372  -  ResidentSetSize of job (KB)
...
006 (16720545.010.000) 06/26 09:10:03 Image size of job updated: 1381508
	1350  -  MemoryUsage of job (MB)
	1381508  -  ResidentSetSize of job (KB)
...
006 (16720545.010.000) 06/26 09:15:04 Image size of job updated: 1381616
	1350  -  MemoryUsage of job (MB)
	1381616  -  ResidentSetSize of job (KB)
...
006 (16720545.010.000) 06/26 09:20:04 Image size of job updated: 1381708
	1350  -  MemoryUsage of job (MB)
	1381708  -  ResidentSetSize of job (KB)
...
006 (16720545.010.000) 06/26 09:25:04 Image size of job updated: 1381816
	1350  -  MemoryUsage of job (MB)
	1381816  -  ResidentSetSize of job (KB)
...
006 (16720545.010.000) 06/26 09:30:05 Image size of job updated: 1381940
	1350  -  MemoryUsage of job (MB)
	1381940  -  ResidentSetSize of job (KB)
...
006 (16720545.010.000) 06/26 09:35:05 Image size of job updated: 1382060
	1350  -  MemoryUsage of job (MB)
	1382060  -  ResidentSetSize of job (KB)
...
006 (16720545.010.000) 06/26 09:40:05 Image size of job updated: 1382164
	1350  -  MemoryUsage of job (MB)
	1382164  -  ResidentSetSize of job (KB)
...
006 (16720545.010.000) 06/26 09:45:06 Image size of job updated: 1382312
	1350  -  MemoryUsage of job (MB)
	1382312  -  ResidentSetSize of job (KB)
...
006 (16720545.010.000) 06/26 09:50:07 Image size of job updated: 1382440
	1351  -  MemoryUsage of job (MB)
	1382440  -  ResidentSetSize of job (KB)
...
006 (16720545.010.000) 06/26 09:55:07 Image size of job updated: 1382548
	1351  -  MemoryUsage of job (MB)
	1382548  -  ResidentSetSize of job (KB)
...
006 (16720545.010.000) 06/26 10:00:08 Image size of job updated: 1382688
	1351  -  MemoryUsage of job (MB)
	1382688  -  ResidentSetSize of job (KB)
...
006 (16720545.010.000) 06/26 10:05:09 Image size of job updated: 1382792
	1351  -  MemoryUsage of job (MB)
	1382792  -  ResidentSetSize of job (KB)
...
006 (16720545.010.000) 06/26 10:10:09 Image size of job updated: 1382980
	1351  -  MemoryUsage of job (MB)
	1382980  -  ResidentSetSize of job (KB)
...
006 (16720545.010.000) 06/26 10:15:09 Image size of job updated: 1383092
	1351  -  MemoryUsage of job (MB)
	1383092  -  ResidentSetSize of job (KB)
...
006 (16720545.010.000) 06/26 10:20:10 Image size of job updated: 1383264
	1351  -  MemoryUsage of job (MB)
	1383264  -  ResidentSetSize of job (KB)
...
006 (16720545.010.000) 06/26 10:25:10 Image size of job updated: 1383392
	1351  -  MemoryUsage of job (MB)
	1383392  -  ResidentSetSize of job (KB)
...
006 (16720545.010.000) 06/26 10:30:10 Image size of job updated: 1385624
	1354  -  MemoryUsage of job (MB)
	1385624  -  ResidentSetSize of job (KB)
...
006 (16720545.010.000) 06/26 10:35:11 Image size of job updated: 1385700
	1354  -  MemoryUsage of job (MB)
	1385700  -  ResidentSetSize of job (KB)
...
006 (16720545.010.000) 06/26 10:40:11 Image size of job updated: 1385824
	1354  -  MemoryUsage of job (MB)
	1385824  -  ResidentSetSize of job (KB)
...
006 (16720545.010.000) 06/26 10:45:11 Image size of job updated: 1385960
	1354  -  MemoryUsage of job (MB)
	1385960  -  ResidentSetSize of job (KB)
...
006 (16720545.010.000) 06/26 10:50:12 Image size of job updated: 1386092
	1354  -  MemoryUsage of job (MB)
	1386092  -  ResidentSetSize of job (KB)
...
006 (16720545.010.000) 06/26 10:55:13 Image size of job updated: 1386244
	1354  -  MemoryUsage of job (MB)
	1386244  -  ResidentSetSize of job (KB)
...
006 (16720545.010.000) 06/26 11:00:13 Image size of job updated: 1386592
	1355  -  MemoryUsage of job (MB)
	1386592  -  ResidentSetSize of job (KB)
...
006 (16720545.010.000) 06/26 11:10:15 Image size of job updated: 1386720
	1355  -  MemoryUsage of job (MB)
	1386720  -  ResidentSetSize of job (KB)
...
006 (16720545.010.000) 06/26 11:15:15 Image size of job updated: 1386828
	1355  -  MemoryUsage of job (MB)
	1386828  -  ResidentSetSize of job (KB)
...
006 (16720545.010.000) 06/26 11:20:16 Image size of job updated: 1386932
	1355  -  MemoryUsage of job (MB)
	1386932  -  ResidentSetSize of job (KB)
...
006 (16720545.010.000) 06/26 11:25:17 Image size of job updated: 1387068
	1355  -  MemoryUsage of job (MB)
	1387068  -  ResidentSetSize of job (KB)
...
006 (16720545.010.000) 06/26 11:30:17 Image size of job updated: 1387180
	1355  -  MemoryUsage of job (MB)
	1387180  -  ResidentSetSize of job (KB)
...
006 (16720545.010.000) 06/26 11:35:17 Image size of job updated: 1387320
	1355  -  MemoryUsage of job (MB)
	1387320  -  ResidentSetSize of job (KB)
...
006 (16720545.010.000) 06/26 11:40:18 Image size of job updated: 1387388
	1355  -  MemoryUsage of job (MB)
	1387388  -  ResidentSetSize of job (KB)
...
006 (16720545.010.000) 06/26 11:45:18 Image size of job updated: 1387540
	1356  -  MemoryUsage of job (MB)
	1387540  -  ResidentSetSize of job (KB)
...
006 (16720545.010.000) 06/26 11:50:18 Image size of job updated: 1387680
	1356  -  MemoryUsage of job (MB)
	1387680  -  ResidentSetSize of job (KB)
...
006 (16720545.010.000) 06/26 11:55:19 Image size of job updated: 1387788
	1356  -  MemoryUsage of job (MB)
	1387788  -  ResidentSetSize of job (KB)
...
006 (16720545.010.000) 06/26 12:00:19 Image size of job updated: 1387896
	1356  -  MemoryUsage of job (MB)
	1387896  -  ResidentSetSize of job (KB)
...
006 (16720545.010.000) 06/26 12:05:19 Image size of job updated: 1388016
	1356  -  MemoryUsage of job (MB)
	1388016  -  ResidentSetSize of job (KB)
...
006 (16720545.010.000) 06/26 12:10:20 Image size of job updated: 1388136
	1356  -  MemoryUsage of job (MB)
	1388136  -  ResidentSetSize of job (KB)
...
006 (16720545.010.000) 06/26 12:15:20 Image size of job updated: 1388224
	1356  -  MemoryUsage of job (MB)
	1388224  -  ResidentSetSize of job (KB)
...
006 (16720545.010.000) 06/26 12:20:20 Image size of job updated: 1388332
	1356  -  MemoryUsage of job (MB)
	1388332  -  ResidentSetSize of job (KB)
...
006 (16720545.010.000) 06/26 12:25:21 Image size of job updated: 1388492
	1356  -  MemoryUsage of job (MB)
	1388492  -  ResidentSetSize of job (KB)
...
006 (16720545.010.000) 06/26 12:30:21 Image size of job updated: 1388596
	1357  -  MemoryUsage of job (MB)
	1388596  -  ResidentSetSize of job (KB)
...
006 (16720545.010.000) 06/26 12:35:21 Image size of job updated: 1388740
	1357  -  MemoryUsage of job (MB)
	1388740  -  ResidentSetSize of job (KB)
...
006 (16720545.010.000) 06/26 12:40:22 Image size of job updated: 1388888
	1357  -  MemoryUsage of job (MB)
	1388888  -  ResidentSetSize of job (KB)
...
006 (16720545.010.000) 06/26 12:45:22 Image size of job updated: 1389036
	1357  -  MemoryUsage of job (MB)
	1389036  -  ResidentSetSize of job (KB)
...
006 (16720545.010.000) 06/26 12:50:22 Image size of job updated: 1389184
	1357  -  MemoryUsage of job (MB)
	1389184  -  ResidentSetSize of job (KB)
...
006 (16720545.010.000) 06/26 12:55:23 Image size of job updated: 1389312
	1357  -  MemoryUsage of job (MB)
	1389312  -  ResidentSetSize of job (KB)
...
006 (16720545.010.000) 06/26 13:00:24 Image size of job updated: 1389420
	1357  -  MemoryUsage of job (MB)
	1389420  -  ResidentSetSize of job (KB)
...
006 (16720545.010.000) 06/26 13:05:24 Image size of job updated: 1389560
	1357  -  MemoryUsage of job (MB)
	1389560  -  ResidentSetSize of job (KB)
...
006 (16720545.010.000) 06/26 13:10:25 Image size of job updated: 1389756
	1358  -  MemoryUsage of job (MB)
	1389756  -  ResidentSetSize of job (KB)
...
006 (16720545.010.000) 06/26 13:15:26 Image size of job updated: 1390692
	1359  -  MemoryUsage of job (MB)
	1390692  -  ResidentSetSize of job (KB)
...
006 (16720545.010.000) 06/26 13:20:26 Image size of job updated: 1390700
	1359  -  MemoryUsage of job (MB)
	1390700  -  ResidentSetSize of job (KB)
...
006 (16720545.010.000) 06/26 13:30:28 Image size of job updated: 1392748
	1361  -  MemoryUsage of job (MB)
	1392748  -  ResidentSetSize of job (KB)
...
006 (16720545.010.000) 06/26 13:40:29 Image size of job updated: 1393136
	1361  -  MemoryUsage of job (MB)
	1393136  -  ResidentSetSize of job (KB)
...
006 (16720545.010.000) 06/26 13:43:31 Image size of job updated: 1393392
	1361  -  MemoryUsage of job (MB)
	1393136  -  ResidentSetSize of job (KB)
...
040 (16720545.010.000) 06/26 13:43:31 Started transferring output files
...
040 (16720545.010.000) 06/26 13:43:31 Finished transferring output files
...
009 (16720545.010.000) 06/26 13:43:31 Job was aborted.
	Job removed by SYSTEM_PERIODIC_REMOVE due to wall time exceeded allowed max.
...
