000 (16720545.006.000) 06/25 12:23:40 Job submitted from host: <188.185.114.121:9618?addrs=188.185.114.121-9618+[2001-1458-d00-a--100-273]-9618&alias=bigbird19.cern.ch&noUDP&sock=schedd_5103_cfe0>
...
040 (16720545.006.000) 06/25 13:36:38 Started transferring input files
	Transferring to host: <188.185.92.66:9618?addrs=188.185.92.66-9618+[2001-1458-d00-6c--100-30c]-9618&alias=b9g57n0006.cern.ch&noUDP&sock=slot1_1_270738_29bb_116058>
...
040 (16720545.006.000) 06/25 13:36:38 Finished transferring input files
...
001 (16720545.006.000) 06/25 13:36:39 Job executing on host: <188.185.92.66:9618?addrs=188.185.92.66-9618+[2001-1458-d00-6c--100-30c]-9618&alias=b9g57n0006.cern.ch&noUDP&sock=startd_232603_e3ae>
	SlotName: slot1_1@b9g57n0006.cern.ch
	AvailableGPUs = { GPUs_GPU_02690ba6 }
	CondorScratchDir = "/pool/condor/dir_659411"
	Cpus = 3
	Disk = 8389628
	GPUs = 1
	GPUs_GPU_02690ba6 = [ Id = "GPU-02690ba6"; ClockMhz = 1410.0; Capability = 8.0; CoresPerCU = 64; DeviceName = "NVIDIA A100-PCIE-40GB"; DeviceUuid = "02690ba6-da8f-b9f3-f5f5-ed6909a5a343"; ECCEnabled = true; ComputeUnits = 108; DriverVersion = 13.0; DevicePciBusId = "0000:06:00.0"; GlobalMemoryMb = 40441; MaxSupportedVersion = 13000 ]
	Memory = 9000
...
006 (16720545.006.000) 06/25 13:36:52 Image size of job updated: 221444
	217  -  MemoryUsage of job (MB)
	221444  -  ResidentSetSize of job (KB)
...
006 (16720545.006.000) 06/25 13:41:52 Image size of job updated: 451220
	441  -  MemoryUsage of job (MB)
	451220  -  ResidentSetSize of job (KB)
...
006 (16720545.006.000) 06/25 13:46:53 Image size of job updated: 458556
	448  -  MemoryUsage of job (MB)
	458556  -  ResidentSetSize of job (KB)
...
006 (16720545.006.000) 06/25 13:51:53 Image size of job updated: 466828
	456  -  MemoryUsage of job (MB)
	466828  -  ResidentSetSize of job (KB)
...
006 (16720545.006.000) 06/25 13:56:53 Image size of job updated: 474292
	464  -  MemoryUsage of job (MB)
	474292  -  ResidentSetSize of job (KB)
...
006 (16720545.006.000) 06/25 14:01:54 Image size of job updated: 479276
	469  -  MemoryUsage of job (MB)
	479276  -  ResidentSetSize of job (KB)
...
006 (16720545.006.000) 06/25 14:06:55 Image size of job updated: 483956
	473  -  MemoryUsage of job (MB)
	483956  -  ResidentSetSize of job (KB)
...
006 (16720545.006.000) 06/25 14:11:55 Image size of job updated: 489376
	478  -  MemoryUsage of job (MB)
	489376  -  ResidentSetSize of job (KB)
...
006 (16720545.006.000) 06/25 14:16:56 Image size of job updated: 497604
	486  -  MemoryUsage of job (MB)
	497604  -  ResidentSetSize of job (KB)
...
006 (16720545.006.000) 06/25 14:21:57 Image size of job updated: 505824
	494  -  MemoryUsage of job (MB)
	505824  -  ResidentSetSize of job (KB)
...
006 (16720545.006.000) 06/25 14:26:57 Image size of job updated: 518572
	507  -  MemoryUsage of job (MB)
	518572  -  ResidentSetSize of job (KB)
...
006 (16720545.006.000) 06/25 14:31:57 Image size of job updated: 526420
	515  -  MemoryUsage of job (MB)
	526420  -  ResidentSetSize of job (KB)
...
006 (16720545.006.000) 06/25 14:36:58 Image size of job updated: 531524
	520  -  MemoryUsage of job (MB)
	531524  -  ResidentSetSize of job (KB)
...
006 (16720545.006.000) 06/25 14:41:58 Image size of job updated: 536300
	524  -  MemoryUsage of job (MB)
	536300  -  ResidentSetSize of job (KB)
...
006 (16720545.006.000) 06/25 14:46:58 Image size of job updated: 540884
	529  -  MemoryUsage of job (MB)
	540884  -  ResidentSetSize of job (KB)
...
006 (16720545.006.000) 06/25 14:51:59 Image size of job updated: 551300
	539  -  MemoryUsage of job (MB)
	551300  -  ResidentSetSize of job (KB)
...
006 (16720545.006.000) 06/25 14:57:00 Image size of job updated: 561468
	549  -  MemoryUsage of job (MB)
	561468  -  ResidentSetSize of job (KB)
...
006 (16720545.006.000) 06/25 15:02:00 Image size of job updated: 571956
	559  -  MemoryUsage of job (MB)
	571956  -  ResidentSetSize of job (KB)
...
006 (16720545.006.000) 06/25 15:07:01 Image size of job updated: 577668
	559  -  MemoryUsage of job (MB)
	571956  -  ResidentSetSize of job (KB)
...
006 (16720545.006.000) 06/25 15:22:03 Image size of job updated: 586892
	574  -  MemoryUsage of job (MB)
	586892  -  ResidentSetSize of job (KB)
...
006 (16720545.006.000) 06/25 15:27:04 Image size of job updated: 623400
	609  -  MemoryUsage of job (MB)
	623400  -  ResidentSetSize of job (KB)
...
006 (16720545.006.000) 06/25 15:32:04 Image size of job updated: 658800
	644  -  MemoryUsage of job (MB)
	658800  -  ResidentSetSize of job (KB)
...
006 (16720545.006.000) 06/25 15:37:05 Image size of job updated: 658940
	644  -  MemoryUsage of job (MB)
	658940  -  ResidentSetSize of job (KB)
...
006 (16720545.006.000) 06/25 15:42:06 Image size of job updated: 659012
	644  -  MemoryUsage of job (MB)
	659012  -  ResidentSetSize of job (KB)
...
006 (16720545.006.000) 06/25 15:47:06 Image size of job updated: 659028
	644  -  MemoryUsage of job (MB)
	659028  -  ResidentSetSize of job (KB)
...
006 (16720545.006.000) 06/25 15:52:06 Image size of job updated: 659040
	644  -  MemoryUsage of job (MB)
	659040  -  ResidentSetSize of job (KB)
...
006 (16720545.006.000) 06/25 15:57:07 Image size of job updated: 659044
	644  -  MemoryUsage of job (MB)
	659044  -  ResidentSetSize of job (KB)
...
006 (16720545.006.000) 06/25 16:02:07 Image size of job updated: 663288
	648  -  MemoryUsage of job (MB)
	663288  -  ResidentSetSize of job (KB)
...
006 (16720545.006.000) 06/25 16:07:08 Image size of job updated: 663356
	648  -  MemoryUsage of job (MB)
	663356  -  ResidentSetSize of job (KB)
...
006 (16720545.006.000) 06/25 16:12:09 Image size of job updated: 663428
	648  -  MemoryUsage of job (MB)
	663428  -  ResidentSetSize of job (KB)
...
006 (16720545.006.000) 06/25 16:22:09 Image size of job updated: 663500
	648  -  MemoryUsage of job (MB)
	663500  -  ResidentSetSize of job (KB)
...
006 (16720545.006.000) 06/25 16:42:11 Image size of job updated: 1252628
	1224  -  MemoryUsage of job (MB)
	1252628  -  ResidentSetSize of job (KB)
...
006 (16720545.006.000) 06/25 16:47:12 Image size of job updated: 1253460
	1225  -  MemoryUsage of job (MB)
	1253460  -  ResidentSetSize of job (KB)
...
006 (16720545.006.000) 06/25 16:52:12 Image size of job updated: 1254000
	1225  -  MemoryUsage of job (MB)
	1254000  -  ResidentSetSize of job (KB)
...
006 (16720545.006.000) 06/25 16:57:13 Image size of job updated: 1254128
	1225  -  MemoryUsage of job (MB)
	1254128  -  ResidentSetSize of job (KB)
...
006 (16720545.006.000) 06/25 17:02:14 Image size of job updated: 1254436
	1226  -  MemoryUsage of job (MB)
	1254436  -  ResidentSetSize of job (KB)
...
006 (16720545.006.000) 06/25 17:07:14 Image size of job updated: 1254592
	1226  -  MemoryUsage of job (MB)
	1254592  -  ResidentSetSize of job (KB)
...
006 (16720545.006.000) 06/25 17:12:14 Image size of job updated: 1254752
	1226  -  MemoryUsage of job (MB)
	1254752  -  ResidentSetSize of job (KB)
...
006 (16720545.006.000) 06/25 17:17:15 Image size of job updated: 1254872
	1226  -  MemoryUsage of job (MB)
	1254872  -  ResidentSetSize of job (KB)
...
006 (16720545.006.000) 06/25 17:22:15 Image size of job updated: 1255164
	1226  -  MemoryUsage of job (MB)
	1255164  -  ResidentSetSize of job (KB)
...
006 (16720545.006.000) 06/25 17:27:15 Image size of job updated: 1356800
	1325  -  MemoryUsage of job (MB)
	1356800  -  ResidentSetSize of job (KB)
...
006 (16720545.006.000) 06/25 17:32:16 Image size of job updated: 1409648
	1377  -  MemoryUsage of job (MB)
	1409648  -  ResidentSetSize of job (KB)
...
006 (16720545.006.000) 06/25 17:37:17 Image size of job updated: 1409664
	1377  -  MemoryUsage of job (MB)
	1409664  -  ResidentSetSize of job (KB)
...
006 (16720545.006.000) 06/25 17:42:17 Image size of job updated: 1409736
	1377  -  MemoryUsage of job (MB)
	1409736  -  ResidentSetSize of job (KB)
...
006 (16720545.006.000) 06/25 17:47:18 Image size of job updated: 1409988
	1377  -  MemoryUsage of job (MB)
	1409988  -  ResidentSetSize of job (KB)
...
006 (16720545.006.000) 06/25 17:52:19 Image size of job updated: 1410104
	1378  -  MemoryUsage of job (MB)
	1410104  -  ResidentSetSize of job (KB)
...
006 (16720545.006.000) 06/25 17:57:19 Image size of job updated: 1410268
	1378  -  MemoryUsage of job (MB)
	1410268  -  ResidentSetSize of job (KB)
...
006 (16720545.006.000) 06/25 18:02:20 Image size of job updated: 1410400
	1378  -  MemoryUsage of job (MB)
	1410400  -  ResidentSetSize of job (KB)
...
006 (16720545.006.000) 06/25 18:07:21 Image size of job updated: 1410680
	1378  -  MemoryUsage of job (MB)
	1410680  -  ResidentSetSize of job (KB)
...
006 (16720545.006.000) 06/25 18:12:21 Image size of job updated: 1410808
	1378  -  MemoryUsage of job (MB)
	1410808  -  ResidentSetSize of job (KB)
...
006 (16720545.006.000) 06/25 18:17:21 Image size of job updated: 1410964
	1378  -  MemoryUsage of job (MB)
	1410964  -  ResidentSetSize of job (KB)
...
006 (16720545.006.000) 06/25 18:22:22 Image size of job updated: 1411112
	1379  -  MemoryUsage of job (MB)
	1411112  -  ResidentSetSize of job (KB)
...
006 (16720545.006.000) 06/25 18:27:22 Image size of job updated: 1411224
	1379  -  MemoryUsage of job (MB)
	1411224  -  ResidentSetSize of job (KB)
...
006 (16720545.006.000) 06/25 18:32:22 Image size of job updated: 1411344
	1379  -  MemoryUsage of job (MB)
	1411344  -  ResidentSetSize of job (KB)
...
006 (16720545.006.000) 06/25 18:37:23 Image size of job updated: 1411460
	1379  -  MemoryUsage of job (MB)
	1411460  -  ResidentSetSize of job (KB)
...
006 (16720545.006.000) 06/25 18:42:24 Image size of job updated: 1411608
	1379  -  MemoryUsage of job (MB)
	1411608  -  ResidentSetSize of job (KB)
...
006 (16720545.006.000) 06/25 18:47:24 Image size of job updated: 1411932
	1379  -  MemoryUsage of job (MB)
	1411932  -  ResidentSetSize of job (KB)
...
006 (16720545.006.000) 06/25 18:52:24 Image size of job updated: 1412056
	1379  -  MemoryUsage of job (MB)
	1412056  -  ResidentSetSize of job (KB)
...
006 (16720545.006.000) 06/25 18:57:25 Image size of job updated: 1412168
	1380  -  MemoryUsage of job (MB)
	1412168  -  ResidentSetSize of job (KB)
...
006 (16720545.006.000) 06/25 19:02:25 Image size of job updated: 1412284
	1380  -  MemoryUsage of job (MB)
	1412284  -  ResidentSetSize of job (KB)
...
006 (16720545.006.000) 06/25 19:07:25 Image size of job updated: 1412424
	1380  -  MemoryUsage of job (MB)
	1412424  -  ResidentSetSize of job (KB)
...
006 (16720545.006.000) 06/25 19:12:26 Image size of job updated: 1412728
	1380  -  MemoryUsage of job (MB)
	1412728  -  ResidentSetSize of job (KB)
...
006 (16720545.006.000) 06/25 19:17:26 Image size of job updated: 1412880
	1380  -  MemoryUsage of job (MB)
	1412880  -  ResidentSetSize of job (KB)
...
006 (16720545.006.000) 06/25 19:22:26 Image size of job updated: 1412992
	1380  -  MemoryUsage of job (MB)
	1412992  -  ResidentSetSize of job (KB)
...
006 (16720545.006.000) 06/25 19:27:27 Image size of job updated: 1413140
	1381  -  MemoryUsage of job (MB)
	1413140  -  ResidentSetSize of job (KB)
...
006 (16720545.006.000) 06/25 19:32:27 Image size of job updated: 1413268
	1381  -  MemoryUsage of job (MB)
	1413268  -  ResidentSetSize of job (KB)
...
006 (16720545.006.000) 06/25 19:37:27 Image size of job updated: 1413392
	1381  -  MemoryUsage of job (MB)
	1413392  -  ResidentSetSize of job (KB)
...
006 (16720545.006.000) 06/25 19:42:28 Image size of job updated: 1413504
	1381  -  MemoryUsage of job (MB)
	1413504  -  ResidentSetSize of job (KB)
...
006 (16720545.006.000) 06/25 19:47:29 Image size of job updated: 1414084
	1381  -  MemoryUsage of job (MB)
	1414084  -  ResidentSetSize of job (KB)
...
006 (16720545.006.000) 06/25 19:52:29 Image size of job updated: 1414184
	1382  -  MemoryUsage of job (MB)
	1414184  -  ResidentSetSize of job (KB)
...
006 (16720545.006.000) 06/25 19:57:30 Image size of job updated: 1414312
	1382  -  MemoryUsage of job (MB)
	1414312  -  ResidentSetSize of job (KB)
...
006 (16720545.006.000) 06/25 20:02:31 Image size of job updated: 1414436
	1382  -  MemoryUsage of job (MB)
	1414436  -  ResidentSetSize of job (KB)
...
006 (16720545.006.000) 06/25 20:07:31 Image size of job updated: 1414564
	1382  -  MemoryUsage of job (MB)
	1414564  -  ResidentSetSize of job (KB)
...
006 (16720545.006.000) 06/25 20:12:32 Image size of job updated: 1414572
	1382  -  MemoryUsage of job (MB)
	1414572  -  ResidentSetSize of job (KB)
...
006 (16720545.006.000) 06/25 20:17:33 Image size of job updated: 1414580
	1382  -  MemoryUsage of job (MB)
	1414580  -  ResidentSetSize of job (KB)
...
006 (16720545.006.000) 06/25 20:22:33 Image size of job updated: 1414772
	1382  -  MemoryUsage of job (MB)
	1414772  -  ResidentSetSize of job (KB)
...
006 (16720545.006.000) 06/25 20:27:34 Image size of job updated: 1414908
	1382  -  MemoryUsage of job (MB)
	1414908  -  ResidentSetSize of job (KB)
...
006 (16720545.006.000) 06/25 20:32:35 Image size of job updated: 1415052
	1382  -  MemoryUsage of job (MB)
	1415052  -  ResidentSetSize of job (KB)
...
006 (16720545.006.000) 06/25 20:37:35 Image size of job updated: 1415164
	1382  -  MemoryUsage of job (MB)
	1415164  -  ResidentSetSize of job (KB)
...
006 (16720545.006.000) 06/25 20:42:35 Image size of job updated: 1415292
	1383  -  MemoryUsage of job (MB)
	1415292  -  ResidentSetSize of job (KB)
...
006 (16720545.006.000) 06/25 20:47:36 Image size of job updated: 1415436
	1383  -  MemoryUsage of job (MB)
	1415436  -  ResidentSetSize of job (KB)
...
006 (16720545.006.000) 06/25 20:52:36 Image size of job updated: 1415584
	1383  -  MemoryUsage of job (MB)
	1415584  -  ResidentSetSize of job (KB)
...
006 (16720545.006.000) 06/25 20:57:36 Image size of job updated: 1415764
	1383  -  MemoryUsage of job (MB)
	1415764  -  ResidentSetSize of job (KB)
...
006 (16720545.006.000) 06/25 21:02:37 Image size of job updated: 1415984
	1383  -  MemoryUsage of job (MB)
	1415984  -  ResidentSetSize of job (KB)
...
006 (16720545.006.000) 06/25 21:07:37 Image size of job updated: 1416136
	1383  -  MemoryUsage of job (MB)
	1416136  -  ResidentSetSize of job (KB)
...
006 (16720545.006.000) 06/25 21:12:37 Image size of job updated: 1416288
	1384  -  MemoryUsage of job (MB)
	1416288  -  ResidentSetSize of job (KB)
...
006 (16720545.006.000) 06/25 21:17:38 Image size of job updated: 1416492
	1384  -  MemoryUsage of job (MB)
	1416492  -  ResidentSetSize of job (KB)
...
006 (16720545.006.000) 06/25 21:22:38 Image size of job updated: 1416616
	1384  -  MemoryUsage of job (MB)
	1416616  -  ResidentSetSize of job (KB)
...
006 (16720545.006.000) 06/25 21:27:38 Image size of job updated: 1416760
	1384  -  MemoryUsage of job (MB)
	1416760  -  ResidentSetSize of job (KB)
...
006 (16720545.006.000) 06/25 21:32:39 Image size of job updated: 1416932
	1384  -  MemoryUsage of job (MB)
	1416932  -  ResidentSetSize of job (KB)
...
006 (16720545.006.000) 06/25 21:37:40 Image size of job updated: 1417048
	1384  -  MemoryUsage of job (MB)
	1417048  -  ResidentSetSize of job (KB)
...
006 (16720545.006.000) 06/25 21:42:40 Image size of job updated: 1417188
	1384  -  MemoryUsage of job (MB)
	1417188  -  ResidentSetSize of job (KB)
...
006 (16720545.006.000) 06/25 21:47:41 Image size of job updated: 1417312
	1385  -  MemoryUsage of job (MB)
	1417312  -  ResidentSetSize of job (KB)
...
006 (16720545.006.000) 06/25 21:52:42 Image size of job updated: 1417444
	1385  -  MemoryUsage of job (MB)
	1417444  -  ResidentSetSize of job (KB)
...
006 (16720545.006.000) 06/25 21:57:42 Image size of job updated: 1417584
	1385  -  MemoryUsage of job (MB)
	1417584  -  ResidentSetSize of job (KB)
...
006 (16720545.006.000) 06/25 22:02:43 Image size of job updated: 1417740
	1385  -  MemoryUsage of job (MB)
	1417740  -  ResidentSetSize of job (KB)
...
006 (16720545.006.000) 06/25 22:07:44 Image size of job updated: 1417916
	1385  -  MemoryUsage of job (MB)
	1417916  -  ResidentSetSize of job (KB)
...
006 (16720545.006.000) 06/25 22:12:44 Image size of job updated: 1418104
	1385  -  MemoryUsage of job (MB)
	1418104  -  ResidentSetSize of job (KB)
...
006 (16720545.006.000) 06/25 22:17:45 Image size of job updated: 1418348
	1386  -  MemoryUsage of job (MB)
	1418348  -  ResidentSetSize of job (KB)
...
006 (16720545.006.000) 06/25 22:22:46 Image size of job updated: 1418468
	1386  -  MemoryUsage of job (MB)
	1418468  -  ResidentSetSize of job (KB)
...
006 (16720545.006.000) 06/25 22:27:46 Image size of job updated: 1418600
	1386  -  MemoryUsage of job (MB)
	1418600  -  ResidentSetSize of job (KB)
...
006 (16720545.006.000) 06/25 22:32:47 Image size of job updated: 1418724
	1386  -  MemoryUsage of job (MB)
	1418724  -  ResidentSetSize of job (KB)
...
006 (16720545.006.000) 06/25 22:37:48 Image size of job updated: 1418856
	1386  -  MemoryUsage of job (MB)
	1418856  -  ResidentSetSize of job (KB)
...
006 (16720545.006.000) 06/25 22:42:48 Image size of job updated: 1418980
	1386  -  MemoryUsage of job (MB)
	1418980  -  ResidentSetSize of job (KB)
...
006 (16720545.006.000) 06/25 22:47:49 Image size of job updated: 1419108
	1386  -  MemoryUsage of job (MB)
	1419108  -  ResidentSetSize of job (KB)
...
006 (16720545.006.000) 06/25 22:52:50 Image size of job updated: 1419236
	1386  -  MemoryUsage of job (MB)
	1419236  -  ResidentSetSize of job (KB)
...
006 (16720545.006.000) 06/25 22:57:50 Image size of job updated: 1419404
	1387  -  MemoryUsage of job (MB)
	1419404  -  ResidentSetSize of job (KB)
...
006 (16720545.006.000) 06/25 23:02:50 Image size of job updated: 1419488
	1387  -  MemoryUsage of job (MB)
	1419488  -  ResidentSetSize of job (KB)
...
006 (16720545.006.000) 06/25 23:07:51 Image size of job updated: 1421672
	1389  -  MemoryUsage of job (MB)
	1421672  -  ResidentSetSize of job (KB)
...
006 (16720545.006.000) 06/25 23:12:51 Image size of job updated: 1421812
	1389  -  MemoryUsage of job (MB)
	1421812  -  ResidentSetSize of job (KB)
...
006 (16720545.006.000) 06/25 23:17:51 Image size of job updated: 1421944
	1389  -  MemoryUsage of job (MB)
	1421944  -  ResidentSetSize of job (KB)
...
006 (16720545.006.000) 06/25 23:22:52 Image size of job updated: 1422104
	1389  -  MemoryUsage of job (MB)
	1422104  -  ResidentSetSize of job (KB)
...
006 (16720545.006.000) 06/25 23:27:52 Image size of job updated: 1422244
	1389  -  MemoryUsage of job (MB)
	1422244  -  ResidentSetSize of job (KB)
...
006 (16720545.006.000) 06/25 23:32:53 Image size of job updated: 1422372
	1390  -  MemoryUsage of job (MB)
	1422372  -  ResidentSetSize of job (KB)
...
006 (16720545.006.000) 06/25 23:37:54 Image size of job updated: 1422496
	1390  -  MemoryUsage of job (MB)
	1422496  -  ResidentSetSize of job (KB)
...
006 (16720545.006.000) 06/25 23:42:54 Image size of job updated: 1422660
	1390  -  MemoryUsage of job (MB)
	1422660  -  ResidentSetSize of job (KB)
...
006 (16720545.006.000) 06/25 23:47:54 Image size of job updated: 1422796
	1390  -  MemoryUsage of job (MB)
	1422796  -  ResidentSetSize of job (KB)
...
006 (16720545.006.000) 06/25 23:52:55 Image size of job updated: 1422928
	1390  -  MemoryUsage of job (MB)
	1422928  -  ResidentSetSize of job (KB)
...
006 (16720545.006.000) 06/25 23:57:55 Image size of job updated: 1423040
	1390  -  MemoryUsage of job (MB)
	1423040  -  ResidentSetSize of job (KB)
...
006 (16720545.006.000) 06/26 00:02:55 Image size of job updated: 1423172
	1390  -  MemoryUsage of job (MB)
	1423172  -  ResidentSetSize of job (KB)
...
006 (16720545.006.000) 06/26 00:07:56 Image size of job updated: 1423288
	1390  -  MemoryUsage of job (MB)
	1423288  -  ResidentSetSize of job (KB)
...
006 (16720545.006.000) 06/26 00:12:56 Image size of job updated: 1423416
	1391  -  MemoryUsage of job (MB)
	1423416  -  ResidentSetSize of job (KB)
...
006 (16720545.006.000) 06/26 00:17:56 Image size of job updated: 1423560
	1391  -  MemoryUsage of job (MB)
	1423560  -  ResidentSetSize of job (KB)
...
006 (16720545.006.000) 06/26 00:22:57 Image size of job updated: 1423664
	1391  -  MemoryUsage of job (MB)
	1423664  -  ResidentSetSize of job (KB)
...
006 (16720545.006.000) 06/26 00:27:58 Image size of job updated: 1423796
	1391  -  MemoryUsage of job (MB)
	1423796  -  ResidentSetSize of job (KB)
...
006 (16720545.006.000) 06/26 00:32:58 Image size of job updated: 1423920
	1391  -  MemoryUsage of job (MB)
	1423920  -  ResidentSetSize of job (KB)
...
006 (16720545.006.000) 06/26 00:37:59 Image size of job updated: 1424072
	1391  -  MemoryUsage of job (MB)
	1424072  -  ResidentSetSize of job (KB)
...
006 (16720545.006.000) 06/26 00:43:00 Image size of job updated: 1424180
	1391  -  MemoryUsage of job (MB)
	1424180  -  ResidentSetSize of job (KB)
...
006 (16720545.006.000) 06/26 00:48:00 Image size of job updated: 1424312
	1391  -  MemoryUsage of job (MB)
	1424312  -  ResidentSetSize of job (KB)
...
006 (16720545.006.000) 06/26 00:53:01 Image size of job updated: 1424420
	1392  -  MemoryUsage of job (MB)
	1424420  -  ResidentSetSize of job (KB)
...
006 (16720545.006.000) 06/26 00:58:02 Image size of job updated: 1424528
	1392  -  MemoryUsage of job (MB)
	1424528  -  ResidentSetSize of job (KB)
...
006 (16720545.006.000) 06/26 01:03:02 Image size of job updated: 1424632
	1392  -  MemoryUsage of job (MB)
	1424632  -  ResidentSetSize of job (KB)
...
006 (16720545.006.000) 06/26 01:08:02 Image size of job updated: 1425676
	1393  -  MemoryUsage of job (MB)
	1425676  -  ResidentSetSize of job (KB)
...
006 (16720545.006.000) 06/26 01:13:03 Image size of job updated: 1425776
	1393  -  MemoryUsage of job (MB)
	1425776  -  ResidentSetSize of job (KB)
...
006 (16720545.006.000) 06/26 01:18:03 Image size of job updated: 1425940
	1393  -  MemoryUsage of job (MB)
	1425940  -  ResidentSetSize of job (KB)
...
006 (16720545.006.000) 06/26 01:23:03 Image size of job updated: 1426064
	1393  -  MemoryUsage of job (MB)
	1426064  -  ResidentSetSize of job (KB)
...
006 (16720545.006.000) 06/26 01:28:04 Image size of job updated: 1426260
	1393  -  MemoryUsage of job (MB)
	1426260  -  ResidentSetSize of job (KB)
...
006 (16720545.006.000) 06/26 01:33:05 Image size of job updated: 1426296
	1393  -  MemoryUsage of job (MB)
	1426296  -  ResidentSetSize of job (KB)
...
006 (16720545.006.000) 06/26 01:38:05 Image size of job updated: 1426448
	1394  -  MemoryUsage of job (MB)
	1426448  -  ResidentSetSize of job (KB)
...
006 (16720545.006.000) 06/26 01:43:06 Image size of job updated: 1426612
	1394  -  MemoryUsage of job (MB)
	1426612  -  ResidentSetSize of job (KB)
...
006 (16720545.006.000) 06/26 01:48:07 Image size of job updated: 1426724
	1394  -  MemoryUsage of job (MB)
	1426724  -  ResidentSetSize of job (KB)
...
006 (16720545.006.000) 06/26 01:53:07 Image size of job updated: 1426836
	1394  -  MemoryUsage of job (MB)
	1426836  -  ResidentSetSize of job (KB)
...
006 (16720545.006.000) 06/26 01:58:08 Image size of job updated: 1426980
	1394  -  MemoryUsage of job (MB)
	1426980  -  ResidentSetSize of job (KB)
...
006 (16720545.006.000) 06/26 02:03:09 Image size of job updated: 1427092
	1394  -  MemoryUsage of job (MB)
	1427092  -  ResidentSetSize of job (KB)
...
006 (16720545.006.000) 06/26 02:08:09 Image size of job updated: 1427236
	1394  -  MemoryUsage of job (MB)
	1427236  -  ResidentSetSize of job (KB)
...
006 (16720545.006.000) 06/26 02:13:10 Image size of job updated: 1427364
	1394  -  MemoryUsage of job (MB)
	1427364  -  ResidentSetSize of job (KB)
...
006 (16720545.006.000) 06/26 02:18:11 Image size of job updated: 1427504
	1395  -  MemoryUsage of job (MB)
	1427504  -  ResidentSetSize of job (KB)
...
006 (16720545.006.000) 06/26 02:23:11 Image size of job updated: 1427636
	1395  -  MemoryUsage of job (MB)
	1427636  -  ResidentSetSize of job (KB)
...
006 (16720545.006.000) 06/26 02:28:11 Image size of job updated: 1427748
	1395  -  MemoryUsage of job (MB)
	1427748  -  ResidentSetSize of job (KB)
...
006 (16720545.006.000) 06/26 02:33:12 Image size of job updated: 1427868
	1395  -  MemoryUsage of job (MB)
	1427868  -  ResidentSetSize of job (KB)
...
006 (16720545.006.000) 06/26 02:38:12 Image size of job updated: 1427984
	1395  -  MemoryUsage of job (MB)
	1427984  -  ResidentSetSize of job (KB)
...
006 (16720545.006.000) 06/26 02:43:12 Image size of job updated: 1428108
	1395  -  MemoryUsage of job (MB)
	1428108  -  ResidentSetSize of job (KB)
...
006 (16720545.006.000) 06/26 02:48:13 Image size of job updated: 1428244
	1395  -  MemoryUsage of job (MB)
	1428244  -  ResidentSetSize of job (KB)
...
006 (16720545.006.000) 06/26 02:53:13 Image size of job updated: 1428372
	1395  -  MemoryUsage of job (MB)
	1428372  -  ResidentSetSize of job (KB)
...
006 (16720545.006.000) 06/26 02:58:13 Image size of job updated: 1428496
	1396  -  MemoryUsage of job (MB)
	1428496  -  ResidentSetSize of job (KB)
...
006 (16720545.006.000) 06/26 03:03:15 Image size of job updated: 1428612
	1396  -  MemoryUsage of job (MB)
	1428612  -  ResidentSetSize of job (KB)
...
006 (16720545.006.000) 06/26 03:08:15 Image size of job updated: 1428772
	1396  -  MemoryUsage of job (MB)
	1428772  -  ResidentSetSize of job (KB)
...
006 (16720545.006.000) 06/26 03:13:15 Image size of job updated: 1428948
	1396  -  MemoryUsage of job (MB)
	1428948  -  ResidentSetSize of job (KB)
...
006 (16720545.006.000) 06/26 03:18:16 Image size of job updated: 1429100
	1396  -  MemoryUsage of job (MB)
	1429100  -  ResidentSetSize of job (KB)
...
006 (16720545.006.000) 06/26 03:23:17 Image size of job updated: 1429208
	1396  -  MemoryUsage of job (MB)
	1429208  -  ResidentSetSize of job (KB)
...
006 (16720545.006.000) 06/26 03:28:17 Image size of job updated: 1429340
	1396  -  MemoryUsage of job (MB)
	1429340  -  ResidentSetSize of job (KB)
...
006 (16720545.006.000) 06/26 03:33:18 Image size of job updated: 1429504
	1396  -  MemoryUsage of job (MB)
	1429504  -  ResidentSetSize of job (KB)
...
006 (16720545.006.000) 06/26 03:38:19 Image size of job updated: 1429636
	1397  -  MemoryUsage of job (MB)
	1429636  -  ResidentSetSize of job (KB)
...
006 (16720545.006.000) 06/26 03:43:19 Image size of job updated: 1430348
	1397  -  MemoryUsage of job (MB)
	1430348  -  ResidentSetSize of job (KB)
...
006 (16720545.006.000) 06/26 04:03:21 Image size of job updated: 1430380
	1397  -  MemoryUsage of job (MB)
	1430380  -  ResidentSetSize of job (KB)
...
006 (16720545.006.000) 06/26 04:08:22 Image size of job updated: 1430540
	1398  -  MemoryUsage of job (MB)
	1430540  -  ResidentSetSize of job (KB)
...
006 (16720545.006.000) 06/26 04:13:22 Image size of job updated: 1430660
	1398  -  MemoryUsage of job (MB)
	1430660  -  ResidentSetSize of job (KB)
...
006 (16720545.006.000) 06/26 04:18:22 Image size of job updated: 1430832
	1398  -  MemoryUsage of job (MB)
	1430832  -  ResidentSetSize of job (KB)
...
006 (16720545.006.000) 06/26 04:23:23 Image size of job updated: 1430972
	1398  -  MemoryUsage of job (MB)
	1430972  -  ResidentSetSize of job (KB)
...
006 (16720545.006.000) 06/26 04:28:24 Image size of job updated: 1431076
	1398  -  MemoryUsage of job (MB)
	1431076  -  ResidentSetSize of job (KB)
...
006 (16720545.006.000) 06/26 04:33:24 Image size of job updated: 1431220
	1398  -  MemoryUsage of job (MB)
	1431220  -  ResidentSetSize of job (KB)
...
006 (16720545.006.000) 06/26 04:38:25 Image size of job updated: 1431400
	1398  -  MemoryUsage of job (MB)
	1431400  -  ResidentSetSize of job (KB)
...
006 (16720545.006.000) 06/26 04:43:26 Image size of job updated: 1431500
	1398  -  MemoryUsage of job (MB)
	1431500  -  ResidentSetSize of job (KB)
...
006 (16720545.006.000) 06/26 04:48:26 Image size of job updated: 1432400
	1399  -  MemoryUsage of job (MB)
	1432400  -  ResidentSetSize of job (KB)
...
006 (16720545.006.000) 06/26 05:18:28 Image size of job updated: 1432412
	1399  -  MemoryUsage of job (MB)
	1432412  -  ResidentSetSize of job (KB)
...
006 (16720545.006.000) 06/26 05:23:28 Image size of job updated: 1432548
	1399  -  MemoryUsage of job (MB)
	1432548  -  ResidentSetSize of job (KB)
...
006 (16720545.006.000) 06/26 05:28:29 Image size of job updated: 1432712
	1400  -  MemoryUsage of job (MB)
	1432712  -  ResidentSetSize of job (KB)
...
006 (16720545.006.000) 06/26 05:33:29 Image size of job updated: 1432824
	1400  -  MemoryUsage of job (MB)
	1432824  -  ResidentSetSize of job (KB)
...
006 (16720545.006.000) 06/26 05:38:29 Image size of job updated: 1432972
	1400  -  MemoryUsage of job (MB)
	1432972  -  ResidentSetSize of job (KB)
...
006 (16720545.006.000) 06/26 05:43:30 Image size of job updated: 1433100
	1400  -  MemoryUsage of job (MB)
	1433100  -  ResidentSetSize of job (KB)
...
006 (16720545.006.000) 06/26 05:48:30 Image size of job updated: 1435292
	1402  -  MemoryUsage of job (MB)
	1435292  -  ResidentSetSize of job (KB)
...
006 (16720545.006.000) 06/26 05:53:31 Image size of job updated: 1435412
	1402  -  MemoryUsage of job (MB)
	1435412  -  ResidentSetSize of job (KB)
...
006 (16720545.006.000) 06/26 05:58:32 Image size of job updated: 1436500
	1403  -  MemoryUsage of job (MB)
	1436500  -  ResidentSetSize of job (KB)
...
006 (16720545.006.000) 06/26 06:33:34 Image size of job updated: 1436516
	1403  -  MemoryUsage of job (MB)
	1436516  -  ResidentSetSize of job (KB)
...
006 (16720545.006.000) 06/26 06:38:34 Image size of job updated: 1436688
	1404  -  MemoryUsage of job (MB)
	1436688  -  ResidentSetSize of job (KB)
...
006 (16720545.006.000) 06/26 06:43:35 Image size of job updated: 1436860
	1404  -  MemoryUsage of job (MB)
	1436860  -  ResidentSetSize of job (KB)
...
006 (16720545.006.000) 06/26 06:48:35 Image size of job updated: 1436992
	1404  -  MemoryUsage of job (MB)
	1436992  -  ResidentSetSize of job (KB)
...
006 (16720545.006.000) 06/26 06:53:35 Image size of job updated: 1437144
	1404  -  MemoryUsage of job (MB)
	1437144  -  ResidentSetSize of job (KB)
...
006 (16720545.006.000) 06/26 06:58:36 Image size of job updated: 1437332
	1404  -  MemoryUsage of job (MB)
	1437332  -  ResidentSetSize of job (KB)
...
006 (16720545.006.000) 06/26 07:03:37 Image size of job updated: 1437468
	1404  -  MemoryUsage of job (MB)
	1437468  -  ResidentSetSize of job (KB)
...
006 (16720545.006.000) 06/26 07:08:37 Image size of job updated: 1437588
	1404  -  MemoryUsage of job (MB)
	1437588  -  ResidentSetSize of job (KB)
...
006 (16720545.006.000) 06/26 07:13:38 Image size of job updated: 1437724
	1405  -  MemoryUsage of job (MB)
	1437724  -  ResidentSetSize of job (KB)
...
006 (16720545.006.000) 06/26 07:18:39 Image size of job updated: 1437844
	1405  -  MemoryUsage of job (MB)
	1437844  -  ResidentSetSize of job (KB)
...
006 (16720545.006.000) 06/26 07:23:39 Image size of job updated: 1437976
	1405  -  MemoryUsage of job (MB)
	1437976  -  ResidentSetSize of job (KB)
...
006 (16720545.006.000) 06/26 07:28:40 Image size of job updated: 1438112
	1405  -  MemoryUsage of job (MB)
	1438112  -  ResidentSetSize of job (KB)
...
006 (16720545.006.000) 06/26 07:33:41 Image size of job updated: 1438268
	1405  -  MemoryUsage of job (MB)
	1438268  -  ResidentSetSize of job (KB)
...
006 (16720545.006.000) 06/26 07:38:41 Image size of job updated: 1438412
	1405  -  MemoryUsage of job (MB)
	1438412  -  ResidentSetSize of job (KB)
...
006 (16720545.006.000) 06/26 07:43:41 Image size of job updated: 1438552
	1405  -  MemoryUsage of job (MB)
	1438552  -  ResidentSetSize of job (KB)
...
006 (16720545.006.000) 06/26 07:48:42 Image size of job updated: 1438720
	1405  -  MemoryUsage of job (MB)
	1438720  -  ResidentSetSize of job (KB)
...
006 (16720545.006.000) 06/26 07:53:42 Image size of job updated: 1438868
	1406  -  MemoryUsage of job (MB)
	1438868  -  ResidentSetSize of job (KB)
...
006 (16720545.006.000) 06/26 07:58:42 Image size of job updated: 1439028
	1406  -  MemoryUsage of job (MB)
	1439028  -  ResidentSetSize of job (KB)
...
006 (16720545.006.000) 06/26 08:03:43 Image size of job updated: 1439168
	1406  -  MemoryUsage of job (MB)
	1439168  -  ResidentSetSize of job (KB)
...
006 (16720545.006.000) 06/26 08:08:43 Image size of job updated: 1439280
	1406  -  MemoryUsage of job (MB)
	1439280  -  ResidentSetSize of job (KB)
...
006 (16720545.006.000) 06/26 08:13:43 Image size of job updated: 1439444
	1406  -  MemoryUsage of job (MB)
	1439444  -  ResidentSetSize of job (KB)
...
006 (16720545.006.000) 06/26 08:18:44 Image size of job updated: 1439556
	1406  -  MemoryUsage of job (MB)
	1439556  -  ResidentSetSize of job (KB)
...
006 (16720545.006.000) 06/26 08:23:45 Image size of job updated: 1439692
	1406  -  MemoryUsage of job (MB)
	1439692  -  ResidentSetSize of job (KB)
...
006 (16720545.006.000) 06/26 08:28:45 Image size of job updated: 1439804
	1407  -  MemoryUsage of job (MB)
	1439804  -  ResidentSetSize of job (KB)
...
006 (16720545.006.000) 06/26 08:33:46 Image size of job updated: 1439920
	1407  -  MemoryUsage of job (MB)
	1439920  -  ResidentSetSize of job (KB)
...
006 (16720545.006.000) 06/26 08:38:46 Image size of job updated: 1440080
	1407  -  MemoryUsage of job (MB)
	1440080  -  ResidentSetSize of job (KB)
...
006 (16720545.006.000) 06/26 08:43:46 Image size of job updated: 1440228
	1407  -  MemoryUsage of job (MB)
	1440228  -  ResidentSetSize of job (KB)
...
006 (16720545.006.000) 06/26 08:48:47 Image size of job updated: 1440324
	1407  -  MemoryUsage of job (MB)
	1440324  -  ResidentSetSize of job (KB)
...
006 (16720545.006.000) 06/26 08:53:48 Image size of job updated: 1440480
	1407  -  MemoryUsage of job (MB)
	1440480  -  ResidentSetSize of job (KB)
...
006 (16720545.006.000) 06/26 08:58:48 Image size of job updated: 1440632
	1407  -  MemoryUsage of job (MB)
	1440632  -  ResidentSetSize of job (KB)
...
006 (16720545.006.000) 06/26 09:03:49 Image size of job updated: 1440776
	1408  -  MemoryUsage of job (MB)
	1440776  -  ResidentSetSize of job (KB)
...
006 (16720545.006.000) 06/26 09:08:50 Image size of job updated: 1443008
	1410  -  MemoryUsage of job (MB)
	1443008  -  ResidentSetSize of job (KB)
...
006 (16720545.006.000) 06/26 09:13:50 Image size of job updated: 1443172
	1410  -  MemoryUsage of job (MB)
	1443172  -  ResidentSetSize of job (KB)
...
006 (16720545.006.000) 06/26 09:18:50 Image size of job updated: 1443284
	1410  -  MemoryUsage of job (MB)
	1443284  -  ResidentSetSize of job (KB)
...
006 (16720545.006.000) 06/26 09:23:51 Image size of job updated: 1443440
	1410  -  MemoryUsage of job (MB)
	1443440  -  ResidentSetSize of job (KB)
...
006 (16720545.006.000) 06/26 09:28:51 Image size of job updated: 1443556
	1410  -  MemoryUsage of job (MB)
	1443556  -  ResidentSetSize of job (KB)
...
006 (16720545.006.000) 06/26 09:33:51 Image size of job updated: 1443676
	1410  -  MemoryUsage of job (MB)
	1443676  -  ResidentSetSize of job (KB)
...
006 (16720545.006.000) 06/26 09:38:52 Image size of job updated: 1443808
	1410  -  MemoryUsage of job (MB)
	1443808  -  ResidentSetSize of job (KB)
...
006 (16720545.006.000) 06/26 09:43:52 Image size of job updated: 1443968
	1411  -  MemoryUsage of job (MB)
	1443968  -  ResidentSetSize of job (KB)
...
006 (16720545.006.000) 06/26 09:48:52 Image size of job updated: 1444068
	1411  -  MemoryUsage of job (MB)
	1444068  -  ResidentSetSize of job (KB)
...
006 (16720545.006.000) 06/26 09:53:54 Image size of job updated: 1444212
	1411  -  MemoryUsage of job (MB)
	1444212  -  ResidentSetSize of job (KB)
...
006 (16720545.006.000) 06/26 09:58:54 Image size of job updated: 1444348
	1411  -  MemoryUsage of job (MB)
	1444348  -  ResidentSetSize of job (KB)
...
006 (16720545.006.000) 06/26 10:03:54 Image size of job updated: 1444488
	1411  -  MemoryUsage of job (MB)
	1444488  -  ResidentSetSize of job (KB)
...
006 (16720545.006.000) 06/26 10:08:55 Image size of job updated: 1444620
	1411  -  MemoryUsage of job (MB)
	1444620  -  ResidentSetSize of job (KB)
...
006 (16720545.006.000) 06/26 10:13:56 Image size of job updated: 1444740
	1411  -  MemoryUsage of job (MB)
	1444740  -  ResidentSetSize of job (KB)
...
006 (16720545.006.000) 06/26 10:18:56 Image size of job updated: 1444904
	1412  -  MemoryUsage of job (MB)
	1444904  -  ResidentSetSize of job (KB)
...
006 (16720545.006.000) 06/26 10:23:57 Image size of job updated: 1445052
	1412  -  MemoryUsage of job (MB)
	1445052  -  ResidentSetSize of job (KB)
...
006 (16720545.006.000) 06/26 10:28:58 Image size of job updated: 1445192
	1412  -  MemoryUsage of job (MB)
	1445192  -  ResidentSetSize of job (KB)
...
006 (16720545.006.000) 06/26 10:33:58 Image size of job updated: 1445288
	1412  -  MemoryUsage of job (MB)
	1445288  -  ResidentSetSize of job (KB)
...
006 (16720545.006.000) 06/26 10:38:59 Image size of job updated: 1445400
	1412  -  MemoryUsage of job (MB)
	1445400  -  ResidentSetSize of job (KB)
...
006 (16720545.006.000) 06/26 10:44:00 Image size of job updated: 1445544
	1412  -  MemoryUsage of job (MB)
	1445544  -  ResidentSetSize of job (KB)
...
006 (16720545.006.000) 06/26 10:49:00 Image size of job updated: 1445724
	1412  -  MemoryUsage of job (MB)
	1445724  -  ResidentSetSize of job (KB)
...
006 (16720545.006.000) 06/26 10:54:00 Image size of job updated: 1445812
	1412  -  MemoryUsage of job (MB)
	1445812  -  ResidentSetSize of job (KB)
...
006 (16720545.006.000) 06/26 10:59:01 Image size of job updated: 1445976
	1413  -  MemoryUsage of job (MB)
	1445976  -  ResidentSetSize of job (KB)
...
006 (16720545.006.000) 06/26 11:04:01 Image size of job updated: 1446144
	1413  -  MemoryUsage of job (MB)
	1446144  -  ResidentSetSize of job (KB)
...
006 (16720545.006.000) 06/26 11:09:01 Image size of job updated: 1446260
	1413  -  MemoryUsage of job (MB)
	1446260  -  ResidentSetSize of job (KB)
...
006 (16720545.006.000) 06/26 11:14:02 Image size of job updated: 1446380
	1413  -  MemoryUsage of job (MB)
	1446380  -  ResidentSetSize of job (KB)
...
006 (16720545.006.000) 06/26 11:19:03 Image size of job updated: 1446560
	1413  -  MemoryUsage of job (MB)
	1446560  -  ResidentSetSize of job (KB)
...
006 (16720545.006.000) 06/26 11:24:03 Image size of job updated: 1446724
	1413  -  MemoryUsage of job (MB)
	1446724  -  ResidentSetSize of job (KB)
...
006 (16720545.006.000) 06/26 11:29:03 Image size of job updated: 1446792
	1413  -  MemoryUsage of job (MB)
	1446792  -  ResidentSetSize of job (KB)
...
006 (16720545.006.000) 06/26 11:34:04 Image size of job updated: 1446908
	1413  -  MemoryUsage of job (MB)
	1446908  -  ResidentSetSize of job (KB)
...
006 (16720545.006.000) 06/26 11:39:04 Image size of job updated: 1447076
	1414  -  MemoryUsage of job (MB)
	1447076  -  ResidentSetSize of job (KB)
...
006 (16720545.006.000) 06/26 11:44:04 Image size of job updated: 1447212
	1414  -  MemoryUsage of job (MB)
	1447212  -  ResidentSetSize of job (KB)
...
006 (16720545.006.000) 06/26 11:49:05 Image size of job updated: 1447336
	1414  -  MemoryUsage of job (MB)
	1447336  -  ResidentSetSize of job (KB)
...
006 (16720545.006.000) 06/26 11:54:05 Image size of job updated: 1447484
	1414  -  MemoryUsage of job (MB)
	1447484  -  ResidentSetSize of job (KB)
...
006 (16720545.006.000) 06/26 11:59:05 Image size of job updated: 1447676
	1414  -  MemoryUsage of job (MB)
	1447676  -  ResidentSetSize of job (KB)
...
006 (16720545.006.000) 06/26 12:04:06 Image size of job updated: 1447792
	1414  -  MemoryUsage of job (MB)
	1447792  -  ResidentSetSize of job (KB)
...
006 (16720545.006.000) 06/26 12:09:07 Image size of job updated: 1449980
	1416  -  MemoryUsage of job (MB)
	1449980  -  ResidentSetSize of job (KB)
...
006 (16720545.006.000) 06/26 12:14:07 Image size of job updated: 1450120
	1417  -  MemoryUsage of job (MB)
	1450120  -  ResidentSetSize of job (KB)
...
006 (16720545.006.000) 06/26 12:19:08 Image size of job updated: 1450264
	1417  -  MemoryUsage of job (MB)
	1450264  -  ResidentSetSize of job (KB)
...
006 (16720545.006.000) 06/26 12:24:09 Image size of job updated: 1450392
	1417  -  MemoryUsage of job (MB)
	1450392  -  ResidentSetSize of job (KB)
...
006 (16720545.006.000) 06/26 12:29:09 Image size of job updated: 1450524
	1417  -  MemoryUsage of job (MB)
	1450524  -  ResidentSetSize of job (KB)
...
006 (16720545.006.000) 06/26 12:34:10 Image size of job updated: 1450704
	1417  -  MemoryUsage of job (MB)
	1450704  -  ResidentSetSize of job (KB)
...
006 (16720545.006.000) 06/26 12:39:11 Image size of job updated: 1450856
	1417  -  MemoryUsage of job (MB)
	1450856  -  ResidentSetSize of job (KB)
...
006 (16720545.006.000) 06/26 12:44:11 Image size of job updated: 1450996
	1417  -  MemoryUsage of job (MB)
	1450996  -  ResidentSetSize of job (KB)
...
006 (16720545.006.000) 06/26 12:49:11 Image size of job updated: 1451216
	1418  -  MemoryUsage of job (MB)
	1451216  -  ResidentSetSize of job (KB)
...
006 (16720545.006.000) 06/26 12:54:12 Image size of job updated: 1451388
	1418  -  MemoryUsage of job (MB)
	1451388  -  ResidentSetSize of job (KB)
...
006 (16720545.006.000) 06/26 12:59:12 Image size of job updated: 1451552
	1418  -  MemoryUsage of job (MB)
	1451552  -  ResidentSetSize of job (KB)
...
006 (16720545.006.000) 06/26 13:04:12 Image size of job updated: 1451740
	1418  -  MemoryUsage of job (MB)
	1451740  -  ResidentSetSize of job (KB)
...
006 (16720545.006.000) 06/26 13:09:14 Image size of job updated: 1451868
	1418  -  MemoryUsage of job (MB)
	1451868  -  ResidentSetSize of job (KB)
...
006 (16720545.006.000) 06/26 13:14:14 Image size of job updated: 1452044
	1419  -  MemoryUsage of job (MB)
	1452044  -  ResidentSetSize of job (KB)
...
006 (16720545.006.000) 06/26 13:19:14 Image size of job updated: 1452196
	1419  -  MemoryUsage of job (MB)
	1452196  -  ResidentSetSize of job (KB)
...
006 (16720545.006.000) 06/26 13:24:15 Image size of job updated: 1452336
	1419  -  MemoryUsage of job (MB)
	1452336  -  ResidentSetSize of job (KB)
...
006 (16720545.006.000) 06/26 13:29:16 Image size of job updated: 1452528
	1419  -  MemoryUsage of job (MB)
	1452528  -  ResidentSetSize of job (KB)
...
006 (16720545.006.000) 06/26 13:34:16 Image size of job updated: 1452720
	1419  -  MemoryUsage of job (MB)
	1452720  -  ResidentSetSize of job (KB)
...
006 (16720545.006.000) 06/26 13:37:19 Image size of job updated: 1452912
	1419  -  MemoryUsage of job (MB)
	1452720  -  ResidentSetSize of job (KB)
...
040 (16720545.006.000) 06/26 13:37:19 Started transferring output files
...
040 (16720545.006.000) 06/26 13:37:19 Finished transferring output files
...
009 (16720545.006.000) 06/26 13:37:19 Job was aborted.
	Job removed by SYSTEM_PERIODIC_REMOVE due to wall time exceeded allowed max.
...
