000 (17004348.009.000) 06/29 05:41:06 Job submitted from host: <188.185.114.121:9618?addrs=188.185.114.121-9618+[2001-1458-d00-a--100-273]-9618&alias=bigbird19.cern.ch&noUDP&sock=schedd_5103_cfe0>
...
040 (17004348.009.000) 06/29 11:27:27 Started transferring input files
	Transferring to host: <188.185.92.130:9618?addrs=188.185.92.130-9618+[2001-1458-d00-6c--100-3d4]-9618&alias=b9g57n6407.cern.ch&noUDP&sock=slot1_1_15811_079c_160902>
...
040 (17004348.009.000) 06/29 11:27:27 Finished transferring input files
...
001 (17004348.009.000) 06/29 11:27:28 Job executing on host: <188.185.92.130:9618?addrs=188.185.92.130-9618+[2001-1458-d00-6c--100-3d4]-9618&alias=b9g57n6407.cern.ch&noUDP&sock=startd_14825_4b9e>
	SlotName: slot1_1@b9g57n6407.cern.ch
	AvailableGPUs = { GPUs_GPU_47e13020 }
	CondorScratchDir = "/pool/condor/dir_1825479"
	Cpus = 3
	Disk = 8388755
	GPUs = 1
	GPUs_GPU_47e13020 = [ Id = "GPU-47e13020"; ClockMhz = 1410.0; Capability = 8.0; CoresPerCU = 64; DeviceName = "NVIDIA A100-PCIE-40GB"; DeviceUuid = "47e13020-0bf2-ad62-b596-87133bf5bb68"; ECCEnabled = true; ComputeUnits = 108; DriverVersion = 13.0; DevicePciBusId = "0000:06:00.0"; GlobalMemoryMb = 40441; MaxSupportedVersion = 13000 ]
	Memory = 9000
...
006 (17004348.009.000) 06/29 11:27:41 Image size of job updated: 212096
	208  -  MemoryUsage of job (MB)
	212096  -  ResidentSetSize of job (KB)
...
006 (17004348.009.000) 06/29 11:32:41 Image size of job updated: 452424
	442  -  MemoryUsage of job (MB)
	452424  -  ResidentSetSize of job (KB)
...
006 (17004348.009.000) 06/29 11:37:42 Image size of job updated: 462940
	453  -  MemoryUsage of job (MB)
	462940  -  ResidentSetSize of job (KB)
...
006 (17004348.009.000) 06/29 11:42:42 Image size of job updated: 468768
	458  -  MemoryUsage of job (MB)
	468768  -  ResidentSetSize of job (KB)
...
006 (17004348.009.000) 06/29 11:47:42 Image size of job updated: 473632
	463  -  MemoryUsage of job (MB)
	473632  -  ResidentSetSize of job (KB)
...
006 (17004348.009.000) 06/29 11:52:43 Image size of job updated: 477412
	467  -  MemoryUsage of job (MB)
	477412  -  ResidentSetSize of job (KB)
...
006 (17004348.009.000) 06/29 11:57:44 Image size of job updated: 479608
	469  -  MemoryUsage of job (MB)
	479608  -  ResidentSetSize of job (KB)
...
006 (17004348.009.000) 06/29 12:02:44 Image size of job updated: 481792
	471  -  MemoryUsage of job (MB)
	481792  -  ResidentSetSize of job (KB)
...
006 (17004348.009.000) 06/29 12:07:45 Image size of job updated: 483596
	473  -  MemoryUsage of job (MB)
	483596  -  ResidentSetSize of job (KB)
...
006 (17004348.009.000) 06/29 12:12:46 Image size of job updated: 486076
	475  -  MemoryUsage of job (MB)
	486076  -  ResidentSetSize of job (KB)
...
006 (17004348.009.000) 06/29 12:17:46 Image size of job updated: 488988
	478  -  MemoryUsage of job (MB)
	488988  -  ResidentSetSize of job (KB)
...
006 (17004348.009.000) 06/29 12:22:47 Image size of job updated: 494072
	483  -  MemoryUsage of job (MB)
	494072  -  ResidentSetSize of job (KB)
...
006 (17004348.009.000) 06/29 12:27:48 Image size of job updated: 499900
	489  -  MemoryUsage of job (MB)
	499900  -  ResidentSetSize of job (KB)
...
006 (17004348.009.000) 06/29 12:32:48 Image size of job updated: 506444
	495  -  MemoryUsage of job (MB)
	506444  -  ResidentSetSize of job (KB)
...
006 (17004348.009.000) 06/29 12:37:49 Image size of job updated: 510320
	499  -  MemoryUsage of job (MB)
	510320  -  ResidentSetSize of job (KB)
...
006 (17004348.009.000) 06/29 12:42:50 Image size of job updated: 516680
	505  -  MemoryUsage of job (MB)
	516680  -  ResidentSetSize of job (KB)
...
006 (17004348.009.000) 06/29 12:47:50 Image size of job updated: 521484
	510  -  MemoryUsage of job (MB)
	521484  -  ResidentSetSize of job (KB)
...
006 (17004348.009.000) 06/29 12:52:50 Image size of job updated: 523156
	511  -  MemoryUsage of job (MB)
	523156  -  ResidentSetSize of job (KB)
...
006 (17004348.009.000) 06/29 12:57:51 Image size of job updated: 524244
	512  -  MemoryUsage of job (MB)
	524244  -  ResidentSetSize of job (KB)
...
006 (17004348.009.000) 06/29 13:02:52 Image size of job updated: 527116
	515  -  MemoryUsage of job (MB)
	527116  -  ResidentSetSize of job (KB)
...
006 (17004348.009.000) 06/29 13:07:52 Image size of job updated: 532956
	521  -  MemoryUsage of job (MB)
	532956  -  ResidentSetSize of job (KB)
...
006 (17004348.009.000) 06/29 13:12:53 Image size of job updated: 540608
	528  -  MemoryUsage of job (MB)
	540608  -  ResidentSetSize of job (KB)
...
006 (17004348.009.000) 06/29 13:17:54 Image size of job updated: 541952
	528  -  MemoryUsage of job (MB)
	540608  -  ResidentSetSize of job (KB)
...
006 (17004348.009.000) 06/29 13:27:55 Image size of job updated: 574072
	561  -  MemoryUsage of job (MB)
	574072  -  ResidentSetSize of job (KB)
...
006 (17004348.009.000) 06/29 13:32:56 Image size of job updated: 609696
	596  -  MemoryUsage of job (MB)
	609696  -  ResidentSetSize of job (KB)
...
006 (17004348.009.000) 06/29 13:37:56 Image size of job updated: 610280
	596  -  MemoryUsage of job (MB)
	610280  -  ResidentSetSize of job (KB)
...
006 (17004348.009.000) 06/29 13:42:56 Image size of job updated: 610548
	597  -  MemoryUsage of job (MB)
	610548  -  ResidentSetSize of job (KB)
...
006 (17004348.009.000) 06/29 13:47:57 Image size of job updated: 610592
	597  -  MemoryUsage of job (MB)
	610592  -  ResidentSetSize of job (KB)
...
006 (17004348.009.000) 06/29 13:57:57 Image size of job updated: 610860
	597  -  MemoryUsage of job (MB)
	610860  -  ResidentSetSize of job (KB)
...
006 (17004348.009.000) 06/29 14:18:00 Image size of job updated: 1182784
	1156  -  MemoryUsage of job (MB)
	1182784  -  ResidentSetSize of job (KB)
...
006 (17004348.009.000) 06/29 14:23:01 Image size of job updated: 1183428
	1156  -  MemoryUsage of job (MB)
	1183428  -  ResidentSetSize of job (KB)
...
006 (17004348.009.000) 06/29 14:28:01 Image size of job updated: 1183756
	1157  -  MemoryUsage of job (MB)
	1183756  -  ResidentSetSize of job (KB)
...
006 (17004348.009.000) 06/29 14:33:01 Image size of job updated: 1183908
	1157  -  MemoryUsage of job (MB)
	1183908  -  ResidentSetSize of job (KB)
...
006 (17004348.009.000) 06/29 14:38:02 Image size of job updated: 1184020
	1157  -  MemoryUsage of job (MB)
	1184020  -  ResidentSetSize of job (KB)
...
006 (17004348.009.000) 06/29 14:43:02 Image size of job updated: 1184120
	1157  -  MemoryUsage of job (MB)
	1184120  -  ResidentSetSize of job (KB)
...
006 (17004348.009.000) 06/29 14:48:02 Image size of job updated: 1184220
	1157  -  MemoryUsage of job (MB)
	1184220  -  ResidentSetSize of job (KB)
...
006 (17004348.009.000) 06/29 14:53:03 Image size of job updated: 1184388
	1157  -  MemoryUsage of job (MB)
	1184388  -  ResidentSetSize of job (KB)
...
006 (17004348.009.000) 06/29 14:58:03 Image size of job updated: 1184632
	1157  -  MemoryUsage of job (MB)
	1184632  -  ResidentSetSize of job (KB)
...
006 (17004348.009.000) 06/29 15:03:03 Image size of job updated: 1185160
	1158  -  MemoryUsage of job (MB)
	1185160  -  ResidentSetSize of job (KB)
...
006 (17004348.009.000) 06/29 15:08:04 Image size of job updated: 1185296
	1158  -  MemoryUsage of job (MB)
	1185296  -  ResidentSetSize of job (KB)
...
006 (17004348.009.000) 06/29 15:13:05 Image size of job updated: 1185412
	1158  -  MemoryUsage of job (MB)
	1185412  -  ResidentSetSize of job (KB)
...
006 (17004348.009.000) 06/29 15:18:05 Image size of job updated: 1185544
	1158  -  MemoryUsage of job (MB)
	1185544  -  ResidentSetSize of job (KB)
...
006 (17004348.009.000) 06/29 15:23:06 Image size of job updated: 1185672
	1158  -  MemoryUsage of job (MB)
	1185672  -  ResidentSetSize of job (KB)
...
006 (17004348.009.000) 06/29 15:28:07 Image size of job updated: 1185808
	1159  -  MemoryUsage of job (MB)
	1185808  -  ResidentSetSize of job (KB)
...
006 (17004348.009.000) 06/29 15:33:07 Image size of job updated: 1185948
	1159  -  MemoryUsage of job (MB)
	1185948  -  ResidentSetSize of job (KB)
...
006 (17004348.009.000) 06/29 15:38:08 Image size of job updated: 1186352
	1159  -  MemoryUsage of job (MB)
	1186352  -  ResidentSetSize of job (KB)
...
006 (17004348.009.000) 06/29 15:43:09 Image size of job updated: 1186496
	1159  -  MemoryUsage of job (MB)
	1186496  -  ResidentSetSize of job (KB)
...
006 (17004348.009.000) 06/29 15:48:09 Image size of job updated: 1186632
	1159  -  MemoryUsage of job (MB)
	1186632  -  ResidentSetSize of job (KB)
...
006 (17004348.009.000) 06/29 15:53:10 Image size of job updated: 1186764
	1159  -  MemoryUsage of job (MB)
	1186764  -  ResidentSetSize of job (KB)
...
006 (17004348.009.000) 06/29 15:58:11 Image size of job updated: 1186924
	1160  -  MemoryUsage of job (MB)
	1186924  -  ResidentSetSize of job (KB)
...
006 (17004348.009.000) 06/29 16:03:11 Image size of job updated: 1187028
	1160  -  MemoryUsage of job (MB)
	1187028  -  ResidentSetSize of job (KB)
...
006 (17004348.009.000) 06/29 16:08:11 Image size of job updated: 1187168
	1160  -  MemoryUsage of job (MB)
	1187168  -  ResidentSetSize of job (KB)
...
006 (17004348.009.000) 06/29 16:13:12 Image size of job updated: 1187284
	1160  -  MemoryUsage of job (MB)
	1187284  -  ResidentSetSize of job (KB)
...
006 (17004348.009.000) 06/29 16:18:12 Image size of job updated: 1187448
	1160  -  MemoryUsage of job (MB)
	1187448  -  ResidentSetSize of job (KB)
...
006 (17004348.009.000) 06/29 16:23:12 Image size of job updated: 1335288
	1304  -  MemoryUsage of job (MB)
	1335288  -  ResidentSetSize of job (KB)
...
006 (17004348.009.000) 06/29 16:28:13 Image size of job updated: 1357616
	1326  -  MemoryUsage of job (MB)
	1357616  -  ResidentSetSize of job (KB)
...
006 (17004348.009.000) 06/29 16:33:14 Image size of job updated: 1357720
	1326  -  MemoryUsage of job (MB)
	1357720  -  ResidentSetSize of job (KB)
...
006 (17004348.009.000) 06/29 16:38:14 Image size of job updated: 1357880
	1327  -  MemoryUsage of job (MB)
	1357880  -  ResidentSetSize of job (KB)
...
006 (17004348.009.000) 06/29 16:43:15 Image size of job updated: 1357988
	1327  -  MemoryUsage of job (MB)
	1357988  -  ResidentSetSize of job (KB)
...
006 (17004348.009.000) 06/29 16:48:16 Image size of job updated: 1358112
	1327  -  MemoryUsage of job (MB)
	1358112  -  ResidentSetSize of job (KB)
...
006 (17004348.009.000) 06/29 16:53:16 Image size of job updated: 1358256
	1327  -  MemoryUsage of job (MB)
	1358256  -  ResidentSetSize of job (KB)
...
006 (17004348.009.000) 06/29 16:58:16 Image size of job updated: 1358416
	1327  -  MemoryUsage of job (MB)
	1358416  -  ResidentSetSize of job (KB)
...
006 (17004348.009.000) 06/29 17:03:17 Image size of job updated: 1358556
	1327  -  MemoryUsage of job (MB)
	1358556  -  ResidentSetSize of job (KB)
...
006 (17004348.009.000) 06/29 17:08:17 Image size of job updated: 1358688
	1327  -  MemoryUsage of job (MB)
	1358688  -  ResidentSetSize of job (KB)
...
006 (17004348.009.000) 06/29 17:13:17 Image size of job updated: 1358844
	1327  -  MemoryUsage of job (MB)
	1358844  -  ResidentSetSize of job (KB)
...
006 (17004348.009.000) 06/29 17:18:18 Image size of job updated: 1359000
	1328  -  MemoryUsage of job (MB)
	1359000  -  ResidentSetSize of job (KB)
...
006 (17004348.009.000) 06/29 17:23:18 Image size of job updated: 1359116
	1328  -  MemoryUsage of job (MB)
	1359116  -  ResidentSetSize of job (KB)
...
006 (17004348.009.000) 06/29 17:28:18 Image size of job updated: 1359292
	1328  -  MemoryUsage of job (MB)
	1359292  -  ResidentSetSize of job (KB)
...
006 (17004348.009.000) 06/29 17:33:19 Image size of job updated: 1359444
	1328  -  MemoryUsage of job (MB)
	1359444  -  ResidentSetSize of job (KB)
...
006 (17004348.009.000) 06/29 17:38:20 Image size of job updated: 1359588
	1328  -  MemoryUsage of job (MB)
	1359588  -  ResidentSetSize of job (KB)
...
006 (17004348.009.000) 06/29 17:43:20 Image size of job updated: 1359800
	1328  -  MemoryUsage of job (MB)
	1359800  -  ResidentSetSize of job (KB)
...
006 (17004348.009.000) 06/29 17:48:21 Image size of job updated: 1359972
	1329  -  MemoryUsage of job (MB)
	1359972  -  ResidentSetSize of job (KB)
...
006 (17004348.009.000) 06/29 17:53:22 Image size of job updated: 1360112
	1329  -  MemoryUsage of job (MB)
	1360112  -  ResidentSetSize of job (KB)
...
006 (17004348.009.000) 06/29 17:58:22 Image size of job updated: 1360252
	1329  -  MemoryUsage of job (MB)
	1360252  -  ResidentSetSize of job (KB)
...
006 (17004348.009.000) 06/29 18:03:23 Image size of job updated: 1360368
	1329  -  MemoryUsage of job (MB)
	1360368  -  ResidentSetSize of job (KB)
...
006 (17004348.009.000) 06/29 18:08:24 Image size of job updated: 1360520
	1329  -  MemoryUsage of job (MB)
	1360520  -  ResidentSetSize of job (KB)
...
006 (17004348.009.000) 06/29 18:13:24 Image size of job updated: 1360720
	1329  -  MemoryUsage of job (MB)
	1360720  -  ResidentSetSize of job (KB)
...
006 (17004348.009.000) 06/29 18:18:24 Image size of job updated: 1361056
	1330  -  MemoryUsage of job (MB)
	1361056  -  ResidentSetSize of job (KB)
...
006 (17004348.009.000) 06/29 18:23:25 Image size of job updated: 1361216
	1330  -  MemoryUsage of job (MB)
	1361216  -  ResidentSetSize of job (KB)
...
006 (17004348.009.000) 06/29 18:28:25 Image size of job updated: 1361456
	1330  -  MemoryUsage of job (MB)
	1361456  -  ResidentSetSize of job (KB)
...
006 (17004348.009.000) 06/29 18:33:25 Image size of job updated: 1361596
	1330  -  MemoryUsage of job (MB)
	1361596  -  ResidentSetSize of job (KB)
...
006 (17004348.009.000) 06/29 18:38:26 Image size of job updated: 1361752
	1330  -  MemoryUsage of job (MB)
	1361752  -  ResidentSetSize of job (KB)
...
006 (17004348.009.000) 06/29 18:43:26 Image size of job updated: 1362064
	1331  -  MemoryUsage of job (MB)
	1362064  -  ResidentSetSize of job (KB)
...
006 (17004348.009.000) 06/29 18:48:26 Image size of job updated: 1362204
	1331  -  MemoryUsage of job (MB)
	1362204  -  ResidentSetSize of job (KB)
...
006 (17004348.009.000) 06/29 18:53:27 Image size of job updated: 1362364
	1331  -  MemoryUsage of job (MB)
	1362364  -  ResidentSetSize of job (KB)
...
006 (17004348.009.000) 06/29 18:58:28 Image size of job updated: 1362456
	1331  -  MemoryUsage of job (MB)
	1362456  -  ResidentSetSize of job (KB)
...
006 (17004348.009.000) 06/29 19:03:28 Image size of job updated: 1362580
	1331  -  MemoryUsage of job (MB)
	1362580  -  ResidentSetSize of job (KB)
...
006 (17004348.009.000) 06/29 19:08:29 Image size of job updated: 1362740
	1331  -  MemoryUsage of job (MB)
	1362740  -  ResidentSetSize of job (KB)
...
006 (17004348.009.000) 06/29 19:13:30 Image size of job updated: 1362928
	1331  -  MemoryUsage of job (MB)
	1362928  -  ResidentSetSize of job (KB)
...
006 (17004348.009.000) 06/29 19:18:30 Image size of job updated: 1363032
	1332  -  MemoryUsage of job (MB)
	1363032  -  ResidentSetSize of job (KB)
...
006 (17004348.009.000) 06/29 19:23:31 Image size of job updated: 1363168
	1332  -  MemoryUsage of job (MB)
	1363168  -  ResidentSetSize of job (KB)
...
006 (17004348.009.000) 06/29 19:28:32 Image size of job updated: 1363304
	1332  -  MemoryUsage of job (MB)
	1363304  -  ResidentSetSize of job (KB)
...
006 (17004348.009.000) 06/29 19:33:32 Image size of job updated: 1363444
	1332  -  MemoryUsage of job (MB)
	1363444  -  ResidentSetSize of job (KB)
...
006 (17004348.009.000) 06/29 19:38:33 Image size of job updated: 1363588
	1332  -  MemoryUsage of job (MB)
	1363588  -  ResidentSetSize of job (KB)
...
006 (17004348.009.000) 06/29 19:43:33 Image size of job updated: 1363736
	1332  -  MemoryUsage of job (MB)
	1363736  -  ResidentSetSize of job (KB)
...
006 (17004348.009.000) 06/29 19:48:34 Image size of job updated: 1363884
	1332  -  MemoryUsage of job (MB)
	1363884  -  ResidentSetSize of job (KB)
...
006 (17004348.009.000) 06/29 19:53:35 Image size of job updated: 1364032
	1333  -  MemoryUsage of job (MB)
	1364032  -  ResidentSetSize of job (KB)
...
006 (17004348.009.000) 06/29 19:58:35 Image size of job updated: 1364184
	1333  -  MemoryUsage of job (MB)
	1364184  -  ResidentSetSize of job (KB)
...
006 (17004348.009.000) 06/29 20:03:35 Image size of job updated: 1364336
	1333  -  MemoryUsage of job (MB)
	1364336  -  ResidentSetSize of job (KB)
...
006 (17004348.009.000) 06/29 20:08:36 Image size of job updated: 1364488
	1333  -  MemoryUsage of job (MB)
	1364488  -  ResidentSetSize of job (KB)
...
006 (17004348.009.000) 06/29 20:13:36 Image size of job updated: 1364660
	1333  -  MemoryUsage of job (MB)
	1364660  -  ResidentSetSize of job (KB)
...
006 (17004348.009.000) 06/29 20:18:36 Image size of job updated: 1366832
	1335  -  MemoryUsage of job (MB)
	1366832  -  ResidentSetSize of job (KB)
...
006 (17004348.009.000) 06/29 20:23:37 Image size of job updated: 1366988
	1335  -  MemoryUsage of job (MB)
	1366988  -  ResidentSetSize of job (KB)
...
006 (17004348.009.000) 06/29 20:28:38 Image size of job updated: 1367112
	1336  -  MemoryUsage of job (MB)
	1367112  -  ResidentSetSize of job (KB)
...
006 (17004348.009.000) 06/29 20:33:38 Image size of job updated: 1367256
	1336  -  MemoryUsage of job (MB)
	1367256  -  ResidentSetSize of job (KB)
...
006 (17004348.009.000) 06/29 20:38:39 Image size of job updated: 1367376
	1336  -  MemoryUsage of job (MB)
	1367376  -  ResidentSetSize of job (KB)
...
006 (17004348.009.000) 06/29 20:43:40 Image size of job updated: 1367820
	1336  -  MemoryUsage of job (MB)
	1367820  -  ResidentSetSize of job (KB)
...
006 (17004348.009.000) 06/29 20:48:40 Image size of job updated: 1367944
	1336  -  MemoryUsage of job (MB)
	1367944  -  ResidentSetSize of job (KB)
...
006 (17004348.009.000) 06/29 20:53:41 Image size of job updated: 1368116
	1337  -  MemoryUsage of job (MB)
	1368116  -  ResidentSetSize of job (KB)
...
006 (17004348.009.000) 06/29 20:58:42 Image size of job updated: 1368256
	1337  -  MemoryUsage of job (MB)
	1368256  -  ResidentSetSize of job (KB)
...
006 (17004348.009.000) 06/29 21:03:42 Image size of job updated: 1368412
	1337  -  MemoryUsage of job (MB)
	1368412  -  ResidentSetSize of job (KB)
...
006 (17004348.009.000) 06/29 21:08:42 Image size of job updated: 1368552
	1337  -  MemoryUsage of job (MB)
	1368552  -  ResidentSetSize of job (KB)
...
006 (17004348.009.000) 06/29 21:13:43 Image size of job updated: 1368692
	1337  -  MemoryUsage of job (MB)
	1368692  -  ResidentSetSize of job (KB)
...
006 (17004348.009.000) 06/29 21:18:43 Image size of job updated: 1368828
	1337  -  MemoryUsage of job (MB)
	1368828  -  ResidentSetSize of job (KB)
...
006 (17004348.009.000) 06/29 21:23:43 Image size of job updated: 1368984
	1337  -  MemoryUsage of job (MB)
	1368984  -  ResidentSetSize of job (KB)
...
006 (17004348.009.000) 06/29 21:28:44 Image size of job updated: 1369136
	1338  -  MemoryUsage of job (MB)
	1369136  -  ResidentSetSize of job (KB)
...
006 (17004348.009.000) 06/29 21:33:44 Image size of job updated: 1369288
	1338  -  MemoryUsage of job (MB)
	1369288  -  ResidentSetSize of job (KB)
...
006 (17004348.009.000) 06/29 21:38:44 Image size of job updated: 1369420
	1338  -  MemoryUsage of job (MB)
	1369420  -  ResidentSetSize of job (KB)
...
006 (17004348.009.000) 06/29 21:43:45 Image size of job updated: 1369540
	1338  -  MemoryUsage of job (MB)
	1369540  -  ResidentSetSize of job (KB)
...
006 (17004348.009.000) 06/29 21:48:46 Image size of job updated: 1369676
	1338  -  MemoryUsage of job (MB)
	1369676  -  ResidentSetSize of job (KB)
...
006 (17004348.009.000) 06/29 21:53:46 Image size of job updated: 1369800
	1338  -  MemoryUsage of job (MB)
	1369800  -  ResidentSetSize of job (KB)
...
006 (17004348.009.000) 06/29 21:58:47 Image size of job updated: 1369892
	1338  -  MemoryUsage of job (MB)
	1369892  -  ResidentSetSize of job (KB)
...
006 (17004348.009.000) 06/29 22:03:48 Image size of job updated: 1370040
	1338  -  MemoryUsage of job (MB)
	1370040  -  ResidentSetSize of job (KB)
...
006 (17004348.009.000) 06/29 22:08:48 Image size of job updated: 1370180
	1339  -  MemoryUsage of job (MB)
	1370180  -  ResidentSetSize of job (KB)
...
006 (17004348.009.000) 06/29 22:13:48 Image size of job updated: 1370980
	1339  -  MemoryUsage of job (MB)
	1370980  -  ResidentSetSize of job (KB)
...
006 (17004348.009.000) 06/29 22:18:49 Image size of job updated: 1371124
	1339  -  MemoryUsage of job (MB)
	1371124  -  ResidentSetSize of job (KB)
...
006 (17004348.009.000) 06/29 22:23:49 Image size of job updated: 1371312
	1340  -  MemoryUsage of job (MB)
	1371312  -  ResidentSetSize of job (KB)
...
006 (17004348.009.000) 06/29 22:28:49 Image size of job updated: 1371432
	1340  -  MemoryUsage of job (MB)
	1371432  -  ResidentSetSize of job (KB)
...
006 (17004348.009.000) 06/29 22:33:50 Image size of job updated: 1371596
	1340  -  MemoryUsage of job (MB)
	1371596  -  ResidentSetSize of job (KB)
...
006 (17004348.009.000) 06/29 22:38:50 Image size of job updated: 1371728
	1340  -  MemoryUsage of job (MB)
	1371728  -  ResidentSetSize of job (KB)
...
006 (17004348.009.000) 06/29 22:43:50 Image size of job updated: 1371856
	1340  -  MemoryUsage of job (MB)
	1371856  -  ResidentSetSize of job (KB)
...
006 (17004348.009.000) 06/29 22:48:51 Image size of job updated: 1371976
	1340  -  MemoryUsage of job (MB)
	1371976  -  ResidentSetSize of job (KB)
...
006 (17004348.009.000) 06/29 22:53:52 Image size of job updated: 1372116
	1340  -  MemoryUsage of job (MB)
	1372116  -  ResidentSetSize of job (KB)
...
006 (17004348.009.000) 06/29 22:58:52 Image size of job updated: 1372236
	1341  -  MemoryUsage of job (MB)
	1372236  -  ResidentSetSize of job (KB)
...
006 (17004348.009.000) 06/29 23:03:53 Image size of job updated: 1372332
	1341  -  MemoryUsage of job (MB)
	1372332  -  ResidentSetSize of job (KB)
...
006 (17004348.009.000) 06/29 23:08:54 Image size of job updated: 1372460
	1341  -  MemoryUsage of job (MB)
	1372460  -  ResidentSetSize of job (KB)
...
006 (17004348.009.000) 06/29 23:13:54 Image size of job updated: 1372568
	1341  -  MemoryUsage of job (MB)
	1372568  -  ResidentSetSize of job (KB)
...
006 (17004348.009.000) 06/29 23:18:54 Image size of job updated: 1372664
	1341  -  MemoryUsage of job (MB)
	1372664  -  ResidentSetSize of job (KB)
...
006 (17004348.009.000) 06/29 23:23:55 Image size of job updated: 1372788
	1341  -  MemoryUsage of job (MB)
	1372788  -  ResidentSetSize of job (KB)
...
006 (17004348.009.000) 06/29 23:28:55 Image size of job updated: 1372896
	1341  -  MemoryUsage of job (MB)
	1372896  -  ResidentSetSize of job (KB)
...
006 (17004348.009.000) 06/29 23:33:55 Image size of job updated: 1373008
	1341  -  MemoryUsage of job (MB)
	1373008  -  ResidentSetSize of job (KB)
...
006 (17004348.009.000) 06/29 23:38:56 Image size of job updated: 1373116
	1341  -  MemoryUsage of job (MB)
	1373116  -  ResidentSetSize of job (KB)
...
006 (17004348.009.000) 06/29 23:43:56 Image size of job updated: 1373248
	1342  -  MemoryUsage of job (MB)
	1373248  -  ResidentSetSize of job (KB)
...
006 (17004348.009.000) 06/29 23:48:56 Image size of job updated: 1373360
	1342  -  MemoryUsage of job (MB)
	1373360  -  ResidentSetSize of job (KB)
...
006 (17004348.009.000) 06/29 23:53:57 Image size of job updated: 1374276
	1343  -  MemoryUsage of job (MB)
	1374276  -  ResidentSetSize of job (KB)
...
006 (17004348.009.000) 06/29 23:58:58 Image size of job updated: 1374280
	1343  -  MemoryUsage of job (MB)
	1374280  -  ResidentSetSize of job (KB)
...
006 (17004348.009.000) 06/30 00:03:58 Image size of job updated: 1374288
	1343  -  MemoryUsage of job (MB)
	1374288  -  ResidentSetSize of job (KB)
...
006 (17004348.009.000) 06/30 00:24:01 Image size of job updated: 1374416
	1343  -  MemoryUsage of job (MB)
	1374416  -  ResidentSetSize of job (KB)
...
006 (17004348.009.000) 06/30 00:29:02 Image size of job updated: 1374544
	1343  -  MemoryUsage of job (MB)
	1374544  -  ResidentSetSize of job (KB)
...
006 (17004348.009.000) 06/30 00:34:02 Image size of job updated: 1374708
	1343  -  MemoryUsage of job (MB)
	1374708  -  ResidentSetSize of job (KB)
...
006 (17004348.009.000) 06/30 00:39:02 Image size of job updated: 1374844
	1343  -  MemoryUsage of job (MB)
	1374844  -  ResidentSetSize of job (KB)
...
006 (17004348.009.000) 06/30 00:44:03 Image size of job updated: 1374964
	1343  -  MemoryUsage of job (MB)
	1374964  -  ResidentSetSize of job (KB)
...
006 (17004348.009.000) 06/30 00:49:03 Image size of job updated: 1375064
	1343  -  MemoryUsage of job (MB)
	1375064  -  ResidentSetSize of job (KB)
...
006 (17004348.009.000) 06/30 00:54:03 Image size of job updated: 1375216
	1343  -  MemoryUsage of job (MB)
	1375216  -  ResidentSetSize of job (KB)
...
006 (17004348.009.000) 06/30 00:59:04 Image size of job updated: 1375320
	1344  -  MemoryUsage of job (MB)
	1375320  -  ResidentSetSize of job (KB)
...
006 (17004348.009.000) 06/30 01:04:04 Image size of job updated: 1375508
	1344  -  MemoryUsage of job (MB)
	1375508  -  ResidentSetSize of job (KB)
...
006 (17004348.009.000) 06/30 01:09:04 Image size of job updated: 1375636
	1344  -  MemoryUsage of job (MB)
	1375636  -  ResidentSetSize of job (KB)
...
006 (17004348.009.000) 06/30 01:14:05 Image size of job updated: 1375760
	1344  -  MemoryUsage of job (MB)
	1375760  -  ResidentSetSize of job (KB)
...
006 (17004348.009.000) 06/30 01:19:05 Image size of job updated: 1375860
	1344  -  MemoryUsage of job (MB)
	1375860  -  ResidentSetSize of job (KB)
...
006 (17004348.009.000) 06/30 01:24:05 Image size of job updated: 1375984
	1344  -  MemoryUsage of job (MB)
	1375984  -  ResidentSetSize of job (KB)
...
006 (17004348.009.000) 06/30 01:29:06 Image size of job updated: 1376128
	1344  -  MemoryUsage of job (MB)
	1376128  -  ResidentSetSize of job (KB)
...
006 (17004348.009.000) 06/30 01:34:07 Image size of job updated: 1376236
	1344  -  MemoryUsage of job (MB)
	1376236  -  ResidentSetSize of job (KB)
...
006 (17004348.009.000) 06/30 01:39:07 Image size of job updated: 1376360
	1345  -  MemoryUsage of job (MB)
	1376360  -  ResidentSetSize of job (KB)
...
006 (17004348.009.000) 06/30 01:44:08 Image size of job updated: 1376504
	1345  -  MemoryUsage of job (MB)
	1376504  -  ResidentSetSize of job (KB)
...
006 (17004348.009.000) 06/30 01:49:09 Image size of job updated: 1376664
	1345  -  MemoryUsage of job (MB)
	1376664  -  ResidentSetSize of job (KB)
...
006 (17004348.009.000) 06/30 01:54:09 Image size of job updated: 1376792
	1345  -  MemoryUsage of job (MB)
	1376792  -  ResidentSetSize of job (KB)
...
006 (17004348.009.000) 06/30 01:59:10 Image size of job updated: 1376932
	1345  -  MemoryUsage of job (MB)
	1376932  -  ResidentSetSize of job (KB)
...
006 (17004348.009.000) 06/30 02:04:11 Image size of job updated: 1377064
	1345  -  MemoryUsage of job (MB)
	1377064  -  ResidentSetSize of job (KB)
...
006 (17004348.009.000) 06/30 02:09:11 Image size of job updated: 1377164
	1345  -  MemoryUsage of job (MB)
	1377164  -  ResidentSetSize of job (KB)
...
006 (17004348.009.000) 06/30 02:14:11 Image size of job updated: 1377268
	1345  -  MemoryUsage of job (MB)
	1377268  -  ResidentSetSize of job (KB)
...
006 (17004348.009.000) 06/30 02:19:12 Image size of job updated: 1377452
	1346  -  MemoryUsage of job (MB)
	1377452  -  ResidentSetSize of job (KB)
...
006 (17004348.009.000) 06/30 02:24:12 Image size of job updated: 1378376
	1347  -  MemoryUsage of job (MB)
	1378376  -  ResidentSetSize of job (KB)
...
006 (17004348.009.000) 06/30 02:29:12 Image size of job updated: 1378388
	1347  -  MemoryUsage of job (MB)
	1378388  -  ResidentSetSize of job (KB)
...
006 (17004348.009.000) 06/30 02:39:13 Image size of job updated: 1378396
	1347  -  MemoryUsage of job (MB)
	1378396  -  ResidentSetSize of job (KB)
...
006 (17004348.009.000) 06/30 02:54:15 Image size of job updated: 1378476
	1347  -  MemoryUsage of job (MB)
	1378476  -  ResidentSetSize of job (KB)
...
006 (17004348.009.000) 06/30 02:59:15 Image size of job updated: 1380660
	1349  -  MemoryUsage of job (MB)
	1380660  -  ResidentSetSize of job (KB)
...
006 (17004348.009.000) 06/30 03:04:16 Image size of job updated: 1380804
	1349  -  MemoryUsage of job (MB)
	1380804  -  ResidentSetSize of job (KB)
...
006 (17004348.009.000) 06/30 03:09:17 Image size of job updated: 1380936
	1349  -  MemoryUsage of job (MB)
	1380936  -  ResidentSetSize of job (KB)
...
006 (17004348.009.000) 06/30 03:14:17 Image size of job updated: 1381032
	1349  -  MemoryUsage of job (MB)
	1381032  -  ResidentSetSize of job (KB)
...
006 (17004348.009.000) 06/30 03:19:18 Image size of job updated: 1381144
	1349  -  MemoryUsage of job (MB)
	1381144  -  ResidentSetSize of job (KB)
...
006 (17004348.009.000) 06/30 03:24:19 Image size of job updated: 1381264
	1349  -  MemoryUsage of job (MB)
	1381264  -  ResidentSetSize of job (KB)
...
006 (17004348.009.000) 06/30 03:29:19 Image size of job updated: 1381404
	1350  -  MemoryUsage of job (MB)
	1381404  -  ResidentSetSize of job (KB)
...
006 (17004348.009.000) 06/30 03:34:20 Image size of job updated: 1381580
	1350  -  MemoryUsage of job (MB)
	1381580  -  ResidentSetSize of job (KB)
...
006 (17004348.009.000) 06/30 03:39:20 Image size of job updated: 1381716
	1350  -  MemoryUsage of job (MB)
	1381716  -  ResidentSetSize of job (KB)
...
006 (17004348.009.000) 06/30 03:44:20 Image size of job updated: 1381868
	1350  -  MemoryUsage of job (MB)
	1381868  -  ResidentSetSize of job (KB)
...
006 (17004348.009.000) 06/30 03:49:21 Image size of job updated: 1381984
	1350  -  MemoryUsage of job (MB)
	1381984  -  ResidentSetSize of job (KB)
...
006 (17004348.009.000) 06/30 03:54:22 Image size of job updated: 1382120
	1350  -  MemoryUsage of job (MB)
	1382120  -  ResidentSetSize of job (KB)
...
006 (17004348.009.000) 06/30 03:59:22 Image size of job updated: 1382248
	1350  -  MemoryUsage of job (MB)
	1382248  -  ResidentSetSize of job (KB)
...
006 (17004348.009.000) 06/30 04:04:23 Image size of job updated: 1382376
	1350  -  MemoryUsage of job (MB)
	1382376  -  ResidentSetSize of job (KB)
...
006 (17004348.009.000) 06/30 04:09:24 Image size of job updated: 1382516
	1351  -  MemoryUsage of job (MB)
	1382516  -  ResidentSetSize of job (KB)
...
006 (17004348.009.000) 06/30 04:14:24 Image size of job updated: 1382652
	1351  -  MemoryUsage of job (MB)
	1382652  -  ResidentSetSize of job (KB)
...
006 (17004348.009.000) 06/30 04:19:24 Image size of job updated: 1382780
	1351  -  MemoryUsage of job (MB)
	1382780  -  ResidentSetSize of job (KB)
...
006 (17004348.009.000) 06/30 04:24:25 Image size of job updated: 1382884
	1351  -  MemoryUsage of job (MB)
	1382884  -  ResidentSetSize of job (KB)
...
006 (17004348.009.000) 06/30 04:29:25 Image size of job updated: 1383028
	1351  -  MemoryUsage of job (MB)
	1383028  -  ResidentSetSize of job (KB)
...
006 (17004348.009.000) 06/30 04:34:25 Image size of job updated: 1383176
	1351  -  MemoryUsage of job (MB)
	1383176  -  ResidentSetSize of job (KB)
...
006 (17004348.009.000) 06/30 04:39:26 Image size of job updated: 1383340
	1351  -  MemoryUsage of job (MB)
	1383340  -  ResidentSetSize of job (KB)
...
006 (17004348.009.000) 06/30 04:44:27 Image size of job updated: 1383492
	1352  -  MemoryUsage of job (MB)
	1383492  -  ResidentSetSize of job (KB)
...
006 (17004348.009.000) 06/30 04:49:27 Image size of job updated: 1383632
	1352  -  MemoryUsage of job (MB)
	1383632  -  ResidentSetSize of job (KB)
...
006 (17004348.009.000) 06/30 04:54:28 Image size of job updated: 1384540
	1353  -  MemoryUsage of job (MB)
	1384540  -  ResidentSetSize of job (KB)
...
006 (17004348.009.000) 06/30 04:59:29 Image size of job updated: 1384544
	1353  -  MemoryUsage of job (MB)
	1384544  -  ResidentSetSize of job (KB)
...
006 (17004348.009.000) 06/30 05:04:29 Image size of job updated: 1384548
	1353  -  MemoryUsage of job (MB)
	1384548  -  ResidentSetSize of job (KB)
...
006 (17004348.009.000) 06/30 05:19:31 Image size of job updated: 1384600
	1353  -  MemoryUsage of job (MB)
	1384600  -  ResidentSetSize of job (KB)
...
006 (17004348.009.000) 06/30 05:24:31 Image size of job updated: 1384728
	1353  -  MemoryUsage of job (MB)
	1384728  -  ResidentSetSize of job (KB)
...
006 (17004348.009.000) 06/30 05:29:32 Image size of job updated: 1384828
	1353  -  MemoryUsage of job (MB)
	1384828  -  ResidentSetSize of job (KB)
...
006 (17004348.009.000) 06/30 05:34:32 Image size of job updated: 1385012
	1353  -  MemoryUsage of job (MB)
	1385012  -  ResidentSetSize of job (KB)
...
006 (17004348.009.000) 06/30 05:39:32 Image size of job updated: 1385168
	1353  -  MemoryUsage of job (MB)
	1385168  -  ResidentSetSize of job (KB)
...
006 (17004348.009.000) 06/30 05:44:33 Image size of job updated: 1385284
	1353  -  MemoryUsage of job (MB)
	1385284  -  ResidentSetSize of job (KB)
...
006 (17004348.009.000) 06/30 05:49:33 Image size of job updated: 1385396
	1353  -  MemoryUsage of job (MB)
	1385396  -  ResidentSetSize of job (KB)
...
006 (17004348.009.000) 06/30 05:54:33 Image size of job updated: 1385496
	1354  -  MemoryUsage of job (MB)
	1385496  -  ResidentSetSize of job (KB)
...
006 (17004348.009.000) 06/30 05:59:34 Image size of job updated: 1385644
	1354  -  MemoryUsage of job (MB)
	1385644  -  ResidentSetSize of job (KB)
...
006 (17004348.009.000) 06/30 06:04:35 Image size of job updated: 1385804
	1354  -  MemoryUsage of job (MB)
	1385804  -  ResidentSetSize of job (KB)
...
006 (17004348.009.000) 06/30 06:09:35 Image size of job updated: 1385920
	1354  -  MemoryUsage of job (MB)
	1385920  -  ResidentSetSize of job (KB)
...
006 (17004348.009.000) 06/30 06:14:36 Image size of job updated: 1386060
	1354  -  MemoryUsage of job (MB)
	1386060  -  ResidentSetSize of job (KB)
...
006 (17004348.009.000) 06/30 06:19:37 Image size of job updated: 1386196
	1354  -  MemoryUsage of job (MB)
	1386196  -  ResidentSetSize of job (KB)
...
006 (17004348.009.000) 06/30 06:24:37 Image size of job updated: 1386336
	1354  -  MemoryUsage of job (MB)
	1386336  -  ResidentSetSize of job (KB)
...
006 (17004348.009.000) 06/30 06:29:38 Image size of job updated: 1386500
	1355  -  MemoryUsage of job (MB)
	1386500  -  ResidentSetSize of job (KB)
...
006 (17004348.009.000) 06/30 06:34:39 Image size of job updated: 1388616
	1357  -  MemoryUsage of job (MB)
	1388616  -  ResidentSetSize of job (KB)
...
006 (17004348.009.000) 06/30 06:39:39 Image size of job updated: 1388716
	1357  -  MemoryUsage of job (MB)
	1388716  -  ResidentSetSize of job (KB)
...
006 (17004348.009.000) 06/30 06:44:39 Image size of job updated: 1388884
	1357  -  MemoryUsage of job (MB)
	1388884  -  ResidentSetSize of job (KB)
...
006 (17004348.009.000) 06/30 06:49:40 Image size of job updated: 1389032
	1357  -  MemoryUsage of job (MB)
	1389032  -  ResidentSetSize of job (KB)
...
006 (17004348.009.000) 06/30 06:54:40 Image size of job updated: 1389188
	1357  -  MemoryUsage of job (MB)
	1389188  -  ResidentSetSize of job (KB)
...
006 (17004348.009.000) 06/30 06:59:40 Image size of job updated: 1389308
	1357  -  MemoryUsage of job (MB)
	1389308  -  ResidentSetSize of job (KB)
...
006 (17004348.009.000) 06/30 07:04:42 Image size of job updated: 1389480
	1357  -  MemoryUsage of job (MB)
	1389480  -  ResidentSetSize of job (KB)
...
006 (17004348.009.000) 06/30 07:09:42 Image size of job updated: 1389636
	1358  -  MemoryUsage of job (MB)
	1389636  -  ResidentSetSize of job (KB)
...
006 (17004348.009.000) 06/30 07:14:42 Image size of job updated: 1389792
	1358  -  MemoryUsage of job (MB)
	1389792  -  ResidentSetSize of job (KB)
...
006 (17004348.009.000) 06/30 07:19:43 Image size of job updated: 1390016
	1358  -  MemoryUsage of job (MB)
	1390016  -  ResidentSetSize of job (KB)
...
006 (17004348.009.000) 06/30 07:24:44 Image size of job updated: 1390704
	1359  -  MemoryUsage of job (MB)
	1390704  -  ResidentSetSize of job (KB)
...
006 (17004348.009.000) 06/30 07:34:44 Image size of job updated: 1390792
	1359  -  MemoryUsage of job (MB)
	1390792  -  ResidentSetSize of job (KB)
...
006 (17004348.009.000) 06/30 07:39:45 Image size of job updated: 1391056
	1359  -  MemoryUsage of job (MB)
	1391056  -  ResidentSetSize of job (KB)
...
006 (17004348.009.000) 06/30 07:44:45 Image size of job updated: 1391284
	1359  -  MemoryUsage of job (MB)
	1391284  -  ResidentSetSize of job (KB)
...
006 (17004348.009.000) 06/30 07:49:45 Image size of job updated: 1391540
	1359  -  MemoryUsage of job (MB)
	1391540  -  ResidentSetSize of job (KB)
...
006 (17004348.009.000) 06/30 07:54:46 Image size of job updated: 1391784
	1360  -  MemoryUsage of job (MB)
	1391784  -  ResidentSetSize of job (KB)
...
006 (17004348.009.000) 06/30 07:59:46 Image size of job updated: 1392028
	1360  -  MemoryUsage of job (MB)
	1392028  -  ResidentSetSize of job (KB)
...
006 (17004348.009.000) 06/30 08:04:46 Image size of job updated: 1392328
	1360  -  MemoryUsage of job (MB)
	1392328  -  ResidentSetSize of job (KB)
...
006 (17004348.009.000) 06/30 08:09:47 Image size of job updated: 1392620
	1360  -  MemoryUsage of job (MB)
	1392620  -  ResidentSetSize of job (KB)
...
006 (17004348.009.000) 06/30 08:14:47 Image size of job updated: 1393128
	1361  -  MemoryUsage of job (MB)
	1393128  -  ResidentSetSize of job (KB)
...
006 (17004348.009.000) 06/30 08:19:47 Image size of job updated: 1393656
	1361  -  MemoryUsage of job (MB)
	1393656  -  ResidentSetSize of job (KB)
...
006 (17004348.009.000) 06/30 08:24:48 Image size of job updated: 1396240
	1364  -  MemoryUsage of job (MB)
	1396240  -  ResidentSetSize of job (KB)
...
006 (17004348.009.000) 06/30 08:29:49 Image size of job updated: 1396580
	1364  -  MemoryUsage of job (MB)
	1396580  -  ResidentSetSize of job (KB)
...
006 (17004348.009.000) 06/30 08:34:49 Image size of job updated: 1397340
	1365  -  MemoryUsage of job (MB)
	1397340  -  ResidentSetSize of job (KB)
...
006 (17004348.009.000) 06/30 08:39:49 Image size of job updated: 1397612
	1365  -  MemoryUsage of job (MB)
	1397612  -  ResidentSetSize of job (KB)
...
006 (17004348.009.000) 06/30 08:44:50 Image size of job updated: 1398260
	1366  -  MemoryUsage of job (MB)
	1398260  -  ResidentSetSize of job (KB)
...
006 (17004348.009.000) 06/30 08:49:50 Image size of job updated: 1398716
	1366  -  MemoryUsage of job (MB)
	1398716  -  ResidentSetSize of job (KB)
...
006 (17004348.009.000) 06/30 08:54:50 Image size of job updated: 1399076
	1367  -  MemoryUsage of job (MB)
	1399076  -  ResidentSetSize of job (KB)
...
006 (17004348.009.000) 06/30 08:59:51 Image size of job updated: 1399988
	1368  -  MemoryUsage of job (MB)
	1399988  -  ResidentSetSize of job (KB)
...
006 (17004348.009.000) 06/30 09:04:52 Image size of job updated: 1400488
	1368  -  MemoryUsage of job (MB)
	1400488  -  ResidentSetSize of job (KB)
...
006 (17004348.009.000) 06/30 09:09:52 Image size of job updated: 1400836
	1369  -  MemoryUsage of job (MB)
	1400836  -  ResidentSetSize of job (KB)
...
006 (17004348.009.000) 06/30 09:14:53 Image size of job updated: 1401132
	1369  -  MemoryUsage of job (MB)
	1401132  -  ResidentSetSize of job (KB)
...
006 (17004348.009.000) 06/30 09:19:54 Image size of job updated: 1401608
	1369  -  MemoryUsage of job (MB)
	1401608  -  ResidentSetSize of job (KB)
...
006 (17004348.009.000) 06/30 09:24:54 Image size of job updated: 1402052
	1370  -  MemoryUsage of job (MB)
	1402052  -  ResidentSetSize of job (KB)
...
006 (17004348.009.000) 06/30 09:29:55 Image size of job updated: 1402500
	1370  -  MemoryUsage of job (MB)
	1402500  -  ResidentSetSize of job (KB)
...
006 (17004348.009.000) 06/30 09:34:56 Image size of job updated: 1403108
	1371  -  MemoryUsage of job (MB)
	1403108  -  ResidentSetSize of job (KB)
...
006 (17004348.009.000) 06/30 09:39:56 Image size of job updated: 1404028
	1372  -  MemoryUsage of job (MB)
	1404028  -  ResidentSetSize of job (KB)
...
006 (17004348.009.000) 06/30 09:44:56 Image size of job updated: 1404320
	1372  -  MemoryUsage of job (MB)
	1404320  -  ResidentSetSize of job (KB)
...
006 (17004348.009.000) 06/30 09:49:57 Image size of job updated: 1405016
	1373  -  MemoryUsage of job (MB)
	1405016  -  ResidentSetSize of job (KB)
...
006 (17004348.009.000) 06/30 09:54:57 Image size of job updated: 1406576
	1374  -  MemoryUsage of job (MB)
	1406576  -  ResidentSetSize of job (KB)
...
006 (17004348.009.000) 06/30 09:59:57 Image size of job updated: 1406708
	1374  -  MemoryUsage of job (MB)
	1406708  -  ResidentSetSize of job (KB)
...
006 (17004348.009.000) 06/30 10:04:58 Image size of job updated: 1406860
	1374  -  MemoryUsage of job (MB)
	1406860  -  ResidentSetSize of job (KB)
...
006 (17004348.009.000) 06/30 10:09:58 Image size of job updated: 1407080
	1375  -  MemoryUsage of job (MB)
	1407080  -  ResidentSetSize of job (KB)
...
006 (17004348.009.000) 06/30 10:14:58 Image size of job updated: 1407988
	1375  -  MemoryUsage of job (MB)
	1407988  -  ResidentSetSize of job (KB)
...
006 (17004348.009.000) 06/30 10:19:59 Image size of job updated: 1408556
	1376  -  MemoryUsage of job (MB)
	1408556  -  ResidentSetSize of job (KB)
...
006 (17004348.009.000) 06/30 10:25:00 Image size of job updated: 1409088
	1377  -  MemoryUsage of job (MB)
	1409088  -  ResidentSetSize of job (KB)
...
006 (17004348.009.000) 06/30 10:30:00 Image size of job updated: 1409412
	1377  -  MemoryUsage of job (MB)
	1409412  -  ResidentSetSize of job (KB)
...
006 (17004348.009.000) 06/30 10:35:01 Image size of job updated: 1410024
	1377  -  MemoryUsage of job (MB)
	1410024  -  ResidentSetSize of job (KB)
...
006 (17004348.009.000) 06/30 10:40:02 Image size of job updated: 1410608
	1378  -  MemoryUsage of job (MB)
	1410608  -  ResidentSetSize of job (KB)
...
006 (17004348.009.000) 06/30 10:45:02 Image size of job updated: 1411484
	1379  -  MemoryUsage of job (MB)
	1411484  -  ResidentSetSize of job (KB)
...
006 (17004348.009.000) 06/30 10:50:03 Image size of job updated: 1411860
	1379  -  MemoryUsage of job (MB)
	1411860  -  ResidentSetSize of job (KB)
...
006 (17004348.009.000) 06/30 10:55:04 Image size of job updated: 1412432
	1380  -  MemoryUsage of job (MB)
	1412432  -  ResidentSetSize of job (KB)
...
006 (17004348.009.000) 06/30 11:00:04 Image size of job updated: 1413036
	1380  -  MemoryUsage of job (MB)
	1413036  -  ResidentSetSize of job (KB)
...
006 (17004348.009.000) 06/30 11:05:04 Image size of job updated: 1413532
	1381  -  MemoryUsage of job (MB)
	1413532  -  ResidentSetSize of job (KB)
...
006 (17004348.009.000) 06/30 11:10:05 Image size of job updated: 1416256
	1384  -  MemoryUsage of job (MB)
	1416256  -  ResidentSetSize of job (KB)
...
006 (17004348.009.000) 06/30 11:15:05 Image size of job updated: 1416984
	1384  -  MemoryUsage of job (MB)
	1416984  -  ResidentSetSize of job (KB)
...
006 (17004348.009.000) 06/30 11:20:05 Image size of job updated: 1417696
	1385  -  MemoryUsage of job (MB)
	1417696  -  ResidentSetSize of job (KB)
...
006 (17004348.009.000) 06/30 11:25:06 Image size of job updated: 1418936
	1386  -  MemoryUsage of job (MB)
	1418936  -  ResidentSetSize of job (KB)
...
006 (17004348.009.000) 06/30 11:28:09 Image size of job updated: 1419424
	1386  -  MemoryUsage of job (MB)
	1418940  -  ResidentSetSize of job (KB)
...
040 (17004348.009.000) 06/30 11:28:09 Started transferring output files
...
040 (17004348.009.000) 06/30 11:28:09 Finished transferring output files
...
009 (17004348.009.000) 06/30 11:28:09 Job was aborted.
	Job removed by SYSTEM_PERIODIC_REMOVE due to wall time exceeded allowed max.
...
