000 (17004348.005.000) 06/29 05:41:06 Job submitted from host: <188.185.114.121:9618?addrs=188.185.114.121-9618+[2001-1458-d00-a--100-273]-9618&alias=bigbird19.cern.ch&noUDP&sock=schedd_5103_cfe0>
...
040 (17004348.005.000) 06/29 07:55:58 Started transferring input files
	Transferring to host: <188.184.195.60:9618?addrs=188.184.195.60-9618+[2001-1458-301-72--100-40b]-9618&alias=b9g47n8368.cern.ch&noUDP&sock=slot1_1_5678_6a20_12401>
...
040 (17004348.005.000) 06/29 07:55:58 Finished transferring input files
...
001 (17004348.005.000) 06/29 07:55:59 Job executing on host: <188.184.195.60:9618?addrs=188.184.195.60-9618+[2001-1458-301-72--100-40b]-9618&alias=b9g47n8368.cern.ch&noUDP&sock=startd_5436_38ea>
	SlotName: slot1_1@b9g47n8368.cern.ch
	AvailableGPUs = { GPUs_GPU_0d3184cb }
	CondorScratchDir = "/pool/condor/dir_3911709"
	Cpus = 3
	Disk = 8389640
	GPUs = 1
	GPUs_GPU_0d3184cb = [ Id = "GPU-0d3184cb"; ClockMhz = 1590.0; Capability = 7.5; CoresPerCU = 64; DeviceName = "Tesla T4"; DeviceUuid = "0d3184cb-044b-6a85-e661-54a626111c00"; ECCEnabled = true; ComputeUnits = 40; DriverVersion = 13.0; DevicePciBusId = "0000:07:00.0"; GlobalMemoryMb = 14913; MaxSupportedVersion = 13000 ]
	Memory = 9000
...
006 (17004348.005.000) 06/29 07:56:12 Image size of job updated: 256916
	251  -  MemoryUsage of job (MB)
	256916  -  ResidentSetSize of job (KB)
...
006 (17004348.005.000) 06/29 08:01:12 Image size of job updated: 499156
	488  -  MemoryUsage of job (MB)
	499156  -  ResidentSetSize of job (KB)
...
006 (17004348.005.000) 06/29 08:06:13 Image size of job updated: 499456
	488  -  MemoryUsage of job (MB)
	499456  -  ResidentSetSize of job (KB)
...
006 (17004348.005.000) 06/29 08:11:13 Image size of job updated: 499676
	488  -  MemoryUsage of job (MB)
	499676  -  ResidentSetSize of job (KB)
...
006 (17004348.005.000) 06/29 08:16:13 Image size of job updated: 504580
	493  -  MemoryUsage of job (MB)
	504580  -  ResidentSetSize of job (KB)
...
006 (17004348.005.000) 06/29 08:21:14 Image size of job updated: 511724
	500  -  MemoryUsage of job (MB)
	511724  -  ResidentSetSize of job (KB)
...
006 (17004348.005.000) 06/29 08:26:15 Image size of job updated: 512592
	501  -  MemoryUsage of job (MB)
	512592  -  ResidentSetSize of job (KB)
...
006 (17004348.005.000) 06/29 08:31:15 Image size of job updated: 512596
	501  -  MemoryUsage of job (MB)
	512596  -  ResidentSetSize of job (KB)
...
006 (17004348.005.000) 06/29 08:36:16 Image size of job updated: 514036
	502  -  MemoryUsage of job (MB)
	514036  -  ResidentSetSize of job (KB)
...
006 (17004348.005.000) 06/29 08:41:17 Image size of job updated: 517372
	506  -  MemoryUsage of job (MB)
	517372  -  ResidentSetSize of job (KB)
...
006 (17004348.005.000) 06/29 08:46:17 Image size of job updated: 519240
	508  -  MemoryUsage of job (MB)
	519240  -  ResidentSetSize of job (KB)
...
006 (17004348.005.000) 06/29 08:51:17 Image size of job updated: 521768
	510  -  MemoryUsage of job (MB)
	521768  -  ResidentSetSize of job (KB)
...
006 (17004348.005.000) 06/29 08:56:18 Image size of job updated: 523596
	512  -  MemoryUsage of job (MB)
	523596  -  ResidentSetSize of job (KB)
...
006 (17004348.005.000) 06/29 09:01:18 Image size of job updated: 524640
	513  -  MemoryUsage of job (MB)
	524640  -  ResidentSetSize of job (KB)
...
006 (17004348.005.000) 06/29 09:06:18 Image size of job updated: 539272
	527  -  MemoryUsage of job (MB)
	539272  -  ResidentSetSize of job (KB)
...
006 (17004348.005.000) 06/29 09:11:19 Image size of job updated: 541872
	530  -  MemoryUsage of job (MB)
	541872  -  ResidentSetSize of job (KB)
...
006 (17004348.005.000) 06/29 09:16:20 Image size of job updated: 544152
	532  -  MemoryUsage of job (MB)
	544152  -  ResidentSetSize of job (KB)
...
006 (17004348.005.000) 06/29 09:21:20 Image size of job updated: 546940
	535  -  MemoryUsage of job (MB)
	546940  -  ResidentSetSize of job (KB)
...
006 (17004348.005.000) 06/29 09:26:21 Image size of job updated: 549260
	537  -  MemoryUsage of job (MB)
	549260  -  ResidentSetSize of job (KB)
...
006 (17004348.005.000) 06/29 09:31:22 Image size of job updated: 549572
	537  -  MemoryUsage of job (MB)
	549572  -  ResidentSetSize of job (KB)
...
006 (17004348.005.000) 06/29 09:36:22 Image size of job updated: 551940
	540  -  MemoryUsage of job (MB)
	551940  -  ResidentSetSize of job (KB)
...
006 (17004348.005.000) 06/29 09:41:23 Image size of job updated: 554472
	542  -  MemoryUsage of job (MB)
	554472  -  ResidentSetSize of job (KB)
...
006 (17004348.005.000) 06/29 09:46:24 Image size of job updated: 556972
	544  -  MemoryUsage of job (MB)
	556972  -  ResidentSetSize of job (KB)
...
006 (17004348.005.000) 06/29 09:51:24 Image size of job updated: 559664
	547  -  MemoryUsage of job (MB)
	559664  -  ResidentSetSize of job (KB)
...
006 (17004348.005.000) 06/29 09:56:24 Image size of job updated: 568904
	556  -  MemoryUsage of job (MB)
	568904  -  ResidentSetSize of job (KB)
...
006 (17004348.005.000) 06/29 10:01:25 Image size of job updated: 571168
	558  -  MemoryUsage of job (MB)
	571168  -  ResidentSetSize of job (KB)
...
006 (17004348.005.000) 06/29 10:06:25 Image size of job updated: 575264
	562  -  MemoryUsage of job (MB)
	575264  -  ResidentSetSize of job (KB)
...
006 (17004348.005.000) 06/29 10:11:25 Image size of job updated: 581160
	568  -  MemoryUsage of job (MB)
	581160  -  ResidentSetSize of job (KB)
...
006 (17004348.005.000) 06/29 10:16:26 Image size of job updated: 587392
	574  -  MemoryUsage of job (MB)
	587392  -  ResidentSetSize of job (KB)
...
006 (17004348.005.000) 06/29 10:21:26 Image size of job updated: 594284
	581  -  MemoryUsage of job (MB)
	594284  -  ResidentSetSize of job (KB)
...
006 (17004348.005.000) 06/29 10:26:26 Image size of job updated: 601624
	588  -  MemoryUsage of job (MB)
	601624  -  ResidentSetSize of job (KB)
...
006 (17004348.005.000) 06/29 10:31:28 Image size of job updated: 603416
	590  -  MemoryUsage of job (MB)
	603416  -  ResidentSetSize of job (KB)
...
006 (17004348.005.000) 06/29 10:36:28 Image size of job updated: 609500
	596  -  MemoryUsage of job (MB)
	609500  -  ResidentSetSize of job (KB)
...
006 (17004348.005.000) 06/29 10:41:28 Image size of job updated: 626704
	613  -  MemoryUsage of job (MB)
	626704  -  ResidentSetSize of job (KB)
...
006 (17004348.005.000) 06/29 10:46:29 Image size of job updated: 633568
	619  -  MemoryUsage of job (MB)
	633568  -  ResidentSetSize of job (KB)
...
006 (17004348.005.000) 06/29 10:51:30 Image size of job updated: 640080
	626  -  MemoryUsage of job (MB)
	640080  -  ResidentSetSize of job (KB)
...
006 (17004348.005.000) 06/29 10:56:30 Image size of job updated: 644872
	630  -  MemoryUsage of job (MB)
	644872  -  ResidentSetSize of job (KB)
...
006 (17004348.005.000) 06/29 11:01:31 Image size of job updated: 654480
	640  -  MemoryUsage of job (MB)
	654480  -  ResidentSetSize of job (KB)
...
006 (17004348.005.000) 06/29 11:06:32 Image size of job updated: 663428
	648  -  MemoryUsage of job (MB)
	663428  -  ResidentSetSize of job (KB)
...
006 (17004348.005.000) 06/29 11:11:32 Image size of job updated: 673276
	658  -  MemoryUsage of job (MB)
	673276  -  ResidentSetSize of job (KB)
...
006 (17004348.005.000) 06/29 11:16:33 Image size of job updated: 678304
	663  -  MemoryUsage of job (MB)
	678304  -  ResidentSetSize of job (KB)
...
006 (17004348.005.000) 06/29 11:21:34 Image size of job updated: 681196
	665  -  MemoryUsage of job (MB)
	680640  -  ResidentSetSize of job (KB)
...
006 (17004348.005.000) 06/29 11:26:34 Image size of job updated: 1062288
	1038  -  MemoryUsage of job (MB)
	1062288  -  ResidentSetSize of job (KB)
...
006 (17004348.005.000) 06/29 11:31:35 Image size of job updated: 1091100
	1066  -  MemoryUsage of job (MB)
	1091100  -  ResidentSetSize of job (KB)
...
006 (17004348.005.000) 06/29 11:36:36 Image size of job updated: 1231212
	1203  -  MemoryUsage of job (MB)
	1231212  -  ResidentSetSize of job (KB)
...
006 (17004348.005.000) 06/29 11:41:36 Image size of job updated: 1231248
	1203  -  MemoryUsage of job (MB)
	1231248  -  ResidentSetSize of job (KB)
...
006 (17004348.005.000) 06/29 11:46:36 Image size of job updated: 1231412
	1203  -  MemoryUsage of job (MB)
	1231412  -  ResidentSetSize of job (KB)
...
006 (17004348.005.000) 06/29 12:01:38 Image size of job updated: 1231836
	1203  -  MemoryUsage of job (MB)
	1231836  -  ResidentSetSize of job (KB)
...
006 (17004348.005.000) 06/29 12:06:39 Image size of job updated: 1232088
	1204  -  MemoryUsage of job (MB)
	1232088  -  ResidentSetSize of job (KB)
...
006 (17004348.005.000) 06/29 12:11:40 Image size of job updated: 1232512
	1204  -  MemoryUsage of job (MB)
	1232512  -  ResidentSetSize of job (KB)
...
006 (17004348.005.000) 06/29 12:16:40 Image size of job updated: 1232804
	1204  -  MemoryUsage of job (MB)
	1232804  -  ResidentSetSize of job (KB)
...
006 (17004348.005.000) 06/29 12:21:41 Image size of job updated: 1233492
	1205  -  MemoryUsage of job (MB)
	1233492  -  ResidentSetSize of job (KB)
...
006 (17004348.005.000) 06/29 12:26:42 Image size of job updated: 1233804
	1205  -  MemoryUsage of job (MB)
	1233804  -  ResidentSetSize of job (KB)
...
006 (17004348.005.000) 06/29 12:31:42 Image size of job updated: 1235068
	1207  -  MemoryUsage of job (MB)
	1235068  -  ResidentSetSize of job (KB)
...
006 (17004348.005.000) 06/29 12:36:43 Image size of job updated: 1235124
	1207  -  MemoryUsage of job (MB)
	1235124  -  ResidentSetSize of job (KB)
...
006 (17004348.005.000) 06/29 12:41:44 Image size of job updated: 1235324
	1207  -  MemoryUsage of job (MB)
	1235324  -  ResidentSetSize of job (KB)
...
006 (17004348.005.000) 06/29 12:46:44 Image size of job updated: 1235568
	1207  -  MemoryUsage of job (MB)
	1235568  -  ResidentSetSize of job (KB)
...
006 (17004348.005.000) 06/29 12:51:44 Image size of job updated: 1235768
	1207  -  MemoryUsage of job (MB)
	1235768  -  ResidentSetSize of job (KB)
...
006 (17004348.005.000) 06/29 12:56:45 Image size of job updated: 1235980
	1208  -  MemoryUsage of job (MB)
	1235980  -  ResidentSetSize of job (KB)
...
006 (17004348.005.000) 06/29 13:01:45 Image size of job updated: 1236148
	1208  -  MemoryUsage of job (MB)
	1236148  -  ResidentSetSize of job (KB)
...
006 (17004348.005.000) 06/29 13:06:45 Image size of job updated: 1254572
	1226  -  MemoryUsage of job (MB)
	1254572  -  ResidentSetSize of job (KB)
...
006 (17004348.005.000) 06/29 13:11:46 Image size of job updated: 1271300
	1242  -  MemoryUsage of job (MB)
	1271300  -  ResidentSetSize of job (KB)
...
006 (17004348.005.000) 06/29 13:16:46 Image size of job updated: 1272092
	1243  -  MemoryUsage of job (MB)
	1272092  -  ResidentSetSize of job (KB)
...
006 (17004348.005.000) 06/29 13:21:46 Image size of job updated: 1272272
	1243  -  MemoryUsage of job (MB)
	1272272  -  ResidentSetSize of job (KB)
...
006 (17004348.005.000) 06/29 13:26:47 Image size of job updated: 1283880
	1254  -  MemoryUsage of job (MB)
	1283880  -  ResidentSetSize of job (KB)
...
006 (17004348.005.000) 06/29 13:31:48 Image size of job updated: 1284056
	1254  -  MemoryUsage of job (MB)
	1284056  -  ResidentSetSize of job (KB)
...
006 (17004348.005.000) 06/29 13:36:48 Image size of job updated: 1284180
	1255  -  MemoryUsage of job (MB)
	1284180  -  ResidentSetSize of job (KB)
...
006 (17004348.005.000) 06/29 13:41:49 Image size of job updated: 1284336
	1255  -  MemoryUsage of job (MB)
	1284336  -  ResidentSetSize of job (KB)
...
006 (17004348.005.000) 06/29 13:46:50 Image size of job updated: 1284492
	1255  -  MemoryUsage of job (MB)
	1284492  -  ResidentSetSize of job (KB)
...
006 (17004348.005.000) 06/29 13:51:50 Image size of job updated: 1284636
	1255  -  MemoryUsage of job (MB)
	1284636  -  ResidentSetSize of job (KB)
...
006 (17004348.005.000) 06/29 13:56:50 Image size of job updated: 1284784
	1255  -  MemoryUsage of job (MB)
	1284784  -  ResidentSetSize of job (KB)
...
006 (17004348.005.000) 06/29 14:01:51 Image size of job updated: 1284952
	1255  -  MemoryUsage of job (MB)
	1284952  -  ResidentSetSize of job (KB)
...
006 (17004348.005.000) 06/29 14:06:51 Image size of job updated: 1285120
	1255  -  MemoryUsage of job (MB)
	1285120  -  ResidentSetSize of job (KB)
...
006 (17004348.005.000) 06/29 14:11:51 Image size of job updated: 1285296
	1256  -  MemoryUsage of job (MB)
	1285296  -  ResidentSetSize of job (KB)
...
006 (17004348.005.000) 06/29 14:16:52 Image size of job updated: 1285480
	1256  -  MemoryUsage of job (MB)
	1285480  -  ResidentSetSize of job (KB)
...
006 (17004348.005.000) 06/29 14:21:52 Image size of job updated: 1285732
	1256  -  MemoryUsage of job (MB)
	1285732  -  ResidentSetSize of job (KB)
...
006 (17004348.005.000) 06/29 14:26:52 Image size of job updated: 1285908
	1256  -  MemoryUsage of job (MB)
	1285908  -  ResidentSetSize of job (KB)
...
006 (17004348.005.000) 06/29 14:31:53 Image size of job updated: 1286100
	1256  -  MemoryUsage of job (MB)
	1286100  -  ResidentSetSize of job (KB)
...
006 (17004348.005.000) 06/29 14:36:54 Image size of job updated: 1286248
	1257  -  MemoryUsage of job (MB)
	1286248  -  ResidentSetSize of job (KB)
...
006 (17004348.005.000) 06/29 14:41:54 Image size of job updated: 1286440
	1257  -  MemoryUsage of job (MB)
	1286440  -  ResidentSetSize of job (KB)
...
006 (17004348.005.000) 06/29 14:46:55 Image size of job updated: 1286668
	1257  -  MemoryUsage of job (MB)
	1286668  -  ResidentSetSize of job (KB)
...
006 (17004348.005.000) 06/29 14:51:56 Image size of job updated: 1286880
	1257  -  MemoryUsage of job (MB)
	1286880  -  ResidentSetSize of job (KB)
...
006 (17004348.005.000) 06/29 14:56:56 Image size of job updated: 1287088
	1257  -  MemoryUsage of job (MB)
	1287088  -  ResidentSetSize of job (KB)
...
006 (17004348.005.000) 06/29 15:01:57 Image size of job updated: 1287284
	1258  -  MemoryUsage of job (MB)
	1287284  -  ResidentSetSize of job (KB)
...
006 (17004348.005.000) 06/29 15:06:58 Image size of job updated: 1288884
	1259  -  MemoryUsage of job (MB)
	1288884  -  ResidentSetSize of job (KB)
...
006 (17004348.005.000) 06/29 15:11:58 Image size of job updated: 1288888
	1259  -  MemoryUsage of job (MB)
	1288888  -  ResidentSetSize of job (KB)
...
006 (17004348.005.000) 06/29 15:16:58 Image size of job updated: 1289040
	1259  -  MemoryUsage of job (MB)
	1289040  -  ResidentSetSize of job (KB)
...
006 (17004348.005.000) 06/29 15:21:59 Image size of job updated: 1289192
	1259  -  MemoryUsage of job (MB)
	1289192  -  ResidentSetSize of job (KB)
...
006 (17004348.005.000) 06/29 15:26:59 Image size of job updated: 1289372
	1260  -  MemoryUsage of job (MB)
	1289372  -  ResidentSetSize of job (KB)
...
006 (17004348.005.000) 06/29 15:31:59 Image size of job updated: 1289536
	1260  -  MemoryUsage of job (MB)
	1289536  -  ResidentSetSize of job (KB)
...
006 (17004348.005.000) 06/29 15:37:00 Image size of job updated: 1289668
	1260  -  MemoryUsage of job (MB)
	1289668  -  ResidentSetSize of job (KB)
...
006 (17004348.005.000) 06/29 15:42:00 Image size of job updated: 1289832
	1260  -  MemoryUsage of job (MB)
	1289832  -  ResidentSetSize of job (KB)
...
006 (17004348.005.000) 06/29 15:47:00 Image size of job updated: 1289996
	1260  -  MemoryUsage of job (MB)
	1289996  -  ResidentSetSize of job (KB)
...
006 (17004348.005.000) 06/29 15:52:01 Image size of job updated: 1290192
	1260  -  MemoryUsage of job (MB)
	1290192  -  ResidentSetSize of job (KB)
...
006 (17004348.005.000) 06/29 15:57:01 Image size of job updated: 1290348
	1261  -  MemoryUsage of job (MB)
	1290348  -  ResidentSetSize of job (KB)
...
006 (17004348.005.000) 06/29 16:02:01 Image size of job updated: 1290532
	1261  -  MemoryUsage of job (MB)
	1290532  -  ResidentSetSize of job (KB)
...
006 (17004348.005.000) 06/29 16:07:02 Image size of job updated: 1290704
	1261  -  MemoryUsage of job (MB)
	1290704  -  ResidentSetSize of job (KB)
...
006 (17004348.005.000) 06/29 16:12:03 Image size of job updated: 1290888
	1261  -  MemoryUsage of job (MB)
	1290888  -  ResidentSetSize of job (KB)
...
006 (17004348.005.000) 06/29 16:17:03 Image size of job updated: 1291084
	1261  -  MemoryUsage of job (MB)
	1291084  -  ResidentSetSize of job (KB)
...
006 (17004348.005.000) 06/29 16:22:04 Image size of job updated: 1291260
	1261  -  MemoryUsage of job (MB)
	1291260  -  ResidentSetSize of job (KB)
...
006 (17004348.005.000) 06/29 16:27:05 Image size of job updated: 1291404
	1262  -  MemoryUsage of job (MB)
	1291404  -  ResidentSetSize of job (KB)
...
006 (17004348.005.000) 06/29 16:32:05 Image size of job updated: 1291552
	1262  -  MemoryUsage of job (MB)
	1291552  -  ResidentSetSize of job (KB)
...
006 (17004348.005.000) 06/29 16:37:06 Image size of job updated: 1291676
	1262  -  MemoryUsage of job (MB)
	1291676  -  ResidentSetSize of job (KB)
...
006 (17004348.005.000) 06/29 16:42:07 Image size of job updated: 1291808
	1262  -  MemoryUsage of job (MB)
	1291808  -  ResidentSetSize of job (KB)
...
006 (17004348.005.000) 06/29 16:47:07 Image size of job updated: 1291944
	1262  -  MemoryUsage of job (MB)
	1291944  -  ResidentSetSize of job (KB)
...
006 (17004348.005.000) 06/29 16:52:08 Image size of job updated: 1292072
	1262  -  MemoryUsage of job (MB)
	1292072  -  ResidentSetSize of job (KB)
...
006 (17004348.005.000) 06/29 16:57:09 Image size of job updated: 1292184
	1262  -  MemoryUsage of job (MB)
	1292184  -  ResidentSetSize of job (KB)
...
006 (17004348.005.000) 06/29 17:02:09 Image size of job updated: 1292304
	1263  -  MemoryUsage of job (MB)
	1292304  -  ResidentSetSize of job (KB)
...
006 (17004348.005.000) 06/29 17:07:09 Image size of job updated: 1292420
	1263  -  MemoryUsage of job (MB)
	1292420  -  ResidentSetSize of job (KB)
...
006 (17004348.005.000) 06/29 17:12:10 Image size of job updated: 1292532
	1263  -  MemoryUsage of job (MB)
	1292532  -  ResidentSetSize of job (KB)
...
006 (17004348.005.000) 06/29 17:17:10 Image size of job updated: 1292648
	1263  -  MemoryUsage of job (MB)
	1292648  -  ResidentSetSize of job (KB)
...
006 (17004348.005.000) 06/29 17:22:10 Image size of job updated: 1292768
	1263  -  MemoryUsage of job (MB)
	1292768  -  ResidentSetSize of job (KB)
...
006 (17004348.005.000) 06/29 17:27:11 Image size of job updated: 1292888
	1263  -  MemoryUsage of job (MB)
	1292888  -  ResidentSetSize of job (KB)
...
006 (17004348.005.000) 06/29 17:32:11 Image size of job updated: 1293020
	1263  -  MemoryUsage of job (MB)
	1293020  -  ResidentSetSize of job (KB)
...
006 (17004348.005.000) 06/29 17:37:11 Image size of job updated: 1293280
	1263  -  MemoryUsage of job (MB)
	1293280  -  ResidentSetSize of job (KB)
...
006 (17004348.005.000) 06/29 17:47:13 Image size of job updated: 1293412
	1264  -  MemoryUsage of job (MB)
	1293412  -  ResidentSetSize of job (KB)
...
006 (17004348.005.000) 06/29 17:57:14 Image size of job updated: 1293492
	1264  -  MemoryUsage of job (MB)
	1293492  -  ResidentSetSize of job (KB)
...
006 (17004348.005.000) 06/29 18:02:15 Image size of job updated: 1293584
	1264  -  MemoryUsage of job (MB)
	1293584  -  ResidentSetSize of job (KB)
...
006 (17004348.005.000) 06/29 18:07:15 Image size of job updated: 1293708
	1264  -  MemoryUsage of job (MB)
	1293708  -  ResidentSetSize of job (KB)
...
006 (17004348.005.000) 06/29 18:12:16 Image size of job updated: 1293800
	1264  -  MemoryUsage of job (MB)
	1293800  -  ResidentSetSize of job (KB)
...
006 (17004348.005.000) 06/29 18:17:17 Image size of job updated: 1293900
	1264  -  MemoryUsage of job (MB)
	1293900  -  ResidentSetSize of job (KB)
...
006 (17004348.005.000) 06/29 18:22:17 Image size of job updated: 1293976
	1264  -  MemoryUsage of job (MB)
	1293976  -  ResidentSetSize of job (KB)
...
006 (17004348.005.000) 06/29 18:27:17 Image size of job updated: 1294072
	1264  -  MemoryUsage of job (MB)
	1294072  -  ResidentSetSize of job (KB)
...
006 (17004348.005.000) 06/29 18:32:18 Image size of job updated: 1294168
	1264  -  MemoryUsage of job (MB)
	1294168  -  ResidentSetSize of job (KB)
...
006 (17004348.005.000) 06/29 18:37:18 Image size of job updated: 1294252
	1264  -  MemoryUsage of job (MB)
	1294252  -  ResidentSetSize of job (KB)
...
006 (17004348.005.000) 06/29 18:42:18 Image size of job updated: 1294356
	1265  -  MemoryUsage of job (MB)
	1294356  -  ResidentSetSize of job (KB)
...
006 (17004348.005.000) 06/29 18:47:19 Image size of job updated: 1294448
	1265  -  MemoryUsage of job (MB)
	1294448  -  ResidentSetSize of job (KB)
...
006 (17004348.005.000) 06/29 18:52:19 Image size of job updated: 1294540
	1265  -  MemoryUsage of job (MB)
	1294540  -  ResidentSetSize of job (KB)
...
006 (17004348.005.000) 06/29 18:57:19 Image size of job updated: 1294620
	1265  -  MemoryUsage of job (MB)
	1294620  -  ResidentSetSize of job (KB)
...
006 (17004348.005.000) 06/29 19:02:20 Image size of job updated: 1294708
	1265  -  MemoryUsage of job (MB)
	1294708  -  ResidentSetSize of job (KB)
...
006 (17004348.005.000) 06/29 19:07:20 Image size of job updated: 1294792
	1265  -  MemoryUsage of job (MB)
	1294792  -  ResidentSetSize of job (KB)
...
006 (17004348.005.000) 06/29 19:12:20 Image size of job updated: 1294876
	1265  -  MemoryUsage of job (MB)
	1294876  -  ResidentSetSize of job (KB)
...
006 (17004348.005.000) 06/29 19:17:21 Image size of job updated: 1294960
	1265  -  MemoryUsage of job (MB)
	1294960  -  ResidentSetSize of job (KB)
...
006 (17004348.005.000) 06/29 19:22:22 Image size of job updated: 1295048
	1265  -  MemoryUsage of job (MB)
	1295048  -  ResidentSetSize of job (KB)
...
006 (17004348.005.000) 06/29 19:27:22 Image size of job updated: 1295132
	1265  -  MemoryUsage of job (MB)
	1295132  -  ResidentSetSize of job (KB)
...
006 (17004348.005.000) 06/29 19:32:23 Image size of job updated: 1295212
	1265  -  MemoryUsage of job (MB)
	1295212  -  ResidentSetSize of job (KB)
...
006 (17004348.005.000) 06/29 19:37:24 Image size of job updated: 1295300
	1265  -  MemoryUsage of job (MB)
	1295300  -  ResidentSetSize of job (KB)
...
006 (17004348.005.000) 06/29 19:42:24 Image size of job updated: 1295384
	1266  -  MemoryUsage of job (MB)
	1295384  -  ResidentSetSize of job (KB)
...
006 (17004348.005.000) 06/29 19:47:25 Image size of job updated: 1295468
	1266  -  MemoryUsage of job (MB)
	1295468  -  ResidentSetSize of job (KB)
...
006 (17004348.005.000) 06/29 19:52:26 Image size of job updated: 1295540
	1266  -  MemoryUsage of job (MB)
	1295540  -  ResidentSetSize of job (KB)
...
006 (17004348.005.000) 06/29 19:57:26 Image size of job updated: 1295652
	1266  -  MemoryUsage of job (MB)
	1295652  -  ResidentSetSize of job (KB)
...
006 (17004348.005.000) 06/29 20:02:26 Image size of job updated: 1295744
	1266  -  MemoryUsage of job (MB)
	1295744  -  ResidentSetSize of job (KB)
...
006 (17004348.005.000) 06/29 20:07:27 Image size of job updated: 1295828
	1266  -  MemoryUsage of job (MB)
	1295828  -  ResidentSetSize of job (KB)
...
006 (17004348.005.000) 06/29 20:12:27 Image size of job updated: 1295916
	1266  -  MemoryUsage of job (MB)
	1295916  -  ResidentSetSize of job (KB)
...
006 (17004348.005.000) 06/29 20:17:27 Image size of job updated: 1295968
	1266  -  MemoryUsage of job (MB)
	1295968  -  ResidentSetSize of job (KB)
...
006 (17004348.005.000) 06/29 20:22:28 Image size of job updated: 1296052
	1266  -  MemoryUsage of job (MB)
	1296052  -  ResidentSetSize of job (KB)
...
006 (17004348.005.000) 06/29 20:27:28 Image size of job updated: 1296144
	1266  -  MemoryUsage of job (MB)
	1296144  -  ResidentSetSize of job (KB)
...
006 (17004348.005.000) 06/29 20:32:28 Image size of job updated: 1296228
	1266  -  MemoryUsage of job (MB)
	1296228  -  ResidentSetSize of job (KB)
...
006 (17004348.005.000) 06/29 20:37:29 Image size of job updated: 1296320
	1266  -  MemoryUsage of job (MB)
	1296320  -  ResidentSetSize of job (KB)
...
006 (17004348.005.000) 06/29 20:42:29 Image size of job updated: 1296396
	1267  -  MemoryUsage of job (MB)
	1296396  -  ResidentSetSize of job (KB)
...
006 (17004348.005.000) 06/29 20:47:29 Image size of job updated: 1296492
	1267  -  MemoryUsage of job (MB)
	1296492  -  ResidentSetSize of job (KB)
...
006 (17004348.005.000) 06/29 20:52:30 Image size of job updated: 1296576
	1267  -  MemoryUsage of job (MB)
	1296576  -  ResidentSetSize of job (KB)
...
006 (17004348.005.000) 06/29 20:57:31 Image size of job updated: 1296660
	1267  -  MemoryUsage of job (MB)
	1296660  -  ResidentSetSize of job (KB)
...
006 (17004348.005.000) 06/29 21:02:31 Image size of job updated: 1296752
	1267  -  MemoryUsage of job (MB)
	1296752  -  ResidentSetSize of job (KB)
...
006 (17004348.005.000) 06/29 21:07:32 Image size of job updated: 1296848
	1267  -  MemoryUsage of job (MB)
	1296848  -  ResidentSetSize of job (KB)
...
006 (17004348.005.000) 06/29 21:12:33 Image size of job updated: 1296940
	1267  -  MemoryUsage of job (MB)
	1296940  -  ResidentSetSize of job (KB)
...
006 (17004348.005.000) 06/29 21:17:33 Image size of job updated: 1297032
	1267  -  MemoryUsage of job (MB)
	1297032  -  ResidentSetSize of job (KB)
...
006 (17004348.005.000) 06/29 21:22:34 Image size of job updated: 1297136
	1267  -  MemoryUsage of job (MB)
	1297136  -  ResidentSetSize of job (KB)
...
006 (17004348.005.000) 06/29 21:27:35 Image size of job updated: 1297220
	1267  -  MemoryUsage of job (MB)
	1297220  -  ResidentSetSize of job (KB)
...
006 (17004348.005.000) 06/29 21:32:35 Image size of job updated: 1297320
	1267  -  MemoryUsage of job (MB)
	1297320  -  ResidentSetSize of job (KB)
...
006 (17004348.005.000) 06/29 21:37:35 Image size of job updated: 1297416
	1268  -  MemoryUsage of job (MB)
	1297416  -  ResidentSetSize of job (KB)
...
006 (17004348.005.000) 06/29 21:42:36 Image size of job updated: 1297556
	1268  -  MemoryUsage of job (MB)
	1297556  -  ResidentSetSize of job (KB)
...
006 (17004348.005.000) 06/29 21:52:36 Image size of job updated: 1297688
	1268  -  MemoryUsage of job (MB)
	1297688  -  ResidentSetSize of job (KB)
...
006 (17004348.005.000) 06/29 21:57:37 Image size of job updated: 1297760
	1268  -  MemoryUsage of job (MB)
	1297760  -  ResidentSetSize of job (KB)
...
006 (17004348.005.000) 06/29 22:02:37 Image size of job updated: 1297832
	1268  -  MemoryUsage of job (MB)
	1297832  -  ResidentSetSize of job (KB)
...
006 (17004348.005.000) 06/29 22:07:37 Image size of job updated: 1297924
	1268  -  MemoryUsage of job (MB)
	1297924  -  ResidentSetSize of job (KB)
...
006 (17004348.005.000) 06/29 22:12:38 Image size of job updated: 1298016
	1268  -  MemoryUsage of job (MB)
	1298016  -  ResidentSetSize of job (KB)
...
006 (17004348.005.000) 06/29 22:17:39 Image size of job updated: 1298088
	1268  -  MemoryUsage of job (MB)
	1298088  -  ResidentSetSize of job (KB)
...
006 (17004348.005.000) 06/29 22:22:39 Image size of job updated: 1298168
	1268  -  MemoryUsage of job (MB)
	1298168  -  ResidentSetSize of job (KB)
...
006 (17004348.005.000) 06/29 22:27:40 Image size of job updated: 1298272
	1268  -  MemoryUsage of job (MB)
	1298272  -  ResidentSetSize of job (KB)
...
006 (17004348.005.000) 06/29 22:32:41 Image size of job updated: 1298408
	1268  -  MemoryUsage of job (MB)
	1298408  -  ResidentSetSize of job (KB)
...
006 (17004348.005.000) 06/29 22:37:41 Image size of job updated: 1298524
	1269  -  MemoryUsage of job (MB)
	1298524  -  ResidentSetSize of job (KB)
...
006 (17004348.005.000) 06/29 22:42:41 Image size of job updated: 1298656
	1269  -  MemoryUsage of job (MB)
	1298656  -  ResidentSetSize of job (KB)
...
006 (17004348.005.000) 06/29 22:47:42 Image size of job updated: 1298772
	1269  -  MemoryUsage of job (MB)
	1298772  -  ResidentSetSize of job (KB)
...
006 (17004348.005.000) 06/29 22:52:42 Image size of job updated: 1298896
	1269  -  MemoryUsage of job (MB)
	1298896  -  ResidentSetSize of job (KB)
...
006 (17004348.005.000) 06/29 22:57:42 Image size of job updated: 1299004
	1269  -  MemoryUsage of job (MB)
	1299004  -  ResidentSetSize of job (KB)
...
006 (17004348.005.000) 06/29 23:02:43 Image size of job updated: 1299136
	1269  -  MemoryUsage of job (MB)
	1299136  -  ResidentSetSize of job (KB)
...
006 (17004348.005.000) 06/29 23:07:43 Image size of job updated: 1299252
	1269  -  MemoryUsage of job (MB)
	1299252  -  ResidentSetSize of job (KB)
...
006 (17004348.005.000) 06/29 23:12:43 Image size of job updated: 1299380
	1269  -  MemoryUsage of job (MB)
	1299380  -  ResidentSetSize of job (KB)
...
006 (17004348.005.000) 06/29 23:17:44 Image size of job updated: 1299536
	1270  -  MemoryUsage of job (MB)
	1299536  -  ResidentSetSize of job (KB)
...
006 (17004348.005.000) 06/29 23:22:45 Image size of job updated: 1299652
	1270  -  MemoryUsage of job (MB)
	1299652  -  ResidentSetSize of job (KB)
...
006 (17004348.005.000) 06/29 23:27:45 Image size of job updated: 1299764
	1270  -  MemoryUsage of job (MB)
	1299764  -  ResidentSetSize of job (KB)
...
006 (17004348.005.000) 06/29 23:32:46 Image size of job updated: 1299876
	1270  -  MemoryUsage of job (MB)
	1299876  -  ResidentSetSize of job (KB)
...
006 (17004348.005.000) 06/29 23:37:47 Image size of job updated: 1300012
	1270  -  MemoryUsage of job (MB)
	1300012  -  ResidentSetSize of job (KB)
...
006 (17004348.005.000) 06/29 23:42:47 Image size of job updated: 1300152
	1270  -  MemoryUsage of job (MB)
	1300152  -  ResidentSetSize of job (KB)
...
006 (17004348.005.000) 06/29 23:47:48 Image size of job updated: 1300280
	1270  -  MemoryUsage of job (MB)
	1300280  -  ResidentSetSize of job (KB)
...
006 (17004348.005.000) 06/29 23:52:49 Image size of job updated: 1300400
	1270  -  MemoryUsage of job (MB)
	1300400  -  ResidentSetSize of job (KB)
...
006 (17004348.005.000) 06/29 23:57:49 Image size of job updated: 1300516
	1271  -  MemoryUsage of job (MB)
	1300516  -  ResidentSetSize of job (KB)
...
006 (17004348.005.000) 06/30 00:02:50 Image size of job updated: 1300656
	1271  -  MemoryUsage of job (MB)
	1300656  -  ResidentSetSize of job (KB)
...
006 (17004348.005.000) 06/30 00:07:51 Image size of job updated: 1300800
	1271  -  MemoryUsage of job (MB)
	1300800  -  ResidentSetSize of job (KB)
...
006 (17004348.005.000) 06/30 00:12:51 Image size of job updated: 1300916
	1271  -  MemoryUsage of job (MB)
	1300916  -  ResidentSetSize of job (KB)
...
006 (17004348.005.000) 06/30 00:17:52 Image size of job updated: 1301052
	1271  -  MemoryUsage of job (MB)
	1301052  -  ResidentSetSize of job (KB)
...
006 (17004348.005.000) 06/30 00:22:53 Image size of job updated: 1301192
	1271  -  MemoryUsage of job (MB)
	1301192  -  ResidentSetSize of job (KB)
...
006 (17004348.005.000) 06/30 00:27:53 Image size of job updated: 1301348
	1271  -  MemoryUsage of job (MB)
	1301348  -  ResidentSetSize of job (KB)
...
006 (17004348.005.000) 06/30 00:32:54 Image size of job updated: 1301504
	1271  -  MemoryUsage of job (MB)
	1301504  -  ResidentSetSize of job (KB)
...
006 (17004348.005.000) 06/30 00:37:55 Image size of job updated: 1301692
	1272  -  MemoryUsage of job (MB)
	1301692  -  ResidentSetSize of job (KB)
...
006 (17004348.005.000) 06/30 00:42:55 Image size of job updated: 1301768
	1272  -  MemoryUsage of job (MB)
	1301768  -  ResidentSetSize of job (KB)
...
006 (17004348.005.000) 06/30 00:47:55 Image size of job updated: 1301868
	1272  -  MemoryUsage of job (MB)
	1301868  -  ResidentSetSize of job (KB)
...
006 (17004348.005.000) 06/30 00:52:56 Image size of job updated: 1301912
	1272  -  MemoryUsage of job (MB)
	1301912  -  ResidentSetSize of job (KB)
...
006 (17004348.005.000) 06/30 00:57:56 Image size of job updated: 1302024
	1272  -  MemoryUsage of job (MB)
	1302024  -  ResidentSetSize of job (KB)
...
006 (17004348.005.000) 06/30 01:02:56 Image size of job updated: 1302144
	1272  -  MemoryUsage of job (MB)
	1302144  -  ResidentSetSize of job (KB)
...
006 (17004348.005.000) 06/30 01:07:57 Image size of job updated: 1302220
	1272  -  MemoryUsage of job (MB)
	1302220  -  ResidentSetSize of job (KB)
...
006 (17004348.005.000) 06/30 01:12:58 Image size of job updated: 1302340
	1272  -  MemoryUsage of job (MB)
	1302340  -  ResidentSetSize of job (KB)
...
006 (17004348.005.000) 06/30 01:17:58 Image size of job updated: 1302468
	1272  -  MemoryUsage of job (MB)
	1302468  -  ResidentSetSize of job (KB)
...
006 (17004348.005.000) 06/30 01:22:59 Image size of job updated: 1302608
	1273  -  MemoryUsage of job (MB)
	1302608  -  ResidentSetSize of job (KB)
...
006 (17004348.005.000) 06/30 01:28:00 Image size of job updated: 1302756
	1273  -  MemoryUsage of job (MB)
	1302756  -  ResidentSetSize of job (KB)
...
006 (17004348.005.000) 06/30 01:33:00 Image size of job updated: 1302892
	1273  -  MemoryUsage of job (MB)
	1302892  -  ResidentSetSize of job (KB)
...
006 (17004348.005.000) 06/30 01:38:00 Image size of job updated: 1303028
	1273  -  MemoryUsage of job (MB)
	1303028  -  ResidentSetSize of job (KB)
...
006 (17004348.005.000) 06/30 01:43:01 Image size of job updated: 1303160
	1273  -  MemoryUsage of job (MB)
	1303160  -  ResidentSetSize of job (KB)
...
006 (17004348.005.000) 06/30 01:48:01 Image size of job updated: 1303308
	1273  -  MemoryUsage of job (MB)
	1303308  -  ResidentSetSize of job (KB)
...
006 (17004348.005.000) 06/30 01:53:01 Image size of job updated: 1303448
	1273  -  MemoryUsage of job (MB)
	1303448  -  ResidentSetSize of job (KB)
...
006 (17004348.005.000) 06/30 01:58:02 Image size of job updated: 1303584
	1274  -  MemoryUsage of job (MB)
	1303584  -  ResidentSetSize of job (KB)
...
006 (17004348.005.000) 06/30 02:03:02 Image size of job updated: 1303740
	1274  -  MemoryUsage of job (MB)
	1303740  -  ResidentSetSize of job (KB)
...
006 (17004348.005.000) 06/30 02:08:02 Image size of job updated: 1303932
	1274  -  MemoryUsage of job (MB)
	1303932  -  ResidentSetSize of job (KB)
...
006 (17004348.005.000) 06/30 02:13:03 Image size of job updated: 1304112
	1274  -  MemoryUsage of job (MB)
	1304112  -  ResidentSetSize of job (KB)
...
006 (17004348.005.000) 06/30 02:18:03 Image size of job updated: 1304264
	1274  -  MemoryUsage of job (MB)
	1304264  -  ResidentSetSize of job (KB)
...
006 (17004348.005.000) 06/30 02:23:03 Image size of job updated: 1304408
	1274  -  MemoryUsage of job (MB)
	1304408  -  ResidentSetSize of job (KB)
...
006 (17004348.005.000) 06/30 02:28:04 Image size of job updated: 1304556
	1274  -  MemoryUsage of job (MB)
	1304556  -  ResidentSetSize of job (KB)
...
006 (17004348.005.000) 06/30 02:33:05 Image size of job updated: 1304704
	1275  -  MemoryUsage of job (MB)
	1304704  -  ResidentSetSize of job (KB)
...
006 (17004348.005.000) 06/30 02:38:05 Image size of job updated: 1304852
	1275  -  MemoryUsage of job (MB)
	1304852  -  ResidentSetSize of job (KB)
...
006 (17004348.005.000) 06/30 02:43:06 Image size of job updated: 1305000
	1275  -  MemoryUsage of job (MB)
	1305000  -  ResidentSetSize of job (KB)
...
006 (17004348.005.000) 06/30 02:48:07 Image size of job updated: 1305164
	1275  -  MemoryUsage of job (MB)
	1305164  -  ResidentSetSize of job (KB)
...
006 (17004348.005.000) 06/30 02:53:07 Image size of job updated: 1305312
	1275  -  MemoryUsage of job (MB)
	1305312  -  ResidentSetSize of job (KB)
...
006 (17004348.005.000) 06/30 02:58:08 Image size of job updated: 1305456
	1275  -  MemoryUsage of job (MB)
	1305456  -  ResidentSetSize of job (KB)
...
006 (17004348.005.000) 06/30 03:03:09 Image size of job updated: 1305612
	1276  -  MemoryUsage of job (MB)
	1305612  -  ResidentSetSize of job (KB)
...
006 (17004348.005.000) 06/30 03:08:09 Image size of job updated: 1305752
	1276  -  MemoryUsage of job (MB)
	1305752  -  ResidentSetSize of job (KB)
...
006 (17004348.005.000) 06/30 03:13:09 Image size of job updated: 1307388
	1277  -  MemoryUsage of job (MB)
	1307388  -  ResidentSetSize of job (KB)
...
006 (17004348.005.000) 06/30 03:23:10 Image size of job updated: 1309400
	1279  -  MemoryUsage of job (MB)
	1309400  -  ResidentSetSize of job (KB)
...
006 (17004348.005.000) 06/30 03:38:11 Image size of job updated: 1309432
	1279  -  MemoryUsage of job (MB)
	1309432  -  ResidentSetSize of job (KB)
...
006 (17004348.005.000) 06/30 03:43:11 Image size of job updated: 1309568
	1279  -  MemoryUsage of job (MB)
	1309568  -  ResidentSetSize of job (KB)
...
006 (17004348.005.000) 06/30 03:48:12 Image size of job updated: 1309700
	1280  -  MemoryUsage of job (MB)
	1309700  -  ResidentSetSize of job (KB)
...
006 (17004348.005.000) 06/30 03:53:12 Image size of job updated: 1309836
	1280  -  MemoryUsage of job (MB)
	1309836  -  ResidentSetSize of job (KB)
...
006 (17004348.005.000) 06/30 03:58:12 Image size of job updated: 1309992
	1280  -  MemoryUsage of job (MB)
	1309992  -  ResidentSetSize of job (KB)
...
006 (17004348.005.000) 06/30 04:03:13 Image size of job updated: 1310128
	1280  -  MemoryUsage of job (MB)
	1310128  -  ResidentSetSize of job (KB)
...
006 (17004348.005.000) 06/30 04:08:14 Image size of job updated: 1310180
	1280  -  MemoryUsage of job (MB)
	1310180  -  ResidentSetSize of job (KB)
...
006 (17004348.005.000) 06/30 04:13:14 Image size of job updated: 1310260
	1280  -  MemoryUsage of job (MB)
	1310260  -  ResidentSetSize of job (KB)
...
006 (17004348.005.000) 06/30 04:18:15 Image size of job updated: 1310412
	1280  -  MemoryUsage of job (MB)
	1310412  -  ResidentSetSize of job (KB)
...
006 (17004348.005.000) 06/30 04:23:16 Image size of job updated: 1310592
	1280  -  MemoryUsage of job (MB)
	1310592  -  ResidentSetSize of job (KB)
...
006 (17004348.005.000) 06/30 04:28:16 Image size of job updated: 1310728
	1281  -  MemoryUsage of job (MB)
	1310728  -  ResidentSetSize of job (KB)
...
006 (17004348.005.000) 06/30 04:33:17 Image size of job updated: 1310852
	1281  -  MemoryUsage of job (MB)
	1310852  -  ResidentSetSize of job (KB)
...
006 (17004348.005.000) 06/30 04:38:18 Image size of job updated: 1310984
	1281  -  MemoryUsage of job (MB)
	1310984  -  ResidentSetSize of job (KB)
...
006 (17004348.005.000) 06/30 04:43:18 Image size of job updated: 1311116
	1281  -  MemoryUsage of job (MB)
	1311116  -  ResidentSetSize of job (KB)
...
006 (17004348.005.000) 06/30 04:48:18 Image size of job updated: 1311264
	1281  -  MemoryUsage of job (MB)
	1311264  -  ResidentSetSize of job (KB)
...
006 (17004348.005.000) 06/30 04:53:19 Image size of job updated: 1311388
	1281  -  MemoryUsage of job (MB)
	1311388  -  ResidentSetSize of job (KB)
...
006 (17004348.005.000) 06/30 04:58:19 Image size of job updated: 1311516
	1281  -  MemoryUsage of job (MB)
	1311516  -  ResidentSetSize of job (KB)
...
006 (17004348.005.000) 06/30 05:03:19 Image size of job updated: 1311668
	1281  -  MemoryUsage of job (MB)
	1311668  -  ResidentSetSize of job (KB)
...
006 (17004348.005.000) 06/30 05:08:20 Image size of job updated: 1311820
	1282  -  MemoryUsage of job (MB)
	1311820  -  ResidentSetSize of job (KB)
...
006 (17004348.005.000) 06/30 05:13:20 Image size of job updated: 1311976
	1282  -  MemoryUsage of job (MB)
	1311976  -  ResidentSetSize of job (KB)
...
006 (17004348.005.000) 06/30 05:18:20 Image size of job updated: 1312124
	1282  -  MemoryUsage of job (MB)
	1312124  -  ResidentSetSize of job (KB)
...
006 (17004348.005.000) 06/30 05:23:21 Image size of job updated: 1312292
	1282  -  MemoryUsage of job (MB)
	1312292  -  ResidentSetSize of job (KB)
...
006 (17004348.005.000) 06/30 05:28:21 Image size of job updated: 1312436
	1282  -  MemoryUsage of job (MB)
	1312436  -  ResidentSetSize of job (KB)
...
006 (17004348.005.000) 06/30 05:33:21 Image size of job updated: 1312580
	1282  -  MemoryUsage of job (MB)
	1312580  -  ResidentSetSize of job (KB)
...
006 (17004348.005.000) 06/30 05:38:22 Image size of job updated: 1312724
	1282  -  MemoryUsage of job (MB)
	1312724  -  ResidentSetSize of job (KB)
...
006 (17004348.005.000) 06/30 05:43:22 Image size of job updated: 1312872
	1283  -  MemoryUsage of job (MB)
	1312872  -  ResidentSetSize of job (KB)
...
006 (17004348.005.000) 06/30 05:48:22 Image size of job updated: 1313008
	1283  -  MemoryUsage of job (MB)
	1313008  -  ResidentSetSize of job (KB)
...
006 (17004348.005.000) 06/30 05:58:24 Image size of job updated: 1313112
	1283  -  MemoryUsage of job (MB)
	1313112  -  ResidentSetSize of job (KB)
...
006 (17004348.005.000) 06/30 06:03:24 Image size of job updated: 1313224
	1283  -  MemoryUsage of job (MB)
	1313224  -  ResidentSetSize of job (KB)
...
006 (17004348.005.000) 06/30 06:08:25 Image size of job updated: 1313360
	1283  -  MemoryUsage of job (MB)
	1313360  -  ResidentSetSize of job (KB)
...
006 (17004348.005.000) 06/30 06:13:26 Image size of job updated: 1313512
	1283  -  MemoryUsage of job (MB)
	1313512  -  ResidentSetSize of job (KB)
...
006 (17004348.005.000) 06/30 06:18:26 Image size of job updated: 1314524
	1284  -  MemoryUsage of job (MB)
	1314524  -  ResidentSetSize of job (KB)
...
006 (17004348.005.000) 06/30 06:48:30 Image size of job updated: 1314668
	1284  -  MemoryUsage of job (MB)
	1314668  -  ResidentSetSize of job (KB)
...
006 (17004348.005.000) 06/30 06:53:30 Image size of job updated: 1314848
	1285  -  MemoryUsage of job (MB)
	1314848  -  ResidentSetSize of job (KB)
...
006 (17004348.005.000) 06/30 06:58:31 Image size of job updated: 1315040
	1285  -  MemoryUsage of job (MB)
	1315040  -  ResidentSetSize of job (KB)
...
006 (17004348.005.000) 06/30 07:03:31 Image size of job updated: 1315232
	1285  -  MemoryUsage of job (MB)
	1315232  -  ResidentSetSize of job (KB)
...
006 (17004348.005.000) 06/30 07:08:31 Image size of job updated: 1315444
	1285  -  MemoryUsage of job (MB)
	1315444  -  ResidentSetSize of job (KB)
...
006 (17004348.005.000) 06/30 07:13:32 Image size of job updated: 1316572
	1286  -  MemoryUsage of job (MB)
	1316572  -  ResidentSetSize of job (KB)
...
006 (17004348.005.000) 06/30 07:28:33 Image size of job updated: 1316648
	1286  -  MemoryUsage of job (MB)
	1316648  -  ResidentSetSize of job (KB)
...
006 (17004348.005.000) 06/30 07:33:34 Image size of job updated: 1316988
	1287  -  MemoryUsage of job (MB)
	1316988  -  ResidentSetSize of job (KB)
...
006 (17004348.005.000) 06/30 07:38:34 Image size of job updated: 1317592
	1287  -  MemoryUsage of job (MB)
	1317592  -  ResidentSetSize of job (KB)
...
006 (17004348.005.000) 06/30 07:43:35 Image size of job updated: 1317596
	1287  -  MemoryUsage of job (MB)
	1317596  -  ResidentSetSize of job (KB)
...
006 (17004348.005.000) 06/30 07:48:36 Image size of job updated: 1317676
	1287  -  MemoryUsage of job (MB)
	1317676  -  ResidentSetSize of job (KB)
...
006 (17004348.005.000) 06/30 07:53:36 Image size of job updated: 1317968
	1288  -  MemoryUsage of job (MB)
	1317968  -  ResidentSetSize of job (KB)
...
006 (17004348.005.000) 06/30 07:56:43 Image size of job updated: 1318148
	1288  -  MemoryUsage of job (MB)
	1317968  -  ResidentSetSize of job (KB)
...
040 (17004348.005.000) 06/30 07:56:43 Started transferring output files
...
040 (17004348.005.000) 06/30 07:56:43 Finished transferring output files
...
009 (17004348.005.000) 06/30 07:56:43 Job was aborted.
	Job removed by SYSTEM_PERIODIC_REMOVE due to wall time exceeded allowed max.
...
