000 (16720545.007.000) 06/25 12:23:40 Job submitted from host: <188.185.114.121:9618?addrs=188.185.114.121-9618+[2001-1458-d00-a--100-273]-9618&alias=bigbird19.cern.ch&noUDP&sock=schedd_5103_cfe0>
...
040 (16720545.007.000) 06/25 13:36:37 Started transferring input files
	Transferring to host: <188.185.190.104:9618?addrs=188.185.190.104-9618+[2001-1458-d03-b--100-22f]-9618&alias=b9pgpun501.cern.ch&noUDP&sock=slot1_2_278654_b37c_85127>
...
040 (16720545.007.000) 06/25 13:36:37 Finished transferring input files
...
001 (16720545.007.000) 06/25 13:36:38 Job executing on host: <188.185.190.104:9618?addrs=188.185.190.104-9618+[2001-1458-d03-b--100-22f]-9618&alias=b9pgpun501.cern.ch&noUDP&sock=startd_240657_4373>
	SlotName: slot1_2@b9pgpun501.cern.ch
	AvailableGPUs = { GPUs_GPU_29d335f4 }
	CondorScratchDir = "/pool/condor/dir_91704"
	Cpus = 3
	Disk = 8391668
	GPUs = 1
	GPUs_GPU_29d335f4 = [ Id = "GPU-29d335f4"; ClockMhz = 1785.0; Capability = 9.0; CoresPerCU = 128; DeviceName = "NVIDIA H100 NVL"; DeviceUuid = "29d335f4-82a4-5335-6e31-1a784066a300"; ECCEnabled = true; ComputeUnits = 132; DriverVersion = 13.0; DevicePciBusId = "0000:07:00.0"; GlobalMemoryMb = 95319; MaxSupportedVersion = 13000 ]
	Memory = 9000
...
006 (16720545.007.000) 06/25 13:36:51 Image size of job updated: 302016
	295  -  MemoryUsage of job (MB)
	302016  -  ResidentSetSize of job (KB)
...
006 (16720545.007.000) 06/25 13:41:51 Image size of job updated: 452564
	442  -  MemoryUsage of job (MB)
	452564  -  ResidentSetSize of job (KB)
...
006 (16720545.007.000) 06/25 13:46:52 Image size of job updated: 458796
	449  -  MemoryUsage of job (MB)
	458796  -  ResidentSetSize of job (KB)
...
006 (16720545.007.000) 06/25 13:51:52 Image size of job updated: 470636
	460  -  MemoryUsage of job (MB)
	470636  -  ResidentSetSize of job (KB)
...
006 (16720545.007.000) 06/25 13:56:52 Image size of job updated: 479404
	469  -  MemoryUsage of job (MB)
	479404  -  ResidentSetSize of job (KB)
...
006 (16720545.007.000) 06/25 14:01:53 Image size of job updated: 483708
	473  -  MemoryUsage of job (MB)
	483708  -  ResidentSetSize of job (KB)
...
006 (16720545.007.000) 06/25 14:06:53 Image size of job updated: 488140
	477  -  MemoryUsage of job (MB)
	488140  -  ResidentSetSize of job (KB)
...
006 (16720545.007.000) 06/25 14:11:53 Image size of job updated: 493180
	482  -  MemoryUsage of job (MB)
	493180  -  ResidentSetSize of job (KB)
...
006 (16720545.007.000) 06/25 14:16:54 Image size of job updated: 501768
	491  -  MemoryUsage of job (MB)
	501768  -  ResidentSetSize of job (KB)
...
006 (16720545.007.000) 06/25 14:21:54 Image size of job updated: 510328
	499  -  MemoryUsage of job (MB)
	510328  -  ResidentSetSize of job (KB)
...
006 (16720545.007.000) 06/25 14:26:54 Image size of job updated: 519144
	507  -  MemoryUsage of job (MB)
	519144  -  ResidentSetSize of job (KB)
...
006 (16720545.007.000) 06/25 14:31:55 Image size of job updated: 525792
	514  -  MemoryUsage of job (MB)
	525792  -  ResidentSetSize of job (KB)
...
006 (16720545.007.000) 06/25 14:36:55 Image size of job updated: 531656
	520  -  MemoryUsage of job (MB)
	531656  -  ResidentSetSize of job (KB)
...
006 (16720545.007.000) 06/25 14:41:56 Image size of job updated: 536252
	524  -  MemoryUsage of job (MB)
	536252  -  ResidentSetSize of job (KB)
...
006 (16720545.007.000) 06/25 14:46:57 Image size of job updated: 539932
	528  -  MemoryUsage of job (MB)
	539932  -  ResidentSetSize of job (KB)
...
006 (16720545.007.000) 06/25 14:51:57 Image size of job updated: 548300
	536  -  MemoryUsage of job (MB)
	548300  -  ResidentSetSize of job (KB)
...
006 (16720545.007.000) 06/25 14:56:58 Image size of job updated: 558304
	546  -  MemoryUsage of job (MB)
	558304  -  ResidentSetSize of job (KB)
...
006 (16720545.007.000) 06/25 15:01:59 Image size of job updated: 566924
	554  -  MemoryUsage of job (MB)
	566924  -  ResidentSetSize of job (KB)
...
006 (16720545.007.000) 06/25 15:06:59 Image size of job updated: 571532
	554  -  MemoryUsage of job (MB)
	566924  -  ResidentSetSize of job (KB)
...
006 (16720545.007.000) 06/25 15:11:59 Image size of job updated: 571532
	557  -  MemoryUsage of job (MB)
	570136  -  ResidentSetSize of job (KB)
...
006 (16720545.007.000) 06/25 15:17:00 Image size of job updated: 643980
	629  -  MemoryUsage of job (MB)
	643980  -  ResidentSetSize of job (KB)
...
006 (16720545.007.000) 06/25 15:22:00 Image size of job updated: 644476
	630  -  MemoryUsage of job (MB)
	644476  -  ResidentSetSize of job (KB)
...
006 (16720545.007.000) 06/25 15:27:00 Image size of job updated: 644796
	630  -  MemoryUsage of job (MB)
	644796  -  ResidentSetSize of job (KB)
...
006 (16720545.007.000) 06/25 15:32:01 Image size of job updated: 644844
	630  -  MemoryUsage of job (MB)
	644844  -  ResidentSetSize of job (KB)
...
006 (16720545.007.000) 06/25 15:37:01 Image size of job updated: 648248
	634  -  MemoryUsage of job (MB)
	648248  -  ResidentSetSize of job (KB)
...
006 (16720545.007.000) 06/25 15:42:01 Image size of job updated: 648300
	634  -  MemoryUsage of job (MB)
	648300  -  ResidentSetSize of job (KB)
...
006 (16720545.007.000) 06/25 15:47:02 Image size of job updated: 648328
	634  -  MemoryUsage of job (MB)
	648328  -  ResidentSetSize of job (KB)
...
006 (16720545.007.000) 06/25 15:52:02 Image size of job updated: 721508
	705  -  MemoryUsage of job (MB)
	721508  -  ResidentSetSize of job (KB)
...
006 (16720545.007.000) 06/25 15:57:02 Image size of job updated: 1128540
	1103  -  MemoryUsage of job (MB)
	1128540  -  ResidentSetSize of job (KB)
...
006 (16720545.007.000) 06/25 16:02:03 Image size of job updated: 1128824
	1103  -  MemoryUsage of job (MB)
	1128824  -  ResidentSetSize of job (KB)
...
006 (16720545.007.000) 06/25 16:07:03 Image size of job updated: 1154292
	1128  -  MemoryUsage of job (MB)
	1154292  -  ResidentSetSize of job (KB)
...
006 (16720545.007.000) 06/25 16:12:03 Image size of job updated: 1154436
	1128  -  MemoryUsage of job (MB)
	1154436  -  ResidentSetSize of job (KB)
...
006 (16720545.007.000) 06/25 16:17:04 Image size of job updated: 1154584
	1128  -  MemoryUsage of job (MB)
	1154584  -  ResidentSetSize of job (KB)
...
006 (16720545.007.000) 06/25 16:22:04 Image size of job updated: 1155028
	1128  -  MemoryUsage of job (MB)
	1155028  -  ResidentSetSize of job (KB)
...
006 (16720545.007.000) 06/25 16:27:04 Image size of job updated: 1155152
	1129  -  MemoryUsage of job (MB)
	1155152  -  ResidentSetSize of job (KB)
...
006 (16720545.007.000) 06/25 16:32:05 Image size of job updated: 1190384
	1163  -  MemoryUsage of job (MB)
	1190384  -  ResidentSetSize of job (KB)
...
006 (16720545.007.000) 06/25 16:37:05 Image size of job updated: 1285960
	1256  -  MemoryUsage of job (MB)
	1285960  -  ResidentSetSize of job (KB)
...
006 (16720545.007.000) 06/25 16:47:06 Image size of job updated: 1286192
	1257  -  MemoryUsage of job (MB)
	1286192  -  ResidentSetSize of job (KB)
...
006 (16720545.007.000) 06/25 16:52:06 Image size of job updated: 1286320
	1257  -  MemoryUsage of job (MB)
	1286320  -  ResidentSetSize of job (KB)
...
006 (16720545.007.000) 06/25 16:57:07 Image size of job updated: 1286432
	1257  -  MemoryUsage of job (MB)
	1286432  -  ResidentSetSize of job (KB)
...
006 (16720545.007.000) 06/25 17:02:08 Image size of job updated: 1286560
	1257  -  MemoryUsage of job (MB)
	1286560  -  ResidentSetSize of job (KB)
...
006 (16720545.007.000) 06/25 17:07:08 Image size of job updated: 1286704
	1257  -  MemoryUsage of job (MB)
	1286704  -  ResidentSetSize of job (KB)
...
006 (16720545.007.000) 06/25 17:12:09 Image size of job updated: 1286860
	1257  -  MemoryUsage of job (MB)
	1286860  -  ResidentSetSize of job (KB)
...
006 (16720545.007.000) 06/25 17:17:10 Image size of job updated: 1286968
	1257  -  MemoryUsage of job (MB)
	1286968  -  ResidentSetSize of job (KB)
...
006 (16720545.007.000) 06/25 17:22:10 Image size of job updated: 1287112
	1257  -  MemoryUsage of job (MB)
	1287112  -  ResidentSetSize of job (KB)
...
006 (16720545.007.000) 06/25 17:27:11 Image size of job updated: 1287248
	1258  -  MemoryUsage of job (MB)
	1287248  -  ResidentSetSize of job (KB)
...
006 (16720545.007.000) 06/25 17:32:12 Image size of job updated: 1287596
	1258  -  MemoryUsage of job (MB)
	1287596  -  ResidentSetSize of job (KB)
...
006 (16720545.007.000) 06/25 17:37:12 Image size of job updated: 1287720
	1258  -  MemoryUsage of job (MB)
	1287720  -  ResidentSetSize of job (KB)
...
006 (16720545.007.000) 06/25 17:42:12 Image size of job updated: 1287844
	1258  -  MemoryUsage of job (MB)
	1287844  -  ResidentSetSize of job (KB)
...
006 (16720545.007.000) 06/25 17:47:13 Image size of job updated: 1288016
	1258  -  MemoryUsage of job (MB)
	1288016  -  ResidentSetSize of job (KB)
...
006 (16720545.007.000) 06/25 17:52:13 Image size of job updated: 1288132
	1258  -  MemoryUsage of job (MB)
	1288132  -  ResidentSetSize of job (KB)
...
006 (16720545.007.000) 06/25 17:57:13 Image size of job updated: 1288260
	1259  -  MemoryUsage of job (MB)
	1288260  -  ResidentSetSize of job (KB)
...
006 (16720545.007.000) 06/25 18:02:14 Image size of job updated: 1288396
	1259  -  MemoryUsage of job (MB)
	1288396  -  ResidentSetSize of job (KB)
...
006 (16720545.007.000) 06/25 18:07:14 Image size of job updated: 1288524
	1259  -  MemoryUsage of job (MB)
	1288524  -  ResidentSetSize of job (KB)
...
006 (16720545.007.000) 06/25 18:12:14 Image size of job updated: 1288636
	1259  -  MemoryUsage of job (MB)
	1288636  -  ResidentSetSize of job (KB)
...
006 (16720545.007.000) 06/25 18:17:15 Image size of job updated: 1288776
	1259  -  MemoryUsage of job (MB)
	1288776  -  ResidentSetSize of job (KB)
...
006 (16720545.007.000) 06/25 18:22:15 Image size of job updated: 1288936
	1259  -  MemoryUsage of job (MB)
	1288936  -  ResidentSetSize of job (KB)
...
006 (16720545.007.000) 06/25 18:27:15 Image size of job updated: 1289056
	1259  -  MemoryUsage of job (MB)
	1289056  -  ResidentSetSize of job (KB)
...
006 (16720545.007.000) 06/25 18:32:16 Image size of job updated: 1289148
	1259  -  MemoryUsage of job (MB)
	1289148  -  ResidentSetSize of job (KB)
...
006 (16720545.007.000) 06/25 18:37:17 Image size of job updated: 1289304
	1260  -  MemoryUsage of job (MB)
	1289304  -  ResidentSetSize of job (KB)
...
006 (16720545.007.000) 06/25 18:42:17 Image size of job updated: 1289428
	1260  -  MemoryUsage of job (MB)
	1289428  -  ResidentSetSize of job (KB)
...
006 (16720545.007.000) 06/25 18:47:18 Image size of job updated: 1289564
	1260  -  MemoryUsage of job (MB)
	1289564  -  ResidentSetSize of job (KB)
...
006 (16720545.007.000) 06/25 18:52:19 Image size of job updated: 1289708
	1260  -  MemoryUsage of job (MB)
	1289708  -  ResidentSetSize of job (KB)
...
006 (16720545.007.000) 06/25 18:57:19 Image size of job updated: 1289836
	1260  -  MemoryUsage of job (MB)
	1289836  -  ResidentSetSize of job (KB)
...
006 (16720545.007.000) 06/25 19:02:20 Image size of job updated: 1289984
	1260  -  MemoryUsage of job (MB)
	1289984  -  ResidentSetSize of job (KB)
...
006 (16720545.007.000) 06/25 19:07:21 Image size of job updated: 1290132
	1260  -  MemoryUsage of job (MB)
	1290132  -  ResidentSetSize of job (KB)
...
006 (16720545.007.000) 06/25 19:12:21 Image size of job updated: 1290232
	1260  -  MemoryUsage of job (MB)
	1290232  -  ResidentSetSize of job (KB)
...
006 (16720545.007.000) 06/25 19:17:22 Image size of job updated: 1290348
	1261  -  MemoryUsage of job (MB)
	1290348  -  ResidentSetSize of job (KB)
...
006 (16720545.007.000) 06/25 19:22:23 Image size of job updated: 1290488
	1261  -  MemoryUsage of job (MB)
	1290488  -  ResidentSetSize of job (KB)
...
006 (16720545.007.000) 06/25 19:27:23 Image size of job updated: 1290600
	1261  -  MemoryUsage of job (MB)
	1290600  -  ResidentSetSize of job (KB)
...
006 (16720545.007.000) 06/25 19:32:24 Image size of job updated: 1290724
	1261  -  MemoryUsage of job (MB)
	1290724  -  ResidentSetSize of job (KB)
...
006 (16720545.007.000) 06/25 19:37:25 Image size of job updated: 1290896
	1261  -  MemoryUsage of job (MB)
	1290896  -  ResidentSetSize of job (KB)
...
006 (16720545.007.000) 06/25 19:42:25 Image size of job updated: 1291004
	1261  -  MemoryUsage of job (MB)
	1291004  -  ResidentSetSize of job (KB)
...
006 (16720545.007.000) 06/25 19:47:26 Image size of job updated: 1291140
	1261  -  MemoryUsage of job (MB)
	1291140  -  ResidentSetSize of job (KB)
...
006 (16720545.007.000) 06/25 19:52:27 Image size of job updated: 1291440
	1262  -  MemoryUsage of job (MB)
	1291440  -  ResidentSetSize of job (KB)
...
006 (16720545.007.000) 06/25 19:57:27 Image size of job updated: 1291556
	1262  -  MemoryUsage of job (MB)
	1291556  -  ResidentSetSize of job (KB)
...
006 (16720545.007.000) 06/25 20:02:27 Image size of job updated: 1291668
	1262  -  MemoryUsage of job (MB)
	1291668  -  ResidentSetSize of job (KB)
...
006 (16720545.007.000) 06/25 20:07:28 Image size of job updated: 1292096
	1262  -  MemoryUsage of job (MB)
	1292096  -  ResidentSetSize of job (KB)
...
006 (16720545.007.000) 06/25 20:12:28 Image size of job updated: 1292196
	1262  -  MemoryUsage of job (MB)
	1292196  -  ResidentSetSize of job (KB)
...
006 (16720545.007.000) 06/25 20:17:28 Image size of job updated: 1292372
	1263  -  MemoryUsage of job (MB)
	1292372  -  ResidentSetSize of job (KB)
...
006 (16720545.007.000) 06/25 20:22:29 Image size of job updated: 1292480
	1263  -  MemoryUsage of job (MB)
	1292480  -  ResidentSetSize of job (KB)
...
006 (16720545.007.000) 06/25 20:27:29 Image size of job updated: 1292620
	1263  -  MemoryUsage of job (MB)
	1292620  -  ResidentSetSize of job (KB)
...
006 (16720545.007.000) 06/25 20:32:29 Image size of job updated: 1292776
	1263  -  MemoryUsage of job (MB)
	1292776  -  ResidentSetSize of job (KB)
...
006 (16720545.007.000) 06/25 20:37:30 Image size of job updated: 1292912
	1263  -  MemoryUsage of job (MB)
	1292912  -  ResidentSetSize of job (KB)
...
006 (16720545.007.000) 06/25 20:42:31 Image size of job updated: 1293064
	1263  -  MemoryUsage of job (MB)
	1293064  -  ResidentSetSize of job (KB)
...
006 (16720545.007.000) 06/25 20:47:31 Image size of job updated: 1293204
	1263  -  MemoryUsage of job (MB)
	1293204  -  ResidentSetSize of job (KB)
...
006 (16720545.007.000) 06/25 20:52:32 Image size of job updated: 1293332
	1264  -  MemoryUsage of job (MB)
	1293332  -  ResidentSetSize of job (KB)
...
006 (16720545.007.000) 06/25 20:57:33 Image size of job updated: 1293448
	1264  -  MemoryUsage of job (MB)
	1293448  -  ResidentSetSize of job (KB)
...
006 (16720545.007.000) 06/25 21:02:33 Image size of job updated: 1293564
	1264  -  MemoryUsage of job (MB)
	1293564  -  ResidentSetSize of job (KB)
...
006 (16720545.007.000) 06/25 21:07:34 Image size of job updated: 1293692
	1264  -  MemoryUsage of job (MB)
	1293692  -  ResidentSetSize of job (KB)
...
006 (16720545.007.000) 06/25 21:12:35 Image size of job updated: 1293808
	1264  -  MemoryUsage of job (MB)
	1293808  -  ResidentSetSize of job (KB)
...
006 (16720545.007.000) 06/25 21:17:35 Image size of job updated: 1293916
	1264  -  MemoryUsage of job (MB)
	1293916  -  ResidentSetSize of job (KB)
...
006 (16720545.007.000) 06/25 21:22:36 Image size of job updated: 1294028
	1264  -  MemoryUsage of job (MB)
	1294028  -  ResidentSetSize of job (KB)
...
006 (16720545.007.000) 06/25 21:27:37 Image size of job updated: 1294152
	1264  -  MemoryUsage of job (MB)
	1294152  -  ResidentSetSize of job (KB)
...
006 (16720545.007.000) 06/25 21:32:37 Image size of job updated: 1294300
	1264  -  MemoryUsage of job (MB)
	1294300  -  ResidentSetSize of job (KB)
...
006 (16720545.007.000) 06/25 21:37:38 Image size of job updated: 1294424
	1265  -  MemoryUsage of job (MB)
	1294424  -  ResidentSetSize of job (KB)
...
006 (16720545.007.000) 06/25 21:42:39 Image size of job updated: 1294544
	1265  -  MemoryUsage of job (MB)
	1294544  -  ResidentSetSize of job (KB)
...
006 (16720545.007.000) 06/25 21:47:39 Image size of job updated: 1294668
	1265  -  MemoryUsage of job (MB)
	1294668  -  ResidentSetSize of job (KB)
...
006 (16720545.007.000) 06/25 21:52:40 Image size of job updated: 1294784
	1265  -  MemoryUsage of job (MB)
	1294784  -  ResidentSetSize of job (KB)
...
006 (16720545.007.000) 06/25 21:57:41 Image size of job updated: 1294912
	1265  -  MemoryUsage of job (MB)
	1294912  -  ResidentSetSize of job (KB)
...
006 (16720545.007.000) 06/25 22:02:41 Image size of job updated: 1295040
	1265  -  MemoryUsage of job (MB)
	1295040  -  ResidentSetSize of job (KB)
...
006 (16720545.007.000) 06/25 22:07:42 Image size of job updated: 1295196
	1265  -  MemoryUsage of job (MB)
	1295196  -  ResidentSetSize of job (KB)
...
006 (16720545.007.000) 06/25 22:12:43 Image size of job updated: 1295308
	1265  -  MemoryUsage of job (MB)
	1295308  -  ResidentSetSize of job (KB)
...
006 (16720545.007.000) 06/25 22:17:43 Image size of job updated: 1295468
	1266  -  MemoryUsage of job (MB)
	1295468  -  ResidentSetSize of job (KB)
...
006 (16720545.007.000) 06/25 22:22:44 Image size of job updated: 1297640
	1268  -  MemoryUsage of job (MB)
	1297640  -  ResidentSetSize of job (KB)
...
006 (16720545.007.000) 06/25 22:27:45 Image size of job updated: 1297752
	1268  -  MemoryUsage of job (MB)
	1297752  -  ResidentSetSize of job (KB)
...
006 (16720545.007.000) 06/25 22:32:45 Image size of job updated: 1297980
	1268  -  MemoryUsage of job (MB)
	1297980  -  ResidentSetSize of job (KB)
...
006 (16720545.007.000) 06/25 22:37:46 Image size of job updated: 1298096
	1268  -  MemoryUsage of job (MB)
	1298096  -  ResidentSetSize of job (KB)
...
006 (16720545.007.000) 06/25 22:42:47 Image size of job updated: 1298216
	1268  -  MemoryUsage of job (MB)
	1298216  -  ResidentSetSize of job (KB)
...
006 (16720545.007.000) 06/25 22:47:47 Image size of job updated: 1298336
	1268  -  MemoryUsage of job (MB)
	1298336  -  ResidentSetSize of job (KB)
...
006 (16720545.007.000) 06/25 22:52:47 Image size of job updated: 1298468
	1269  -  MemoryUsage of job (MB)
	1298468  -  ResidentSetSize of job (KB)
...
006 (16720545.007.000) 06/25 22:57:48 Image size of job updated: 1298624
	1269  -  MemoryUsage of job (MB)
	1298624  -  ResidentSetSize of job (KB)
...
006 (16720545.007.000) 06/25 23:02:48 Image size of job updated: 1298752
	1269  -  MemoryUsage of job (MB)
	1298752  -  ResidentSetSize of job (KB)
...
006 (16720545.007.000) 06/25 23:07:48 Image size of job updated: 1299008
	1269  -  MemoryUsage of job (MB)
	1299008  -  ResidentSetSize of job (KB)
...
006 (16720545.007.000) 06/25 23:12:49 Image size of job updated: 1299152
	1269  -  MemoryUsage of job (MB)
	1299152  -  ResidentSetSize of job (KB)
...
006 (16720545.007.000) 06/25 23:17:49 Image size of job updated: 1299252
	1269  -  MemoryUsage of job (MB)
	1299252  -  ResidentSetSize of job (KB)
...
006 (16720545.007.000) 06/25 23:22:49 Image size of job updated: 1299404
	1269  -  MemoryUsage of job (MB)
	1299404  -  ResidentSetSize of job (KB)
...
006 (16720545.007.000) 06/25 23:27:50 Image size of job updated: 1299516
	1270  -  MemoryUsage of job (MB)
	1299516  -  ResidentSetSize of job (KB)
...
006 (16720545.007.000) 06/25 23:32:50 Image size of job updated: 1299644
	1270  -  MemoryUsage of job (MB)
	1299644  -  ResidentSetSize of job (KB)
...
006 (16720545.007.000) 06/25 23:37:51 Image size of job updated: 1299776
	1270  -  MemoryUsage of job (MB)
	1299776  -  ResidentSetSize of job (KB)
...
006 (16720545.007.000) 06/25 23:42:52 Image size of job updated: 1299884
	1270  -  MemoryUsage of job (MB)
	1299884  -  ResidentSetSize of job (KB)
...
006 (16720545.007.000) 06/25 23:47:52 Image size of job updated: 1300016
	1270  -  MemoryUsage of job (MB)
	1300016  -  ResidentSetSize of job (KB)
...
006 (16720545.007.000) 06/25 23:52:53 Image size of job updated: 1300172
	1270  -  MemoryUsage of job (MB)
	1300172  -  ResidentSetSize of job (KB)
...
006 (16720545.007.000) 06/25 23:57:54 Image size of job updated: 1300268
	1270  -  MemoryUsage of job (MB)
	1300268  -  ResidentSetSize of job (KB)
...
006 (16720545.007.000) 06/26 00:02:54 Image size of job updated: 1300396
	1270  -  MemoryUsage of job (MB)
	1300396  -  ResidentSetSize of job (KB)
...
006 (16720545.007.000) 06/26 00:07:55 Image size of job updated: 1300556
	1271  -  MemoryUsage of job (MB)
	1300556  -  ResidentSetSize of job (KB)
...
006 (16720545.007.000) 06/26 00:12:56 Image size of job updated: 1300688
	1271  -  MemoryUsage of job (MB)
	1300688  -  ResidentSetSize of job (KB)
...
006 (16720545.007.000) 06/26 00:17:56 Image size of job updated: 1300848
	1271  -  MemoryUsage of job (MB)
	1300848  -  ResidentSetSize of job (KB)
...
006 (16720545.007.000) 06/26 00:22:57 Image size of job updated: 1301840
	1272  -  MemoryUsage of job (MB)
	1301840  -  ResidentSetSize of job (KB)
...
006 (16720545.007.000) 06/26 00:27:58 Image size of job updated: 1301976
	1272  -  MemoryUsage of job (MB)
	1301976  -  ResidentSetSize of job (KB)
...
006 (16720545.007.000) 06/26 00:32:58 Image size of job updated: 1302112
	1272  -  MemoryUsage of job (MB)
	1302112  -  ResidentSetSize of job (KB)
...
006 (16720545.007.000) 06/26 00:37:58 Image size of job updated: 1302240
	1272  -  MemoryUsage of job (MB)
	1302240  -  ResidentSetSize of job (KB)
...
006 (16720545.007.000) 06/26 00:42:59 Image size of job updated: 1302380
	1272  -  MemoryUsage of job (MB)
	1302380  -  ResidentSetSize of job (KB)
...
006 (16720545.007.000) 06/26 00:47:59 Image size of job updated: 1302480
	1272  -  MemoryUsage of job (MB)
	1302480  -  ResidentSetSize of job (KB)
...
006 (16720545.007.000) 06/26 00:52:59 Image size of job updated: 1302608
	1273  -  MemoryUsage of job (MB)
	1302608  -  ResidentSetSize of job (KB)
...
006 (16720545.007.000) 06/26 00:58:00 Image size of job updated: 1302740
	1273  -  MemoryUsage of job (MB)
	1302740  -  ResidentSetSize of job (KB)
...
006 (16720545.007.000) 06/26 01:03:00 Image size of job updated: 1302856
	1273  -  MemoryUsage of job (MB)
	1302856  -  ResidentSetSize of job (KB)
...
006 (16720545.007.000) 06/26 01:08:00 Image size of job updated: 1302996
	1273  -  MemoryUsage of job (MB)
	1302996  -  ResidentSetSize of job (KB)
...
006 (16720545.007.000) 06/26 01:13:01 Image size of job updated: 1303124
	1273  -  MemoryUsage of job (MB)
	1303124  -  ResidentSetSize of job (KB)
...
006 (16720545.007.000) 06/26 01:18:02 Image size of job updated: 1303272
	1273  -  MemoryUsage of job (MB)
	1303272  -  ResidentSetSize of job (KB)
...
006 (16720545.007.000) 06/26 01:23:02 Image size of job updated: 1303372
	1273  -  MemoryUsage of job (MB)
	1303372  -  ResidentSetSize of job (KB)
...
006 (16720545.007.000) 06/26 01:28:03 Image size of job updated: 1303500
	1273  -  MemoryUsage of job (MB)
	1303500  -  ResidentSetSize of job (KB)
...
006 (16720545.007.000) 06/26 01:33:04 Image size of job updated: 1303612
	1274  -  MemoryUsage of job (MB)
	1303612  -  ResidentSetSize of job (KB)
...
006 (16720545.007.000) 06/26 01:38:04 Image size of job updated: 1303768
	1274  -  MemoryUsage of job (MB)
	1303768  -  ResidentSetSize of job (KB)
...
006 (16720545.007.000) 06/26 01:43:05 Image size of job updated: 1303864
	1274  -  MemoryUsage of job (MB)
	1303864  -  ResidentSetSize of job (KB)
...
006 (16720545.007.000) 06/26 01:48:06 Image size of job updated: 1303980
	1274  -  MemoryUsage of job (MB)
	1303980  -  ResidentSetSize of job (KB)
...
006 (16720545.007.000) 06/26 01:53:06 Image size of job updated: 1304092
	1274  -  MemoryUsage of job (MB)
	1304092  -  ResidentSetSize of job (KB)
...
006 (16720545.007.000) 06/26 01:58:07 Image size of job updated: 1304228
	1274  -  MemoryUsage of job (MB)
	1304228  -  ResidentSetSize of job (KB)
...
006 (16720545.007.000) 06/26 02:03:08 Image size of job updated: 1304368
	1274  -  MemoryUsage of job (MB)
	1304368  -  ResidentSetSize of job (KB)
...
006 (16720545.007.000) 06/26 02:08:08 Image size of job updated: 1304480
	1274  -  MemoryUsage of job (MB)
	1304480  -  ResidentSetSize of job (KB)
...
006 (16720545.007.000) 06/26 02:13:08 Image size of job updated: 1304588
	1275  -  MemoryUsage of job (MB)
	1304588  -  ResidentSetSize of job (KB)
...
006 (16720545.007.000) 06/26 02:18:09 Image size of job updated: 1304688
	1275  -  MemoryUsage of job (MB)
	1304688  -  ResidentSetSize of job (KB)
...
006 (16720545.007.000) 06/26 02:23:09 Image size of job updated: 1304844
	1275  -  MemoryUsage of job (MB)
	1304844  -  ResidentSetSize of job (KB)
...
006 (16720545.007.000) 06/26 02:28:09 Image size of job updated: 1304996
	1275  -  MemoryUsage of job (MB)
	1304996  -  ResidentSetSize of job (KB)
...
006 (16720545.007.000) 06/26 02:33:10 Image size of job updated: 1305124
	1275  -  MemoryUsage of job (MB)
	1305124  -  ResidentSetSize of job (KB)
...
006 (16720545.007.000) 06/26 02:38:10 Image size of job updated: 1305240
	1275  -  MemoryUsage of job (MB)
	1305240  -  ResidentSetSize of job (KB)
...
006 (16720545.007.000) 06/26 02:43:10 Image size of job updated: 1305388
	1275  -  MemoryUsage of job (MB)
	1305388  -  ResidentSetSize of job (KB)
...
006 (16720545.007.000) 06/26 02:48:11 Image size of job updated: 1305472
	1275  -  MemoryUsage of job (MB)
	1305472  -  ResidentSetSize of job (KB)
...
006 (16720545.007.000) 06/26 02:53:11 Image size of job updated: 1305588
	1275  -  MemoryUsage of job (MB)
	1305588  -  ResidentSetSize of job (KB)
...
006 (16720545.007.000) 06/26 02:58:11 Image size of job updated: 1305728
	1276  -  MemoryUsage of job (MB)
	1305728  -  ResidentSetSize of job (KB)
...
006 (16720545.007.000) 06/26 03:03:12 Image size of job updated: 1305840
	1276  -  MemoryUsage of job (MB)
	1305840  -  ResidentSetSize of job (KB)
...
006 (16720545.007.000) 06/26 03:08:12 Image size of job updated: 1305956
	1276  -  MemoryUsage of job (MB)
	1305956  -  ResidentSetSize of job (KB)
...
006 (16720545.007.000) 06/26 03:13:12 Image size of job updated: 1306084
	1276  -  MemoryUsage of job (MB)
	1306084  -  ResidentSetSize of job (KB)
...
006 (16720545.007.000) 06/26 03:18:13 Image size of job updated: 1306216
	1276  -  MemoryUsage of job (MB)
	1306216  -  ResidentSetSize of job (KB)
...
006 (16720545.007.000) 06/26 03:23:14 Image size of job updated: 1306320
	1276  -  MemoryUsage of job (MB)
	1306320  -  ResidentSetSize of job (KB)
...
006 (16720545.007.000) 06/26 03:28:14 Image size of job updated: 1306444
	1276  -  MemoryUsage of job (MB)
	1306444  -  ResidentSetSize of job (KB)
...
006 (16720545.007.000) 06/26 03:33:15 Image size of job updated: 1306564
	1276  -  MemoryUsage of job (MB)
	1306564  -  ResidentSetSize of job (KB)
...
006 (16720545.007.000) 06/26 03:38:16 Image size of job updated: 1306716
	1277  -  MemoryUsage of job (MB)
	1306716  -  ResidentSetSize of job (KB)
...
006 (16720545.007.000) 06/26 03:43:16 Image size of job updated: 1306840
	1277  -  MemoryUsage of job (MB)
	1306840  -  ResidentSetSize of job (KB)
...
006 (16720545.007.000) 06/26 03:48:17 Image size of job updated: 1306968
	1277  -  MemoryUsage of job (MB)
	1306968  -  ResidentSetSize of job (KB)
...
006 (16720545.007.000) 06/26 03:53:18 Image size of job updated: 1307100
	1277  -  MemoryUsage of job (MB)
	1307100  -  ResidentSetSize of job (KB)
...
006 (16720545.007.000) 06/26 03:58:18 Image size of job updated: 1307232
	1277  -  MemoryUsage of job (MB)
	1307232  -  ResidentSetSize of job (KB)
...
006 (16720545.007.000) 06/26 04:03:19 Image size of job updated: 1307336
	1277  -  MemoryUsage of job (MB)
	1307336  -  ResidentSetSize of job (KB)
...
006 (16720545.007.000) 06/26 04:08:20 Image size of job updated: 1307488
	1277  -  MemoryUsage of job (MB)
	1307488  -  ResidentSetSize of job (KB)
...
006 (16720545.007.000) 06/26 04:13:20 Image size of job updated: 1307608
	1277  -  MemoryUsage of job (MB)
	1307608  -  ResidentSetSize of job (KB)
...
006 (16720545.007.000) 06/26 04:18:21 Image size of job updated: 1307732
	1278  -  MemoryUsage of job (MB)
	1307732  -  ResidentSetSize of job (KB)
...
006 (16720545.007.000) 06/26 04:23:22 Image size of job updated: 1307856
	1278  -  MemoryUsage of job (MB)
	1307856  -  ResidentSetSize of job (KB)
...
006 (16720545.007.000) 06/26 04:28:22 Image size of job updated: 1308004
	1278  -  MemoryUsage of job (MB)
	1308004  -  ResidentSetSize of job (KB)
...
006 (16720545.007.000) 06/26 04:33:22 Image size of job updated: 1308164
	1278  -  MemoryUsage of job (MB)
	1308164  -  ResidentSetSize of job (KB)
...
006 (16720545.007.000) 06/26 04:38:23 Image size of job updated: 1308344
	1278  -  MemoryUsage of job (MB)
	1308344  -  ResidentSetSize of job (KB)
...
006 (16720545.007.000) 06/26 04:43:23 Image size of job updated: 1308416
	1278  -  MemoryUsage of job (MB)
	1308416  -  ResidentSetSize of job (KB)
...
006 (16720545.007.000) 06/26 04:48:23 Image size of job updated: 1308552
	1278  -  MemoryUsage of job (MB)
	1308552  -  ResidentSetSize of job (KB)
...
006 (16720545.007.000) 06/26 04:53:24 Image size of job updated: 1308732
	1279  -  MemoryUsage of job (MB)
	1308732  -  ResidentSetSize of job (KB)
...
006 (16720545.007.000) 06/26 04:58:24 Image size of job updated: 1308872
	1279  -  MemoryUsage of job (MB)
	1308872  -  ResidentSetSize of job (KB)
...
006 (16720545.007.000) 06/26 05:03:24 Image size of job updated: 1309168
	1279  -  MemoryUsage of job (MB)
	1309168  -  ResidentSetSize of job (KB)
...
006 (16720545.007.000) 06/26 05:08:25 Image size of job updated: 1309288
	1279  -  MemoryUsage of job (MB)
	1309288  -  ResidentSetSize of job (KB)
...
006 (16720545.007.000) 06/26 05:13:25 Image size of job updated: 1311512
	1281  -  MemoryUsage of job (MB)
	1311512  -  ResidentSetSize of job (KB)
...
006 (16720545.007.000) 06/26 05:18:25 Image size of job updated: 1311676
	1281  -  MemoryUsage of job (MB)
	1311676  -  ResidentSetSize of job (KB)
...
006 (16720545.007.000) 06/26 05:23:26 Image size of job updated: 1311784
	1282  -  MemoryUsage of job (MB)
	1311784  -  ResidentSetSize of job (KB)
...
006 (16720545.007.000) 06/26 05:28:26 Image size of job updated: 1311988
	1282  -  MemoryUsage of job (MB)
	1311988  -  ResidentSetSize of job (KB)
...
006 (16720545.007.000) 06/26 05:33:26 Image size of job updated: 1312104
	1282  -  MemoryUsage of job (MB)
	1312104  -  ResidentSetSize of job (KB)
...
006 (16720545.007.000) 06/26 05:38:27 Image size of job updated: 1312272
	1282  -  MemoryUsage of job (MB)
	1312272  -  ResidentSetSize of job (KB)
...
006 (16720545.007.000) 06/26 05:43:27 Image size of job updated: 1312448
	1282  -  MemoryUsage of job (MB)
	1312448  -  ResidentSetSize of job (KB)
...
006 (16720545.007.000) 06/26 05:48:27 Image size of job updated: 1312568
	1282  -  MemoryUsage of job (MB)
	1312568  -  ResidentSetSize of job (KB)
...
006 (16720545.007.000) 06/26 05:53:28 Image size of job updated: 1312708
	1282  -  MemoryUsage of job (MB)
	1312708  -  ResidentSetSize of job (KB)
...
006 (16720545.007.000) 06/26 05:58:28 Image size of job updated: 1312864
	1283  -  MemoryUsage of job (MB)
	1312864  -  ResidentSetSize of job (KB)
...
006 (16720545.007.000) 06/26 06:03:28 Image size of job updated: 1313044
	1283  -  MemoryUsage of job (MB)
	1313044  -  ResidentSetSize of job (KB)
...
006 (16720545.007.000) 06/26 06:08:29 Image size of job updated: 1313176
	1283  -  MemoryUsage of job (MB)
	1313176  -  ResidentSetSize of job (KB)
...
006 (16720545.007.000) 06/26 06:13:29 Image size of job updated: 1313312
	1283  -  MemoryUsage of job (MB)
	1313312  -  ResidentSetSize of job (KB)
...
006 (16720545.007.000) 06/26 06:18:29 Image size of job updated: 1313432
	1283  -  MemoryUsage of job (MB)
	1313432  -  ResidentSetSize of job (KB)
...
006 (16720545.007.000) 06/26 06:23:30 Image size of job updated: 1313588
	1283  -  MemoryUsage of job (MB)
	1313588  -  ResidentSetSize of job (KB)
...
006 (16720545.007.000) 06/26 06:28:30 Image size of job updated: 1313720
	1283  -  MemoryUsage of job (MB)
	1313720  -  ResidentSetSize of job (KB)
...
006 (16720545.007.000) 06/26 06:33:30 Image size of job updated: 1314024
	1284  -  MemoryUsage of job (MB)
	1314024  -  ResidentSetSize of job (KB)
...
006 (16720545.007.000) 06/26 06:38:31 Image size of job updated: 1314152
	1284  -  MemoryUsage of job (MB)
	1314152  -  ResidentSetSize of job (KB)
...
006 (16720545.007.000) 06/26 06:43:31 Image size of job updated: 1314288
	1284  -  MemoryUsage of job (MB)
	1314288  -  ResidentSetSize of job (KB)
...
006 (16720545.007.000) 06/26 06:48:31 Image size of job updated: 1314476
	1284  -  MemoryUsage of job (MB)
	1314476  -  ResidentSetSize of job (KB)
...
006 (16720545.007.000) 06/26 06:53:32 Image size of job updated: 1314620
	1284  -  MemoryUsage of job (MB)
	1314620  -  ResidentSetSize of job (KB)
...
006 (16720545.007.000) 06/26 06:58:32 Image size of job updated: 1314788
	1284  -  MemoryUsage of job (MB)
	1314788  -  ResidentSetSize of job (KB)
...
006 (16720545.007.000) 06/26 07:03:32 Image size of job updated: 1314892
	1285  -  MemoryUsage of job (MB)
	1314892  -  ResidentSetSize of job (KB)
...
006 (16720545.007.000) 06/26 07:08:33 Image size of job updated: 1315044
	1285  -  MemoryUsage of job (MB)
	1315044  -  ResidentSetSize of job (KB)
...
006 (16720545.007.000) 06/26 07:13:33 Image size of job updated: 1315204
	1285  -  MemoryUsage of job (MB)
	1315204  -  ResidentSetSize of job (KB)
...
006 (16720545.007.000) 06/26 07:18:33 Image size of job updated: 1315344
	1285  -  MemoryUsage of job (MB)
	1315344  -  ResidentSetSize of job (KB)
...
006 (16720545.007.000) 06/26 07:23:34 Image size of job updated: 1315500
	1285  -  MemoryUsage of job (MB)
	1315500  -  ResidentSetSize of job (KB)
...
006 (16720545.007.000) 06/26 07:28:34 Image size of job updated: 1315624
	1285  -  MemoryUsage of job (MB)
	1315624  -  ResidentSetSize of job (KB)
...
006 (16720545.007.000) 06/26 07:33:34 Image size of job updated: 1315800
	1285  -  MemoryUsage of job (MB)
	1315800  -  ResidentSetSize of job (KB)
...
006 (16720545.007.000) 06/26 07:38:35 Image size of job updated: 1315924
	1286  -  MemoryUsage of job (MB)
	1315924  -  ResidentSetSize of job (KB)
...
006 (16720545.007.000) 06/26 07:43:35 Image size of job updated: 1316112
	1286  -  MemoryUsage of job (MB)
	1316112  -  ResidentSetSize of job (KB)
...
006 (16720545.007.000) 06/26 07:48:35 Image size of job updated: 1316304
	1286  -  MemoryUsage of job (MB)
	1316304  -  ResidentSetSize of job (KB)
...
006 (16720545.007.000) 06/26 07:53:36 Image size of job updated: 1316496
	1286  -  MemoryUsage of job (MB)
	1316496  -  ResidentSetSize of job (KB)
...
006 (16720545.007.000) 06/26 07:58:36 Image size of job updated: 1316820
	1286  -  MemoryUsage of job (MB)
	1316820  -  ResidentSetSize of job (KB)
...
006 (16720545.007.000) 06/26 08:08:37 Image size of job updated: 1316896
	1287  -  MemoryUsage of job (MB)
	1316896  -  ResidentSetSize of job (KB)
...
006 (16720545.007.000) 06/26 08:13:37 Image size of job updated: 1316996
	1287  -  MemoryUsage of job (MB)
	1316996  -  ResidentSetSize of job (KB)
...
006 (16720545.007.000) 06/26 08:18:37 Image size of job updated: 1317160
	1287  -  MemoryUsage of job (MB)
	1317160  -  ResidentSetSize of job (KB)
...
006 (16720545.007.000) 06/26 08:23:38 Image size of job updated: 1317328
	1287  -  MemoryUsage of job (MB)
	1317328  -  ResidentSetSize of job (KB)
...
006 (16720545.007.000) 06/26 08:28:38 Image size of job updated: 1319512
	1289  -  MemoryUsage of job (MB)
	1319512  -  ResidentSetSize of job (KB)
...
006 (16720545.007.000) 06/26 08:33:38 Image size of job updated: 1319624
	1289  -  MemoryUsage of job (MB)
	1319624  -  ResidentSetSize of job (KB)
...
006 (16720545.007.000) 06/26 08:38:39 Image size of job updated: 1319800
	1289  -  MemoryUsage of job (MB)
	1319800  -  ResidentSetSize of job (KB)
...
006 (16720545.007.000) 06/26 08:43:39 Image size of job updated: 1319952
	1290  -  MemoryUsage of job (MB)
	1319952  -  ResidentSetSize of job (KB)
...
006 (16720545.007.000) 06/26 08:48:39 Image size of job updated: 1320872
	1290  -  MemoryUsage of job (MB)
	1320872  -  ResidentSetSize of job (KB)
...
006 (16720545.007.000) 06/26 08:53:40 Image size of job updated: 1321020
	1291  -  MemoryUsage of job (MB)
	1321020  -  ResidentSetSize of job (KB)
...
006 (16720545.007.000) 06/26 08:58:41 Image size of job updated: 1321124
	1291  -  MemoryUsage of job (MB)
	1321124  -  ResidentSetSize of job (KB)
...
006 (16720545.007.000) 06/26 09:03:41 Image size of job updated: 1321228
	1291  -  MemoryUsage of job (MB)
	1321228  -  ResidentSetSize of job (KB)
...
006 (16720545.007.000) 06/26 09:08:42 Image size of job updated: 1321440
	1291  -  MemoryUsage of job (MB)
	1321440  -  ResidentSetSize of job (KB)
...
006 (16720545.007.000) 06/26 09:13:43 Image size of job updated: 1321596
	1291  -  MemoryUsage of job (MB)
	1321596  -  ResidentSetSize of job (KB)
...
006 (16720545.007.000) 06/26 09:18:43 Image size of job updated: 1321744
	1291  -  MemoryUsage of job (MB)
	1321744  -  ResidentSetSize of job (KB)
...
006 (16720545.007.000) 06/26 09:23:44 Image size of job updated: 1321964
	1291  -  MemoryUsage of job (MB)
	1321964  -  ResidentSetSize of job (KB)
...
006 (16720545.007.000) 06/26 09:28:45 Image size of job updated: 1322352
	1292  -  MemoryUsage of job (MB)
	1322352  -  ResidentSetSize of job (KB)
...
006 (16720545.007.000) 06/26 09:33:45 Image size of job updated: 1322576
	1292  -  MemoryUsage of job (MB)
	1322576  -  ResidentSetSize of job (KB)
...
006 (16720545.007.000) 06/26 09:38:46 Image size of job updated: 1322676
	1292  -  MemoryUsage of job (MB)
	1322676  -  ResidentSetSize of job (KB)
...
006 (16720545.007.000) 06/26 09:43:47 Image size of job updated: 1322772
	1292  -  MemoryUsage of job (MB)
	1322772  -  ResidentSetSize of job (KB)
...
006 (16720545.007.000) 06/26 09:48:47 Image size of job updated: 1323504
	1293  -  MemoryUsage of job (MB)
	1323504  -  ResidentSetSize of job (KB)
...
006 (16720545.007.000) 06/26 09:53:48 Image size of job updated: 1323652
	1293  -  MemoryUsage of job (MB)
	1323652  -  ResidentSetSize of job (KB)
...
006 (16720545.007.000) 06/26 09:58:49 Image size of job updated: 1323820
	1293  -  MemoryUsage of job (MB)
	1323820  -  ResidentSetSize of job (KB)
...
006 (16720545.007.000) 06/26 10:03:49 Image size of job updated: 1323944
	1293  -  MemoryUsage of job (MB)
	1323944  -  ResidentSetSize of job (KB)
...
006 (16720545.007.000) 06/26 10:08:50 Image size of job updated: 1324056
	1294  -  MemoryUsage of job (MB)
	1324056  -  ResidentSetSize of job (KB)
...
006 (16720545.007.000) 06/26 10:13:51 Image size of job updated: 1324272
	1294  -  MemoryUsage of job (MB)
	1324272  -  ResidentSetSize of job (KB)
...
006 (16720545.007.000) 06/26 10:18:51 Image size of job updated: 1324848
	1294  -  MemoryUsage of job (MB)
	1324848  -  ResidentSetSize of job (KB)
...
006 (16720545.007.000) 06/26 10:23:52 Image size of job updated: 1324988
	1294  -  MemoryUsage of job (MB)
	1324988  -  ResidentSetSize of job (KB)
...
006 (16720545.007.000) 06/26 10:28:53 Image size of job updated: 1325272
	1295  -  MemoryUsage of job (MB)
	1325272  -  ResidentSetSize of job (KB)
...
006 (16720545.007.000) 06/26 10:33:53 Image size of job updated: 1325436
	1295  -  MemoryUsage of job (MB)
	1325436  -  ResidentSetSize of job (KB)
...
006 (16720545.007.000) 06/26 10:38:54 Image size of job updated: 1325648
	1295  -  MemoryUsage of job (MB)
	1325648  -  ResidentSetSize of job (KB)
...
006 (16720545.007.000) 06/26 10:43:55 Image size of job updated: 1325956
	1295  -  MemoryUsage of job (MB)
	1325956  -  ResidentSetSize of job (KB)
...
006 (16720545.007.000) 06/26 10:48:55 Image size of job updated: 1326100
	1296  -  MemoryUsage of job (MB)
	1326100  -  ResidentSetSize of job (KB)
...
006 (16720545.007.000) 06/26 10:53:56 Image size of job updated: 1326456
	1296  -  MemoryUsage of job (MB)
	1326456  -  ResidentSetSize of job (KB)
...
006 (16720545.007.000) 06/26 10:58:57 Image size of job updated: 1326820
	1296  -  MemoryUsage of job (MB)
	1326820  -  ResidentSetSize of job (KB)
...
006 (16720545.007.000) 06/26 11:03:57 Image size of job updated: 1331028
	1300  -  MemoryUsage of job (MB)
	1331028  -  ResidentSetSize of job (KB)
...
006 (16720545.007.000) 06/26 11:08:58 Image size of job updated: 1333284
	1303  -  MemoryUsage of job (MB)
	1333284  -  ResidentSetSize of job (KB)
...
006 (16720545.007.000) 06/26 11:18:59 Image size of job updated: 1333516
	1303  -  MemoryUsage of job (MB)
	1333516  -  ResidentSetSize of job (KB)
...
006 (16720545.007.000) 06/26 11:24:00 Image size of job updated: 1333836
	1303  -  MemoryUsage of job (MB)
	1333836  -  ResidentSetSize of job (KB)
...
006 (16720545.007.000) 06/26 11:34:01 Image size of job updated: 1333896
	1303  -  MemoryUsage of job (MB)
	1333896  -  ResidentSetSize of job (KB)
...
006 (16720545.007.000) 06/26 11:39:02 Image size of job updated: 1334224
	1303  -  MemoryUsage of job (MB)
	1334224  -  ResidentSetSize of job (KB)
...
006 (16720545.007.000) 06/26 11:44:03 Image size of job updated: 1334332
	1304  -  MemoryUsage of job (MB)
	1334332  -  ResidentSetSize of job (KB)
...
006 (16720545.007.000) 06/26 11:49:03 Image size of job updated: 1334428
	1304  -  MemoryUsage of job (MB)
	1334428  -  ResidentSetSize of job (KB)
...
006 (16720545.007.000) 06/26 11:54:04 Image size of job updated: 1334832
	1304  -  MemoryUsage of job (MB)
	1334832  -  ResidentSetSize of job (KB)
...
006 (16720545.007.000) 06/26 11:59:05 Image size of job updated: 1335060
	1304  -  MemoryUsage of job (MB)
	1335060  -  ResidentSetSize of job (KB)
...
006 (16720545.007.000) 06/26 12:04:05 Image size of job updated: 1335188
	1304  -  MemoryUsage of job (MB)
	1335188  -  ResidentSetSize of job (KB)
...
006 (16720545.007.000) 06/26 12:09:06 Image size of job updated: 1335316
	1305  -  MemoryUsage of job (MB)
	1335316  -  ResidentSetSize of job (KB)
...
006 (16720545.007.000) 06/26 12:14:07 Image size of job updated: 1335768
	1305  -  MemoryUsage of job (MB)
	1335768  -  ResidentSetSize of job (KB)
...
006 (16720545.007.000) 06/26 12:19:07 Image size of job updated: 1336068
	1305  -  MemoryUsage of job (MB)
	1336068  -  ResidentSetSize of job (KB)
...
006 (16720545.007.000) 06/26 12:24:08 Image size of job updated: 1336552
	1306  -  MemoryUsage of job (MB)
	1336552  -  ResidentSetSize of job (KB)
...
006 (16720545.007.000) 06/26 12:29:09 Image size of job updated: 1336880
	1306  -  MemoryUsage of job (MB)
	1336880  -  ResidentSetSize of job (KB)
...
006 (16720545.007.000) 06/26 12:34:09 Image size of job updated: 1337080
	1306  -  MemoryUsage of job (MB)
	1337080  -  ResidentSetSize of job (KB)
...
006 (16720545.007.000) 06/26 12:39:10 Image size of job updated: 1337236
	1306  -  MemoryUsage of job (MB)
	1337236  -  ResidentSetSize of job (KB)
...
006 (16720545.007.000) 06/26 12:44:11 Image size of job updated: 1337656
	1307  -  MemoryUsage of job (MB)
	1337656  -  ResidentSetSize of job (KB)
...
006 (16720545.007.000) 06/26 12:49:11 Image size of job updated: 1337920
	1307  -  MemoryUsage of job (MB)
	1337920  -  ResidentSetSize of job (KB)
...
006 (16720545.007.000) 06/26 12:54:12 Image size of job updated: 1338560
	1308  -  MemoryUsage of job (MB)
	1338560  -  ResidentSetSize of job (KB)
...
006 (16720545.007.000) 06/26 12:59:13 Image size of job updated: 1338704
	1308  -  MemoryUsage of job (MB)
	1338704  -  ResidentSetSize of job (KB)
...
006 (16720545.007.000) 06/26 13:04:13 Image size of job updated: 1338868
	1308  -  MemoryUsage of job (MB)
	1338868  -  ResidentSetSize of job (KB)
...
006 (16720545.007.000) 06/26 13:09:14 Image size of job updated: 1339384
	1308  -  MemoryUsage of job (MB)
	1339384  -  ResidentSetSize of job (KB)
...
006 (16720545.007.000) 06/26 13:14:15 Image size of job updated: 1339588
	1309  -  MemoryUsage of job (MB)
	1339588  -  ResidentSetSize of job (KB)
...
006 (16720545.007.000) 06/26 13:19:15 Image size of job updated: 1340020
	1309  -  MemoryUsage of job (MB)
	1340020  -  ResidentSetSize of job (KB)
...
006 (16720545.007.000) 06/26 13:24:16 Image size of job updated: 1340224
	1309  -  MemoryUsage of job (MB)
	1340224  -  ResidentSetSize of job (KB)
...
006 (16720545.007.000) 06/26 13:29:17 Image size of job updated: 1340612
	1310  -  MemoryUsage of job (MB)
	1340612  -  ResidentSetSize of job (KB)
...
006 (16720545.007.000) 06/26 13:34:17 Image size of job updated: 1341160
	1310  -  MemoryUsage of job (MB)
	1341160  -  ResidentSetSize of job (KB)
...
006 (16720545.007.000) 06/26 13:37:18 Image size of job updated: 1341344
	1310  -  MemoryUsage of job (MB)
	1341160  -  ResidentSetSize of job (KB)
...
040 (16720545.007.000) 06/26 13:37:18 Started transferring output files
...
040 (16720545.007.000) 06/26 13:37:18 Finished transferring output files
...
009 (16720545.007.000) 06/26 13:37:19 Job was aborted.
	Job removed by SYSTEM_PERIODIC_REMOVE due to wall time exceeded allowed max.
...
