000 (17004348.007.000) 06/29 05:41:06 Job submitted from host: <188.185.114.121:9618?addrs=188.185.114.121-9618+[2001-1458-d00-a--100-273]-9618&alias=bigbird19.cern.ch&noUDP&sock=schedd_5103_cfe0>
...
040 (17004348.007.000) 06/29 10:28:44 Started transferring input files
	Transferring to host: <188.185.93.206:9618?addrs=188.185.93.206-9618+[2001-1458-d00-6c--100-374]-9618&alias=b9g57n0002.cern.ch&noUDP&sock=slot1_1_8915_2c84_140697>
...
040 (17004348.007.000) 06/29 10:28:44 Finished transferring input files
...
001 (17004348.007.000) 06/29 10:28:45 Job executing on host: <188.185.93.206:9618?addrs=188.185.93.206-9618+[2001-1458-d00-6c--100-374]-9618&alias=b9g57n0002.cern.ch&noUDP&sock=startd_8870_a923>
	SlotName: slot1_1@b9g57n0002.cern.ch
	AvailableGPUs = { GPUs_GPU_4ca02207 }
	CondorScratchDir = "/pool/condor/dir_2679275"
	Cpus = 3
	Disk = 8389482
	GPUs = 1
	GPUs_GPU_4ca02207 = [ Id = "GPU-4ca02207"; ClockMhz = 1410.0; Capability = 8.0; CoresPerCU = 64; DeviceName = "NVIDIA A100-PCIE-40GB"; DeviceUuid = "4ca02207-8182-9204-3632-c61ce0e64416"; ECCEnabled = true; ComputeUnits = 108; DriverVersion = 13.0; DevicePciBusId = "0000:06:00.0"; GlobalMemoryMb = 40441; MaxSupportedVersion = 13000 ]
	Memory = 9000
...
006 (17004348.007.000) 06/29 10:28:58 Image size of job updated: 221316
	217  -  MemoryUsage of job (MB)
	221316  -  ResidentSetSize of job (KB)
...
006 (17004348.007.000) 06/29 10:33:58 Image size of job updated: 450248
	440  -  MemoryUsage of job (MB)
	450248  -  ResidentSetSize of job (KB)
...
006 (17004348.007.000) 06/29 10:38:59 Image size of job updated: 457948
	448  -  MemoryUsage of job (MB)
	457948  -  ResidentSetSize of job (KB)
...
006 (17004348.007.000) 06/29 10:44:00 Image size of job updated: 466220
	456  -  MemoryUsage of job (MB)
	466220  -  ResidentSetSize of job (KB)
...
006 (17004348.007.000) 06/29 10:49:00 Image size of job updated: 473976
	463  -  MemoryUsage of job (MB)
	473976  -  ResidentSetSize of job (KB)
...
006 (17004348.007.000) 06/29 10:54:01 Image size of job updated: 479204
	468  -  MemoryUsage of job (MB)
	479204  -  ResidentSetSize of job (KB)
...
006 (17004348.007.000) 06/29 10:59:02 Image size of job updated: 482896
	472  -  MemoryUsage of job (MB)
	482896  -  ResidentSetSize of job (KB)
...
006 (17004348.007.000) 06/29 11:04:02 Image size of job updated: 491896
	481  -  MemoryUsage of job (MB)
	491896  -  ResidentSetSize of job (KB)
...
006 (17004348.007.000) 06/29 11:09:02 Image size of job updated: 500484
	489  -  MemoryUsage of job (MB)
	500484  -  ResidentSetSize of job (KB)
...
006 (17004348.007.000) 06/29 11:14:03 Image size of job updated: 507936
	497  -  MemoryUsage of job (MB)
	507936  -  ResidentSetSize of job (KB)
...
006 (17004348.007.000) 06/29 11:19:03 Image size of job updated: 517096
	505  -  MemoryUsage of job (MB)
	517096  -  ResidentSetSize of job (KB)
...
006 (17004348.007.000) 06/29 11:24:03 Image size of job updated: 521452
	510  -  MemoryUsage of job (MB)
	521452  -  ResidentSetSize of job (KB)
...
006 (17004348.007.000) 06/29 11:29:04 Image size of job updated: 527804
	516  -  MemoryUsage of job (MB)
	527804  -  ResidentSetSize of job (KB)
...
006 (17004348.007.000) 06/29 11:34:04 Image size of job updated: 533088
	521  -  MemoryUsage of job (MB)
	533088  -  ResidentSetSize of job (KB)
...
006 (17004348.007.000) 06/29 11:39:04 Image size of job updated: 537148
	525  -  MemoryUsage of job (MB)
	537148  -  ResidentSetSize of job (KB)
...
006 (17004348.007.000) 06/29 11:44:05 Image size of job updated: 541740
	530  -  MemoryUsage of job (MB)
	541740  -  ResidentSetSize of job (KB)
...
006 (17004348.007.000) 06/29 11:49:06 Image size of job updated: 550520
	538  -  MemoryUsage of job (MB)
	550520  -  ResidentSetSize of job (KB)
...
006 (17004348.007.000) 06/29 11:54:06 Image size of job updated: 559068
	546  -  MemoryUsage of job (MB)
	559068  -  ResidentSetSize of job (KB)
...
006 (17004348.007.000) 06/29 11:59:06 Image size of job updated: 566144
	553  -  MemoryUsage of job (MB)
	566144  -  ResidentSetSize of job (KB)
...
006 (17004348.007.000) 06/29 12:04:07 Image size of job updated: 572664
	553  -  MemoryUsage of job (MB)
	566144  -  ResidentSetSize of job (KB)
...
006 (17004348.007.000) 06/29 12:14:07 Image size of job updated: 644372
	630  -  MemoryUsage of job (MB)
	644372  -  ResidentSetSize of job (KB)
...
006 (17004348.007.000) 06/29 12:19:08 Image size of job updated: 647964
	633  -  MemoryUsage of job (MB)
	647964  -  ResidentSetSize of job (KB)
...
006 (17004348.007.000) 06/29 12:24:08 Image size of job updated: 648096
	633  -  MemoryUsage of job (MB)
	648096  -  ResidentSetSize of job (KB)
...
006 (17004348.007.000) 06/29 12:29:08 Image size of job updated: 1231424
	1203  -  MemoryUsage of job (MB)
	1231424  -  ResidentSetSize of job (KB)
...
006 (17004348.007.000) 06/29 12:34:09 Image size of job updated: 1231740
	1203  -  MemoryUsage of job (MB)
	1231740  -  ResidentSetSize of job (KB)
...
006 (17004348.007.000) 06/29 12:39:10 Image size of job updated: 1232004
	1204  -  MemoryUsage of job (MB)
	1232004  -  ResidentSetSize of job (KB)
...
006 (17004348.007.000) 06/29 12:44:10 Image size of job updated: 1232200
	1204  -  MemoryUsage of job (MB)
	1232200  -  ResidentSetSize of job (KB)
...
006 (17004348.007.000) 06/29 12:49:11 Image size of job updated: 1232360
	1204  -  MemoryUsage of job (MB)
	1232360  -  ResidentSetSize of job (KB)
...
006 (17004348.007.000) 06/29 12:54:12 Image size of job updated: 1306244
	1276  -  MemoryUsage of job (MB)
	1306244  -  ResidentSetSize of job (KB)
...
006 (17004348.007.000) 06/29 12:59:12 Image size of job updated: 1390360
	1358  -  MemoryUsage of job (MB)
	1390360  -  ResidentSetSize of job (KB)
...
006 (17004348.007.000) 06/29 13:04:13 Image size of job updated: 1390404
	1358  -  MemoryUsage of job (MB)
	1390404  -  ResidentSetSize of job (KB)
...
006 (17004348.007.000) 06/29 13:09:14 Image size of job updated: 1390812
	1359  -  MemoryUsage of job (MB)
	1390812  -  ResidentSetSize of job (KB)
...
006 (17004348.007.000) 06/29 13:14:14 Image size of job updated: 1390816
	1359  -  MemoryUsage of job (MB)
	1390816  -  ResidentSetSize of job (KB)
...
006 (17004348.007.000) 06/29 13:19:14 Image size of job updated: 1391080
	1359  -  MemoryUsage of job (MB)
	1391080  -  ResidentSetSize of job (KB)
...
006 (17004348.007.000) 06/29 13:24:15 Image size of job updated: 1391192
	1359  -  MemoryUsage of job (MB)
	1391192  -  ResidentSetSize of job (KB)
...
006 (17004348.007.000) 06/29 13:29:15 Image size of job updated: 1391352
	1359  -  MemoryUsage of job (MB)
	1391352  -  ResidentSetSize of job (KB)
...
006 (17004348.007.000) 06/29 13:34:15 Image size of job updated: 1391520
	1359  -  MemoryUsage of job (MB)
	1391520  -  ResidentSetSize of job (KB)
...
006 (17004348.007.000) 06/29 13:39:16 Image size of job updated: 1391668
	1360  -  MemoryUsage of job (MB)
	1391668  -  ResidentSetSize of job (KB)
...
006 (17004348.007.000) 06/29 13:44:17 Image size of job updated: 1391832
	1360  -  MemoryUsage of job (MB)
	1391832  -  ResidentSetSize of job (KB)
...
006 (17004348.007.000) 06/29 13:49:17 Image size of job updated: 1391968
	1360  -  MemoryUsage of job (MB)
	1391968  -  ResidentSetSize of job (KB)
...
006 (17004348.007.000) 06/29 13:54:18 Image size of job updated: 1392160
	1360  -  MemoryUsage of job (MB)
	1392160  -  ResidentSetSize of job (KB)
...
006 (17004348.007.000) 06/29 13:59:19 Image size of job updated: 1392880
	1361  -  MemoryUsage of job (MB)
	1392880  -  ResidentSetSize of job (KB)
...
006 (17004348.007.000) 06/29 14:04:19 Image size of job updated: 1393656
	1361  -  MemoryUsage of job (MB)
	1393656  -  ResidentSetSize of job (KB)
...
006 (17004348.007.000) 06/29 14:29:21 Image size of job updated: 1393768
	1362  -  MemoryUsage of job (MB)
	1393768  -  ResidentSetSize of job (KB)
...
006 (17004348.007.000) 06/29 14:34:22 Image size of job updated: 1393992
	1362  -  MemoryUsage of job (MB)
	1393992  -  ResidentSetSize of job (KB)
...
006 (17004348.007.000) 06/29 14:39:22 Image size of job updated: 1394164
	1362  -  MemoryUsage of job (MB)
	1394164  -  ResidentSetSize of job (KB)
...
006 (17004348.007.000) 06/29 14:44:23 Image size of job updated: 1394272
	1362  -  MemoryUsage of job (MB)
	1394272  -  ResidentSetSize of job (KB)
...
006 (17004348.007.000) 06/29 14:49:24 Image size of job updated: 1394364
	1362  -  MemoryUsage of job (MB)
	1394364  -  ResidentSetSize of job (KB)
...
006 (17004348.007.000) 06/29 14:54:24 Image size of job updated: 1394540
	1362  -  MemoryUsage of job (MB)
	1394540  -  ResidentSetSize of job (KB)
...
006 (17004348.007.000) 06/29 14:59:24 Image size of job updated: 1394680
	1362  -  MemoryUsage of job (MB)
	1394680  -  ResidentSetSize of job (KB)
...
006 (17004348.007.000) 06/29 15:04:25 Image size of job updated: 1394800
	1363  -  MemoryUsage of job (MB)
	1394800  -  ResidentSetSize of job (KB)
...
006 (17004348.007.000) 06/29 15:09:25 Image size of job updated: 1394940
	1363  -  MemoryUsage of job (MB)
	1394940  -  ResidentSetSize of job (KB)
...
006 (17004348.007.000) 06/29 15:14:25 Image size of job updated: 1395096
	1363  -  MemoryUsage of job (MB)
	1395096  -  ResidentSetSize of job (KB)
...
006 (17004348.007.000) 06/29 15:19:26 Image size of job updated: 1395240
	1363  -  MemoryUsage of job (MB)
	1395240  -  ResidentSetSize of job (KB)
...
006 (17004348.007.000) 06/29 15:24:27 Image size of job updated: 1395352
	1363  -  MemoryUsage of job (MB)
	1395352  -  ResidentSetSize of job (KB)
...
006 (17004348.007.000) 06/29 15:29:27 Image size of job updated: 1395496
	1363  -  MemoryUsage of job (MB)
	1395496  -  ResidentSetSize of job (KB)
...
006 (17004348.007.000) 06/29 15:34:28 Image size of job updated: 1395636
	1363  -  MemoryUsage of job (MB)
	1395636  -  ResidentSetSize of job (KB)
...
006 (17004348.007.000) 06/29 15:39:29 Image size of job updated: 1395792
	1364  -  MemoryUsage of job (MB)
	1395792  -  ResidentSetSize of job (KB)
...
006 (17004348.007.000) 06/29 15:44:29 Image size of job updated: 1395960
	1364  -  MemoryUsage of job (MB)
	1395960  -  ResidentSetSize of job (KB)
...
006 (17004348.007.000) 06/29 15:49:29 Image size of job updated: 1396112
	1364  -  MemoryUsage of job (MB)
	1396112  -  ResidentSetSize of job (KB)
...
006 (17004348.007.000) 06/29 15:54:30 Image size of job updated: 1396228
	1364  -  MemoryUsage of job (MB)
	1396228  -  ResidentSetSize of job (KB)
...
006 (17004348.007.000) 06/29 15:59:30 Image size of job updated: 1396404
	1364  -  MemoryUsage of job (MB)
	1396404  -  ResidentSetSize of job (KB)
...
006 (17004348.007.000) 06/29 16:04:30 Image size of job updated: 1396548
	1364  -  MemoryUsage of job (MB)
	1396548  -  ResidentSetSize of job (KB)
...
006 (17004348.007.000) 06/29 16:09:31 Image size of job updated: 1396776
	1365  -  MemoryUsage of job (MB)
	1396776  -  ResidentSetSize of job (KB)
...
006 (17004348.007.000) 06/29 16:14:31 Image size of job updated: 1396956
	1365  -  MemoryUsage of job (MB)
	1396956  -  ResidentSetSize of job (KB)
...
006 (17004348.007.000) 06/29 16:19:31 Image size of job updated: 1397344
	1365  -  MemoryUsage of job (MB)
	1397344  -  ResidentSetSize of job (KB)
...
006 (17004348.007.000) 06/29 16:24:32 Image size of job updated: 1397488
	1365  -  MemoryUsage of job (MB)
	1397488  -  ResidentSetSize of job (KB)
...
006 (17004348.007.000) 06/29 16:29:32 Image size of job updated: 1397652
	1365  -  MemoryUsage of job (MB)
	1397652  -  ResidentSetSize of job (KB)
...
006 (17004348.007.000) 06/29 16:34:32 Image size of job updated: 1397792
	1366  -  MemoryUsage of job (MB)
	1397792  -  ResidentSetSize of job (KB)
...
006 (17004348.007.000) 06/29 16:39:33 Image size of job updated: 1397948
	1366  -  MemoryUsage of job (MB)
	1397948  -  ResidentSetSize of job (KB)
...
006 (17004348.007.000) 06/29 16:44:34 Image size of job updated: 1398096
	1366  -  MemoryUsage of job (MB)
	1398096  -  ResidentSetSize of job (KB)
...
006 (17004348.007.000) 06/29 16:49:34 Image size of job updated: 1398256
	1366  -  MemoryUsage of job (MB)
	1398256  -  ResidentSetSize of job (KB)
...
006 (17004348.007.000) 06/29 16:54:35 Image size of job updated: 1398392
	1366  -  MemoryUsage of job (MB)
	1398392  -  ResidentSetSize of job (KB)
...
006 (17004348.007.000) 06/29 16:59:35 Image size of job updated: 1398576
	1366  -  MemoryUsage of job (MB)
	1398576  -  ResidentSetSize of job (KB)
...
006 (17004348.007.000) 06/29 17:04:35 Image size of job updated: 1398724
	1366  -  MemoryUsage of job (MB)
	1398724  -  ResidentSetSize of job (KB)
...
006 (17004348.007.000) 06/29 17:09:36 Image size of job updated: 1398868
	1367  -  MemoryUsage of job (MB)
	1398868  -  ResidentSetSize of job (KB)
...
006 (17004348.007.000) 06/29 17:14:36 Image size of job updated: 1399048
	1367  -  MemoryUsage of job (MB)
	1399048  -  ResidentSetSize of job (KB)
...
006 (17004348.007.000) 06/29 17:19:36 Image size of job updated: 1399220
	1367  -  MemoryUsage of job (MB)
	1399220  -  ResidentSetSize of job (KB)
...
006 (17004348.007.000) 06/29 17:24:37 Image size of job updated: 1399348
	1367  -  MemoryUsage of job (MB)
	1399348  -  ResidentSetSize of job (KB)
...
006 (17004348.007.000) 06/29 17:29:38 Image size of job updated: 1399520
	1367  -  MemoryUsage of job (MB)
	1399520  -  ResidentSetSize of job (KB)
...
006 (17004348.007.000) 06/29 17:34:38 Image size of job updated: 1399672
	1367  -  MemoryUsage of job (MB)
	1399672  -  ResidentSetSize of job (KB)
...
006 (17004348.007.000) 06/29 17:39:39 Image size of job updated: 1399832
	1368  -  MemoryUsage of job (MB)
	1399832  -  ResidentSetSize of job (KB)
...
006 (17004348.007.000) 06/29 17:44:40 Image size of job updated: 1399976
	1368  -  MemoryUsage of job (MB)
	1399976  -  ResidentSetSize of job (KB)
...
006 (17004348.007.000) 06/29 17:49:40 Image size of job updated: 1400112
	1368  -  MemoryUsage of job (MB)
	1400112  -  ResidentSetSize of job (KB)
...
006 (17004348.007.000) 06/29 17:54:40 Image size of job updated: 1400252
	1368  -  MemoryUsage of job (MB)
	1400252  -  ResidentSetSize of job (KB)
...
006 (17004348.007.000) 06/29 17:59:41 Image size of job updated: 1400416
	1368  -  MemoryUsage of job (MB)
	1400416  -  ResidentSetSize of job (KB)
...
006 (17004348.007.000) 06/29 18:04:41 Image size of job updated: 1400528
	1368  -  MemoryUsage of job (MB)
	1400528  -  ResidentSetSize of job (KB)
...
006 (17004348.007.000) 06/29 18:09:41 Image size of job updated: 1400668
	1368  -  MemoryUsage of job (MB)
	1400668  -  ResidentSetSize of job (KB)
...
006 (17004348.007.000) 06/29 18:14:42 Image size of job updated: 1400820
	1368  -  MemoryUsage of job (MB)
	1400820  -  ResidentSetSize of job (KB)
...
006 (17004348.007.000) 06/29 18:19:43 Image size of job updated: 1403000
	1371  -  MemoryUsage of job (MB)
	1403000  -  ResidentSetSize of job (KB)
...
006 (17004348.007.000) 06/29 18:24:43 Image size of job updated: 1403128
	1371  -  MemoryUsage of job (MB)
	1403128  -  ResidentSetSize of job (KB)
...
006 (17004348.007.000) 06/29 18:29:44 Image size of job updated: 1403264
	1371  -  MemoryUsage of job (MB)
	1403264  -  ResidentSetSize of job (KB)
...
006 (17004348.007.000) 06/29 18:34:45 Image size of job updated: 1403416
	1371  -  MemoryUsage of job (MB)
	1403416  -  ResidentSetSize of job (KB)
...
006 (17004348.007.000) 06/29 18:39:45 Image size of job updated: 1403592
	1371  -  MemoryUsage of job (MB)
	1403592  -  ResidentSetSize of job (KB)
...
006 (17004348.007.000) 06/29 18:44:45 Image size of job updated: 1403764
	1371  -  MemoryUsage of job (MB)
	1403764  -  ResidentSetSize of job (KB)
...
006 (17004348.007.000) 06/29 18:49:46 Image size of job updated: 1403936
	1372  -  MemoryUsage of job (MB)
	1403936  -  ResidentSetSize of job (KB)
...
006 (17004348.007.000) 06/29 18:54:46 Image size of job updated: 1404208
	1372  -  MemoryUsage of job (MB)
	1404208  -  ResidentSetSize of job (KB)
...
006 (17004348.007.000) 06/29 18:59:47 Image size of job updated: 1404348
	1372  -  MemoryUsage of job (MB)
	1404348  -  ResidentSetSize of job (KB)
...
006 (17004348.007.000) 06/29 19:04:48 Image size of job updated: 1404484
	1372  -  MemoryUsage of job (MB)
	1404484  -  ResidentSetSize of job (KB)
...
006 (17004348.007.000) 06/29 19:09:48 Image size of job updated: 1404596
	1372  -  MemoryUsage of job (MB)
	1404596  -  ResidentSetSize of job (KB)
...
006 (17004348.007.000) 06/29 19:14:48 Image size of job updated: 1404732
	1372  -  MemoryUsage of job (MB)
	1404732  -  ResidentSetSize of job (KB)
...
006 (17004348.007.000) 06/29 19:19:49 Image size of job updated: 1404840
	1372  -  MemoryUsage of job (MB)
	1404840  -  ResidentSetSize of job (KB)
...
006 (17004348.007.000) 06/29 19:24:49 Image size of job updated: 1405000
	1373  -  MemoryUsage of job (MB)
	1405000  -  ResidentSetSize of job (KB)
...
006 (17004348.007.000) 06/29 19:29:49 Image size of job updated: 1405164
	1373  -  MemoryUsage of job (MB)
	1405164  -  ResidentSetSize of job (KB)
...
006 (17004348.007.000) 06/29 19:34:50 Image size of job updated: 1405316
	1373  -  MemoryUsage of job (MB)
	1405316  -  ResidentSetSize of job (KB)
...
006 (17004348.007.000) 06/29 19:39:50 Image size of job updated: 1405472
	1373  -  MemoryUsage of job (MB)
	1405472  -  ResidentSetSize of job (KB)
...
006 (17004348.007.000) 06/29 19:44:50 Image size of job updated: 1405664
	1373  -  MemoryUsage of job (MB)
	1405664  -  ResidentSetSize of job (KB)
...
006 (17004348.007.000) 06/29 19:49:51 Image size of job updated: 1405796
	1373  -  MemoryUsage of job (MB)
	1405796  -  ResidentSetSize of job (KB)
...
006 (17004348.007.000) 06/29 19:54:52 Image size of job updated: 1405972
	1374  -  MemoryUsage of job (MB)
	1405972  -  ResidentSetSize of job (KB)
...
006 (17004348.007.000) 06/29 19:59:52 Image size of job updated: 1407048
	1375  -  MemoryUsage of job (MB)
	1407048  -  ResidentSetSize of job (KB)
...
006 (17004348.007.000) 06/29 20:04:53 Image size of job updated: 1407208
	1375  -  MemoryUsage of job (MB)
	1407208  -  ResidentSetSize of job (KB)
...
006 (17004348.007.000) 06/29 20:09:54 Image size of job updated: 1407392
	1375  -  MemoryUsage of job (MB)
	1407392  -  ResidentSetSize of job (KB)
...
006 (17004348.007.000) 06/29 20:14:54 Image size of job updated: 1407528
	1375  -  MemoryUsage of job (MB)
	1407528  -  ResidentSetSize of job (KB)
...
006 (17004348.007.000) 06/29 20:19:54 Image size of job updated: 1407724
	1375  -  MemoryUsage of job (MB)
	1407724  -  ResidentSetSize of job (KB)
...
006 (17004348.007.000) 06/29 20:24:55 Image size of job updated: 1407892
	1375  -  MemoryUsage of job (MB)
	1407892  -  ResidentSetSize of job (KB)
...
006 (17004348.007.000) 06/29 20:29:55 Image size of job updated: 1408092
	1376  -  MemoryUsage of job (MB)
	1408092  -  ResidentSetSize of job (KB)
...
006 (17004348.007.000) 06/29 20:34:55 Image size of job updated: 1408276
	1376  -  MemoryUsage of job (MB)
	1408276  -  ResidentSetSize of job (KB)
...
006 (17004348.007.000) 06/29 20:39:56 Image size of job updated: 1408436
	1376  -  MemoryUsage of job (MB)
	1408436  -  ResidentSetSize of job (KB)
...
006 (17004348.007.000) 06/29 20:44:56 Image size of job updated: 1408572
	1376  -  MemoryUsage of job (MB)
	1408572  -  ResidentSetSize of job (KB)
...
006 (17004348.007.000) 06/29 20:49:56 Image size of job updated: 1408732
	1376  -  MemoryUsage of job (MB)
	1408732  -  ResidentSetSize of job (KB)
...
006 (17004348.007.000) 06/29 20:54:57 Image size of job updated: 1408888
	1376  -  MemoryUsage of job (MB)
	1408888  -  ResidentSetSize of job (KB)
...
006 (17004348.007.000) 06/29 20:59:58 Image size of job updated: 1409032
	1377  -  MemoryUsage of job (MB)
	1409032  -  ResidentSetSize of job (KB)
...
006 (17004348.007.000) 06/29 21:04:58 Image size of job updated: 1409172
	1377  -  MemoryUsage of job (MB)
	1409172  -  ResidentSetSize of job (KB)
...
006 (17004348.007.000) 06/29 21:09:59 Image size of job updated: 1409304
	1377  -  MemoryUsage of job (MB)
	1409304  -  ResidentSetSize of job (KB)
...
006 (17004348.007.000) 06/29 21:15:00 Image size of job updated: 1409464
	1377  -  MemoryUsage of job (MB)
	1409464  -  ResidentSetSize of job (KB)
...
006 (17004348.007.000) 06/29 21:20:00 Image size of job updated: 1409616
	1377  -  MemoryUsage of job (MB)
	1409616  -  ResidentSetSize of job (KB)
...
006 (17004348.007.000) 06/29 21:25:00 Image size of job updated: 1409756
	1377  -  MemoryUsage of job (MB)
	1409756  -  ResidentSetSize of job (KB)
...
006 (17004348.007.000) 06/29 21:30:01 Image size of job updated: 1409892
	1377  -  MemoryUsage of job (MB)
	1409892  -  ResidentSetSize of job (KB)
...
006 (17004348.007.000) 06/29 21:35:01 Image size of job updated: 1410056
	1378  -  MemoryUsage of job (MB)
	1410056  -  ResidentSetSize of job (KB)
...
006 (17004348.007.000) 06/29 21:40:01 Image size of job updated: 1410172
	1378  -  MemoryUsage of job (MB)
	1410172  -  ResidentSetSize of job (KB)
...
006 (17004348.007.000) 06/29 21:45:02 Image size of job updated: 1410268
	1378  -  MemoryUsage of job (MB)
	1410268  -  ResidentSetSize of job (KB)
...
006 (17004348.007.000) 06/29 21:50:02 Image size of job updated: 1410420
	1378  -  MemoryUsage of job (MB)
	1410420  -  ResidentSetSize of job (KB)
...
006 (17004348.007.000) 06/29 21:55:02 Image size of job updated: 1410532
	1378  -  MemoryUsage of job (MB)
	1410532  -  ResidentSetSize of job (KB)
...
006 (17004348.007.000) 06/29 22:00:03 Image size of job updated: 1410696
	1378  -  MemoryUsage of job (MB)
	1410696  -  ResidentSetSize of job (KB)
...
006 (17004348.007.000) 06/29 22:05:04 Image size of job updated: 1410840
	1378  -  MemoryUsage of job (MB)
	1410840  -  ResidentSetSize of job (KB)
...
006 (17004348.007.000) 06/29 22:10:04 Image size of job updated: 1410980
	1378  -  MemoryUsage of job (MB)
	1410980  -  ResidentSetSize of job (KB)
...
006 (17004348.007.000) 06/29 22:15:05 Image size of job updated: 1411136
	1379  -  MemoryUsage of job (MB)
	1411136  -  ResidentSetSize of job (KB)
...
006 (17004348.007.000) 06/29 22:20:06 Image size of job updated: 1411276
	1379  -  MemoryUsage of job (MB)
	1411276  -  ResidentSetSize of job (KB)
...
006 (17004348.007.000) 06/29 22:25:06 Image size of job updated: 1411572
	1379  -  MemoryUsage of job (MB)
	1411572  -  ResidentSetSize of job (KB)
...
006 (17004348.007.000) 06/29 22:35:08 Image size of job updated: 1411652
	1379  -  MemoryUsage of job (MB)
	1411652  -  ResidentSetSize of job (KB)
...
006 (17004348.007.000) 06/29 22:40:08 Image size of job updated: 1411764
	1379  -  MemoryUsage of job (MB)
	1411764  -  ResidentSetSize of job (KB)
...
006 (17004348.007.000) 06/29 22:45:08 Image size of job updated: 1411868
	1379  -  MemoryUsage of job (MB)
	1411868  -  ResidentSetSize of job (KB)
...
006 (17004348.007.000) 06/29 22:50:09 Image size of job updated: 1412012
	1379  -  MemoryUsage of job (MB)
	1412012  -  ResidentSetSize of job (KB)
...
006 (17004348.007.000) 06/29 22:55:09 Image size of job updated: 1412164
	1380  -  MemoryUsage of job (MB)
	1412164  -  ResidentSetSize of job (KB)
...
006 (17004348.007.000) 06/29 23:00:09 Image size of job updated: 1412312
	1380  -  MemoryUsage of job (MB)
	1412312  -  ResidentSetSize of job (KB)
...
006 (17004348.007.000) 06/29 23:05:10 Image size of job updated: 1412456
	1380  -  MemoryUsage of job (MB)
	1412456  -  ResidentSetSize of job (KB)
...
006 (17004348.007.000) 06/29 23:10:10 Image size of job updated: 1412564
	1380  -  MemoryUsage of job (MB)
	1412564  -  ResidentSetSize of job (KB)
...
006 (17004348.007.000) 06/29 23:15:10 Image size of job updated: 1412696
	1380  -  MemoryUsage of job (MB)
	1412696  -  ResidentSetSize of job (KB)
...
006 (17004348.007.000) 06/29 23:20:11 Image size of job updated: 1412792
	1380  -  MemoryUsage of job (MB)
	1412792  -  ResidentSetSize of job (KB)
...
006 (17004348.007.000) 06/29 23:25:12 Image size of job updated: 1412916
	1380  -  MemoryUsage of job (MB)
	1412916  -  ResidentSetSize of job (KB)
...
006 (17004348.007.000) 06/29 23:30:12 Image size of job updated: 1413624
	1381  -  MemoryUsage of job (MB)
	1413624  -  ResidentSetSize of job (KB)
...
006 (17004348.007.000) 06/29 23:50:15 Image size of job updated: 1413656
	1381  -  MemoryUsage of job (MB)
	1413656  -  ResidentSetSize of job (KB)
...
006 (17004348.007.000) 06/29 23:55:16 Image size of job updated: 1413836
	1381  -  MemoryUsage of job (MB)
	1413836  -  ResidentSetSize of job (KB)
...
006 (17004348.007.000) 06/30 00:00:16 Image size of job updated: 1414012
	1381  -  MemoryUsage of job (MB)
	1414012  -  ResidentSetSize of job (KB)
...
006 (17004348.007.000) 06/30 00:05:16 Image size of job updated: 1414148
	1382  -  MemoryUsage of job (MB)
	1414148  -  ResidentSetSize of job (KB)
...
006 (17004348.007.000) 06/30 00:10:17 Image size of job updated: 1414484
	1382  -  MemoryUsage of job (MB)
	1414484  -  ResidentSetSize of job (KB)
...
006 (17004348.007.000) 06/30 00:15:17 Image size of job updated: 1414644
	1382  -  MemoryUsage of job (MB)
	1414644  -  ResidentSetSize of job (KB)
...
006 (17004348.007.000) 06/30 00:20:17 Image size of job updated: 1414752
	1382  -  MemoryUsage of job (MB)
	1414752  -  ResidentSetSize of job (KB)
...
006 (17004348.007.000) 06/30 00:25:18 Image size of job updated: 1416944
	1384  -  MemoryUsage of job (MB)
	1416944  -  ResidentSetSize of job (KB)
...
006 (17004348.007.000) 06/30 00:30:19 Image size of job updated: 1417948
	1385  -  MemoryUsage of job (MB)
	1417948  -  ResidentSetSize of job (KB)
...
006 (17004348.007.000) 06/30 00:40:20 Image size of job updated: 1417956
	1385  -  MemoryUsage of job (MB)
	1417956  -  ResidentSetSize of job (KB)
...
006 (17004348.007.000) 06/30 01:05:22 Image size of job updated: 1418036
	1385  -  MemoryUsage of job (MB)
	1418036  -  ResidentSetSize of job (KB)
...
006 (17004348.007.000) 06/30 01:10:23 Image size of job updated: 1418180
	1385  -  MemoryUsage of job (MB)
	1418180  -  ResidentSetSize of job (KB)
...
006 (17004348.007.000) 06/30 01:15:24 Image size of job updated: 1418340
	1386  -  MemoryUsage of job (MB)
	1418340  -  ResidentSetSize of job (KB)
...
006 (17004348.007.000) 06/30 01:20:24 Image size of job updated: 1418492
	1386  -  MemoryUsage of job (MB)
	1418492  -  ResidentSetSize of job (KB)
...
006 (17004348.007.000) 06/30 01:25:25 Image size of job updated: 1418624
	1386  -  MemoryUsage of job (MB)
	1418624  -  ResidentSetSize of job (KB)
...
006 (17004348.007.000) 06/30 01:30:26 Image size of job updated: 1418776
	1386  -  MemoryUsage of job (MB)
	1418776  -  ResidentSetSize of job (KB)
...
006 (17004348.007.000) 06/30 01:35:26 Image size of job updated: 1418928
	1386  -  MemoryUsage of job (MB)
	1418928  -  ResidentSetSize of job (KB)
...
006 (17004348.007.000) 06/30 01:40:27 Image size of job updated: 1419080
	1386  -  MemoryUsage of job (MB)
	1419080  -  ResidentSetSize of job (KB)
...
006 (17004348.007.000) 06/30 01:45:28 Image size of job updated: 1419196
	1386  -  MemoryUsage of job (MB)
	1419196  -  ResidentSetSize of job (KB)
...
006 (17004348.007.000) 06/30 01:50:28 Image size of job updated: 1419324
	1387  -  MemoryUsage of job (MB)
	1419324  -  ResidentSetSize of job (KB)
...
006 (17004348.007.000) 06/30 01:55:28 Image size of job updated: 1419488
	1387  -  MemoryUsage of job (MB)
	1419488  -  ResidentSetSize of job (KB)
...
006 (17004348.007.000) 06/30 02:00:29 Image size of job updated: 1419616
	1387  -  MemoryUsage of job (MB)
	1419616  -  ResidentSetSize of job (KB)
...
006 (17004348.007.000) 06/30 02:05:29 Image size of job updated: 1419748
	1387  -  MemoryUsage of job (MB)
	1419748  -  ResidentSetSize of job (KB)
...
006 (17004348.007.000) 06/30 02:10:29 Image size of job updated: 1419896
	1387  -  MemoryUsage of job (MB)
	1419896  -  ResidentSetSize of job (KB)
...
006 (17004348.007.000) 06/30 02:15:30 Image size of job updated: 1419992
	1387  -  MemoryUsage of job (MB)
	1419992  -  ResidentSetSize of job (KB)
...
006 (17004348.007.000) 06/30 02:20:31 Image size of job updated: 1420192
	1387  -  MemoryUsage of job (MB)
	1420192  -  ResidentSetSize of job (KB)
...
006 (17004348.007.000) 06/30 02:25:31 Image size of job updated: 1420352
	1388  -  MemoryUsage of job (MB)
	1420352  -  ResidentSetSize of job (KB)
...
006 (17004348.007.000) 06/30 02:30:32 Image size of job updated: 1420452
	1388  -  MemoryUsage of job (MB)
	1420452  -  ResidentSetSize of job (KB)
...
006 (17004348.007.000) 06/30 02:35:33 Image size of job updated: 1420620
	1388  -  MemoryUsage of job (MB)
	1420620  -  ResidentSetSize of job (KB)
...
006 (17004348.007.000) 06/30 02:40:33 Image size of job updated: 1420764
	1388  -  MemoryUsage of job (MB)
	1420764  -  ResidentSetSize of job (KB)
...
006 (17004348.007.000) 06/30 02:45:33 Image size of job updated: 1420900
	1388  -  MemoryUsage of job (MB)
	1420900  -  ResidentSetSize of job (KB)
...
006 (17004348.007.000) 06/30 02:50:34 Image size of job updated: 1421032
	1388  -  MemoryUsage of job (MB)
	1421032  -  ResidentSetSize of job (KB)
...
006 (17004348.007.000) 06/30 02:55:34 Image size of job updated: 1421200
	1388  -  MemoryUsage of job (MB)
	1421200  -  ResidentSetSize of job (KB)
...
006 (17004348.007.000) 06/30 03:00:35 Image size of job updated: 1421348
	1389  -  MemoryUsage of job (MB)
	1421348  -  ResidentSetSize of job (KB)
...
006 (17004348.007.000) 06/30 03:05:36 Image size of job updated: 1421512
	1389  -  MemoryUsage of job (MB)
	1421512  -  ResidentSetSize of job (KB)
...
006 (17004348.007.000) 06/30 03:10:36 Image size of job updated: 1421668
	1389  -  MemoryUsage of job (MB)
	1421668  -  ResidentSetSize of job (KB)
...
006 (17004348.007.000) 06/30 03:15:36 Image size of job updated: 1421800
	1389  -  MemoryUsage of job (MB)
	1421800  -  ResidentSetSize of job (KB)
...
006 (17004348.007.000) 06/30 03:20:37 Image size of job updated: 1421932
	1389  -  MemoryUsage of job (MB)
	1421932  -  ResidentSetSize of job (KB)
...
006 (17004348.007.000) 06/30 03:25:37 Image size of job updated: 1422056
	1389  -  MemoryUsage of job (MB)
	1422056  -  ResidentSetSize of job (KB)
...
006 (17004348.007.000) 06/30 03:30:37 Image size of job updated: 1422196
	1389  -  MemoryUsage of job (MB)
	1422196  -  ResidentSetSize of job (KB)
...
006 (17004348.007.000) 06/30 03:35:38 Image size of job updated: 1422336
	1389  -  MemoryUsage of job (MB)
	1422336  -  ResidentSetSize of job (KB)
...
006 (17004348.007.000) 06/30 03:40:39 Image size of job updated: 1422492
	1390  -  MemoryUsage of job (MB)
	1422492  -  ResidentSetSize of job (KB)
...
006 (17004348.007.000) 06/30 03:45:39 Image size of job updated: 1424028
	1391  -  MemoryUsage of job (MB)
	1424028  -  ResidentSetSize of job (KB)
...
006 (17004348.007.000) 06/30 03:50:40 Image size of job updated: 1424140
	1391  -  MemoryUsage of job (MB)
	1424140  -  ResidentSetSize of job (KB)
...
006 (17004348.007.000) 06/30 03:55:41 Image size of job updated: 1424260
	1391  -  MemoryUsage of job (MB)
	1424260  -  ResidentSetSize of job (KB)
...
006 (17004348.007.000) 06/30 04:00:41 Image size of job updated: 1424384
	1391  -  MemoryUsage of job (MB)
	1424384  -  ResidentSetSize of job (KB)
...
006 (17004348.007.000) 06/30 04:05:41 Image size of job updated: 1424556
	1392  -  MemoryUsage of job (MB)
	1424556  -  ResidentSetSize of job (KB)
...
006 (17004348.007.000) 06/30 04:10:42 Image size of job updated: 1424680
	1392  -  MemoryUsage of job (MB)
	1424680  -  ResidentSetSize of job (KB)
...
006 (17004348.007.000) 06/30 04:15:42 Image size of job updated: 1424832
	1392  -  MemoryUsage of job (MB)
	1424832  -  ResidentSetSize of job (KB)
...
006 (17004348.007.000) 06/30 04:20:42 Image size of job updated: 1424940
	1392  -  MemoryUsage of job (MB)
	1424940  -  ResidentSetSize of job (KB)
...
006 (17004348.007.000) 06/30 04:25:43 Image size of job updated: 1425052
	1392  -  MemoryUsage of job (MB)
	1425052  -  ResidentSetSize of job (KB)
...
006 (17004348.007.000) 06/30 04:30:43 Image size of job updated: 1425212
	1392  -  MemoryUsage of job (MB)
	1425212  -  ResidentSetSize of job (KB)
...
006 (17004348.007.000) 06/30 04:35:43 Image size of job updated: 1425352
	1392  -  MemoryUsage of job (MB)
	1425352  -  ResidentSetSize of job (KB)
...
006 (17004348.007.000) 06/30 04:40:44 Image size of job updated: 1425508
	1393  -  MemoryUsage of job (MB)
	1425508  -  ResidentSetSize of job (KB)
...
006 (17004348.007.000) 06/30 04:45:45 Image size of job updated: 1425652
	1393  -  MemoryUsage of job (MB)
	1425652  -  ResidentSetSize of job (KB)
...
006 (17004348.007.000) 06/30 04:50:45 Image size of job updated: 1425808
	1393  -  MemoryUsage of job (MB)
	1425808  -  ResidentSetSize of job (KB)
...
006 (17004348.007.000) 06/30 04:55:46 Image size of job updated: 1425952
	1393  -  MemoryUsage of job (MB)
	1425952  -  ResidentSetSize of job (KB)
...
006 (17004348.007.000) 06/30 05:00:47 Image size of job updated: 1426052
	1393  -  MemoryUsage of job (MB)
	1426052  -  ResidentSetSize of job (KB)
...
006 (17004348.007.000) 06/30 05:05:47 Image size of job updated: 1426176
	1393  -  MemoryUsage of job (MB)
	1426176  -  ResidentSetSize of job (KB)
...
006 (17004348.007.000) 06/30 05:10:47 Image size of job updated: 1426320
	1393  -  MemoryUsage of job (MB)
	1426320  -  ResidentSetSize of job (KB)
...
006 (17004348.007.000) 06/30 05:15:48 Image size of job updated: 1426440
	1394  -  MemoryUsage of job (MB)
	1426440  -  ResidentSetSize of job (KB)
...
006 (17004348.007.000) 06/30 05:20:48 Image size of job updated: 1426528
	1394  -  MemoryUsage of job (MB)
	1426528  -  ResidentSetSize of job (KB)
...
006 (17004348.007.000) 06/30 05:25:48 Image size of job updated: 1426696
	1394  -  MemoryUsage of job (MB)
	1426696  -  ResidentSetSize of job (KB)
...
006 (17004348.007.000) 06/30 05:30:49 Image size of job updated: 1426836
	1394  -  MemoryUsage of job (MB)
	1426836  -  ResidentSetSize of job (KB)
...
006 (17004348.007.000) 06/30 05:35:49 Image size of job updated: 1427012
	1394  -  MemoryUsage of job (MB)
	1427012  -  ResidentSetSize of job (KB)
...
006 (17004348.007.000) 06/30 05:40:49 Image size of job updated: 1427180
	1394  -  MemoryUsage of job (MB)
	1427180  -  ResidentSetSize of job (KB)
...
006 (17004348.007.000) 06/30 05:45:50 Image size of job updated: 1427616
	1395  -  MemoryUsage of job (MB)
	1427616  -  ResidentSetSize of job (KB)
...
006 (17004348.007.000) 06/30 05:50:51 Image size of job updated: 1427620
	1395  -  MemoryUsage of job (MB)
	1427620  -  ResidentSetSize of job (KB)
...
006 (17004348.007.000) 06/30 05:55:51 Image size of job updated: 1427640
	1395  -  MemoryUsage of job (MB)
	1427640  -  ResidentSetSize of job (KB)
...
006 (17004348.007.000) 06/30 06:00:52 Image size of job updated: 1427772
	1395  -  MemoryUsage of job (MB)
	1427772  -  ResidentSetSize of job (KB)
...
006 (17004348.007.000) 06/30 06:05:53 Image size of job updated: 1427876
	1395  -  MemoryUsage of job (MB)
	1427876  -  ResidentSetSize of job (KB)
...
006 (17004348.007.000) 06/30 06:10:53 Image size of job updated: 1428004
	1395  -  MemoryUsage of job (MB)
	1428004  -  ResidentSetSize of job (KB)
...
006 (17004348.007.000) 06/30 06:15:54 Image size of job updated: 1428132
	1395  -  MemoryUsage of job (MB)
	1428132  -  ResidentSetSize of job (KB)
...
006 (17004348.007.000) 06/30 06:20:55 Image size of job updated: 1428292
	1395  -  MemoryUsage of job (MB)
	1428292  -  ResidentSetSize of job (KB)
...
006 (17004348.007.000) 06/30 06:25:55 Image size of job updated: 1428448
	1395  -  MemoryUsage of job (MB)
	1428448  -  ResidentSetSize of job (KB)
...
006 (17004348.007.000) 06/30 06:30:55 Image size of job updated: 1428596
	1396  -  MemoryUsage of job (MB)
	1428596  -  ResidentSetSize of job (KB)
...
006 (17004348.007.000) 06/30 06:35:56 Image size of job updated: 1428752
	1396  -  MemoryUsage of job (MB)
	1428752  -  ResidentSetSize of job (KB)
...
006 (17004348.007.000) 06/30 06:40:56 Image size of job updated: 1431112
	1398  -  MemoryUsage of job (MB)
	1431112  -  ResidentSetSize of job (KB)
...
006 (17004348.007.000) 06/30 06:45:56 Image size of job updated: 1431284
	1398  -  MemoryUsage of job (MB)
	1431284  -  ResidentSetSize of job (KB)
...
006 (17004348.007.000) 06/30 06:50:57 Image size of job updated: 1432040
	1399  -  MemoryUsage of job (MB)
	1432040  -  ResidentSetSize of job (KB)
...
006 (17004348.007.000) 06/30 06:55:57 Image size of job updated: 1432264
	1399  -  MemoryUsage of job (MB)
	1432264  -  ResidentSetSize of job (KB)
...
006 (17004348.007.000) 06/30 07:00:57 Image size of job updated: 1432520
	1399  -  MemoryUsage of job (MB)
	1432520  -  ResidentSetSize of job (KB)
...
006 (17004348.007.000) 06/30 07:10:59 Image size of job updated: 1432728
	1400  -  MemoryUsage of job (MB)
	1432728  -  ResidentSetSize of job (KB)
...
006 (17004348.007.000) 06/30 07:15:59 Image size of job updated: 1432940
	1400  -  MemoryUsage of job (MB)
	1432940  -  ResidentSetSize of job (KB)
...
006 (17004348.007.000) 06/30 07:21:00 Image size of job updated: 1433268
	1400  -  MemoryUsage of job (MB)
	1433268  -  ResidentSetSize of job (KB)
...
006 (17004348.007.000) 06/30 07:26:01 Image size of job updated: 1433660
	1401  -  MemoryUsage of job (MB)
	1433660  -  ResidentSetSize of job (KB)
...
006 (17004348.007.000) 06/30 07:31:01 Image size of job updated: 1433896
	1401  -  MemoryUsage of job (MB)
	1433896  -  ResidentSetSize of job (KB)
...
006 (17004348.007.000) 06/30 07:36:01 Image size of job updated: 1434252
	1401  -  MemoryUsage of job (MB)
	1434252  -  ResidentSetSize of job (KB)
...
006 (17004348.007.000) 06/30 07:41:02 Image size of job updated: 1434904
	1402  -  MemoryUsage of job (MB)
	1434904  -  ResidentSetSize of job (KB)
...
006 (17004348.007.000) 06/30 07:46:02 Image size of job updated: 1435148
	1402  -  MemoryUsage of job (MB)
	1435148  -  ResidentSetSize of job (KB)
...
006 (17004348.007.000) 06/30 07:51:02 Image size of job updated: 1435512
	1402  -  MemoryUsage of job (MB)
	1435512  -  ResidentSetSize of job (KB)
...
006 (17004348.007.000) 06/30 07:56:03 Image size of job updated: 1436012
	1403  -  MemoryUsage of job (MB)
	1436012  -  ResidentSetSize of job (KB)
...
006 (17004348.007.000) 06/30 08:01:03 Image size of job updated: 1436432
	1403  -  MemoryUsage of job (MB)
	1436432  -  ResidentSetSize of job (KB)
...
006 (17004348.007.000) 06/30 08:06:03 Image size of job updated: 1437028
	1404  -  MemoryUsage of job (MB)
	1437028  -  ResidentSetSize of job (KB)
...
006 (17004348.007.000) 06/30 08:11:04 Image size of job updated: 1437360
	1404  -  MemoryUsage of job (MB)
	1437360  -  ResidentSetSize of job (KB)
...
006 (17004348.007.000) 06/30 08:16:05 Image size of job updated: 1437980
	1405  -  MemoryUsage of job (MB)
	1437980  -  ResidentSetSize of job (KB)
...
006 (17004348.007.000) 06/30 08:21:05 Image size of job updated: 1438456
	1405  -  MemoryUsage of job (MB)
	1438456  -  ResidentSetSize of job (KB)
...
006 (17004348.007.000) 06/30 08:26:06 Image size of job updated: 1438752
	1406  -  MemoryUsage of job (MB)
	1438752  -  ResidentSetSize of job (KB)
...
006 (17004348.007.000) 06/30 08:31:07 Image size of job updated: 1439512
	1406  -  MemoryUsage of job (MB)
	1439512  -  ResidentSetSize of job (KB)
...
006 (17004348.007.000) 06/30 08:36:07 Image size of job updated: 1439792
	1407  -  MemoryUsage of job (MB)
	1439792  -  ResidentSetSize of job (KB)
...
006 (17004348.007.000) 06/30 08:41:08 Image size of job updated: 1440192
	1407  -  MemoryUsage of job (MB)
	1440192  -  ResidentSetSize of job (KB)
...
006 (17004348.007.000) 06/30 08:46:09 Image size of job updated: 1440896
	1408  -  MemoryUsage of job (MB)
	1440896  -  ResidentSetSize of job (KB)
...
006 (17004348.007.000) 06/30 08:51:09 Image size of job updated: 1441204
	1408  -  MemoryUsage of job (MB)
	1441204  -  ResidentSetSize of job (KB)
...
006 (17004348.007.000) 06/30 08:56:09 Image size of job updated: 1442364
	1409  -  MemoryUsage of job (MB)
	1442364  -  ResidentSetSize of job (KB)
...
006 (17004348.007.000) 06/30 09:01:10 Image size of job updated: 1442636
	1409  -  MemoryUsage of job (MB)
	1442636  -  ResidentSetSize of job (KB)
...
006 (17004348.007.000) 06/30 09:06:10 Image size of job updated: 1442980
	1410  -  MemoryUsage of job (MB)
	1442980  -  ResidentSetSize of job (KB)
...
006 (17004348.007.000) 06/30 09:11:11 Image size of job updated: 1443688
	1410  -  MemoryUsage of job (MB)
	1443688  -  ResidentSetSize of job (KB)
...
006 (17004348.007.000) 06/30 09:16:12 Image size of job updated: 1444004
	1411  -  MemoryUsage of job (MB)
	1444004  -  ResidentSetSize of job (KB)
...
006 (17004348.007.000) 06/30 09:21:12 Image size of job updated: 1444780
	1411  -  MemoryUsage of job (MB)
	1444780  -  ResidentSetSize of job (KB)
...
006 (17004348.007.000) 06/30 09:26:12 Image size of job updated: 1445452
	1412  -  MemoryUsage of job (MB)
	1445452  -  ResidentSetSize of job (KB)
...
006 (17004348.007.000) 06/30 09:31:13 Image size of job updated: 1445756
	1412  -  MemoryUsage of job (MB)
	1445756  -  ResidentSetSize of job (KB)
...
006 (17004348.007.000) 06/30 09:36:14 Image size of job updated: 1446340
	1413  -  MemoryUsage of job (MB)
	1446340  -  ResidentSetSize of job (KB)
...
006 (17004348.007.000) 06/30 09:41:14 Image size of job updated: 1446732
	1413  -  MemoryUsage of job (MB)
	1446732  -  ResidentSetSize of job (KB)
...
006 (17004348.007.000) 06/30 09:46:15 Image size of job updated: 1446996
	1414  -  MemoryUsage of job (MB)
	1446996  -  ResidentSetSize of job (KB)
...
006 (17004348.007.000) 06/30 09:51:16 Image size of job updated: 1447816
	1414  -  MemoryUsage of job (MB)
	1447816  -  ResidentSetSize of job (KB)
...
006 (17004348.007.000) 06/30 09:56:16 Image size of job updated: 1448384
	1415  -  MemoryUsage of job (MB)
	1448384  -  ResidentSetSize of job (KB)
...
006 (17004348.007.000) 06/30 10:01:17 Image size of job updated: 1449456
	1416  -  MemoryUsage of job (MB)
	1449456  -  ResidentSetSize of job (KB)
...
006 (17004348.007.000) 06/30 10:06:18 Image size of job updated: 1451820
	1418  -  MemoryUsage of job (MB)
	1451820  -  ResidentSetSize of job (KB)
...
006 (17004348.007.000) 06/30 10:11:18 Image size of job updated: 1452000
	1418  -  MemoryUsage of job (MB)
	1452000  -  ResidentSetSize of job (KB)
...
006 (17004348.007.000) 06/30 10:16:18 Image size of job updated: 1452956
	1419  -  MemoryUsage of job (MB)
	1452956  -  ResidentSetSize of job (KB)
...
006 (17004348.007.000) 06/30 10:21:19 Image size of job updated: 1453276
	1420  -  MemoryUsage of job (MB)
	1453276  -  ResidentSetSize of job (KB)
...
006 (17004348.007.000) 06/30 10:26:19 Image size of job updated: 1453576
	1420  -  MemoryUsage of job (MB)
	1453576  -  ResidentSetSize of job (KB)
...
006 (17004348.007.000) 06/30 10:29:22 Image size of job updated: 1454460
	1420  -  MemoryUsage of job (MB)
	1453576  -  ResidentSetSize of job (KB)
...
040 (17004348.007.000) 06/30 10:29:22 Started transferring output files
...
040 (17004348.007.000) 06/30 10:29:22 Finished transferring output files
...
009 (17004348.007.000) 06/30 10:29:22 Job was aborted.
	Job removed by SYSTEM_PERIODIC_REMOVE due to wall time exceeded allowed max.
...
