000 (17004348.008.000) 06/29 05:41:06 Job submitted from host: <188.185.114.121:9618?addrs=188.185.114.121-9618+[2001-1458-d00-a--100-273]-9618&alias=bigbird19.cern.ch&noUDP&sock=schedd_5103_cfe0>
...
040 (17004348.008.000) 06/29 11:10:18 Started transferring input files
	Transferring to host: <188.185.92.121:9618?addrs=188.185.92.121-9618+[2001-1458-d00-6c--100-34f]-9618&alias=b9g57n5751.cern.ch&noUDP&sock=slot1_1_18422_b726_160731>
...
040 (17004348.008.000) 06/29 11:10:18 Finished transferring input files
...
001 (17004348.008.000) 06/29 11:10:19 Job executing on host: <188.185.92.121:9618?addrs=188.185.92.121-9618+[2001-1458-d00-6c--100-34f]-9618&alias=b9g57n5751.cern.ch&noUDP&sock=startd_17460_afab>
	SlotName: slot1_1@b9g57n5751.cern.ch
	AvailableGPUs = { GPUs_GPU_cdacb063 }
	CondorScratchDir = "/pool/condor/dir_1253805"
	Cpus = 3
	Disk = 8389351
	GPUs = 1
	GPUs_GPU_cdacb063 = [ Id = "GPU-cdacb063"; ClockMhz = 1410.0; Capability = 8.0; CoresPerCU = 64; DeviceName = "NVIDIA A100-PCIE-40GB"; DeviceUuid = "cdacb063-abb8-eca2-b1e2-19f209940b3e"; ECCEnabled = true; ComputeUnits = 108; DriverVersion = 13.0; DevicePciBusId = "0000:06:00.0"; GlobalMemoryMb = 40441; MaxSupportedVersion = 13000 ]
	Memory = 9000
...
006 (17004348.008.000) 06/29 11:10:32 Image size of job updated: 223428
	219  -  MemoryUsage of job (MB)
	223428  -  ResidentSetSize of job (KB)
...
006 (17004348.008.000) 06/29 11:15:32 Image size of job updated: 449460
	439  -  MemoryUsage of job (MB)
	449460  -  ResidentSetSize of job (KB)
...
006 (17004348.008.000) 06/29 11:20:33 Image size of job updated: 451828
	442  -  MemoryUsage of job (MB)
	451828  -  ResidentSetSize of job (KB)
...
006 (17004348.008.000) 06/29 11:25:33 Image size of job updated: 454460
	444  -  MemoryUsage of job (MB)
	454460  -  ResidentSetSize of job (KB)
...
006 (17004348.008.000) 06/29 11:30:33 Image size of job updated: 457388
	447  -  MemoryUsage of job (MB)
	457388  -  ResidentSetSize of job (KB)
...
006 (17004348.008.000) 06/29 11:35:34 Image size of job updated: 458480
	448  -  MemoryUsage of job (MB)
	458480  -  ResidentSetSize of job (KB)
...
006 (17004348.008.000) 06/29 11:40:34 Image size of job updated: 458500
	448  -  MemoryUsage of job (MB)
	458500  -  ResidentSetSize of job (KB)
...
006 (17004348.008.000) 06/29 11:45:34 Image size of job updated: 458628
	448  -  MemoryUsage of job (MB)
	458628  -  ResidentSetSize of job (KB)
...
006 (17004348.008.000) 06/29 11:50:35 Image size of job updated: 458716
	448  -  MemoryUsage of job (MB)
	458716  -  ResidentSetSize of job (KB)
...
006 (17004348.008.000) 06/29 11:55:36 Image size of job updated: 458752
	448  -  MemoryUsage of job (MB)
	458752  -  ResidentSetSize of job (KB)
...
006 (17004348.008.000) 06/29 12:00:36 Image size of job updated: 460244
	450  -  MemoryUsage of job (MB)
	460244  -  ResidentSetSize of job (KB)
...
006 (17004348.008.000) 06/29 12:05:37 Image size of job updated: 462232
	452  -  MemoryUsage of job (MB)
	462232  -  ResidentSetSize of job (KB)
...
006 (17004348.008.000) 06/29 12:10:37 Image size of job updated: 463572
	453  -  MemoryUsage of job (MB)
	463572  -  ResidentSetSize of job (KB)
...
006 (17004348.008.000) 06/29 12:15:37 Image size of job updated: 465576
	455  -  MemoryUsage of job (MB)
	465576  -  ResidentSetSize of job (KB)
...
006 (17004348.008.000) 06/29 12:20:38 Image size of job updated: 467672
	457  -  MemoryUsage of job (MB)
	467672  -  ResidentSetSize of job (KB)
...
006 (17004348.008.000) 06/29 12:25:38 Image size of job updated: 469652
	459  -  MemoryUsage of job (MB)
	469652  -  ResidentSetSize of job (KB)
...
006 (17004348.008.000) 06/29 12:30:38 Image size of job updated: 469668
	459  -  MemoryUsage of job (MB)
	469668  -  ResidentSetSize of job (KB)
...
006 (17004348.008.000) 06/29 12:35:40 Image size of job updated: 470136
	460  -  MemoryUsage of job (MB)
	470136  -  ResidentSetSize of job (KB)
...
006 (17004348.008.000) 06/29 12:40:40 Image size of job updated: 474044
	463  -  MemoryUsage of job (MB)
	474044  -  ResidentSetSize of job (KB)
...
006 (17004348.008.000) 06/29 12:45:40 Image size of job updated: 478472
	468  -  MemoryUsage of job (MB)
	478472  -  ResidentSetSize of job (KB)
...
006 (17004348.008.000) 06/29 12:50:41 Image size of job updated: 483324
	472  -  MemoryUsage of job (MB)
	483324  -  ResidentSetSize of job (KB)
...
006 (17004348.008.000) 06/29 12:55:42 Image size of job updated: 492084
	481  -  MemoryUsage of job (MB)
	492084  -  ResidentSetSize of job (KB)
...
006 (17004348.008.000) 06/29 13:00:42 Image size of job updated: 500856
	490  -  MemoryUsage of job (MB)
	500856  -  ResidentSetSize of job (KB)
...
006 (17004348.008.000) 06/29 13:10:44 Image size of job updated: 1049120
	1025  -  MemoryUsage of job (MB)
	1049120  -  ResidentSetSize of job (KB)
...
006 (17004348.008.000) 06/29 13:15:44 Image size of job updated: 1108164
	1083  -  MemoryUsage of job (MB)
	1108164  -  ResidentSetSize of job (KB)
...
006 (17004348.008.000) 06/29 13:20:44 Image size of job updated: 1108996
	1084  -  MemoryUsage of job (MB)
	1108996  -  ResidentSetSize of job (KB)
...
006 (17004348.008.000) 06/29 13:25:45 Image size of job updated: 1109208
	1084  -  MemoryUsage of job (MB)
	1109208  -  ResidentSetSize of job (KB)
...
006 (17004348.008.000) 06/29 13:30:45 Image size of job updated: 1109452
	1084  -  MemoryUsage of job (MB)
	1109452  -  ResidentSetSize of job (KB)
...
006 (17004348.008.000) 06/29 13:35:45 Image size of job updated: 1110044
	1085  -  MemoryUsage of job (MB)
	1110044  -  ResidentSetSize of job (KB)
...
006 (17004348.008.000) 06/29 13:40:46 Image size of job updated: 1110484
	1085  -  MemoryUsage of job (MB)
	1110484  -  ResidentSetSize of job (KB)
...
006 (17004348.008.000) 06/29 13:45:46 Image size of job updated: 1111200
	1086  -  MemoryUsage of job (MB)
	1111200  -  ResidentSetSize of job (KB)
...
006 (17004348.008.000) 06/29 13:50:46 Image size of job updated: 1111960
	1086  -  MemoryUsage of job (MB)
	1111960  -  ResidentSetSize of job (KB)
...
006 (17004348.008.000) 06/29 13:55:47 Image size of job updated: 1112304
	1087  -  MemoryUsage of job (MB)
	1112304  -  ResidentSetSize of job (KB)
...
006 (17004348.008.000) 06/29 14:00:48 Image size of job updated: 1112936
	1087  -  MemoryUsage of job (MB)
	1112936  -  ResidentSetSize of job (KB)
...
006 (17004348.008.000) 06/29 14:05:48 Image size of job updated: 1113556
	1088  -  MemoryUsage of job (MB)
	1113556  -  ResidentSetSize of job (KB)
...
006 (17004348.008.000) 06/29 14:10:49 Image size of job updated: 1114396
	1089  -  MemoryUsage of job (MB)
	1114396  -  ResidentSetSize of job (KB)
...
006 (17004348.008.000) 06/29 14:15:50 Image size of job updated: 1114896
	1089  -  MemoryUsage of job (MB)
	1114896  -  ResidentSetSize of job (KB)
...
006 (17004348.008.000) 06/29 14:20:50 Image size of job updated: 1115480
	1090  -  MemoryUsage of job (MB)
	1115480  -  ResidentSetSize of job (KB)
...
006 (17004348.008.000) 06/29 14:25:51 Image size of job updated: 1116168
	1091  -  MemoryUsage of job (MB)
	1116168  -  ResidentSetSize of job (KB)
...
006 (17004348.008.000) 06/29 14:30:52 Image size of job updated: 1116636
	1091  -  MemoryUsage of job (MB)
	1116636  -  ResidentSetSize of job (KB)
...
006 (17004348.008.000) 06/29 14:35:52 Image size of job updated: 1117316
	1092  -  MemoryUsage of job (MB)
	1117316  -  ResidentSetSize of job (KB)
...
006 (17004348.008.000) 06/29 14:40:53 Image size of job updated: 1117592
	1092  -  MemoryUsage of job (MB)
	1117592  -  ResidentSetSize of job (KB)
...
006 (17004348.008.000) 06/29 14:45:54 Image size of job updated: 1118324
	1093  -  MemoryUsage of job (MB)
	1118324  -  ResidentSetSize of job (KB)
...
006 (17004348.008.000) 06/29 14:50:54 Image size of job updated: 1118988
	1093  -  MemoryUsage of job (MB)
	1118988  -  ResidentSetSize of job (KB)
...
006 (17004348.008.000) 06/29 14:55:55 Image size of job updated: 1120008
	1094  -  MemoryUsage of job (MB)
	1120008  -  ResidentSetSize of job (KB)
...
006 (17004348.008.000) 06/29 15:00:56 Image size of job updated: 1120560
	1095  -  MemoryUsage of job (MB)
	1120560  -  ResidentSetSize of job (KB)
...
006 (17004348.008.000) 06/29 15:05:56 Image size of job updated: 1121112
	1095  -  MemoryUsage of job (MB)
	1121112  -  ResidentSetSize of job (KB)
...
006 (17004348.008.000) 06/29 15:10:56 Image size of job updated: 1121836
	1096  -  MemoryUsage of job (MB)
	1121836  -  ResidentSetSize of job (KB)
...
006 (17004348.008.000) 06/29 15:15:57 Image size of job updated: 1122596
	1097  -  MemoryUsage of job (MB)
	1122596  -  ResidentSetSize of job (KB)
...
006 (17004348.008.000) 06/29 15:20:57 Image size of job updated: 1123108
	1097  -  MemoryUsage of job (MB)
	1123108  -  ResidentSetSize of job (KB)
...
006 (17004348.008.000) 06/29 15:25:57 Image size of job updated: 1313192
	1283  -  MemoryUsage of job (MB)
	1313192  -  ResidentSetSize of job (KB)
...
006 (17004348.008.000) 06/29 15:30:58 Image size of job updated: 1316436
	1286  -  MemoryUsage of job (MB)
	1316436  -  ResidentSetSize of job (KB)
...
006 (17004348.008.000) 06/29 15:35:58 Image size of job updated: 1317068
	1287  -  MemoryUsage of job (MB)
	1317068  -  ResidentSetSize of job (KB)
...
006 (17004348.008.000) 06/29 15:40:58 Image size of job updated: 1317544
	1287  -  MemoryUsage of job (MB)
	1317544  -  ResidentSetSize of job (KB)
...
006 (17004348.008.000) 06/29 15:45:59 Image size of job updated: 1320276
	1290  -  MemoryUsage of job (MB)
	1320276  -  ResidentSetSize of job (KB)
...
006 (17004348.008.000) 06/29 15:50:59 Image size of job updated: 1320972
	1291  -  MemoryUsage of job (MB)
	1320972  -  ResidentSetSize of job (KB)
...
006 (17004348.008.000) 06/29 15:55:59 Image size of job updated: 1321520
	1291  -  MemoryUsage of job (MB)
	1321520  -  ResidentSetSize of job (KB)
...
006 (17004348.008.000) 06/29 16:01:00 Image size of job updated: 1322200
	1292  -  MemoryUsage of job (MB)
	1322200  -  ResidentSetSize of job (KB)
...
006 (17004348.008.000) 06/29 16:06:01 Image size of job updated: 1322728
	1292  -  MemoryUsage of job (MB)
	1322728  -  ResidentSetSize of job (KB)
...
006 (17004348.008.000) 06/29 16:11:01 Image size of job updated: 1323312
	1293  -  MemoryUsage of job (MB)
	1323312  -  ResidentSetSize of job (KB)
...
006 (17004348.008.000) 06/29 16:16:02 Image size of job updated: 1323884
	1293  -  MemoryUsage of job (MB)
	1323884  -  ResidentSetSize of job (KB)
...
006 (17004348.008.000) 06/29 16:21:03 Image size of job updated: 1324532
	1294  -  MemoryUsage of job (MB)
	1324532  -  ResidentSetSize of job (KB)
...
006 (17004348.008.000) 06/29 16:26:03 Image size of job updated: 1324956
	1294  -  MemoryUsage of job (MB)
	1324956  -  ResidentSetSize of job (KB)
...
006 (17004348.008.000) 06/29 16:31:04 Image size of job updated: 1326220
	1296  -  MemoryUsage of job (MB)
	1326220  -  ResidentSetSize of job (KB)
...
006 (17004348.008.000) 06/29 16:36:05 Image size of job updated: 1326456
	1296  -  MemoryUsage of job (MB)
	1326456  -  ResidentSetSize of job (KB)
...
006 (17004348.008.000) 06/29 16:41:05 Image size of job updated: 1326712
	1296  -  MemoryUsage of job (MB)
	1326712  -  ResidentSetSize of job (KB)
...
006 (17004348.008.000) 06/29 16:46:05 Image size of job updated: 1327220
	1297  -  MemoryUsage of job (MB)
	1327220  -  ResidentSetSize of job (KB)
...
006 (17004348.008.000) 06/29 16:51:06 Image size of job updated: 1327432
	1297  -  MemoryUsage of job (MB)
	1327432  -  ResidentSetSize of job (KB)
...
006 (17004348.008.000) 06/29 16:56:06 Image size of job updated: 1327868
	1297  -  MemoryUsage of job (MB)
	1327868  -  ResidentSetSize of job (KB)
...
006 (17004348.008.000) 06/29 17:01:06 Image size of job updated: 1328200
	1298  -  MemoryUsage of job (MB)
	1328200  -  ResidentSetSize of job (KB)
...
006 (17004348.008.000) 06/29 17:06:07 Image size of job updated: 1328552
	1298  -  MemoryUsage of job (MB)
	1328552  -  ResidentSetSize of job (KB)
...
006 (17004348.008.000) 06/29 17:11:07 Image size of job updated: 1328804
	1298  -  MemoryUsage of job (MB)
	1328804  -  ResidentSetSize of job (KB)
...
006 (17004348.008.000) 06/29 17:16:07 Image size of job updated: 1329324
	1299  -  MemoryUsage of job (MB)
	1329324  -  ResidentSetSize of job (KB)
...
006 (17004348.008.000) 06/29 17:21:08 Image size of job updated: 1329744
	1299  -  MemoryUsage of job (MB)
	1329744  -  ResidentSetSize of job (KB)
...
006 (17004348.008.000) 06/29 17:26:08 Image size of job updated: 1329976
	1299  -  MemoryUsage of job (MB)
	1329976  -  ResidentSetSize of job (KB)
...
006 (17004348.008.000) 06/29 17:31:08 Image size of job updated: 1330368
	1300  -  MemoryUsage of job (MB)
	1330368  -  ResidentSetSize of job (KB)
...
006 (17004348.008.000) 06/29 17:36:09 Image size of job updated: 1330996
	1300  -  MemoryUsage of job (MB)
	1330996  -  ResidentSetSize of job (KB)
...
006 (17004348.008.000) 06/29 17:41:09 Image size of job updated: 1331480
	1301  -  MemoryUsage of job (MB)
	1331480  -  ResidentSetSize of job (KB)
...
006 (17004348.008.000) 06/29 17:46:09 Image size of job updated: 1331700
	1301  -  MemoryUsage of job (MB)
	1331700  -  ResidentSetSize of job (KB)
...
006 (17004348.008.000) 06/29 17:51:10 Image size of job updated: 1332060
	1301  -  MemoryUsage of job (MB)
	1332060  -  ResidentSetSize of job (KB)
...
006 (17004348.008.000) 06/29 17:56:10 Image size of job updated: 1332612
	1302  -  MemoryUsage of job (MB)
	1332612  -  ResidentSetSize of job (KB)
...
006 (17004348.008.000) 06/29 18:01:10 Image size of job updated: 1333088
	1302  -  MemoryUsage of job (MB)
	1333088  -  ResidentSetSize of job (KB)
...
006 (17004348.008.000) 06/29 18:06:11 Image size of job updated: 1333424
	1303  -  MemoryUsage of job (MB)
	1333424  -  ResidentSetSize of job (KB)
...
006 (17004348.008.000) 06/29 18:11:11 Image size of job updated: 1334024
	1303  -  MemoryUsage of job (MB)
	1334024  -  ResidentSetSize of job (KB)
...
006 (17004348.008.000) 06/29 18:16:11 Image size of job updated: 1334212
	1303  -  MemoryUsage of job (MB)
	1334212  -  ResidentSetSize of job (KB)
...
006 (17004348.008.000) 06/29 18:21:12 Image size of job updated: 1334412
	1304  -  MemoryUsage of job (MB)
	1334412  -  ResidentSetSize of job (KB)
...
006 (17004348.008.000) 06/29 18:26:13 Image size of job updated: 1334980
	1304  -  MemoryUsage of job (MB)
	1334980  -  ResidentSetSize of job (KB)
...
006 (17004348.008.000) 06/29 18:31:13 Image size of job updated: 1335524
	1305  -  MemoryUsage of job (MB)
	1335524  -  ResidentSetSize of job (KB)
...
006 (17004348.008.000) 06/29 18:36:14 Image size of job updated: 1335908
	1305  -  MemoryUsage of job (MB)
	1335908  -  ResidentSetSize of job (KB)
...
006 (17004348.008.000) 06/29 18:41:15 Image size of job updated: 1336204
	1305  -  MemoryUsage of job (MB)
	1336204  -  ResidentSetSize of job (KB)
...
006 (17004348.008.000) 06/29 18:46:15 Image size of job updated: 1336548
	1306  -  MemoryUsage of job (MB)
	1336548  -  ResidentSetSize of job (KB)
...
006 (17004348.008.000) 06/29 18:51:16 Image size of job updated: 1336720
	1306  -  MemoryUsage of job (MB)
	1336720  -  ResidentSetSize of job (KB)
...
006 (17004348.008.000) 06/29 18:56:17 Image size of job updated: 1337364
	1307  -  MemoryUsage of job (MB)
	1337364  -  ResidentSetSize of job (KB)
...
006 (17004348.008.000) 06/29 19:01:17 Image size of job updated: 1337764
	1307  -  MemoryUsage of job (MB)
	1337764  -  ResidentSetSize of job (KB)
...
006 (17004348.008.000) 06/29 19:06:18 Image size of job updated: 1338104
	1307  -  MemoryUsage of job (MB)
	1338104  -  ResidentSetSize of job (KB)
...
006 (17004348.008.000) 06/29 19:11:19 Image size of job updated: 1338868
	1308  -  MemoryUsage of job (MB)
	1338868  -  ResidentSetSize of job (KB)
...
006 (17004348.008.000) 06/29 19:16:19 Image size of job updated: 1341080
	1310  -  MemoryUsage of job (MB)
	1341080  -  ResidentSetSize of job (KB)
...
006 (17004348.008.000) 06/29 19:21:19 Image size of job updated: 1341320
	1310  -  MemoryUsage of job (MB)
	1341320  -  ResidentSetSize of job (KB)
...
006 (17004348.008.000) 06/29 19:26:20 Image size of job updated: 1341580
	1311  -  MemoryUsage of job (MB)
	1341580  -  ResidentSetSize of job (KB)
...
006 (17004348.008.000) 06/29 19:31:20 Image size of job updated: 1341996
	1311  -  MemoryUsage of job (MB)
	1341996  -  ResidentSetSize of job (KB)
...
006 (17004348.008.000) 06/29 19:36:21 Image size of job updated: 1342368
	1311  -  MemoryUsage of job (MB)
	1342368  -  ResidentSetSize of job (KB)
...
006 (17004348.008.000) 06/29 19:41:22 Image size of job updated: 1342524
	1312  -  MemoryUsage of job (MB)
	1342524  -  ResidentSetSize of job (KB)
...
006 (17004348.008.000) 06/29 19:46:22 Image size of job updated: 1342700
	1312  -  MemoryUsage of job (MB)
	1342700  -  ResidentSetSize of job (KB)
...
006 (17004348.008.000) 06/29 19:51:23 Image size of job updated: 1343192
	1312  -  MemoryUsage of job (MB)
	1343192  -  ResidentSetSize of job (KB)
...
006 (17004348.008.000) 06/29 19:56:24 Image size of job updated: 1343412
	1312  -  MemoryUsage of job (MB)
	1343412  -  ResidentSetSize of job (KB)
...
006 (17004348.008.000) 06/29 20:01:24 Image size of job updated: 1343756
	1313  -  MemoryUsage of job (MB)
	1343756  -  ResidentSetSize of job (KB)
...
006 (17004348.008.000) 06/29 20:06:24 Image size of job updated: 1343892
	1313  -  MemoryUsage of job (MB)
	1343892  -  ResidentSetSize of job (KB)
...
006 (17004348.008.000) 06/29 20:11:25 Image size of job updated: 1344176
	1313  -  MemoryUsage of job (MB)
	1344176  -  ResidentSetSize of job (KB)
...
006 (17004348.008.000) 06/29 20:16:25 Image size of job updated: 1344316
	1313  -  MemoryUsage of job (MB)
	1344316  -  ResidentSetSize of job (KB)
...
006 (17004348.008.000) 06/29 20:21:25 Image size of job updated: 1344648
	1314  -  MemoryUsage of job (MB)
	1344648  -  ResidentSetSize of job (KB)
...
006 (17004348.008.000) 06/29 20:26:26 Image size of job updated: 1345112
	1314  -  MemoryUsage of job (MB)
	1345112  -  ResidentSetSize of job (KB)
...
006 (17004348.008.000) 06/29 20:31:26 Image size of job updated: 1345308
	1314  -  MemoryUsage of job (MB)
	1345308  -  ResidentSetSize of job (KB)
...
006 (17004348.008.000) 06/29 20:36:26 Image size of job updated: 1345480
	1314  -  MemoryUsage of job (MB)
	1345480  -  ResidentSetSize of job (KB)
...
006 (17004348.008.000) 06/29 20:41:27 Image size of job updated: 1345812
	1315  -  MemoryUsage of job (MB)
	1345812  -  ResidentSetSize of job (KB)
...
006 (17004348.008.000) 06/29 20:46:27 Image size of job updated: 1346396
	1315  -  MemoryUsage of job (MB)
	1346396  -  ResidentSetSize of job (KB)
...
006 (17004348.008.000) 06/29 20:51:27 Image size of job updated: 1346556
	1315  -  MemoryUsage of job (MB)
	1346556  -  ResidentSetSize of job (KB)
...
006 (17004348.008.000) 06/29 20:56:28 Image size of job updated: 1347032
	1316  -  MemoryUsage of job (MB)
	1347032  -  ResidentSetSize of job (KB)
...
006 (17004348.008.000) 06/29 21:01:28 Image size of job updated: 1347276
	1316  -  MemoryUsage of job (MB)
	1347276  -  ResidentSetSize of job (KB)
...
006 (17004348.008.000) 06/29 21:06:28 Image size of job updated: 1347448
	1316  -  MemoryUsage of job (MB)
	1347448  -  ResidentSetSize of job (KB)
...
006 (17004348.008.000) 06/29 21:11:29 Image size of job updated: 1347896
	1317  -  MemoryUsage of job (MB)
	1347896  -  ResidentSetSize of job (KB)
...
006 (17004348.008.000) 06/29 21:16:29 Image size of job updated: 1348224
	1317  -  MemoryUsage of job (MB)
	1348224  -  ResidentSetSize of job (KB)
...
006 (17004348.008.000) 06/29 21:21:29 Image size of job updated: 1348584
	1317  -  MemoryUsage of job (MB)
	1348584  -  ResidentSetSize of job (KB)
...
006 (17004348.008.000) 06/29 21:26:30 Image size of job updated: 1348964
	1318  -  MemoryUsage of job (MB)
	1348964  -  ResidentSetSize of job (KB)
...
006 (17004348.008.000) 06/29 21:31:30 Image size of job updated: 1349164
	1318  -  MemoryUsage of job (MB)
	1349164  -  ResidentSetSize of job (KB)
...
006 (17004348.008.000) 06/29 21:36:30 Image size of job updated: 1349412
	1318  -  MemoryUsage of job (MB)
	1349412  -  ResidentSetSize of job (KB)
...
006 (17004348.008.000) 06/29 21:41:31 Image size of job updated: 1349948
	1319  -  MemoryUsage of job (MB)
	1349948  -  ResidentSetSize of job (KB)
...
006 (17004348.008.000) 06/29 21:46:32 Image size of job updated: 1350128
	1319  -  MemoryUsage of job (MB)
	1350128  -  ResidentSetSize of job (KB)
...
006 (17004348.008.000) 06/29 21:51:32 Image size of job updated: 1350512
	1319  -  MemoryUsage of job (MB)
	1350512  -  ResidentSetSize of job (KB)
...
006 (17004348.008.000) 06/29 21:56:33 Image size of job updated: 1351056
	1320  -  MemoryUsage of job (MB)
	1351056  -  ResidentSetSize of job (KB)
...
006 (17004348.008.000) 06/29 22:01:34 Image size of job updated: 1353204
	1322  -  MemoryUsage of job (MB)
	1353204  -  ResidentSetSize of job (KB)
...
006 (17004348.008.000) 06/29 22:06:34 Image size of job updated: 1353372
	1322  -  MemoryUsage of job (MB)
	1353372  -  ResidentSetSize of job (KB)
...
006 (17004348.008.000) 06/29 22:11:35 Image size of job updated: 1353624
	1322  -  MemoryUsage of job (MB)
	1353624  -  ResidentSetSize of job (KB)
...
006 (17004348.008.000) 06/29 22:16:36 Image size of job updated: 1353832
	1323  -  MemoryUsage of job (MB)
	1353832  -  ResidentSetSize of job (KB)
...
006 (17004348.008.000) 06/29 22:21:36 Image size of job updated: 1354028
	1323  -  MemoryUsage of job (MB)
	1354028  -  ResidentSetSize of job (KB)
...
006 (17004348.008.000) 06/29 22:26:36 Image size of job updated: 1354232
	1323  -  MemoryUsage of job (MB)
	1354232  -  ResidentSetSize of job (KB)
...
006 (17004348.008.000) 06/29 22:31:37 Image size of job updated: 1354480
	1323  -  MemoryUsage of job (MB)
	1354480  -  ResidentSetSize of job (KB)
...
006 (17004348.008.000) 06/29 22:36:37 Image size of job updated: 1354804
	1324  -  MemoryUsage of job (MB)
	1354804  -  ResidentSetSize of job (KB)
...
006 (17004348.008.000) 06/29 22:41:37 Image size of job updated: 1355172
	1324  -  MemoryUsage of job (MB)
	1355172  -  ResidentSetSize of job (KB)
...
006 (17004348.008.000) 06/29 22:46:38 Image size of job updated: 1355592
	1324  -  MemoryUsage of job (MB)
	1355592  -  ResidentSetSize of job (KB)
...
006 (17004348.008.000) 06/29 22:51:39 Image size of job updated: 1355952
	1325  -  MemoryUsage of job (MB)
	1355952  -  ResidentSetSize of job (KB)
...
006 (17004348.008.000) 06/29 22:56:39 Image size of job updated: 1356296
	1325  -  MemoryUsage of job (MB)
	1356296  -  ResidentSetSize of job (KB)
...
006 (17004348.008.000) 06/29 23:01:40 Image size of job updated: 1356876
	1326  -  MemoryUsage of job (MB)
	1356876  -  ResidentSetSize of job (KB)
...
006 (17004348.008.000) 06/29 23:06:41 Image size of job updated: 1357256
	1326  -  MemoryUsage of job (MB)
	1357256  -  ResidentSetSize of job (KB)
...
006 (17004348.008.000) 06/29 23:11:41 Image size of job updated: 1357724
	1326  -  MemoryUsage of job (MB)
	1357724  -  ResidentSetSize of job (KB)
...
006 (17004348.008.000) 06/29 23:16:42 Image size of job updated: 1358036
	1327  -  MemoryUsage of job (MB)
	1358036  -  ResidentSetSize of job (KB)
...
006 (17004348.008.000) 06/29 23:21:43 Image size of job updated: 1358780
	1327  -  MemoryUsage of job (MB)
	1358780  -  ResidentSetSize of job (KB)
...
006 (17004348.008.000) 06/29 23:26:43 Image size of job updated: 1359172
	1328  -  MemoryUsage of job (MB)
	1359172  -  ResidentSetSize of job (KB)
...
006 (17004348.008.000) 06/29 23:31:43 Image size of job updated: 1359548
	1328  -  MemoryUsage of job (MB)
	1359548  -  ResidentSetSize of job (KB)
...
006 (17004348.008.000) 06/29 23:36:44 Image size of job updated: 1359984
	1329  -  MemoryUsage of job (MB)
	1359984  -  ResidentSetSize of job (KB)
...
006 (17004348.008.000) 06/29 23:41:44 Image size of job updated: 1362596
	1331  -  MemoryUsage of job (MB)
	1362596  -  ResidentSetSize of job (KB)
...
006 (17004348.008.000) 06/29 23:46:44 Image size of job updated: 1362960
	1332  -  MemoryUsage of job (MB)
	1362960  -  ResidentSetSize of job (KB)
...
006 (17004348.008.000) 06/29 23:51:45 Image size of job updated: 1363316
	1332  -  MemoryUsage of job (MB)
	1363316  -  ResidentSetSize of job (KB)
...
006 (17004348.008.000) 06/29 23:56:45 Image size of job updated: 1363684
	1332  -  MemoryUsage of job (MB)
	1363684  -  ResidentSetSize of job (KB)
...
006 (17004348.008.000) 06/30 00:01:45 Image size of job updated: 1364044
	1333  -  MemoryUsage of job (MB)
	1364044  -  ResidentSetSize of job (KB)
...
006 (17004348.008.000) 06/30 00:06:46 Image size of job updated: 1364572
	1333  -  MemoryUsage of job (MB)
	1364572  -  ResidentSetSize of job (KB)
...
006 (17004348.008.000) 06/30 00:11:46 Image size of job updated: 1364988
	1333  -  MemoryUsage of job (MB)
	1364988  -  ResidentSetSize of job (KB)
...
006 (17004348.008.000) 06/30 00:16:46 Image size of job updated: 1365312
	1334  -  MemoryUsage of job (MB)
	1365312  -  ResidentSetSize of job (KB)
...
006 (17004348.008.000) 06/30 00:21:47 Image size of job updated: 1365884
	1334  -  MemoryUsage of job (MB)
	1365884  -  ResidentSetSize of job (KB)
...
006 (17004348.008.000) 06/30 00:26:47 Image size of job updated: 1366768
	1335  -  MemoryUsage of job (MB)
	1366768  -  ResidentSetSize of job (KB)
...
006 (17004348.008.000) 06/30 00:31:47 Image size of job updated: 1367180
	1336  -  MemoryUsage of job (MB)
	1367180  -  ResidentSetSize of job (KB)
...
006 (17004348.008.000) 06/30 00:36:48 Image size of job updated: 1367468
	1336  -  MemoryUsage of job (MB)
	1367468  -  ResidentSetSize of job (KB)
...
006 (17004348.008.000) 06/30 00:41:49 Image size of job updated: 1367912
	1336  -  MemoryUsage of job (MB)
	1367912  -  ResidentSetSize of job (KB)
...
006 (17004348.008.000) 06/30 00:46:49 Image size of job updated: 1368724
	1337  -  MemoryUsage of job (MB)
	1368724  -  ResidentSetSize of job (KB)
...
006 (17004348.008.000) 06/30 00:51:50 Image size of job updated: 1369132
	1338  -  MemoryUsage of job (MB)
	1369132  -  ResidentSetSize of job (KB)
...
006 (17004348.008.000) 06/30 00:56:51 Image size of job updated: 1369428
	1338  -  MemoryUsage of job (MB)
	1369428  -  ResidentSetSize of job (KB)
...
006 (17004348.008.000) 06/30 01:01:51 Image size of job updated: 1369904
	1338  -  MemoryUsage of job (MB)
	1369904  -  ResidentSetSize of job (KB)
...
006 (17004348.008.000) 06/30 01:06:51 Image size of job updated: 1370360
	1339  -  MemoryUsage of job (MB)
	1370360  -  ResidentSetSize of job (KB)
...
006 (17004348.008.000) 06/30 01:11:52 Image size of job updated: 1370852
	1339  -  MemoryUsage of job (MB)
	1370852  -  ResidentSetSize of job (KB)
...
006 (17004348.008.000) 06/30 01:16:52 Image size of job updated: 1371264
	1340  -  MemoryUsage of job (MB)
	1371264  -  ResidentSetSize of job (KB)
...
006 (17004348.008.000) 06/30 01:21:52 Image size of job updated: 1371716
	1340  -  MemoryUsage of job (MB)
	1371716  -  ResidentSetSize of job (KB)
...
006 (17004348.008.000) 06/30 01:26:53 Image size of job updated: 1372156
	1340  -  MemoryUsage of job (MB)
	1372156  -  ResidentSetSize of job (KB)
...
006 (17004348.008.000) 06/30 01:31:53 Image size of job updated: 1372616
	1341  -  MemoryUsage of job (MB)
	1372616  -  ResidentSetSize of job (KB)
...
006 (17004348.008.000) 06/30 01:36:53 Image size of job updated: 1373168
	1341  -  MemoryUsage of job (MB)
	1373168  -  ResidentSetSize of job (KB)
...
006 (17004348.008.000) 06/30 01:41:54 Image size of job updated: 1373620
	1342  -  MemoryUsage of job (MB)
	1373620  -  ResidentSetSize of job (KB)
...
006 (17004348.008.000) 06/30 01:46:54 Image size of job updated: 1373948
	1342  -  MemoryUsage of job (MB)
	1373948  -  ResidentSetSize of job (KB)
...
006 (17004348.008.000) 06/30 01:51:54 Image size of job updated: 1374464
	1343  -  MemoryUsage of job (MB)
	1374464  -  ResidentSetSize of job (KB)
...
006 (17004348.008.000) 06/30 01:56:55 Image size of job updated: 1374952
	1343  -  MemoryUsage of job (MB)
	1374952  -  ResidentSetSize of job (KB)
...
006 (17004348.008.000) 06/30 02:01:55 Image size of job updated: 1375384
	1344  -  MemoryUsage of job (MB)
	1375384  -  ResidentSetSize of job (KB)
...
006 (17004348.008.000) 06/30 02:06:55 Image size of job updated: 1375964
	1344  -  MemoryUsage of job (MB)
	1375964  -  ResidentSetSize of job (KB)
...
006 (17004348.008.000) 06/30 02:11:56 Image size of job updated: 1376628
	1345  -  MemoryUsage of job (MB)
	1376628  -  ResidentSetSize of job (KB)
...
006 (17004348.008.000) 06/30 02:16:57 Image size of job updated: 1377000
	1345  -  MemoryUsage of job (MB)
	1377000  -  ResidentSetSize of job (KB)
...
006 (17004348.008.000) 06/30 02:21:57 Image size of job updated: 1377408
	1346  -  MemoryUsage of job (MB)
	1377408  -  ResidentSetSize of job (KB)
...
006 (17004348.008.000) 06/30 02:26:58 Image size of job updated: 1377996
	1346  -  MemoryUsage of job (MB)
	1377996  -  ResidentSetSize of job (KB)
...
006 (17004348.008.000) 06/30 02:31:59 Image size of job updated: 1378352
	1347  -  MemoryUsage of job (MB)
	1378352  -  ResidentSetSize of job (KB)
...
006 (17004348.008.000) 06/30 02:36:59 Image size of job updated: 1378724
	1347  -  MemoryUsage of job (MB)
	1378724  -  ResidentSetSize of job (KB)
...
006 (17004348.008.000) 06/30 02:41:59 Image size of job updated: 1379240
	1347  -  MemoryUsage of job (MB)
	1379240  -  ResidentSetSize of job (KB)
...
006 (17004348.008.000) 06/30 02:47:00 Image size of job updated: 1379836
	1348  -  MemoryUsage of job (MB)
	1379836  -  ResidentSetSize of job (KB)
...
006 (17004348.008.000) 06/30 02:52:00 Image size of job updated: 1380344
	1348  -  MemoryUsage of job (MB)
	1380344  -  ResidentSetSize of job (KB)
...
006 (17004348.008.000) 06/30 02:57:00 Image size of job updated: 1382936
	1351  -  MemoryUsage of job (MB)
	1382936  -  ResidentSetSize of job (KB)
...
006 (17004348.008.000) 06/30 03:02:01 Image size of job updated: 1383264
	1351  -  MemoryUsage of job (MB)
	1383264  -  ResidentSetSize of job (KB)
...
006 (17004348.008.000) 06/30 03:07:01 Image size of job updated: 1383780
	1352  -  MemoryUsage of job (MB)
	1383780  -  ResidentSetSize of job (KB)
...
006 (17004348.008.000) 06/30 03:12:01 Image size of job updated: 1384504
	1353  -  MemoryUsage of job (MB)
	1384504  -  ResidentSetSize of job (KB)
...
006 (17004348.008.000) 06/30 03:17:02 Image size of job updated: 1384900
	1353  -  MemoryUsage of job (MB)
	1384900  -  ResidentSetSize of job (KB)
...
006 (17004348.008.000) 06/30 03:22:02 Image size of job updated: 1385352
	1353  -  MemoryUsage of job (MB)
	1385352  -  ResidentSetSize of job (KB)
...
006 (17004348.008.000) 06/30 03:27:02 Image size of job updated: 1385816
	1354  -  MemoryUsage of job (MB)
	1385816  -  ResidentSetSize of job (KB)
...
006 (17004348.008.000) 06/30 03:32:03 Image size of job updated: 1386232
	1354  -  MemoryUsage of job (MB)
	1386232  -  ResidentSetSize of job (KB)
...
006 (17004348.008.000) 06/30 03:37:03 Image size of job updated: 1386764
	1355  -  MemoryUsage of job (MB)
	1386764  -  ResidentSetSize of job (KB)
...
006 (17004348.008.000) 06/30 03:42:03 Image size of job updated: 1387680
	1356  -  MemoryUsage of job (MB)
	1387680  -  ResidentSetSize of job (KB)
...
006 (17004348.008.000) 06/30 03:47:04 Image size of job updated: 1388024
	1356  -  MemoryUsage of job (MB)
	1388024  -  ResidentSetSize of job (KB)
...
006 (17004348.008.000) 06/30 03:52:04 Image size of job updated: 1388576
	1357  -  MemoryUsage of job (MB)
	1388576  -  ResidentSetSize of job (KB)
...
006 (17004348.008.000) 06/30 03:57:04 Image size of job updated: 1388896
	1357  -  MemoryUsage of job (MB)
	1388896  -  ResidentSetSize of job (KB)
...
006 (17004348.008.000) 06/30 04:02:05 Image size of job updated: 1390240
	1358  -  MemoryUsage of job (MB)
	1390240  -  ResidentSetSize of job (KB)
...
006 (17004348.008.000) 06/30 04:07:05 Image size of job updated: 1390604
	1359  -  MemoryUsage of job (MB)
	1390604  -  ResidentSetSize of job (KB)
...
006 (17004348.008.000) 06/30 04:12:06 Image size of job updated: 1390864
	1359  -  MemoryUsage of job (MB)
	1390864  -  ResidentSetSize of job (KB)
...
006 (17004348.008.000) 06/30 04:17:07 Image size of job updated: 1390940
	1359  -  MemoryUsage of job (MB)
	1390940  -  ResidentSetSize of job (KB)
...
006 (17004348.008.000) 06/30 04:22:07 Image size of job updated: 1391424
	1359  -  MemoryUsage of job (MB)
	1391424  -  ResidentSetSize of job (KB)
...
006 (17004348.008.000) 06/30 04:27:07 Image size of job updated: 1391760
	1360  -  MemoryUsage of job (MB)
	1391760  -  ResidentSetSize of job (KB)
...
006 (17004348.008.000) 06/30 04:32:08 Image size of job updated: 1392088
	1360  -  MemoryUsage of job (MB)
	1392088  -  ResidentSetSize of job (KB)
...
006 (17004348.008.000) 06/30 04:37:08 Image size of job updated: 1392524
	1360  -  MemoryUsage of job (MB)
	1392524  -  ResidentSetSize of job (KB)
...
006 (17004348.008.000) 06/30 04:42:09 Image size of job updated: 1392828
	1361  -  MemoryUsage of job (MB)
	1392828  -  ResidentSetSize of job (KB)
...
006 (17004348.008.000) 06/30 04:47:10 Image size of job updated: 1393472
	1361  -  MemoryUsage of job (MB)
	1393472  -  ResidentSetSize of job (KB)
...
006 (17004348.008.000) 06/30 04:52:10 Image size of job updated: 1394324
	1362  -  MemoryUsage of job (MB)
	1394324  -  ResidentSetSize of job (KB)
...
006 (17004348.008.000) 06/30 04:57:10 Image size of job updated: 1394912
	1363  -  MemoryUsage of job (MB)
	1394912  -  ResidentSetSize of job (KB)
...
006 (17004348.008.000) 06/30 05:02:11 Image size of job updated: 1395168
	1363  -  MemoryUsage of job (MB)
	1395168  -  ResidentSetSize of job (KB)
...
006 (17004348.008.000) 06/30 05:07:11 Image size of job updated: 1395664
	1363  -  MemoryUsage of job (MB)
	1395664  -  ResidentSetSize of job (KB)
...
006 (17004348.008.000) 06/30 05:12:11 Image size of job updated: 1396128
	1364  -  MemoryUsage of job (MB)
	1396128  -  ResidentSetSize of job (KB)
...
006 (17004348.008.000) 06/30 05:17:12 Image size of job updated: 1396604
	1364  -  MemoryUsage of job (MB)
	1396604  -  ResidentSetSize of job (KB)
...
006 (17004348.008.000) 06/30 05:22:13 Image size of job updated: 1397044
	1365  -  MemoryUsage of job (MB)
	1397044  -  ResidentSetSize of job (KB)
...
006 (17004348.008.000) 06/30 05:27:13 Image size of job updated: 1397512
	1365  -  MemoryUsage of job (MB)
	1397512  -  ResidentSetSize of job (KB)
...
006 (17004348.008.000) 06/30 05:32:14 Image size of job updated: 1398184
	1366  -  MemoryUsage of job (MB)
	1398184  -  ResidentSetSize of job (KB)
...
006 (17004348.008.000) 06/30 05:37:15 Image size of job updated: 1398444
	1366  -  MemoryUsage of job (MB)
	1398444  -  ResidentSetSize of job (KB)
...
006 (17004348.008.000) 06/30 05:42:15 Image size of job updated: 1398820
	1367  -  MemoryUsage of job (MB)
	1398820  -  ResidentSetSize of job (KB)
...
006 (17004348.008.000) 06/30 05:47:16 Image size of job updated: 1399184
	1367  -  MemoryUsage of job (MB)
	1399184  -  ResidentSetSize of job (KB)
...
006 (17004348.008.000) 06/30 05:52:17 Image size of job updated: 1399784
	1367  -  MemoryUsage of job (MB)
	1399784  -  ResidentSetSize of job (KB)
...
006 (17004348.008.000) 06/30 05:57:17 Image size of job updated: 1400156
	1368  -  MemoryUsage of job (MB)
	1400156  -  ResidentSetSize of job (KB)
...
006 (17004348.008.000) 06/30 06:02:18 Image size of job updated: 1402796
	1370  -  MemoryUsage of job (MB)
	1402796  -  ResidentSetSize of job (KB)
...
006 (17004348.008.000) 06/30 06:07:19 Image size of job updated: 1403392
	1371  -  MemoryUsage of job (MB)
	1403392  -  ResidentSetSize of job (KB)
...
006 (17004348.008.000) 06/30 06:12:19 Image size of job updated: 1407824
	1375  -  MemoryUsage of job (MB)
	1407824  -  ResidentSetSize of job (KB)
...
006 (17004348.008.000) 06/30 06:17:19 Image size of job updated: 1408148
	1376  -  MemoryUsage of job (MB)
	1408148  -  ResidentSetSize of job (KB)
...
006 (17004348.008.000) 06/30 06:22:20 Image size of job updated: 1408428
	1376  -  MemoryUsage of job (MB)
	1408428  -  ResidentSetSize of job (KB)
...
006 (17004348.008.000) 06/30 06:27:20 Image size of job updated: 1408760
	1376  -  MemoryUsage of job (MB)
	1408760  -  ResidentSetSize of job (KB)
...
006 (17004348.008.000) 06/30 06:32:20 Image size of job updated: 1409576
	1377  -  MemoryUsage of job (MB)
	1409576  -  ResidentSetSize of job (KB)
...
006 (17004348.008.000) 06/30 06:37:21 Image size of job updated: 1409580
	1377  -  MemoryUsage of job (MB)
	1409580  -  ResidentSetSize of job (KB)
...
006 (17004348.008.000) 06/30 06:42:21 Image size of job updated: 1409880
	1377  -  MemoryUsage of job (MB)
	1409880  -  ResidentSetSize of job (KB)
...
006 (17004348.008.000) 06/30 06:47:21 Image size of job updated: 1410172
	1378  -  MemoryUsage of job (MB)
	1410172  -  ResidentSetSize of job (KB)
...
006 (17004348.008.000) 06/30 06:52:22 Image size of job updated: 1410496
	1378  -  MemoryUsage of job (MB)
	1410496  -  ResidentSetSize of job (KB)
...
006 (17004348.008.000) 06/30 06:57:22 Image size of job updated: 1411132
	1379  -  MemoryUsage of job (MB)
	1411132  -  ResidentSetSize of job (KB)
...
006 (17004348.008.000) 06/30 07:02:22 Image size of job updated: 1411720
	1379  -  MemoryUsage of job (MB)
	1411720  -  ResidentSetSize of job (KB)
...
006 (17004348.008.000) 06/30 07:07:23 Image size of job updated: 1412416
	1380  -  MemoryUsage of job (MB)
	1412416  -  ResidentSetSize of job (KB)
...
006 (17004348.008.000) 06/30 07:12:24 Image size of job updated: 1412988
	1380  -  MemoryUsage of job (MB)
	1412988  -  ResidentSetSize of job (KB)
...
006 (17004348.008.000) 06/30 07:17:24 Image size of job updated: 1413840
	1381  -  MemoryUsage of job (MB)
	1413840  -  ResidentSetSize of job (KB)
...
006 (17004348.008.000) 06/30 07:22:25 Image size of job updated: 1414836
	1382  -  MemoryUsage of job (MB)
	1414836  -  ResidentSetSize of job (KB)
...
006 (17004348.008.000) 06/30 07:27:26 Image size of job updated: 1445592
	1412  -  MemoryUsage of job (MB)
	1445592  -  ResidentSetSize of job (KB)
...
006 (17004348.008.000) 06/30 07:32:26 Image size of job updated: 1449052
	1416  -  MemoryUsage of job (MB)
	1449052  -  ResidentSetSize of job (KB)
...
006 (17004348.008.000) 06/30 07:37:27 Image size of job updated: 1449612
	1416  -  MemoryUsage of job (MB)
	1449612  -  ResidentSetSize of job (KB)
...
006 (17004348.008.000) 06/30 07:42:28 Image size of job updated: 1460984
	1427  -  MemoryUsage of job (MB)
	1460984  -  ResidentSetSize of job (KB)
...
006 (17004348.008.000) 06/30 07:47:28 Image size of job updated: 1461532
	1428  -  MemoryUsage of job (MB)
	1461532  -  ResidentSetSize of job (KB)
...
006 (17004348.008.000) 06/30 07:52:28 Image size of job updated: 1462060
	1428  -  MemoryUsage of job (MB)
	1462060  -  ResidentSetSize of job (KB)
...
006 (17004348.008.000) 06/30 07:57:29 Image size of job updated: 1462700
	1429  -  MemoryUsage of job (MB)
	1462700  -  ResidentSetSize of job (KB)
...
006 (17004348.008.000) 06/30 08:02:29 Image size of job updated: 1463744
	1430  -  MemoryUsage of job (MB)
	1463744  -  ResidentSetSize of job (KB)
...
006 (17004348.008.000) 06/30 08:07:29 Image size of job updated: 1464828
	1431  -  MemoryUsage of job (MB)
	1464828  -  ResidentSetSize of job (KB)
...
006 (17004348.008.000) 06/30 08:12:30 Image size of job updated: 1465780
	1432  -  MemoryUsage of job (MB)
	1465780  -  ResidentSetSize of job (KB)
...
006 (17004348.008.000) 06/30 08:17:30 Image size of job updated: 1466932
	1433  -  MemoryUsage of job (MB)
	1466932  -  ResidentSetSize of job (KB)
...
006 (17004348.008.000) 06/30 08:22:30 Image size of job updated: 1468016
	1434  -  MemoryUsage of job (MB)
	1468016  -  ResidentSetSize of job (KB)
...
006 (17004348.008.000) 06/30 08:27:31 Image size of job updated: 1469088
	1435  -  MemoryUsage of job (MB)
	1469088  -  ResidentSetSize of job (KB)
...
006 (17004348.008.000) 06/30 08:32:32 Image size of job updated: 1470116
	1436  -  MemoryUsage of job (MB)
	1470116  -  ResidentSetSize of job (KB)
...
006 (17004348.008.000) 06/30 08:37:32 Image size of job updated: 1471148
	1437  -  MemoryUsage of job (MB)
	1471148  -  ResidentSetSize of job (KB)
...
006 (17004348.008.000) 06/30 08:42:34 Image size of job updated: 1472156
	1438  -  MemoryUsage of job (MB)
	1472156  -  ResidentSetSize of job (KB)
...
006 (17004348.008.000) 06/30 08:47:34 Image size of job updated: 1473224
	1439  -  MemoryUsage of job (MB)
	1473224  -  ResidentSetSize of job (KB)
...
006 (17004348.008.000) 06/30 08:52:34 Image size of job updated: 1474308
	1440  -  MemoryUsage of job (MB)
	1474308  -  ResidentSetSize of job (KB)
...
006 (17004348.008.000) 06/30 08:57:35 Image size of job updated: 1475444
	1441  -  MemoryUsage of job (MB)
	1475444  -  ResidentSetSize of job (KB)
...
006 (17004348.008.000) 06/30 09:02:36 Image size of job updated: 1476604
	1442  -  MemoryUsage of job (MB)
	1476604  -  ResidentSetSize of job (KB)
...
006 (17004348.008.000) 06/30 09:07:36 Image size of job updated: 1477852
	1444  -  MemoryUsage of job (MB)
	1477852  -  ResidentSetSize of job (KB)
...
006 (17004348.008.000) 06/30 09:12:37 Image size of job updated: 1479024
	1445  -  MemoryUsage of job (MB)
	1479024  -  ResidentSetSize of job (KB)
...
006 (17004348.008.000) 06/30 09:17:38 Image size of job updated: 1480108
	1446  -  MemoryUsage of job (MB)
	1480108  -  ResidentSetSize of job (KB)
...
006 (17004348.008.000) 06/30 09:22:38 Image size of job updated: 1481232
	1447  -  MemoryUsage of job (MB)
	1481232  -  ResidentSetSize of job (KB)
...
006 (17004348.008.000) 06/30 09:27:39 Image size of job updated: 1482284
	1448  -  MemoryUsage of job (MB)
	1482284  -  ResidentSetSize of job (KB)
...
006 (17004348.008.000) 06/30 09:32:40 Image size of job updated: 1483196
	1449  -  MemoryUsage of job (MB)
	1483196  -  ResidentSetSize of job (KB)
...
006 (17004348.008.000) 06/30 09:37:40 Image size of job updated: 1484208
	1450  -  MemoryUsage of job (MB)
	1484208  -  ResidentSetSize of job (KB)
...
006 (17004348.008.000) 06/30 09:42:41 Image size of job updated: 1485128
	1451  -  MemoryUsage of job (MB)
	1485128  -  ResidentSetSize of job (KB)
...
006 (17004348.008.000) 06/30 09:47:42 Image size of job updated: 1486264
	1452  -  MemoryUsage of job (MB)
	1486264  -  ResidentSetSize of job (KB)
...
006 (17004348.008.000) 06/30 09:52:42 Image size of job updated: 1487196
	1453  -  MemoryUsage of job (MB)
	1487196  -  ResidentSetSize of job (KB)
...
006 (17004348.008.000) 06/30 09:57:42 Image size of job updated: 1488324
	1454  -  MemoryUsage of job (MB)
	1488324  -  ResidentSetSize of job (KB)
...
006 (17004348.008.000) 06/30 10:02:43 Image size of job updated: 1489476
	1455  -  MemoryUsage of job (MB)
	1489476  -  ResidentSetSize of job (KB)
...
006 (17004348.008.000) 06/30 10:07:43 Image size of job updated: 1490692
	1456  -  MemoryUsage of job (MB)
	1490692  -  ResidentSetSize of job (KB)
...
006 (17004348.008.000) 06/30 10:12:43 Image size of job updated: 1491876
	1457  -  MemoryUsage of job (MB)
	1491876  -  ResidentSetSize of job (KB)
...
006 (17004348.008.000) 06/30 10:17:44 Image size of job updated: 1493136
	1459  -  MemoryUsage of job (MB)
	1493136  -  ResidentSetSize of job (KB)
...
006 (17004348.008.000) 06/30 10:22:44 Image size of job updated: 1494300
	1460  -  MemoryUsage of job (MB)
	1494300  -  ResidentSetSize of job (KB)
...
006 (17004348.008.000) 06/30 10:27:44 Image size of job updated: 1495488
	1461  -  MemoryUsage of job (MB)
	1495488  -  ResidentSetSize of job (KB)
...
006 (17004348.008.000) 06/30 10:32:45 Image size of job updated: 1496772
	1462  -  MemoryUsage of job (MB)
	1496772  -  ResidentSetSize of job (KB)
...
006 (17004348.008.000) 06/30 10:37:46 Image size of job updated: 1498084
	1463  -  MemoryUsage of job (MB)
	1498084  -  ResidentSetSize of job (KB)
...
006 (17004348.008.000) 06/30 10:42:46 Image size of job updated: 1499384
	1465  -  MemoryUsage of job (MB)
	1499384  -  ResidentSetSize of job (KB)
...
006 (17004348.008.000) 06/30 10:47:47 Image size of job updated: 1500676
	1466  -  MemoryUsage of job (MB)
	1500676  -  ResidentSetSize of job (KB)
...
006 (17004348.008.000) 06/30 10:52:48 Image size of job updated: 1501960
	1467  -  MemoryUsage of job (MB)
	1501960  -  ResidentSetSize of job (KB)
...
006 (17004348.008.000) 06/30 10:57:48 Image size of job updated: 1503228
	1468  -  MemoryUsage of job (MB)
	1503228  -  ResidentSetSize of job (KB)
...
006 (17004348.008.000) 06/30 11:02:49 Image size of job updated: 1504412
	1470  -  MemoryUsage of job (MB)
	1504412  -  ResidentSetSize of job (KB)
...
006 (17004348.008.000) 06/30 11:07:50 Image size of job updated: 1505600
	1471  -  MemoryUsage of job (MB)
	1505600  -  ResidentSetSize of job (KB)
...
006 (17004348.008.000) 06/30 11:10:54 Image size of job updated: 1506320
	1471  -  MemoryUsage of job (MB)
	1505600  -  ResidentSetSize of job (KB)
...
040 (17004348.008.000) 06/30 11:10:54 Started transferring output files
...
040 (17004348.008.000) 06/30 11:10:54 Finished transferring output files
...
009 (17004348.008.000) 06/30 11:10:55 Job was aborted.
	Job removed by SYSTEM_PERIODIC_REMOVE due to wall time exceeded allowed max.
...
