000 (16720353.017.000) 06/25 10:05:45 Job submitted from host: <188.185.114.121:9618?addrs=188.185.114.121-9618+[2001-1458-d00-a--100-273]-9618&alias=bigbird19.cern.ch&noUDP&sock=schedd_5103_cfe0>
...
040 (16720353.017.000) 06/25 11:59:31 Started transferring input files
	Transferring to host: <188.184.195.66:9618?addrs=188.184.195.66-9618+[2001-1458-301-72--100-179]-9618&alias=b9g47n0340.cern.ch&noUDP&sock=slot1_1_15600_5c73_158583>
...
040 (16720353.017.000) 06/25 11:59:31 Finished transferring input files
...
001 (16720353.017.000) 06/25 11:59:32 Job executing on host: <188.184.195.66:9618?addrs=188.184.195.66-9618+[2001-1458-301-72--100-179]-9618&alias=b9g47n0340.cern.ch&noUDP&sock=startd_14564_4566>
	SlotName: slot1_1@b9g47n0340.cern.ch
	AvailableGPUs = { GPUs_GPU_62e6a7b2 }
	CondorScratchDir = "/pool/condor/dir_2724541"
	Cpus = 3
	Disk = 8389632
	GPUs = 1
	GPUs_GPU_62e6a7b2 = [ Id = "GPU-62e6a7b2"; ClockMhz = 1597.0; Capability = 7.0; CoresPerCU = 64; DeviceName = "Tesla V100S-PCIE-32GB"; DeviceUuid = "62e6a7b2-07d5-b7f6-24de-e679df367f40"; ECCEnabled = true; ComputeUnits = 80; DriverVersion = 13.0; DevicePciBusId = "0000:07:00.0"; GlobalMemoryMb = 32494; MaxSupportedVersion = 13000 ]
	Memory = 9000
...
006 (16720353.017.000) 06/25 11:59:45 Image size of job updated: 216124
	35  -  MemoryUsage of job (MB)
	35432  -  ResidentSetSize of job (KB)
...
006 (16720353.017.000) 06/25 12:04:45 Image size of job updated: 439884
	430  -  MemoryUsage of job (MB)
	439884  -  ResidentSetSize of job (KB)
...
006 (16720353.017.000) 06/25 12:09:46 Image size of job updated: 451248
	441  -  MemoryUsage of job (MB)
	451248  -  ResidentSetSize of job (KB)
...
006 (16720353.017.000) 06/25 12:14:47 Image size of job updated: 456496
	446  -  MemoryUsage of job (MB)
	456496  -  ResidentSetSize of job (KB)
...
006 (16720353.017.000) 06/25 12:19:47 Image size of job updated: 466140
	456  -  MemoryUsage of job (MB)
	466140  -  ResidentSetSize of job (KB)
...
006 (16720353.017.000) 06/25 12:23:01 Image size of job updated: 466176
	456  -  MemoryUsage of job (MB)
	466140  -  ResidentSetSize of job (KB)
...
040 (16720353.017.000) 06/25 12:23:01 Started transferring output files
...
040 (16720353.017.000) 06/25 12:23:01 Finished transferring output files
...
004 (16720353.017.000) 06/25 12:23:02 Job was evicted.
	(0) CPU times
		Usr 0 00:00:15, Sys 0 00:00:08  -  Run Remote Usage
		Usr 0 00:00:00, Sys 0 00:00:00  -  Run Local Usage
	7362  -  Run Bytes Sent By Job
	128497  -  Run Bytes Received By Job
	Partitionable Resources :    Usage  Request Allocated Assigned
	   Cpus                 :     0.01        3         3 
	   Disk (KB)            :   216     8388608   8389632 
	   GPUs                 :     0           1         1 "GPU-62e6a7b2"
	   GpusMemory (MB)      :   278                       
	   Memory (MB)          :   456        9000      9000 
	   TimeExecute (s)      :  1409                       
	   TimeSlotBusy (s)     :  1410                       
...
009 (16720353.017.000) 06/25 12:23:02 Job was aborted.
	via condor_rm (by user yeo)
...
