000 (16720545.004.000) 06/25 12:23:40 Job submitted from host: <188.185.114.121:9618?addrs=188.185.114.121-9618+[2001-1458-d00-a--100-273]-9618&alias=bigbird19.cern.ch&noUDP&sock=schedd_5103_cfe0>
...
040 (16720545.004.000) 06/25 13:26:37 Started transferring input files
	Transferring to host: <188.185.190.108:9618?addrs=188.185.190.108-9618+[2001-1458-d03-b--100-2ff]-9618&alias=b9pgpun015.cern.ch&noUDP&sock=slot1_4_1615979_24ca_156536>
...
040 (16720545.004.000) 06/25 13:26:37 Finished transferring input files
...
001 (16720545.004.000) 06/25 13:26:38 Job executing on host: <188.185.190.108:9618?addrs=188.185.190.108-9618+[2001-1458-d03-b--100-2ff]-9618&alias=b9pgpun015.cern.ch&noUDP&sock=startd_16497_25f7>
	SlotName: slot1_4@b9pgpun015.cern.ch
	AvailableGPUs = { GPUs_GPU_6c758778 }
	CondorScratchDir = "/pool/condor/dir_2740300"
	Cpus = 3
	Disk = 8394498
	GPUs = 1
	GPUs_GPU_6c758778 = [ Id = "GPU-6c758778"; ClockMhz = 1785.0; Capability = 9.0; CoresPerCU = 128; DeviceName = "NVIDIA H100 NVL"; DeviceUuid = "6c758778-f190-832d-194b-c3fac08a8c33"; ECCEnabled = true; ComputeUnits = 132; DriverVersion = 13.0; DevicePciBusId = "0000:AE:00.0"; GlobalMemoryMb = 95320; MaxSupportedVersion = 13000 ]
	Memory = 9000
...
006 (16720545.004.000) 06/25 13:26:51 Image size of job updated: 341560
	334  -  MemoryUsage of job (MB)
	341560  -  ResidentSetSize of job (KB)
...
006 (16720545.004.000) 06/25 13:31:51 Image size of job updated: 504240
	493  -  MemoryUsage of job (MB)
	504240  -  ResidentSetSize of job (KB)
...
006 (16720545.004.000) 06/25 13:36:52 Image size of job updated: 508288
	497  -  MemoryUsage of job (MB)
	508288  -  ResidentSetSize of job (KB)
...
006 (16720545.004.000) 06/25 13:41:53 Image size of job updated: 509360
	498  -  MemoryUsage of job (MB)
	509360  -  ResidentSetSize of job (KB)
...
006 (16720545.004.000) 06/25 13:46:53 Image size of job updated: 510012
	499  -  MemoryUsage of job (MB)
	510012  -  ResidentSetSize of job (KB)
...
006 (16720545.004.000) 06/25 13:51:54 Image size of job updated: 512212
	501  -  MemoryUsage of job (MB)
	512212  -  ResidentSetSize of job (KB)
...
006 (16720545.004.000) 06/25 13:56:55 Image size of job updated: 516532
	505  -  MemoryUsage of job (MB)
	516532  -  ResidentSetSize of job (KB)
...
006 (16720545.004.000) 06/25 14:01:55 Image size of job updated: 518984
	507  -  MemoryUsage of job (MB)
	518984  -  ResidentSetSize of job (KB)
...
006 (16720545.004.000) 06/25 14:06:56 Image size of job updated: 519896
	508  -  MemoryUsage of job (MB)
	519896  -  ResidentSetSize of job (KB)
...
006 (16720545.004.000) 06/25 14:11:57 Image size of job updated: 520812
	509  -  MemoryUsage of job (MB)
	520812  -  ResidentSetSize of job (KB)
...
006 (16720545.004.000) 06/25 14:16:57 Image size of job updated: 524152
	512  -  MemoryUsage of job (MB)
	524152  -  ResidentSetSize of job (KB)
...
006 (16720545.004.000) 06/25 14:21:58 Image size of job updated: 527656
	516  -  MemoryUsage of job (MB)
	527656  -  ResidentSetSize of job (KB)
...
006 (16720545.004.000) 06/25 14:26:59 Image size of job updated: 531212
	519  -  MemoryUsage of job (MB)
	531212  -  ResidentSetSize of job (KB)
...
006 (16720545.004.000) 06/25 14:31:59 Image size of job updated: 534460
	522  -  MemoryUsage of job (MB)
	534460  -  ResidentSetSize of job (KB)
...
006 (16720545.004.000) 06/25 14:37:00 Image size of job updated: 537052
	525  -  MemoryUsage of job (MB)
	537052  -  ResidentSetSize of job (KB)
...
006 (16720545.004.000) 06/25 14:42:01 Image size of job updated: 541256
	529  -  MemoryUsage of job (MB)
	541256  -  ResidentSetSize of job (KB)
...
006 (16720545.004.000) 06/25 14:47:01 Image size of job updated: 545184
	533  -  MemoryUsage of job (MB)
	545184  -  ResidentSetSize of job (KB)
...
006 (16720545.004.000) 06/25 14:52:01 Image size of job updated: 548700
	536  -  MemoryUsage of job (MB)
	548700  -  ResidentSetSize of job (KB)
...
006 (16720545.004.000) 06/25 14:57:02 Image size of job updated: 552804
	540  -  MemoryUsage of job (MB)
	552804  -  ResidentSetSize of job (KB)
...
006 (16720545.004.000) 06/25 15:02:02 Image size of job updated: 557656
	545  -  MemoryUsage of job (MB)
	557656  -  ResidentSetSize of job (KB)
...
006 (16720545.004.000) 06/25 15:07:02 Image size of job updated: 559664
	547  -  MemoryUsage of job (MB)
	559664  -  ResidentSetSize of job (KB)
...
006 (16720545.004.000) 06/25 15:12:03 Image size of job updated: 563640
	551  -  MemoryUsage of job (MB)
	563640  -  ResidentSetSize of job (KB)
...
006 (16720545.004.000) 06/25 15:17:03 Image size of job updated: 567152
	554  -  MemoryUsage of job (MB)
	567152  -  ResidentSetSize of job (KB)
...
006 (16720545.004.000) 06/25 15:22:03 Image size of job updated: 572400
	559  -  MemoryUsage of job (MB)
	572400  -  ResidentSetSize of job (KB)
...
006 (16720545.004.000) 06/25 15:27:04 Image size of job updated: 575828
	563  -  MemoryUsage of job (MB)
	575828  -  ResidentSetSize of job (KB)
...
006 (16720545.004.000) 06/25 15:32:04 Image size of job updated: 598296
	585  -  MemoryUsage of job (MB)
	598296  -  ResidentSetSize of job (KB)
...
006 (16720545.004.000) 06/25 15:37:04 Image size of job updated: 599888
	586  -  MemoryUsage of job (MB)
	599888  -  ResidentSetSize of job (KB)
...
006 (16720545.004.000) 06/25 15:42:05 Image size of job updated: 605816
	592  -  MemoryUsage of job (MB)
	605816  -  ResidentSetSize of job (KB)
...
006 (16720545.004.000) 06/25 15:47:05 Image size of job updated: 614916
	601  -  MemoryUsage of job (MB)
	614916  -  ResidentSetSize of job (KB)
...
006 (16720545.004.000) 06/25 15:52:05 Image size of job updated: 620324
	606  -  MemoryUsage of job (MB)
	620324  -  ResidentSetSize of job (KB)
...
006 (16720545.004.000) 06/25 15:57:06 Image size of job updated: 627612
	613  -  MemoryUsage of job (MB)
	627612  -  ResidentSetSize of job (KB)
...
006 (16720545.004.000) 06/25 16:02:06 Image size of job updated: 635020
	621  -  MemoryUsage of job (MB)
	635020  -  ResidentSetSize of job (KB)
...
006 (16720545.004.000) 06/25 16:07:06 Image size of job updated: 639908
	625  -  MemoryUsage of job (MB)
	639908  -  ResidentSetSize of job (KB)
...
006 (16720545.004.000) 06/25 16:12:08 Image size of job updated: 646220
	632  -  MemoryUsage of job (MB)
	646220  -  ResidentSetSize of job (KB)
...
006 (16720545.004.000) 06/25 16:17:08 Image size of job updated: 653708
	639  -  MemoryUsage of job (MB)
	653708  -  ResidentSetSize of job (KB)
...
006 (16720545.004.000) 06/25 16:22:08 Image size of job updated: 662848
	648  -  MemoryUsage of job (MB)
	662848  -  ResidentSetSize of job (KB)
...
006 (16720545.004.000) 06/25 16:27:09 Image size of job updated: 669000
	654  -  MemoryUsage of job (MB)
	669000  -  ResidentSetSize of job (KB)
...
006 (16720545.004.000) 06/25 16:32:10 Image size of job updated: 675560
	660  -  MemoryUsage of job (MB)
	675560  -  ResidentSetSize of job (KB)
...
006 (16720545.004.000) 06/25 16:37:10 Image size of job updated: 685836
	670  -  MemoryUsage of job (MB)
	685836  -  ResidentSetSize of job (KB)
...
006 (16720545.004.000) 06/25 16:42:11 Image size of job updated: 695832
	680  -  MemoryUsage of job (MB)
	695832  -  ResidentSetSize of job (KB)
...
006 (16720545.004.000) 06/25 16:47:12 Image size of job updated: 708060
	692  -  MemoryUsage of job (MB)
	708060  -  ResidentSetSize of job (KB)
...
006 (16720545.004.000) 06/25 16:52:12 Image size of job updated: 712072
	692  -  MemoryUsage of job (MB)
	708060  -  ResidentSetSize of job (KB)
...
006 (16720545.004.000) 06/25 17:37:18 Image size of job updated: 740172
	723  -  MemoryUsage of job (MB)
	740172  -  ResidentSetSize of job (KB)
...
006 (16720545.004.000) 06/25 17:42:19 Image size of job updated: 773352
	756  -  MemoryUsage of job (MB)
	773352  -  ResidentSetSize of job (KB)
...
006 (16720545.004.000) 06/25 17:47:20 Image size of job updated: 798704
	780  -  MemoryUsage of job (MB)
	798704  -  ResidentSetSize of job (KB)
...
006 (16720545.004.000) 06/25 17:52:20 Image size of job updated: 800684
	782  -  MemoryUsage of job (MB)
	800684  -  ResidentSetSize of job (KB)
...
006 (16720545.004.000) 06/25 17:57:21 Image size of job updated: 803428
	785  -  MemoryUsage of job (MB)
	803428  -  ResidentSetSize of job (KB)
...
006 (16720545.004.000) 06/25 18:02:22 Image size of job updated: 815896
	797  -  MemoryUsage of job (MB)
	815896  -  ResidentSetSize of job (KB)
...
006 (16720545.004.000) 06/25 18:07:22 Image size of job updated: 816012
	797  -  MemoryUsage of job (MB)
	816012  -  ResidentSetSize of job (KB)
...
006 (16720545.004.000) 06/25 18:12:23 Image size of job updated: 816160
	798  -  MemoryUsage of job (MB)
	816160  -  ResidentSetSize of job (KB)
...
006 (16720545.004.000) 06/25 18:17:24 Image size of job updated: 816564
	798  -  MemoryUsage of job (MB)
	816564  -  ResidentSetSize of job (KB)
...
006 (16720545.004.000) 06/25 18:22:24 Image size of job updated: 817192
	799  -  MemoryUsage of job (MB)
	817192  -  ResidentSetSize of job (KB)
...
006 (16720545.004.000) 06/25 18:27:25 Image size of job updated: 817916
	799  -  MemoryUsage of job (MB)
	817916  -  ResidentSetSize of job (KB)
...
006 (16720545.004.000) 06/25 18:32:26 Image size of job updated: 818820
	800  -  MemoryUsage of job (MB)
	818820  -  ResidentSetSize of job (KB)
...
006 (16720545.004.000) 06/25 18:37:26 Image size of job updated: 819260
	801  -  MemoryUsage of job (MB)
	819260  -  ResidentSetSize of job (KB)
...
006 (16720545.004.000) 06/25 18:42:26 Image size of job updated: 819584
	801  -  MemoryUsage of job (MB)
	819584  -  ResidentSetSize of job (KB)
...
006 (16720545.004.000) 06/25 18:47:27 Image size of job updated: 819820
	801  -  MemoryUsage of job (MB)
	819820  -  ResidentSetSize of job (KB)
...
006 (16720545.004.000) 06/25 18:52:27 Image size of job updated: 819920
	801  -  MemoryUsage of job (MB)
	819920  -  ResidentSetSize of job (KB)
...
006 (16720545.004.000) 06/25 18:57:27 Image size of job updated: 819936
	801  -  MemoryUsage of job (MB)
	819936  -  ResidentSetSize of job (KB)
...
006 (16720545.004.000) 06/25 19:07:28 Image size of job updated: 819964
	801  -  MemoryUsage of job (MB)
	819964  -  ResidentSetSize of job (KB)
...
006 (16720545.004.000) 06/25 19:12:28 Image size of job updated: 820012
	801  -  MemoryUsage of job (MB)
	820012  -  ResidentSetSize of job (KB)
...
006 (16720545.004.000) 06/25 19:17:29 Image size of job updated: 820092
	801  -  MemoryUsage of job (MB)
	820092  -  ResidentSetSize of job (KB)
...
006 (16720545.004.000) 06/25 19:22:29 Image size of job updated: 820332
	802  -  MemoryUsage of job (MB)
	820332  -  ResidentSetSize of job (KB)
...
006 (16720545.004.000) 06/25 19:27:29 Image size of job updated: 820688
	802  -  MemoryUsage of job (MB)
	820688  -  ResidentSetSize of job (KB)
...
006 (16720545.004.000) 06/25 19:32:30 Image size of job updated: 821208
	802  -  MemoryUsage of job (MB)
	821208  -  ResidentSetSize of job (KB)
...
006 (16720545.004.000) 06/25 19:37:30 Image size of job updated: 821444
	803  -  MemoryUsage of job (MB)
	821444  -  ResidentSetSize of job (KB)
...
006 (16720545.004.000) 06/25 19:42:30 Image size of job updated: 821548
	803  -  MemoryUsage of job (MB)
	821548  -  ResidentSetSize of job (KB)
...
006 (16720545.004.000) 06/25 19:47:31 Image size of job updated: 821616
	803  -  MemoryUsage of job (MB)
	821616  -  ResidentSetSize of job (KB)
...
006 (16720545.004.000) 06/25 19:52:31 Image size of job updated: 821684
	803  -  MemoryUsage of job (MB)
	821684  -  ResidentSetSize of job (KB)
...
006 (16720545.004.000) 06/25 19:57:31 Image size of job updated: 821732
	803  -  MemoryUsage of job (MB)
	821732  -  ResidentSetSize of job (KB)
...
006 (16720545.004.000) 06/25 20:02:32 Image size of job updated: 821736
	803  -  MemoryUsage of job (MB)
	821736  -  ResidentSetSize of job (KB)
...
006 (16720545.004.000) 06/25 20:12:32 Image size of job updated: 1234000
	1206  -  MemoryUsage of job (MB)
	1234000  -  ResidentSetSize of job (KB)
...
006 (16720545.004.000) 06/25 20:17:33 Image size of job updated: 1234248
	1206  -  MemoryUsage of job (MB)
	1234248  -  ResidentSetSize of job (KB)
...
006 (16720545.004.000) 06/25 20:22:33 Image size of job updated: 1234544
	1206  -  MemoryUsage of job (MB)
	1234544  -  ResidentSetSize of job (KB)
...
006 (16720545.004.000) 06/25 20:27:33 Image size of job updated: 1234736
	1206  -  MemoryUsage of job (MB)
	1234736  -  ResidentSetSize of job (KB)
...
006 (16720545.004.000) 06/25 20:32:34 Image size of job updated: 1234780
	1206  -  MemoryUsage of job (MB)
	1234780  -  ResidentSetSize of job (KB)
...
006 (16720545.004.000) 06/25 20:37:34 Image size of job updated: 1234808
	1206  -  MemoryUsage of job (MB)
	1234808  -  ResidentSetSize of job (KB)
...
006 (16720545.004.000) 06/25 20:42:34 Image size of job updated: 1234836
	1206  -  MemoryUsage of job (MB)
	1234836  -  ResidentSetSize of job (KB)
...
006 (16720545.004.000) 06/25 20:47:35 Image size of job updated: 1234876
	1206  -  MemoryUsage of job (MB)
	1234876  -  ResidentSetSize of job (KB)
...
006 (16720545.004.000) 06/25 20:52:35 Image size of job updated: 1234920
	1206  -  MemoryUsage of job (MB)
	1234920  -  ResidentSetSize of job (KB)
...
006 (16720545.004.000) 06/25 20:57:35 Image size of job updated: 1234964
	1207  -  MemoryUsage of job (MB)
	1234964  -  ResidentSetSize of job (KB)
...
006 (16720545.004.000) 06/25 21:02:36 Image size of job updated: 1235004
	1207  -  MemoryUsage of job (MB)
	1235004  -  ResidentSetSize of job (KB)
...
006 (16720545.004.000) 06/25 21:07:36 Image size of job updated: 1235060
	1207  -  MemoryUsage of job (MB)
	1235060  -  ResidentSetSize of job (KB)
...
006 (16720545.004.000) 06/25 21:12:36 Image size of job updated: 1235112
	1207  -  MemoryUsage of job (MB)
	1235112  -  ResidentSetSize of job (KB)
...
006 (16720545.004.000) 06/25 21:17:37 Image size of job updated: 1235164
	1207  -  MemoryUsage of job (MB)
	1235164  -  ResidentSetSize of job (KB)
...
006 (16720545.004.000) 06/25 21:22:37 Image size of job updated: 1235196
	1207  -  MemoryUsage of job (MB)
	1235196  -  ResidentSetSize of job (KB)
...
006 (16720545.004.000) 06/25 21:27:37 Image size of job updated: 1235272
	1207  -  MemoryUsage of job (MB)
	1235272  -  ResidentSetSize of job (KB)
...
006 (16720545.004.000) 06/25 21:32:38 Image size of job updated: 1235436
	1207  -  MemoryUsage of job (MB)
	1235436  -  ResidentSetSize of job (KB)
...
006 (16720545.004.000) 06/25 21:37:38 Image size of job updated: 1235476
	1207  -  MemoryUsage of job (MB)
	1235476  -  ResidentSetSize of job (KB)
...
006 (16720545.004.000) 06/25 21:42:38 Image size of job updated: 1260848
	1232  -  MemoryUsage of job (MB)
	1260848  -  ResidentSetSize of job (KB)
...
006 (16720545.004.000) 06/25 21:47:39 Image size of job updated: 1260908
	1232  -  MemoryUsage of job (MB)
	1260908  -  ResidentSetSize of job (KB)
...
006 (16720545.004.000) 06/25 21:52:39 Image size of job updated: 1260948
	1232  -  MemoryUsage of job (MB)
	1260948  -  ResidentSetSize of job (KB)
...
006 (16720545.004.000) 06/25 21:57:39 Image size of job updated: 1260992
	1232  -  MemoryUsage of job (MB)
	1260992  -  ResidentSetSize of job (KB)
...
006 (16720545.004.000) 06/25 22:02:40 Image size of job updated: 1261028
	1232  -  MemoryUsage of job (MB)
	1261028  -  ResidentSetSize of job (KB)
...
006 (16720545.004.000) 06/25 22:07:40 Image size of job updated: 1261408
	1232  -  MemoryUsage of job (MB)
	1261408  -  ResidentSetSize of job (KB)
...
006 (16720545.004.000) 06/25 22:12:40 Image size of job updated: 1261440
	1232  -  MemoryUsage of job (MB)
	1261440  -  ResidentSetSize of job (KB)
...
006 (16720545.004.000) 06/25 22:17:41 Image size of job updated: 1261492
	1232  -  MemoryUsage of job (MB)
	1261492  -  ResidentSetSize of job (KB)
...
006 (16720545.004.000) 06/25 22:22:41 Image size of job updated: 1261520
	1232  -  MemoryUsage of job (MB)
	1261520  -  ResidentSetSize of job (KB)
...
006 (16720545.004.000) 06/25 22:27:41 Image size of job updated: 1261568
	1232  -  MemoryUsage of job (MB)
	1261568  -  ResidentSetSize of job (KB)
...
006 (16720545.004.000) 06/25 22:32:42 Image size of job updated: 1261600
	1233  -  MemoryUsage of job (MB)
	1261600  -  ResidentSetSize of job (KB)
...
006 (16720545.004.000) 06/25 22:37:42 Image size of job updated: 1261652
	1233  -  MemoryUsage of job (MB)
	1261652  -  ResidentSetSize of job (KB)
...
006 (16720545.004.000) 06/25 22:42:42 Image size of job updated: 1261684
	1233  -  MemoryUsage of job (MB)
	1261684  -  ResidentSetSize of job (KB)
...
006 (16720545.004.000) 06/25 22:47:43 Image size of job updated: 1261728
	1233  -  MemoryUsage of job (MB)
	1261728  -  ResidentSetSize of job (KB)
...
006 (16720545.004.000) 06/25 22:52:44 Image size of job updated: 1261780
	1233  -  MemoryUsage of job (MB)
	1261780  -  ResidentSetSize of job (KB)
...
006 (16720545.004.000) 06/25 22:57:44 Image size of job updated: 1261828
	1233  -  MemoryUsage of job (MB)
	1261828  -  ResidentSetSize of job (KB)
...
006 (16720545.004.000) 06/25 23:02:45 Image size of job updated: 1261864
	1233  -  MemoryUsage of job (MB)
	1261864  -  ResidentSetSize of job (KB)
...
006 (16720545.004.000) 06/25 23:07:46 Image size of job updated: 1261908
	1233  -  MemoryUsage of job (MB)
	1261908  -  ResidentSetSize of job (KB)
...
006 (16720545.004.000) 06/25 23:12:46 Image size of job updated: 1261952
	1233  -  MemoryUsage of job (MB)
	1261952  -  ResidentSetSize of job (KB)
...
006 (16720545.004.000) 06/25 23:17:47 Image size of job updated: 1261992
	1233  -  MemoryUsage of job (MB)
	1261992  -  ResidentSetSize of job (KB)
...
006 (16720545.004.000) 06/25 23:22:48 Image size of job updated: 1262044
	1233  -  MemoryUsage of job (MB)
	1262044  -  ResidentSetSize of job (KB)
...
006 (16720545.004.000) 06/25 23:27:48 Image size of job updated: 1262120
	1233  -  MemoryUsage of job (MB)
	1262120  -  ResidentSetSize of job (KB)
...
006 (16720545.004.000) 06/25 23:32:49 Image size of job updated: 1262164
	1233  -  MemoryUsage of job (MB)
	1262164  -  ResidentSetSize of job (KB)
...
006 (16720545.004.000) 06/25 23:37:49 Image size of job updated: 1262196
	1233  -  MemoryUsage of job (MB)
	1262196  -  ResidentSetSize of job (KB)
...
006 (16720545.004.000) 06/25 23:42:50 Image size of job updated: 1262240
	1233  -  MemoryUsage of job (MB)
	1262240  -  ResidentSetSize of job (KB)
...
006 (16720545.004.000) 06/25 23:47:51 Image size of job updated: 1262276
	1233  -  MemoryUsage of job (MB)
	1262276  -  ResidentSetSize of job (KB)
...
006 (16720545.004.000) 06/25 23:52:51 Image size of job updated: 1262324
	1233  -  MemoryUsage of job (MB)
	1262324  -  ResidentSetSize of job (KB)
...
006 (16720545.004.000) 06/25 23:57:51 Image size of job updated: 1262360
	1233  -  MemoryUsage of job (MB)
	1262360  -  ResidentSetSize of job (KB)
...
006 (16720545.004.000) 06/26 00:02:52 Image size of job updated: 1262412
	1233  -  MemoryUsage of job (MB)
	1262412  -  ResidentSetSize of job (KB)
...
006 (16720545.004.000) 06/26 00:07:52 Image size of job updated: 1262548
	1233  -  MemoryUsage of job (MB)
	1262548  -  ResidentSetSize of job (KB)
...
006 (16720545.004.000) 06/26 00:12:52 Image size of job updated: 1262588
	1233  -  MemoryUsage of job (MB)
	1262588  -  ResidentSetSize of job (KB)
...
006 (16720545.004.000) 06/26 00:17:53 Image size of job updated: 1262632
	1234  -  MemoryUsage of job (MB)
	1262632  -  ResidentSetSize of job (KB)
...
006 (16720545.004.000) 06/26 00:22:53 Image size of job updated: 1262780
	1234  -  MemoryUsage of job (MB)
	1262780  -  ResidentSetSize of job (KB)
...
006 (16720545.004.000) 06/26 00:27:53 Image size of job updated: 1262832
	1234  -  MemoryUsage of job (MB)
	1262832  -  ResidentSetSize of job (KB)
...
006 (16720545.004.000) 06/26 00:32:54 Image size of job updated: 1262872
	1234  -  MemoryUsage of job (MB)
	1262872  -  ResidentSetSize of job (KB)
...
006 (16720545.004.000) 06/26 00:37:55 Image size of job updated: 1262920
	1234  -  MemoryUsage of job (MB)
	1262920  -  ResidentSetSize of job (KB)
...
006 (16720545.004.000) 06/26 00:42:55 Image size of job updated: 1262960
	1234  -  MemoryUsage of job (MB)
	1262960  -  ResidentSetSize of job (KB)
...
006 (16720545.004.000) 06/26 00:47:56 Image size of job updated: 1263004
	1234  -  MemoryUsage of job (MB)
	1263004  -  ResidentSetSize of job (KB)
...
006 (16720545.004.000) 06/26 00:52:57 Image size of job updated: 1263036
	1234  -  MemoryUsage of job (MB)
	1263036  -  ResidentSetSize of job (KB)
...
006 (16720545.004.000) 06/26 00:57:57 Image size of job updated: 1263076
	1234  -  MemoryUsage of job (MB)
	1263076  -  ResidentSetSize of job (KB)
...
006 (16720545.004.000) 06/26 01:02:58 Image size of job updated: 1263148
	1234  -  MemoryUsage of job (MB)
	1263148  -  ResidentSetSize of job (KB)
...
006 (16720545.004.000) 06/26 01:07:59 Image size of job updated: 1263204
	1234  -  MemoryUsage of job (MB)
	1263204  -  ResidentSetSize of job (KB)
...
006 (16720545.004.000) 06/26 01:12:59 Image size of job updated: 1263232
	1234  -  MemoryUsage of job (MB)
	1263232  -  ResidentSetSize of job (KB)
...
006 (16720545.004.000) 06/26 01:18:00 Image size of job updated: 1263280
	1234  -  MemoryUsage of job (MB)
	1263280  -  ResidentSetSize of job (KB)
...
006 (16720545.004.000) 06/26 01:23:01 Image size of job updated: 1263320
	1234  -  MemoryUsage of job (MB)
	1263320  -  ResidentSetSize of job (KB)
...
006 (16720545.004.000) 06/26 01:28:01 Image size of job updated: 1263364
	1234  -  MemoryUsage of job (MB)
	1263364  -  ResidentSetSize of job (KB)
...
006 (16720545.004.000) 06/26 01:33:01 Image size of job updated: 1263508
	1234  -  MemoryUsage of job (MB)
	1263508  -  ResidentSetSize of job (KB)
...
006 (16720545.004.000) 06/26 01:38:02 Image size of job updated: 1263548
	1234  -  MemoryUsage of job (MB)
	1263548  -  ResidentSetSize of job (KB)
...
006 (16720545.004.000) 06/26 01:43:02 Image size of job updated: 1263588
	1234  -  MemoryUsage of job (MB)
	1263588  -  ResidentSetSize of job (KB)
...
006 (16720545.004.000) 06/26 01:48:02 Image size of job updated: 1263632
	1235  -  MemoryUsage of job (MB)
	1263632  -  ResidentSetSize of job (KB)
...
006 (16720545.004.000) 06/26 01:53:03 Image size of job updated: 1263672
	1235  -  MemoryUsage of job (MB)
	1263672  -  ResidentSetSize of job (KB)
...
006 (16720545.004.000) 06/26 01:58:03 Image size of job updated: 1263720
	1235  -  MemoryUsage of job (MB)
	1263720  -  ResidentSetSize of job (KB)
...
006 (16720545.004.000) 06/26 02:03:03 Image size of job updated: 1263760
	1235  -  MemoryUsage of job (MB)
	1263760  -  ResidentSetSize of job (KB)
...
006 (16720545.004.000) 06/26 02:08:04 Image size of job updated: 1263804
	1235  -  MemoryUsage of job (MB)
	1263804  -  ResidentSetSize of job (KB)
...
006 (16720545.004.000) 06/26 02:13:04 Image size of job updated: 1263840
	1235  -  MemoryUsage of job (MB)
	1263840  -  ResidentSetSize of job (KB)
...
006 (16720545.004.000) 06/26 02:18:04 Image size of job updated: 1263892
	1235  -  MemoryUsage of job (MB)
	1263892  -  ResidentSetSize of job (KB)
...
006 (16720545.004.000) 06/26 02:23:05 Image size of job updated: 1263924
	1235  -  MemoryUsage of job (MB)
	1263924  -  ResidentSetSize of job (KB)
...
006 (16720545.004.000) 06/26 02:28:05 Image size of job updated: 1263972
	1235  -  MemoryUsage of job (MB)
	1263972  -  ResidentSetSize of job (KB)
...
006 (16720545.004.000) 06/26 02:33:05 Image size of job updated: 1264008
	1235  -  MemoryUsage of job (MB)
	1264008  -  ResidentSetSize of job (KB)
...
006 (16720545.004.000) 06/26 02:38:06 Image size of job updated: 1264056
	1235  -  MemoryUsage of job (MB)
	1264056  -  ResidentSetSize of job (KB)
...
006 (16720545.004.000) 06/26 02:43:06 Image size of job updated: 1264244
	1235  -  MemoryUsage of job (MB)
	1264244  -  ResidentSetSize of job (KB)
...
006 (16720545.004.000) 06/26 02:48:06 Image size of job updated: 1264284
	1235  -  MemoryUsage of job (MB)
	1264284  -  ResidentSetSize of job (KB)
...
006 (16720545.004.000) 06/26 02:53:07 Image size of job updated: 1264324
	1235  -  MemoryUsage of job (MB)
	1264324  -  ResidentSetSize of job (KB)
...
006 (16720545.004.000) 06/26 02:58:08 Image size of job updated: 1264364
	1235  -  MemoryUsage of job (MB)
	1264364  -  ResidentSetSize of job (KB)
...
006 (16720545.004.000) 06/26 03:03:08 Image size of job updated: 1264404
	1235  -  MemoryUsage of job (MB)
	1264404  -  ResidentSetSize of job (KB)
...
006 (16720545.004.000) 06/26 03:08:09 Image size of job updated: 1264452
	1235  -  MemoryUsage of job (MB)
	1264452  -  ResidentSetSize of job (KB)
...
006 (16720545.004.000) 06/26 03:13:10 Image size of job updated: 1264484
	1235  -  MemoryUsage of job (MB)
	1264484  -  ResidentSetSize of job (KB)
...
006 (16720545.004.000) 06/26 03:18:10 Image size of job updated: 1264532
	1235  -  MemoryUsage of job (MB)
	1264532  -  ResidentSetSize of job (KB)
...
006 (16720545.004.000) 06/26 03:23:11 Image size of job updated: 1264576
	1235  -  MemoryUsage of job (MB)
	1264576  -  ResidentSetSize of job (KB)
...
006 (16720545.004.000) 06/26 03:28:12 Image size of job updated: 1264612
	1235  -  MemoryUsage of job (MB)
	1264612  -  ResidentSetSize of job (KB)
...
006 (16720545.004.000) 06/26 03:33:12 Image size of job updated: 1264652
	1236  -  MemoryUsage of job (MB)
	1264652  -  ResidentSetSize of job (KB)
...
006 (16720545.004.000) 06/26 03:38:13 Image size of job updated: 1264700
	1236  -  MemoryUsage of job (MB)
	1264700  -  ResidentSetSize of job (KB)
...
006 (16720545.004.000) 06/26 03:43:13 Image size of job updated: 1264728
	1236  -  MemoryUsage of job (MB)
	1264728  -  ResidentSetSize of job (KB)
...
006 (16720545.004.000) 06/26 03:48:13 Image size of job updated: 1264788
	1236  -  MemoryUsage of job (MB)
	1264788  -  ResidentSetSize of job (KB)
...
006 (16720545.004.000) 06/26 03:53:14 Image size of job updated: 1264824
	1236  -  MemoryUsage of job (MB)
	1264824  -  ResidentSetSize of job (KB)
...
006 (16720545.004.000) 06/26 03:58:14 Image size of job updated: 1264872
	1236  -  MemoryUsage of job (MB)
	1264872  -  ResidentSetSize of job (KB)
...
006 (16720545.004.000) 06/26 04:03:15 Image size of job updated: 1264904
	1236  -  MemoryUsage of job (MB)
	1264904  -  ResidentSetSize of job (KB)
...
006 (16720545.004.000) 06/26 04:08:16 Image size of job updated: 1264944
	1236  -  MemoryUsage of job (MB)
	1264944  -  ResidentSetSize of job (KB)
...
006 (16720545.004.000) 06/26 04:13:16 Image size of job updated: 1264980
	1236  -  MemoryUsage of job (MB)
	1264980  -  ResidentSetSize of job (KB)
...
006 (16720545.004.000) 06/26 04:18:17 Image size of job updated: 1265012
	1236  -  MemoryUsage of job (MB)
	1265012  -  ResidentSetSize of job (KB)
...
006 (16720545.004.000) 06/26 04:23:18 Image size of job updated: 1265044
	1236  -  MemoryUsage of job (MB)
	1265044  -  ResidentSetSize of job (KB)
...
006 (16720545.004.000) 06/26 04:28:18 Image size of job updated: 1265076
	1236  -  MemoryUsage of job (MB)
	1265076  -  ResidentSetSize of job (KB)
...
006 (16720545.004.000) 06/26 04:33:19 Image size of job updated: 1265120
	1236  -  MemoryUsage of job (MB)
	1265120  -  ResidentSetSize of job (KB)
...
006 (16720545.004.000) 06/26 04:38:19 Image size of job updated: 1265168
	1236  -  MemoryUsage of job (MB)
	1265168  -  ResidentSetSize of job (KB)
...
006 (16720545.004.000) 06/26 04:43:19 Image size of job updated: 1265212
	1236  -  MemoryUsage of job (MB)
	1265212  -  ResidentSetSize of job (KB)
...
006 (16720545.004.000) 06/26 04:48:20 Image size of job updated: 1265260
	1236  -  MemoryUsage of job (MB)
	1265260  -  ResidentSetSize of job (KB)
...
006 (16720545.004.000) 06/26 04:53:20 Image size of job updated: 1265300
	1236  -  MemoryUsage of job (MB)
	1265300  -  ResidentSetSize of job (KB)
...
006 (16720545.004.000) 06/26 04:58:21 Image size of job updated: 1265348
	1236  -  MemoryUsage of job (MB)
	1265348  -  ResidentSetSize of job (KB)
...
006 (16720545.004.000) 06/26 05:03:22 Image size of job updated: 1265388
	1236  -  MemoryUsage of job (MB)
	1265388  -  ResidentSetSize of job (KB)
...
006 (16720545.004.000) 06/26 05:08:22 Image size of job updated: 1265428
	1236  -  MemoryUsage of job (MB)
	1265428  -  ResidentSetSize of job (KB)
...
006 (16720545.004.000) 06/26 05:13:23 Image size of job updated: 1265484
	1236  -  MemoryUsage of job (MB)
	1265484  -  ResidentSetSize of job (KB)
...
006 (16720545.004.000) 06/26 05:18:24 Image size of job updated: 1265520
	1236  -  MemoryUsage of job (MB)
	1265520  -  ResidentSetSize of job (KB)
...
006 (16720545.004.000) 06/26 05:23:24 Image size of job updated: 1265568
	1236  -  MemoryUsage of job (MB)
	1265568  -  ResidentSetSize of job (KB)
...
006 (16720545.004.000) 06/26 05:28:25 Image size of job updated: 1265616
	1236  -  MemoryUsage of job (MB)
	1265616  -  ResidentSetSize of job (KB)
...
006 (16720545.004.000) 06/26 05:33:25 Image size of job updated: 1265652
	1236  -  MemoryUsage of job (MB)
	1265652  -  ResidentSetSize of job (KB)
...
006 (16720545.004.000) 06/26 05:38:25 Image size of job updated: 1265712
	1237  -  MemoryUsage of job (MB)
	1265712  -  ResidentSetSize of job (KB)
...
006 (16720545.004.000) 06/26 05:43:26 Image size of job updated: 1265764
	1237  -  MemoryUsage of job (MB)
	1265764  -  ResidentSetSize of job (KB)
...
006 (16720545.004.000) 06/26 05:48:26 Image size of job updated: 1267856
	1239  -  MemoryUsage of job (MB)
	1267856  -  ResidentSetSize of job (KB)
...
006 (16720545.004.000) 06/26 05:53:26 Image size of job updated: 1267900
	1239  -  MemoryUsage of job (MB)
	1267900  -  ResidentSetSize of job (KB)
...
006 (16720545.004.000) 06/26 05:58:27 Image size of job updated: 1268472
	1239  -  MemoryUsage of job (MB)
	1268472  -  ResidentSetSize of job (KB)
...
006 (16720545.004.000) 06/26 06:03:27 Image size of job updated: 1268504
	1239  -  MemoryUsage of job (MB)
	1268504  -  ResidentSetSize of job (KB)
...
006 (16720545.004.000) 06/26 06:08:27 Image size of job updated: 1268544
	1239  -  MemoryUsage of job (MB)
	1268544  -  ResidentSetSize of job (KB)
...
006 (16720545.004.000) 06/26 06:13:28 Image size of job updated: 1268580
	1239  -  MemoryUsage of job (MB)
	1268580  -  ResidentSetSize of job (KB)
...
006 (16720545.004.000) 06/26 06:18:28 Image size of job updated: 1268628
	1239  -  MemoryUsage of job (MB)
	1268628  -  ResidentSetSize of job (KB)
...
006 (16720545.004.000) 06/26 06:23:28 Image size of job updated: 1268680
	1239  -  MemoryUsage of job (MB)
	1268680  -  ResidentSetSize of job (KB)
...
006 (16720545.004.000) 06/26 06:28:29 Image size of job updated: 1268748
	1240  -  MemoryUsage of job (MB)
	1268748  -  ResidentSetSize of job (KB)
...
006 (16720545.004.000) 06/26 06:33:29 Image size of job updated: 1268784
	1240  -  MemoryUsage of job (MB)
	1268784  -  ResidentSetSize of job (KB)
...
006 (16720545.004.000) 06/26 06:38:30 Image size of job updated: 1268836
	1240  -  MemoryUsage of job (MB)
	1268836  -  ResidentSetSize of job (KB)
...
006 (16720545.004.000) 06/26 06:43:31 Image size of job updated: 1268888
	1240  -  MemoryUsage of job (MB)
	1268888  -  ResidentSetSize of job (KB)
...
006 (16720545.004.000) 06/26 06:48:31 Image size of job updated: 1268924
	1240  -  MemoryUsage of job (MB)
	1268924  -  ResidentSetSize of job (KB)
...
006 (16720545.004.000) 06/26 06:53:32 Image size of job updated: 1268964
	1240  -  MemoryUsage of job (MB)
	1268964  -  ResidentSetSize of job (KB)
...
006 (16720545.004.000) 06/26 06:58:33 Image size of job updated: 1269492
	1240  -  MemoryUsage of job (MB)
	1269492  -  ResidentSetSize of job (KB)
...
006 (16720545.004.000) 06/26 07:03:33 Image size of job updated: 1270640
	1241  -  MemoryUsage of job (MB)
	1270640  -  ResidentSetSize of job (KB)
...
006 (16720545.004.000) 06/26 07:08:34 Image size of job updated: 1295556
	1266  -  MemoryUsage of job (MB)
	1295556  -  ResidentSetSize of job (KB)
...
006 (16720545.004.000) 06/26 07:13:34 Image size of job updated: 1295588
	1266  -  MemoryUsage of job (MB)
	1295588  -  ResidentSetSize of job (KB)
...
006 (16720545.004.000) 06/26 07:18:34 Image size of job updated: 1295620
	1266  -  MemoryUsage of job (MB)
	1295620  -  ResidentSetSize of job (KB)
...
006 (16720545.004.000) 06/26 07:23:35 Image size of job updated: 1295632
	1266  -  MemoryUsage of job (MB)
	1295632  -  ResidentSetSize of job (KB)
...
006 (16720545.004.000) 06/26 08:53:43 Image size of job updated: 1295644
	1266  -  MemoryUsage of job (MB)
	1295644  -  ResidentSetSize of job (KB)
...
006 (16720545.004.000) 06/26 08:58:44 Image size of job updated: 1295692
	1266  -  MemoryUsage of job (MB)
	1295692  -  ResidentSetSize of job (KB)
...
006 (16720545.004.000) 06/26 09:03:45 Image size of job updated: 1295744
	1266  -  MemoryUsage of job (MB)
	1295744  -  ResidentSetSize of job (KB)
...
006 (16720545.004.000) 06/26 09:08:45 Image size of job updated: 1295792
	1266  -  MemoryUsage of job (MB)
	1295792  -  ResidentSetSize of job (KB)
...
006 (16720545.004.000) 06/26 09:13:46 Image size of job updated: 1295844
	1266  -  MemoryUsage of job (MB)
	1295844  -  ResidentSetSize of job (KB)
...
006 (16720545.004.000) 06/26 09:18:47 Image size of job updated: 1295880
	1266  -  MemoryUsage of job (MB)
	1295880  -  ResidentSetSize of job (KB)
...
006 (16720545.004.000) 06/26 09:23:47 Image size of job updated: 1295928
	1266  -  MemoryUsage of job (MB)
	1295928  -  ResidentSetSize of job (KB)
...
006 (16720545.004.000) 06/26 09:28:48 Image size of job updated: 1295984
	1266  -  MemoryUsage of job (MB)
	1295984  -  ResidentSetSize of job (KB)
...
006 (16720545.004.000) 06/26 09:33:48 Image size of job updated: 1296028
	1266  -  MemoryUsage of job (MB)
	1296028  -  ResidentSetSize of job (KB)
...
006 (16720545.004.000) 06/26 09:38:48 Image size of job updated: 1296068
	1266  -  MemoryUsage of job (MB)
	1296068  -  ResidentSetSize of job (KB)
...
006 (16720545.004.000) 06/26 09:43:49 Image size of job updated: 1296116
	1266  -  MemoryUsage of job (MB)
	1296116  -  ResidentSetSize of job (KB)
...
006 (16720545.004.000) 06/26 09:48:49 Image size of job updated: 1296148
	1266  -  MemoryUsage of job (MB)
	1296148  -  ResidentSetSize of job (KB)
...
006 (16720545.004.000) 06/26 09:53:49 Image size of job updated: 1296196
	1266  -  MemoryUsage of job (MB)
	1296196  -  ResidentSetSize of job (KB)
...
006 (16720545.004.000) 06/26 09:58:50 Image size of job updated: 1296244
	1266  -  MemoryUsage of job (MB)
	1296244  -  ResidentSetSize of job (KB)
...
006 (16720545.004.000) 06/26 10:03:50 Image size of job updated: 1296284
	1266  -  MemoryUsage of job (MB)
	1296284  -  ResidentSetSize of job (KB)
...
006 (16720545.004.000) 06/26 10:08:51 Image size of job updated: 1296320
	1266  -  MemoryUsage of job (MB)
	1296320  -  ResidentSetSize of job (KB)
...
006 (16720545.004.000) 06/26 10:13:52 Image size of job updated: 1296368
	1266  -  MemoryUsage of job (MB)
	1296368  -  ResidentSetSize of job (KB)
...
006 (16720545.004.000) 06/26 10:18:52 Image size of job updated: 1296412
	1267  -  MemoryUsage of job (MB)
	1296412  -  ResidentSetSize of job (KB)
...
006 (16720545.004.000) 06/26 10:23:53 Image size of job updated: 1296452
	1267  -  MemoryUsage of job (MB)
	1296452  -  ResidentSetSize of job (KB)
...
006 (16720545.004.000) 06/26 10:28:54 Image size of job updated: 1296508
	1267  -  MemoryUsage of job (MB)
	1296508  -  ResidentSetSize of job (KB)
...
006 (16720545.004.000) 06/26 10:33:54 Image size of job updated: 1296568
	1267  -  MemoryUsage of job (MB)
	1296568  -  ResidentSetSize of job (KB)
...
006 (16720545.004.000) 06/26 10:38:55 Image size of job updated: 1296608
	1267  -  MemoryUsage of job (MB)
	1296608  -  ResidentSetSize of job (KB)
...
006 (16720545.004.000) 06/26 10:43:55 Image size of job updated: 1296652
	1267  -  MemoryUsage of job (MB)
	1296652  -  ResidentSetSize of job (KB)
...
006 (16720545.004.000) 06/26 10:48:55 Image size of job updated: 1296692
	1267  -  MemoryUsage of job (MB)
	1296692  -  ResidentSetSize of job (KB)
...
006 (16720545.004.000) 06/26 10:53:56 Image size of job updated: 1296740
	1267  -  MemoryUsage of job (MB)
	1296740  -  ResidentSetSize of job (KB)
...
006 (16720545.004.000) 06/26 10:58:56 Image size of job updated: 1296788
	1267  -  MemoryUsage of job (MB)
	1296788  -  ResidentSetSize of job (KB)
...
006 (16720545.004.000) 06/26 11:03:56 Image size of job updated: 1296832
	1267  -  MemoryUsage of job (MB)
	1296832  -  ResidentSetSize of job (KB)
...
006 (16720545.004.000) 06/26 11:08:57 Image size of job updated: 1296880
	1267  -  MemoryUsage of job (MB)
	1296880  -  ResidentSetSize of job (KB)
...
006 (16720545.004.000) 06/26 11:13:57 Image size of job updated: 1296952
	1267  -  MemoryUsage of job (MB)
	1296952  -  ResidentSetSize of job (KB)
...
006 (16720545.004.000) 06/26 11:18:57 Image size of job updated: 1297008
	1267  -  MemoryUsage of job (MB)
	1297008  -  ResidentSetSize of job (KB)
...
006 (16720545.004.000) 06/26 11:23:58 Image size of job updated: 1297056
	1267  -  MemoryUsage of job (MB)
	1297056  -  ResidentSetSize of job (KB)
...
006 (16720545.004.000) 06/26 11:28:58 Image size of job updated: 1297096
	1267  -  MemoryUsage of job (MB)
	1297096  -  ResidentSetSize of job (KB)
...
006 (16720545.004.000) 06/26 11:33:59 Image size of job updated: 1297148
	1267  -  MemoryUsage of job (MB)
	1297148  -  ResidentSetSize of job (KB)
...
006 (16720545.004.000) 06/26 11:39:00 Image size of job updated: 1297188
	1267  -  MemoryUsage of job (MB)
	1297188  -  ResidentSetSize of job (KB)
...
006 (16720545.004.000) 06/26 11:44:00 Image size of job updated: 1297236
	1267  -  MemoryUsage of job (MB)
	1297236  -  ResidentSetSize of job (KB)
...
006 (16720545.004.000) 06/26 11:49:01 Image size of job updated: 1297276
	1267  -  MemoryUsage of job (MB)
	1297276  -  ResidentSetSize of job (KB)
...
006 (16720545.004.000) 06/26 11:54:02 Image size of job updated: 1297340
	1267  -  MemoryUsage of job (MB)
	1297340  -  ResidentSetSize of job (KB)
...
006 (16720545.004.000) 06/26 11:59:02 Image size of job updated: 1297380
	1267  -  MemoryUsage of job (MB)
	1297380  -  ResidentSetSize of job (KB)
...
006 (16720545.004.000) 06/26 12:04:03 Image size of job updated: 1297424
	1268  -  MemoryUsage of job (MB)
	1297424  -  ResidentSetSize of job (KB)
...
006 (16720545.004.000) 06/26 12:09:04 Image size of job updated: 1297472
	1268  -  MemoryUsage of job (MB)
	1297472  -  ResidentSetSize of job (KB)
...
006 (16720545.004.000) 06/26 12:14:04 Image size of job updated: 1297512
	1268  -  MemoryUsage of job (MB)
	1297512  -  ResidentSetSize of job (KB)
...
006 (16720545.004.000) 06/26 12:19:05 Image size of job updated: 1297556
	1268  -  MemoryUsage of job (MB)
	1297556  -  ResidentSetSize of job (KB)
...
006 (16720545.004.000) 06/26 12:24:05 Image size of job updated: 1297604
	1268  -  MemoryUsage of job (MB)
	1297604  -  ResidentSetSize of job (KB)
...
006 (16720545.004.000) 06/26 12:29:05 Image size of job updated: 1297648
	1268  -  MemoryUsage of job (MB)
	1297648  -  ResidentSetSize of job (KB)
...
006 (16720545.004.000) 06/26 12:34:06 Image size of job updated: 1297700
	1268  -  MemoryUsage of job (MB)
	1297700  -  ResidentSetSize of job (KB)
...
006 (16720545.004.000) 06/26 12:39:06 Image size of job updated: 1297756
	1268  -  MemoryUsage of job (MB)
	1297756  -  ResidentSetSize of job (KB)
...
006 (16720545.004.000) 06/26 12:44:07 Image size of job updated: 1297824
	1268  -  MemoryUsage of job (MB)
	1297824  -  ResidentSetSize of job (KB)
...
006 (16720545.004.000) 06/26 12:49:08 Image size of job updated: 1297908
	1268  -  MemoryUsage of job (MB)
	1297908  -  ResidentSetSize of job (KB)
...
006 (16720545.004.000) 06/26 12:54:08 Image size of job updated: 1297984
	1268  -  MemoryUsage of job (MB)
	1297984  -  ResidentSetSize of job (KB)
...
006 (16720545.004.000) 06/26 12:59:09 Image size of job updated: 1298052
	1268  -  MemoryUsage of job (MB)
	1298052  -  ResidentSetSize of job (KB)
...
006 (16720545.004.000) 06/26 13:04:10 Image size of job updated: 1298112
	1268  -  MemoryUsage of job (MB)
	1298112  -  ResidentSetSize of job (KB)
...
006 (16720545.004.000) 06/26 13:09:10 Image size of job updated: 1298176
	1268  -  MemoryUsage of job (MB)
	1298176  -  ResidentSetSize of job (KB)
...
006 (16720545.004.000) 06/26 13:14:11 Image size of job updated: 1298256
	1268  -  MemoryUsage of job (MB)
	1298256  -  ResidentSetSize of job (KB)
...
006 (16720545.004.000) 06/26 13:19:11 Image size of job updated: 1298324
	1268  -  MemoryUsage of job (MB)
	1298324  -  ResidentSetSize of job (KB)
...
006 (16720545.004.000) 06/26 13:24:11 Image size of job updated: 1298404
	1268  -  MemoryUsage of job (MB)
	1298404  -  ResidentSetSize of job (KB)
...
006 (16720545.004.000) 06/26 13:27:14 Image size of job updated: 1298444
	1268  -  MemoryUsage of job (MB)
	1298404  -  ResidentSetSize of job (KB)
...
040 (16720545.004.000) 06/26 13:27:14 Started transferring output files
...
040 (16720545.004.000) 06/26 13:27:14 Finished transferring output files
...
009 (16720545.004.000) 06/26 13:27:14 Job was aborted.
	Job removed by SYSTEM_PERIODIC_REMOVE due to wall time exceeded allowed max.
...
