000 (17004348.006.000) 06/29 05:41:06 Job submitted from host: <188.185.114.121:9618?addrs=188.185.114.121-9618+[2001-1458-d00-a--100-273]-9618&alias=bigbird19.cern.ch&noUDP&sock=schedd_5103_cfe0>
...
040 (17004348.006.000) 06/29 09:52:45 Started transferring input files
	Transferring to host: <188.184.195.32:9618?addrs=188.184.195.32-9618+[2001-1458-301-72--100-33d]-9618&alias=b9g47n6060.cern.ch&noUDP&sock=slot1_1_5699_3601_12345>
...
040 (17004348.006.000) 06/29 09:52:45 Finished transferring input files
...
001 (17004348.006.000) 06/29 09:52:46 Job executing on host: <188.184.195.32:9618?addrs=188.184.195.32-9618+[2001-1458-301-72--100-33d]-9618&alias=b9g47n6060.cern.ch&noUDP&sock=startd_5651_b1c7>
	SlotName: slot1_1@b9g47n6060.cern.ch
	AvailableGPUs = { GPUs_GPU_10305a3e }
	CondorScratchDir = "/pool/condor/dir_1315535"
	Cpus = 3
	Disk = 8389632
	GPUs = 1
	GPUs_GPU_10305a3e = [ Id = "GPU-10305a3e"; ClockMhz = 1590.0; Capability = 7.5; CoresPerCU = 64; DeviceName = "Tesla T4"; DeviceUuid = "10305a3e-bed9-e887-2406-4eb9ceb8fe6b"; ECCEnabled = true; ComputeUnits = 40; DriverVersion = 13.0; DevicePciBusId = "0000:07:00.0"; GlobalMemoryMb = 14913; MaxSupportedVersion = 13000 ]
	Memory = 9000
...
006 (17004348.006.000) 06/29 09:52:59 Image size of job updated: 257196
	252  -  MemoryUsage of job (MB)
	257196  -  ResidentSetSize of job (KB)
...
006 (17004348.006.000) 06/29 09:57:59 Image size of job updated: 450408
	440  -  MemoryUsage of job (MB)
	450408  -  ResidentSetSize of job (KB)
...
006 (17004348.006.000) 06/29 10:03:00 Image size of job updated: 458152
	448  -  MemoryUsage of job (MB)
	458152  -  ResidentSetSize of job (KB)
...
006 (17004348.006.000) 06/29 10:08:01 Image size of job updated: 467116
	457  -  MemoryUsage of job (MB)
	467116  -  ResidentSetSize of job (KB)
...
006 (17004348.006.000) 06/29 10:13:01 Image size of job updated: 477512
	467  -  MemoryUsage of job (MB)
	477512  -  ResidentSetSize of job (KB)
...
006 (17004348.006.000) 06/29 10:18:01 Image size of job updated: 482160
	471  -  MemoryUsage of job (MB)
	482160  -  ResidentSetSize of job (KB)
...
006 (17004348.006.000) 06/29 10:23:02 Image size of job updated: 486496
	476  -  MemoryUsage of job (MB)
	486496  -  ResidentSetSize of job (KB)
...
006 (17004348.006.000) 06/29 10:28:02 Image size of job updated: 490708
	480  -  MemoryUsage of job (MB)
	490708  -  ResidentSetSize of job (KB)
...
006 (17004348.006.000) 06/29 10:33:02 Image size of job updated: 495600
	484  -  MemoryUsage of job (MB)
	495600  -  ResidentSetSize of job (KB)
...
006 (17004348.006.000) 06/29 10:38:03 Image size of job updated: 506080
	495  -  MemoryUsage of job (MB)
	506080  -  ResidentSetSize of job (KB)
...
006 (17004348.006.000) 06/29 10:43:03 Image size of job updated: 510204
	499  -  MemoryUsage of job (MB)
	510204  -  ResidentSetSize of job (KB)
...
006 (17004348.006.000) 06/29 10:48:03 Image size of job updated: 519172
	508  -  MemoryUsage of job (MB)
	519172  -  ResidentSetSize of job (KB)
...
006 (17004348.006.000) 06/29 10:53:04 Image size of job updated: 527480
	516  -  MemoryUsage of job (MB)
	527480  -  ResidentSetSize of job (KB)
...
006 (17004348.006.000) 06/29 10:58:05 Image size of job updated: 532624
	521  -  MemoryUsage of job (MB)
	532624  -  ResidentSetSize of job (KB)
...
006 (17004348.006.000) 06/29 11:03:05 Image size of job updated: 537564
	525  -  MemoryUsage of job (MB)
	537564  -  ResidentSetSize of job (KB)
...
006 (17004348.006.000) 06/29 11:08:06 Image size of job updated: 543232
	531  -  MemoryUsage of job (MB)
	543232  -  ResidentSetSize of job (KB)
...
006 (17004348.006.000) 06/29 11:13:07 Image size of job updated: 554004
	542  -  MemoryUsage of job (MB)
	554004  -  ResidentSetSize of job (KB)
...
006 (17004348.006.000) 06/29 11:18:07 Image size of job updated: 564692
	552  -  MemoryUsage of job (MB)
	564692  -  ResidentSetSize of job (KB)
...
006 (17004348.006.000) 06/29 11:23:08 Image size of job updated: 576964
	564  -  MemoryUsage of job (MB)
	576964  -  ResidentSetSize of job (KB)
...
006 (17004348.006.000) 06/29 11:28:09 Image size of job updated: 577392
	564  -  MemoryUsage of job (MB)
	576964  -  ResidentSetSize of job (KB)
...
006 (17004348.006.000) 06/29 11:33:09 Image size of job updated: 660480
	645  -  MemoryUsage of job (MB)
	660480  -  ResidentSetSize of job (KB)
...
006 (17004348.006.000) 06/29 11:38:09 Image size of job updated: 661368
	646  -  MemoryUsage of job (MB)
	661368  -  ResidentSetSize of job (KB)
...
006 (17004348.006.000) 06/29 11:43:10 Image size of job updated: 665572
	650  -  MemoryUsage of job (MB)
	665572  -  ResidentSetSize of job (KB)
...
006 (17004348.006.000) 06/29 11:48:10 Image size of job updated: 751776
	735  -  MemoryUsage of job (MB)
	751776  -  ResidentSetSize of job (KB)
...
006 (17004348.006.000) 06/29 11:53:10 Image size of job updated: 1146388
	1120  -  MemoryUsage of job (MB)
	1146388  -  ResidentSetSize of job (KB)
...
006 (17004348.006.000) 06/29 11:58:11 Image size of job updated: 1146716
	1120  -  MemoryUsage of job (MB)
	1146716  -  ResidentSetSize of job (KB)
...
006 (17004348.006.000) 06/29 12:03:12 Image size of job updated: 1147256
	1121  -  MemoryUsage of job (MB)
	1147256  -  ResidentSetSize of job (KB)
...
006 (17004348.006.000) 06/29 12:08:12 Image size of job updated: 1147364
	1121  -  MemoryUsage of job (MB)
	1147364  -  ResidentSetSize of job (KB)
...
006 (17004348.006.000) 06/29 12:13:13 Image size of job updated: 1147596
	1121  -  MemoryUsage of job (MB)
	1147596  -  ResidentSetSize of job (KB)
...
006 (17004348.006.000) 06/29 12:18:14 Image size of job updated: 1147832
	1121  -  MemoryUsage of job (MB)
	1147832  -  ResidentSetSize of job (KB)
...
006 (17004348.006.000) 06/29 12:23:14 Image size of job updated: 1147960
	1122  -  MemoryUsage of job (MB)
	1147960  -  ResidentSetSize of job (KB)
...
006 (17004348.006.000) 06/29 12:28:15 Image size of job updated: 1252764
	1224  -  MemoryUsage of job (MB)
	1252764  -  ResidentSetSize of job (KB)
...
006 (17004348.006.000) 06/29 12:33:16 Image size of job updated: 1273092
	1244  -  MemoryUsage of job (MB)
	1273092  -  ResidentSetSize of job (KB)
...
006 (17004348.006.000) 06/29 12:38:16 Image size of job updated: 1273224
	1244  -  MemoryUsage of job (MB)
	1273224  -  ResidentSetSize of job (KB)
...
006 (17004348.006.000) 06/29 12:43:16 Image size of job updated: 1273508
	1244  -  MemoryUsage of job (MB)
	1273508  -  ResidentSetSize of job (KB)
...
006 (17004348.006.000) 06/29 12:48:17 Image size of job updated: 1273680
	1244  -  MemoryUsage of job (MB)
	1273680  -  ResidentSetSize of job (KB)
...
006 (17004348.006.000) 06/29 12:53:17 Image size of job updated: 1274120
	1245  -  MemoryUsage of job (MB)
	1274120  -  ResidentSetSize of job (KB)
...
006 (17004348.006.000) 06/29 12:58:17 Image size of job updated: 1274296
	1245  -  MemoryUsage of job (MB)
	1274296  -  ResidentSetSize of job (KB)
...
006 (17004348.006.000) 06/29 13:03:18 Image size of job updated: 1274456
	1245  -  MemoryUsage of job (MB)
	1274456  -  ResidentSetSize of job (KB)
...
006 (17004348.006.000) 06/29 13:08:18 Image size of job updated: 1274684
	1245  -  MemoryUsage of job (MB)
	1274684  -  ResidentSetSize of job (KB)
...
006 (17004348.006.000) 06/29 13:13:18 Image size of job updated: 1274832
	1245  -  MemoryUsage of job (MB)
	1274832  -  ResidentSetSize of job (KB)
...
006 (17004348.006.000) 06/29 13:18:20 Image size of job updated: 1274976
	1246  -  MemoryUsage of job (MB)
	1274976  -  ResidentSetSize of job (KB)
...
006 (17004348.006.000) 06/29 13:23:20 Image size of job updated: 1275088
	1246  -  MemoryUsage of job (MB)
	1275088  -  ResidentSetSize of job (KB)
...
006 (17004348.006.000) 06/29 13:28:20 Image size of job updated: 1275280
	1246  -  MemoryUsage of job (MB)
	1275280  -  ResidentSetSize of job (KB)
...
006 (17004348.006.000) 06/29 13:33:21 Image size of job updated: 1275448
	1246  -  MemoryUsage of job (MB)
	1275448  -  ResidentSetSize of job (KB)
...
006 (17004348.006.000) 06/29 13:38:22 Image size of job updated: 1275636
	1246  -  MemoryUsage of job (MB)
	1275636  -  ResidentSetSize of job (KB)
...
006 (17004348.006.000) 06/29 13:43:22 Image size of job updated: 1276028
	1247  -  MemoryUsage of job (MB)
	1276028  -  ResidentSetSize of job (KB)
...
006 (17004348.006.000) 06/29 13:48:23 Image size of job updated: 1276144
	1247  -  MemoryUsage of job (MB)
	1276144  -  ResidentSetSize of job (KB)
...
006 (17004348.006.000) 06/29 13:53:24 Image size of job updated: 1276340
	1247  -  MemoryUsage of job (MB)
	1276340  -  ResidentSetSize of job (KB)
...
006 (17004348.006.000) 06/29 13:58:24 Image size of job updated: 1276452
	1247  -  MemoryUsage of job (MB)
	1276452  -  ResidentSetSize of job (KB)
...
006 (17004348.006.000) 06/29 14:03:25 Image size of job updated: 1276608
	1247  -  MemoryUsage of job (MB)
	1276608  -  ResidentSetSize of job (KB)
...
006 (17004348.006.000) 06/29 14:08:26 Image size of job updated: 1276760
	1247  -  MemoryUsage of job (MB)
	1276760  -  ResidentSetSize of job (KB)
...
006 (17004348.006.000) 06/29 14:13:26 Image size of job updated: 1276940
	1248  -  MemoryUsage of job (MB)
	1276940  -  ResidentSetSize of job (KB)
...
006 (17004348.006.000) 06/29 14:18:27 Image size of job updated: 1277100
	1248  -  MemoryUsage of job (MB)
	1277100  -  ResidentSetSize of job (KB)
...
006 (17004348.006.000) 06/29 14:23:28 Image size of job updated: 1277228
	1248  -  MemoryUsage of job (MB)
	1277228  -  ResidentSetSize of job (KB)
...
006 (17004348.006.000) 06/29 14:28:28 Image size of job updated: 1284024
	1254  -  MemoryUsage of job (MB)
	1284024  -  ResidentSetSize of job (KB)
...
006 (17004348.006.000) 06/29 14:33:29 Image size of job updated: 1284212
	1255  -  MemoryUsage of job (MB)
	1284212  -  ResidentSetSize of job (KB)
...
006 (17004348.006.000) 06/29 14:38:30 Image size of job updated: 1284372
	1255  -  MemoryUsage of job (MB)
	1284372  -  ResidentSetSize of job (KB)
...
006 (17004348.006.000) 06/29 14:43:30 Image size of job updated: 1284488
	1255  -  MemoryUsage of job (MB)
	1284488  -  ResidentSetSize of job (KB)
...
006 (17004348.006.000) 06/29 14:48:30 Image size of job updated: 1284620
	1255  -  MemoryUsage of job (MB)
	1284620  -  ResidentSetSize of job (KB)
...
006 (17004348.006.000) 06/29 14:53:31 Image size of job updated: 1284796
	1255  -  MemoryUsage of job (MB)
	1284796  -  ResidentSetSize of job (KB)
...
006 (17004348.006.000) 06/29 14:58:31 Image size of job updated: 1284936
	1255  -  MemoryUsage of job (MB)
	1284936  -  ResidentSetSize of job (KB)
...
006 (17004348.006.000) 06/29 15:03:31 Image size of job updated: 1285376
	1256  -  MemoryUsage of job (MB)
	1285376  -  ResidentSetSize of job (KB)
...
006 (17004348.006.000) 06/29 15:08:32 Image size of job updated: 1288908
	1259  -  MemoryUsage of job (MB)
	1288908  -  ResidentSetSize of job (KB)
...
006 (17004348.006.000) 06/29 15:13:33 Image size of job updated: 1289064
	1259  -  MemoryUsage of job (MB)
	1289064  -  ResidentSetSize of job (KB)
...
006 (17004348.006.000) 06/29 15:18:33 Image size of job updated: 1289240
	1260  -  MemoryUsage of job (MB)
	1289240  -  ResidentSetSize of job (KB)
...
006 (17004348.006.000) 06/29 15:23:34 Image size of job updated: 1289408
	1260  -  MemoryUsage of job (MB)
	1289408  -  ResidentSetSize of job (KB)
...
006 (17004348.006.000) 06/29 15:28:35 Image size of job updated: 1289548
	1260  -  MemoryUsage of job (MB)
	1289548  -  ResidentSetSize of job (KB)
...
006 (17004348.006.000) 06/29 15:33:35 Image size of job updated: 1289712
	1260  -  MemoryUsage of job (MB)
	1289712  -  ResidentSetSize of job (KB)
...
006 (17004348.006.000) 06/29 15:38:36 Image size of job updated: 1289868
	1260  -  MemoryUsage of job (MB)
	1289868  -  ResidentSetSize of job (KB)
...
006 (17004348.006.000) 06/29 15:43:37 Image size of job updated: 1290024
	1260  -  MemoryUsage of job (MB)
	1290024  -  ResidentSetSize of job (KB)
...
006 (17004348.006.000) 06/29 15:48:37 Image size of job updated: 1290168
	1260  -  MemoryUsage of job (MB)
	1290168  -  ResidentSetSize of job (KB)
...
006 (17004348.006.000) 06/29 15:53:37 Image size of job updated: 1290564
	1261  -  MemoryUsage of job (MB)
	1290564  -  ResidentSetSize of job (KB)
...
006 (17004348.006.000) 06/29 15:58:38 Image size of job updated: 1290700
	1261  -  MemoryUsage of job (MB)
	1290700  -  ResidentSetSize of job (KB)
...
006 (17004348.006.000) 06/29 16:03:38 Image size of job updated: 1291184
	1261  -  MemoryUsage of job (MB)
	1291184  -  ResidentSetSize of job (KB)
...
006 (17004348.006.000) 06/29 16:08:38 Image size of job updated: 1291188
	1261  -  MemoryUsage of job (MB)
	1291188  -  ResidentSetSize of job (KB)
...
006 (17004348.006.000) 06/29 16:13:39 Image size of job updated: 1291200
	1261  -  MemoryUsage of job (MB)
	1291200  -  ResidentSetSize of job (KB)
...
006 (17004348.006.000) 06/29 16:18:40 Image size of job updated: 1291348
	1262  -  MemoryUsage of job (MB)
	1291348  -  ResidentSetSize of job (KB)
...
006 (17004348.006.000) 06/29 16:23:40 Image size of job updated: 1291516
	1262  -  MemoryUsage of job (MB)
	1291516  -  ResidentSetSize of job (KB)
...
006 (17004348.006.000) 06/29 16:28:41 Image size of job updated: 1291652
	1262  -  MemoryUsage of job (MB)
	1291652  -  ResidentSetSize of job (KB)
...
006 (17004348.006.000) 06/29 16:33:42 Image size of job updated: 1291800
	1262  -  MemoryUsage of job (MB)
	1291800  -  ResidentSetSize of job (KB)
...
006 (17004348.006.000) 06/29 16:38:42 Image size of job updated: 1291960
	1262  -  MemoryUsage of job (MB)
	1291960  -  ResidentSetSize of job (KB)
...
006 (17004348.006.000) 06/29 16:43:43 Image size of job updated: 1292076
	1262  -  MemoryUsage of job (MB)
	1292076  -  ResidentSetSize of job (KB)
...
006 (17004348.006.000) 06/29 16:48:44 Image size of job updated: 1292208
	1262  -  MemoryUsage of job (MB)
	1292208  -  ResidentSetSize of job (KB)
...
006 (17004348.006.000) 06/29 16:53:44 Image size of job updated: 1292388
	1263  -  MemoryUsage of job (MB)
	1292388  -  ResidentSetSize of job (KB)
...
006 (17004348.006.000) 06/29 16:58:44 Image size of job updated: 1293012
	1263  -  MemoryUsage of job (MB)
	1293012  -  ResidentSetSize of job (KB)
...
006 (17004348.006.000) 06/29 17:03:45 Image size of job updated: 1293168
	1263  -  MemoryUsage of job (MB)
	1293168  -  ResidentSetSize of job (KB)
...
006 (17004348.006.000) 06/29 17:08:45 Image size of job updated: 1293244
	1263  -  MemoryUsage of job (MB)
	1293244  -  ResidentSetSize of job (KB)
...
006 (17004348.006.000) 06/29 17:18:46 Image size of job updated: 1293272
	1263  -  MemoryUsage of job (MB)
	1293272  -  ResidentSetSize of job (KB)
...
006 (17004348.006.000) 06/29 17:23:46 Image size of job updated: 1293400
	1264  -  MemoryUsage of job (MB)
	1293400  -  ResidentSetSize of job (KB)
...
006 (17004348.006.000) 06/29 17:28:46 Image size of job updated: 1295632
	1266  -  MemoryUsage of job (MB)
	1295632  -  ResidentSetSize of job (KB)
...
006 (17004348.006.000) 06/29 17:33:47 Image size of job updated: 1295804
	1266  -  MemoryUsage of job (MB)
	1295804  -  ResidentSetSize of job (KB)
...
006 (17004348.006.000) 06/29 17:38:48 Image size of job updated: 1295984
	1266  -  MemoryUsage of job (MB)
	1295984  -  ResidentSetSize of job (KB)
...
006 (17004348.006.000) 06/29 17:43:48 Image size of job updated: 1296148
	1266  -  MemoryUsage of job (MB)
	1296148  -  ResidentSetSize of job (KB)
...
006 (17004348.006.000) 06/29 17:48:49 Image size of job updated: 1296340
	1266  -  MemoryUsage of job (MB)
	1296340  -  ResidentSetSize of job (KB)
...
006 (17004348.006.000) 06/29 17:53:50 Image size of job updated: 1296468
	1267  -  MemoryUsage of job (MB)
	1296468  -  ResidentSetSize of job (KB)
...
006 (17004348.006.000) 06/29 17:58:50 Image size of job updated: 1296652
	1267  -  MemoryUsage of job (MB)
	1296652  -  ResidentSetSize of job (KB)
...
006 (17004348.006.000) 06/29 18:03:51 Image size of job updated: 1296780
	1267  -  MemoryUsage of job (MB)
	1296780  -  ResidentSetSize of job (KB)
...
006 (17004348.006.000) 06/29 18:08:52 Image size of job updated: 1296944
	1267  -  MemoryUsage of job (MB)
	1296944  -  ResidentSetSize of job (KB)
...
006 (17004348.006.000) 06/29 18:13:52 Image size of job updated: 1297080
	1267  -  MemoryUsage of job (MB)
	1297080  -  ResidentSetSize of job (KB)
...
006 (17004348.006.000) 06/29 18:18:53 Image size of job updated: 1297216
	1267  -  MemoryUsage of job (MB)
	1297216  -  ResidentSetSize of job (KB)
...
006 (17004348.006.000) 06/29 18:23:54 Image size of job updated: 1297360
	1267  -  MemoryUsage of job (MB)
	1297360  -  ResidentSetSize of job (KB)
...
006 (17004348.006.000) 06/29 18:28:54 Image size of job updated: 1297496
	1268  -  MemoryUsage of job (MB)
	1297496  -  ResidentSetSize of job (KB)
...
006 (17004348.006.000) 06/29 18:33:55 Image size of job updated: 1297648
	1268  -  MemoryUsage of job (MB)
	1297648  -  ResidentSetSize of job (KB)
...
006 (17004348.006.000) 06/29 18:38:56 Image size of job updated: 1297804
	1268  -  MemoryUsage of job (MB)
	1297804  -  ResidentSetSize of job (KB)
...
006 (17004348.006.000) 06/29 18:43:56 Image size of job updated: 1297960
	1268  -  MemoryUsage of job (MB)
	1297960  -  ResidentSetSize of job (KB)
...
006 (17004348.006.000) 06/29 18:48:56 Image size of job updated: 1298084
	1268  -  MemoryUsage of job (MB)
	1298084  -  ResidentSetSize of job (KB)
...
006 (17004348.006.000) 06/29 18:53:57 Image size of job updated: 1298204
	1268  -  MemoryUsage of job (MB)
	1298204  -  ResidentSetSize of job (KB)
...
006 (17004348.006.000) 06/29 18:58:57 Image size of job updated: 1298360
	1268  -  MemoryUsage of job (MB)
	1298360  -  ResidentSetSize of job (KB)
...
006 (17004348.006.000) 06/29 19:03:57 Image size of job updated: 1298524
	1269  -  MemoryUsage of job (MB)
	1298524  -  ResidentSetSize of job (KB)
...
006 (17004348.006.000) 06/29 19:08:59 Image size of job updated: 1299408
	1269  -  MemoryUsage of job (MB)
	1299408  -  ResidentSetSize of job (KB)
...
006 (17004348.006.000) 06/29 19:13:59 Image size of job updated: 1299584
	1270  -  MemoryUsage of job (MB)
	1299584  -  ResidentSetSize of job (KB)
...
006 (17004348.006.000) 06/29 19:18:59 Image size of job updated: 1299728
	1270  -  MemoryUsage of job (MB)
	1299728  -  ResidentSetSize of job (KB)
...
006 (17004348.006.000) 06/29 19:24:00 Image size of job updated: 1299864
	1270  -  MemoryUsage of job (MB)
	1299864  -  ResidentSetSize of job (KB)
...
006 (17004348.006.000) 06/29 19:29:01 Image size of job updated: 1300012
	1270  -  MemoryUsage of job (MB)
	1300012  -  ResidentSetSize of job (KB)
...
006 (17004348.006.000) 06/29 19:34:01 Image size of job updated: 1300176
	1270  -  MemoryUsage of job (MB)
	1300176  -  ResidentSetSize of job (KB)
...
006 (17004348.006.000) 06/29 19:39:02 Image size of job updated: 1300332
	1270  -  MemoryUsage of job (MB)
	1300332  -  ResidentSetSize of job (KB)
...
006 (17004348.006.000) 06/29 19:44:03 Image size of job updated: 1300424
	1270  -  MemoryUsage of job (MB)
	1300424  -  ResidentSetSize of job (KB)
...
006 (17004348.006.000) 06/29 19:49:03 Image size of job updated: 1300556
	1271  -  MemoryUsage of job (MB)
	1300556  -  ResidentSetSize of job (KB)
...
006 (17004348.006.000) 06/29 19:54:04 Image size of job updated: 1300688
	1271  -  MemoryUsage of job (MB)
	1300688  -  ResidentSetSize of job (KB)
...
006 (17004348.006.000) 06/29 19:59:05 Image size of job updated: 1300928
	1271  -  MemoryUsage of job (MB)
	1300928  -  ResidentSetSize of job (KB)
...
006 (17004348.006.000) 06/29 20:04:05 Image size of job updated: 1301032
	1271  -  MemoryUsage of job (MB)
	1301032  -  ResidentSetSize of job (KB)
...
006 (17004348.006.000) 06/29 20:09:06 Image size of job updated: 1301212
	1271  -  MemoryUsage of job (MB)
	1301212  -  ResidentSetSize of job (KB)
...
006 (17004348.006.000) 06/29 20:14:07 Image size of job updated: 1301352
	1271  -  MemoryUsage of job (MB)
	1301352  -  ResidentSetSize of job (KB)
...
006 (17004348.006.000) 06/29 20:19:07 Image size of job updated: 1301548
	1272  -  MemoryUsage of job (MB)
	1301548  -  ResidentSetSize of job (KB)
...
006 (17004348.006.000) 06/29 20:24:07 Image size of job updated: 1301756
	1272  -  MemoryUsage of job (MB)
	1301756  -  ResidentSetSize of job (KB)
...
006 (17004348.006.000) 06/29 20:29:08 Image size of job updated: 1302120
	1272  -  MemoryUsage of job (MB)
	1302120  -  ResidentSetSize of job (KB)
...
006 (17004348.006.000) 06/29 20:39:08 Image size of job updated: 1302200
	1272  -  MemoryUsage of job (MB)
	1302200  -  ResidentSetSize of job (KB)
...
006 (17004348.006.000) 06/29 20:44:09 Image size of job updated: 1302344
	1272  -  MemoryUsage of job (MB)
	1302344  -  ResidentSetSize of job (KB)
...
006 (17004348.006.000) 06/29 20:49:09 Image size of job updated: 1302520
	1272  -  MemoryUsage of job (MB)
	1302520  -  ResidentSetSize of job (KB)
...
006 (17004348.006.000) 06/29 20:54:09 Image size of job updated: 1302644
	1273  -  MemoryUsage of job (MB)
	1302644  -  ResidentSetSize of job (KB)
...
006 (17004348.006.000) 06/29 20:59:10 Image size of job updated: 1302740
	1273  -  MemoryUsage of job (MB)
	1302740  -  ResidentSetSize of job (KB)
...
006 (17004348.006.000) 06/29 21:04:11 Image size of job updated: 1302864
	1273  -  MemoryUsage of job (MB)
	1302864  -  ResidentSetSize of job (KB)
...
006 (17004348.006.000) 06/29 21:09:11 Image size of job updated: 1302992
	1273  -  MemoryUsage of job (MB)
	1302992  -  ResidentSetSize of job (KB)
...
006 (17004348.006.000) 06/29 21:14:12 Image size of job updated: 1303156
	1273  -  MemoryUsage of job (MB)
	1303156  -  ResidentSetSize of job (KB)
...
006 (17004348.006.000) 06/29 21:19:13 Image size of job updated: 1304168
	1274  -  MemoryUsage of job (MB)
	1304168  -  ResidentSetSize of job (KB)
...
006 (17004348.006.000) 06/29 21:49:15 Image size of job updated: 1304200
	1274  -  MemoryUsage of job (MB)
	1304200  -  ResidentSetSize of job (KB)
...
006 (17004348.006.000) 06/29 21:54:15 Image size of job updated: 1304304
	1274  -  MemoryUsage of job (MB)
	1304304  -  ResidentSetSize of job (KB)
...
006 (17004348.006.000) 06/29 21:59:15 Image size of job updated: 1304420
	1274  -  MemoryUsage of job (MB)
	1304420  -  ResidentSetSize of job (KB)
...
006 (17004348.006.000) 06/29 22:04:16 Image size of job updated: 1304592
	1275  -  MemoryUsage of job (MB)
	1304592  -  ResidentSetSize of job (KB)
...
006 (17004348.006.000) 06/29 22:09:17 Image size of job updated: 1304708
	1275  -  MemoryUsage of job (MB)
	1304708  -  ResidentSetSize of job (KB)
...
006 (17004348.006.000) 06/29 22:14:17 Image size of job updated: 1304848
	1275  -  MemoryUsage of job (MB)
	1304848  -  ResidentSetSize of job (KB)
...
006 (17004348.006.000) 06/29 22:19:18 Image size of job updated: 1304956
	1275  -  MemoryUsage of job (MB)
	1304956  -  ResidentSetSize of job (KB)
...
006 (17004348.006.000) 06/29 22:24:19 Image size of job updated: 1305116
	1275  -  MemoryUsage of job (MB)
	1305116  -  ResidentSetSize of job (KB)
...
006 (17004348.006.000) 06/29 22:29:19 Image size of job updated: 1305268
	1275  -  MemoryUsage of job (MB)
	1305268  -  ResidentSetSize of job (KB)
...
006 (17004348.006.000) 06/29 22:34:20 Image size of job updated: 1305400
	1275  -  MemoryUsage of job (MB)
	1305400  -  ResidentSetSize of job (KB)
...
006 (17004348.006.000) 06/29 22:39:21 Image size of job updated: 1305540
	1275  -  MemoryUsage of job (MB)
	1305540  -  ResidentSetSize of job (KB)
...
006 (17004348.006.000) 06/29 22:44:21 Image size of job updated: 1305652
	1276  -  MemoryUsage of job (MB)
	1305652  -  ResidentSetSize of job (KB)
...
006 (17004348.006.000) 06/29 22:49:21 Image size of job updated: 1305808
	1276  -  MemoryUsage of job (MB)
	1305808  -  ResidentSetSize of job (KB)
...
006 (17004348.006.000) 06/29 22:54:22 Image size of job updated: 1305932
	1276  -  MemoryUsage of job (MB)
	1305932  -  ResidentSetSize of job (KB)
...
006 (17004348.006.000) 06/29 22:59:22 Image size of job updated: 1306068
	1276  -  MemoryUsage of job (MB)
	1306068  -  ResidentSetSize of job (KB)
...
006 (17004348.006.000) 06/29 23:04:22 Image size of job updated: 1306200
	1276  -  MemoryUsage of job (MB)
	1306200  -  ResidentSetSize of job (KB)
...
006 (17004348.006.000) 06/29 23:09:23 Image size of job updated: 1306336
	1276  -  MemoryUsage of job (MB)
	1306336  -  ResidentSetSize of job (KB)
...
006 (17004348.006.000) 06/29 23:14:23 Image size of job updated: 1306496
	1276  -  MemoryUsage of job (MB)
	1306496  -  ResidentSetSize of job (KB)
...
006 (17004348.006.000) 06/29 23:19:23 Image size of job updated: 1306628
	1277  -  MemoryUsage of job (MB)
	1306628  -  ResidentSetSize of job (KB)
...
006 (17004348.006.000) 06/29 23:24:25 Image size of job updated: 1306808
	1277  -  MemoryUsage of job (MB)
	1306808  -  ResidentSetSize of job (KB)
...
006 (17004348.006.000) 06/29 23:29:25 Image size of job updated: 1306912
	1277  -  MemoryUsage of job (MB)
	1306912  -  ResidentSetSize of job (KB)
...
006 (17004348.006.000) 06/29 23:34:25 Image size of job updated: 1309108
	1279  -  MemoryUsage of job (MB)
	1309108  -  ResidentSetSize of job (KB)
...
006 (17004348.006.000) 06/29 23:39:26 Image size of job updated: 1309252
	1279  -  MemoryUsage of job (MB)
	1309252  -  ResidentSetSize of job (KB)
...
006 (17004348.006.000) 06/29 23:44:27 Image size of job updated: 1309384
	1279  -  MemoryUsage of job (MB)
	1309384  -  ResidentSetSize of job (KB)
...
006 (17004348.006.000) 06/29 23:49:27 Image size of job updated: 1309544
	1279  -  MemoryUsage of job (MB)
	1309544  -  ResidentSetSize of job (KB)
...
006 (17004348.006.000) 06/29 23:54:28 Image size of job updated: 1309684
	1279  -  MemoryUsage of job (MB)
	1309684  -  ResidentSetSize of job (KB)
...
006 (17004348.006.000) 06/29 23:59:29 Image size of job updated: 1310324
	1280  -  MemoryUsage of job (MB)
	1310324  -  ResidentSetSize of job (KB)
...
006 (17004348.006.000) 06/30 00:19:30 Image size of job updated: 1310360
	1280  -  MemoryUsage of job (MB)
	1310360  -  ResidentSetSize of job (KB)
...
006 (17004348.006.000) 06/30 00:24:30 Image size of job updated: 1310580
	1280  -  MemoryUsage of job (MB)
	1310580  -  ResidentSetSize of job (KB)
...
006 (17004348.006.000) 06/30 00:29:31 Image size of job updated: 1310696
	1280  -  MemoryUsage of job (MB)
	1310696  -  ResidentSetSize of job (KB)
...
006 (17004348.006.000) 06/30 00:34:31 Image size of job updated: 1310812
	1281  -  MemoryUsage of job (MB)
	1310812  -  ResidentSetSize of job (KB)
...
006 (17004348.006.000) 06/30 00:39:31 Image size of job updated: 1310956
	1281  -  MemoryUsage of job (MB)
	1310956  -  ResidentSetSize of job (KB)
...
006 (17004348.006.000) 06/30 00:44:32 Image size of job updated: 1311084
	1281  -  MemoryUsage of job (MB)
	1311084  -  ResidentSetSize of job (KB)
...
006 (17004348.006.000) 06/30 00:49:32 Image size of job updated: 1311196
	1281  -  MemoryUsage of job (MB)
	1311196  -  ResidentSetSize of job (KB)
...
006 (17004348.006.000) 06/30 00:54:32 Image size of job updated: 1311388
	1281  -  MemoryUsage of job (MB)
	1311388  -  ResidentSetSize of job (KB)
...
006 (17004348.006.000) 06/30 00:59:33 Image size of job updated: 1311564
	1281  -  MemoryUsage of job (MB)
	1311564  -  ResidentSetSize of job (KB)
...
006 (17004348.006.000) 06/30 01:04:34 Image size of job updated: 1311724
	1281  -  MemoryUsage of job (MB)
	1311724  -  ResidentSetSize of job (KB)
...
006 (17004348.006.000) 06/30 01:09:34 Image size of job updated: 1311968
	1282  -  MemoryUsage of job (MB)
	1311968  -  ResidentSetSize of job (KB)
...
006 (17004348.006.000) 06/30 01:14:35 Image size of job updated: 1312196
	1282  -  MemoryUsage of job (MB)
	1312196  -  ResidentSetSize of job (KB)
...
006 (17004348.006.000) 06/30 01:19:36 Image size of job updated: 1312340
	1282  -  MemoryUsage of job (MB)
	1312340  -  ResidentSetSize of job (KB)
...
006 (17004348.006.000) 06/30 01:24:36 Image size of job updated: 1312496
	1282  -  MemoryUsage of job (MB)
	1312496  -  ResidentSetSize of job (KB)
...
006 (17004348.006.000) 06/30 01:29:37 Image size of job updated: 1312620
	1282  -  MemoryUsage of job (MB)
	1312620  -  ResidentSetSize of job (KB)
...
006 (17004348.006.000) 06/30 01:34:38 Image size of job updated: 1312744
	1282  -  MemoryUsage of job (MB)
	1312744  -  ResidentSetSize of job (KB)
...
006 (17004348.006.000) 06/30 01:39:38 Image size of job updated: 1312900
	1283  -  MemoryUsage of job (MB)
	1312900  -  ResidentSetSize of job (KB)
...
006 (17004348.006.000) 06/30 01:44:38 Image size of job updated: 1313048
	1283  -  MemoryUsage of job (MB)
	1313048  -  ResidentSetSize of job (KB)
...
006 (17004348.006.000) 06/30 01:49:39 Image size of job updated: 1313240
	1283  -  MemoryUsage of job (MB)
	1313240  -  ResidentSetSize of job (KB)
...
006 (17004348.006.000) 06/30 01:54:39 Image size of job updated: 1313376
	1283  -  MemoryUsage of job (MB)
	1313376  -  ResidentSetSize of job (KB)
...
006 (17004348.006.000) 06/30 01:59:39 Image size of job updated: 1313504
	1283  -  MemoryUsage of job (MB)
	1313504  -  ResidentSetSize of job (KB)
...
006 (17004348.006.000) 06/30 02:04:40 Image size of job updated: 1313688
	1283  -  MemoryUsage of job (MB)
	1313688  -  ResidentSetSize of job (KB)
...
006 (17004348.006.000) 06/30 02:09:41 Image size of job updated: 1313840
	1284  -  MemoryUsage of job (MB)
	1313840  -  ResidentSetSize of job (KB)
...
006 (17004348.006.000) 06/30 02:14:41 Image size of job updated: 1313944
	1284  -  MemoryUsage of job (MB)
	1313944  -  ResidentSetSize of job (KB)
...
006 (17004348.006.000) 06/30 02:19:42 Image size of job updated: 1314068
	1284  -  MemoryUsage of job (MB)
	1314068  -  ResidentSetSize of job (KB)
...
006 (17004348.006.000) 06/30 02:24:42 Image size of job updated: 1314200
	1284  -  MemoryUsage of job (MB)
	1314200  -  ResidentSetSize of job (KB)
...
006 (17004348.006.000) 06/30 02:29:42 Image size of job updated: 1314312
	1284  -  MemoryUsage of job (MB)
	1314312  -  ResidentSetSize of job (KB)
...
006 (17004348.006.000) 06/30 02:34:43 Image size of job updated: 1314440
	1284  -  MemoryUsage of job (MB)
	1314440  -  ResidentSetSize of job (KB)
...
006 (17004348.006.000) 06/30 02:39:44 Image size of job updated: 1314712
	1284  -  MemoryUsage of job (MB)
	1314712  -  ResidentSetSize of job (KB)
...
006 (17004348.006.000) 06/30 02:44:44 Image size of job updated: 1314816
	1284  -  MemoryUsage of job (MB)
	1314816  -  ResidentSetSize of job (KB)
...
006 (17004348.006.000) 06/30 02:49:45 Image size of job updated: 1314956
	1285  -  MemoryUsage of job (MB)
	1314956  -  ResidentSetSize of job (KB)
...
006 (17004348.006.000) 06/30 02:54:46 Image size of job updated: 1317020
	1287  -  MemoryUsage of job (MB)
	1317020  -  ResidentSetSize of job (KB)
...
006 (17004348.006.000) 06/30 02:59:46 Image size of job updated: 1317184
	1287  -  MemoryUsage of job (MB)
	1317184  -  ResidentSetSize of job (KB)
...
006 (17004348.006.000) 06/30 03:04:47 Image size of job updated: 1317352
	1287  -  MemoryUsage of job (MB)
	1317352  -  ResidentSetSize of job (KB)
...
006 (17004348.006.000) 06/30 03:09:48 Image size of job updated: 1317516
	1287  -  MemoryUsage of job (MB)
	1317516  -  ResidentSetSize of job (KB)
...
006 (17004348.006.000) 06/30 03:14:48 Image size of job updated: 1317704
	1287  -  MemoryUsage of job (MB)
	1317704  -  ResidentSetSize of job (KB)
...
006 (17004348.006.000) 06/30 03:19:49 Image size of job updated: 1317876
	1287  -  MemoryUsage of job (MB)
	1317876  -  ResidentSetSize of job (KB)
...
006 (17004348.006.000) 06/30 03:24:50 Image size of job updated: 1318028
	1288  -  MemoryUsage of job (MB)
	1318028  -  ResidentSetSize of job (KB)
...
006 (17004348.006.000) 06/30 03:29:50 Image size of job updated: 1318136
	1288  -  MemoryUsage of job (MB)
	1318136  -  ResidentSetSize of job (KB)
...
006 (17004348.006.000) 06/30 03:34:50 Image size of job updated: 1318528
	1288  -  MemoryUsage of job (MB)
	1318528  -  ResidentSetSize of job (KB)
...
006 (17004348.006.000) 06/30 03:44:51 Image size of job updated: 1318560
	1288  -  MemoryUsage of job (MB)
	1318560  -  ResidentSetSize of job (KB)
...
006 (17004348.006.000) 06/30 03:49:51 Image size of job updated: 1318740
	1288  -  MemoryUsage of job (MB)
	1318740  -  ResidentSetSize of job (KB)
...
006 (17004348.006.000) 06/30 03:54:52 Image size of job updated: 1318916
	1289  -  MemoryUsage of job (MB)
	1318916  -  ResidentSetSize of job (KB)
...
006 (17004348.006.000) 06/30 03:59:53 Image size of job updated: 1319052
	1289  -  MemoryUsage of job (MB)
	1319052  -  ResidentSetSize of job (KB)
...
006 (17004348.006.000) 06/30 04:04:53 Image size of job updated: 1319224
	1289  -  MemoryUsage of job (MB)
	1319224  -  ResidentSetSize of job (KB)
...
006 (17004348.006.000) 06/30 04:09:54 Image size of job updated: 1319356
	1289  -  MemoryUsage of job (MB)
	1319356  -  ResidentSetSize of job (KB)
...
006 (17004348.006.000) 06/30 04:14:55 Image size of job updated: 1319492
	1289  -  MemoryUsage of job (MB)
	1319492  -  ResidentSetSize of job (KB)
...
006 (17004348.006.000) 06/30 04:19:55 Image size of job updated: 1319644
	1289  -  MemoryUsage of job (MB)
	1319644  -  ResidentSetSize of job (KB)
...
006 (17004348.006.000) 06/30 04:24:55 Image size of job updated: 1320580
	1290  -  MemoryUsage of job (MB)
	1320580  -  ResidentSetSize of job (KB)
...
006 (17004348.006.000) 06/30 04:29:56 Image size of job updated: 1320584
	1290  -  MemoryUsage of job (MB)
	1320584  -  ResidentSetSize of job (KB)
...
006 (17004348.006.000) 06/30 04:49:57 Image size of job updated: 1320644
	1290  -  MemoryUsage of job (MB)
	1320644  -  ResidentSetSize of job (KB)
...
006 (17004348.006.000) 06/30 04:54:57 Image size of job updated: 1320780
	1290  -  MemoryUsage of job (MB)
	1320780  -  ResidentSetSize of job (KB)
...
006 (17004348.006.000) 06/30 04:59:58 Image size of job updated: 1320868
	1290  -  MemoryUsage of job (MB)
	1320868  -  ResidentSetSize of job (KB)
...
006 (17004348.006.000) 06/30 05:04:59 Image size of job updated: 1321024
	1291  -  MemoryUsage of job (MB)
	1321024  -  ResidentSetSize of job (KB)
...
006 (17004348.006.000) 06/30 05:09:59 Image size of job updated: 1321152
	1291  -  MemoryUsage of job (MB)
	1321152  -  ResidentSetSize of job (KB)
...
006 (17004348.006.000) 06/30 05:15:00 Image size of job updated: 1321320
	1291  -  MemoryUsage of job (MB)
	1321320  -  ResidentSetSize of job (KB)
...
006 (17004348.006.000) 06/30 05:20:01 Image size of job updated: 1321488
	1291  -  MemoryUsage of job (MB)
	1321488  -  ResidentSetSize of job (KB)
...
006 (17004348.006.000) 06/30 05:25:01 Image size of job updated: 1321620
	1291  -  MemoryUsage of job (MB)
	1321620  -  ResidentSetSize of job (KB)
...
006 (17004348.006.000) 06/30 05:30:01 Image size of job updated: 1321780
	1291  -  MemoryUsage of job (MB)
	1321780  -  ResidentSetSize of job (KB)
...
006 (17004348.006.000) 06/30 05:35:02 Image size of job updated: 1323956
	1293  -  MemoryUsage of job (MB)
	1323956  -  ResidentSetSize of job (KB)
...
006 (17004348.006.000) 06/30 05:40:02 Image size of job updated: 1324084
	1294  -  MemoryUsage of job (MB)
	1324084  -  ResidentSetSize of job (KB)
...
006 (17004348.006.000) 06/30 05:45:02 Image size of job updated: 1324224
	1294  -  MemoryUsage of job (MB)
	1324224  -  ResidentSetSize of job (KB)
...
006 (17004348.006.000) 06/30 05:50:03 Image size of job updated: 1324424
	1294  -  MemoryUsage of job (MB)
	1324424  -  ResidentSetSize of job (KB)
...
006 (17004348.006.000) 06/30 05:55:04 Image size of job updated: 1324544
	1294  -  MemoryUsage of job (MB)
	1324544  -  ResidentSetSize of job (KB)
...
006 (17004348.006.000) 06/30 06:00:04 Image size of job updated: 1324760
	1294  -  MemoryUsage of job (MB)
	1324760  -  ResidentSetSize of job (KB)
...
006 (17004348.006.000) 06/30 06:05:05 Image size of job updated: 1324884
	1294  -  MemoryUsage of job (MB)
	1324884  -  ResidentSetSize of job (KB)
...
006 (17004348.006.000) 06/30 06:10:06 Image size of job updated: 1325008
	1294  -  MemoryUsage of job (MB)
	1325008  -  ResidentSetSize of job (KB)
...
006 (17004348.006.000) 06/30 06:15:06 Image size of job updated: 1325692
	1295  -  MemoryUsage of job (MB)
	1325692  -  ResidentSetSize of job (KB)
...
006 (17004348.006.000) 06/30 06:20:07 Image size of job updated: 1325696
	1295  -  MemoryUsage of job (MB)
	1325696  -  ResidentSetSize of job (KB)
...
006 (17004348.006.000) 06/30 06:35:08 Image size of job updated: 1325764
	1295  -  MemoryUsage of job (MB)
	1325764  -  ResidentSetSize of job (KB)
...
006 (17004348.006.000) 06/30 06:40:09 Image size of job updated: 1325904
	1295  -  MemoryUsage of job (MB)
	1325904  -  ResidentSetSize of job (KB)
...
006 (17004348.006.000) 06/30 06:45:09 Image size of job updated: 1326060
	1295  -  MemoryUsage of job (MB)
	1326060  -  ResidentSetSize of job (KB)
...
006 (17004348.006.000) 06/30 06:50:09 Image size of job updated: 1326256
	1296  -  MemoryUsage of job (MB)
	1326256  -  ResidentSetSize of job (KB)
...
006 (17004348.006.000) 06/30 06:55:10 Image size of job updated: 1326404
	1296  -  MemoryUsage of job (MB)
	1326404  -  ResidentSetSize of job (KB)
...
006 (17004348.006.000) 06/30 07:00:10 Image size of job updated: 1326576
	1296  -  MemoryUsage of job (MB)
	1326576  -  ResidentSetSize of job (KB)
...
006 (17004348.006.000) 06/30 07:05:10 Image size of job updated: 1327748
	1297  -  MemoryUsage of job (MB)
	1327748  -  ResidentSetSize of job (KB)
...
006 (17004348.006.000) 06/30 07:35:14 Image size of job updated: 1327896
	1297  -  MemoryUsage of job (MB)
	1327896  -  ResidentSetSize of job (KB)
...
006 (17004348.006.000) 06/30 07:40:15 Image size of job updated: 1328164
	1298  -  MemoryUsage of job (MB)
	1328164  -  ResidentSetSize of job (KB)
...
006 (17004348.006.000) 06/30 07:45:16 Image size of job updated: 1328416
	1298  -  MemoryUsage of job (MB)
	1328416  -  ResidentSetSize of job (KB)
...
006 (17004348.006.000) 06/30 07:50:16 Image size of job updated: 1328644
	1298  -  MemoryUsage of job (MB)
	1328644  -  ResidentSetSize of job (KB)
...
006 (17004348.006.000) 06/30 07:55:16 Image size of job updated: 1328852
	1298  -  MemoryUsage of job (MB)
	1328852  -  ResidentSetSize of job (KB)
...
006 (17004348.006.000) 06/30 08:00:17 Image size of job updated: 1329800
	1299  -  MemoryUsage of job (MB)
	1329800  -  ResidentSetSize of job (KB)
...
006 (17004348.006.000) 06/30 08:15:18 Image size of job updated: 1329996
	1299  -  MemoryUsage of job (MB)
	1329996  -  ResidentSetSize of job (KB)
...
006 (17004348.006.000) 06/30 08:20:18 Image size of job updated: 1330288
	1300  -  MemoryUsage of job (MB)
	1330288  -  ResidentSetSize of job (KB)
...
006 (17004348.006.000) 06/30 08:25:18 Image size of job updated: 1330620
	1300  -  MemoryUsage of job (MB)
	1330620  -  ResidentSetSize of job (KB)
...
006 (17004348.006.000) 06/30 08:30:19 Image size of job updated: 1330920
	1300  -  MemoryUsage of job (MB)
	1330920  -  ResidentSetSize of job (KB)
...
006 (17004348.006.000) 06/30 08:35:20 Image size of job updated: 1331272
	1301  -  MemoryUsage of job (MB)
	1331272  -  ResidentSetSize of job (KB)
...
006 (17004348.006.000) 06/30 08:40:20 Image size of job updated: 1331592
	1301  -  MemoryUsage of job (MB)
	1331592  -  ResidentSetSize of job (KB)
...
006 (17004348.006.000) 06/30 08:45:21 Image size of job updated: 1331928
	1301  -  MemoryUsage of job (MB)
	1331928  -  ResidentSetSize of job (KB)
...
006 (17004348.006.000) 06/30 08:50:22 Image size of job updated: 1332256
	1302  -  MemoryUsage of job (MB)
	1332256  -  ResidentSetSize of job (KB)
...
006 (17004348.006.000) 06/30 08:55:22 Image size of job updated: 1332596
	1302  -  MemoryUsage of job (MB)
	1332596  -  ResidentSetSize of job (KB)
...
006 (17004348.006.000) 06/30 09:00:23 Image size of job updated: 1332988
	1302  -  MemoryUsage of job (MB)
	1332988  -  ResidentSetSize of job (KB)
...
006 (17004348.006.000) 06/30 09:05:24 Image size of job updated: 1334032
	1303  -  MemoryUsage of job (MB)
	1334032  -  ResidentSetSize of job (KB)
...
006 (17004348.006.000) 06/30 09:10:24 Image size of job updated: 1334560
	1304  -  MemoryUsage of job (MB)
	1334560  -  ResidentSetSize of job (KB)
...
006 (17004348.006.000) 06/30 09:15:24 Image size of job updated: 1334864
	1304  -  MemoryUsage of job (MB)
	1334864  -  ResidentSetSize of job (KB)
...
006 (17004348.006.000) 06/30 09:20:25 Image size of job updated: 1335308
	1305  -  MemoryUsage of job (MB)
	1335308  -  ResidentSetSize of job (KB)
...
006 (17004348.006.000) 06/30 09:25:25 Image size of job updated: 1336312
	1305  -  MemoryUsage of job (MB)
	1336312  -  ResidentSetSize of job (KB)
...
006 (17004348.006.000) 06/30 09:30:25 Image size of job updated: 1338616
	1308  -  MemoryUsage of job (MB)
	1338616  -  ResidentSetSize of job (KB)
...
006 (17004348.006.000) 06/30 09:35:26 Image size of job updated: 1339060
	1308  -  MemoryUsage of job (MB)
	1339060  -  ResidentSetSize of job (KB)
...
006 (17004348.006.000) 06/30 09:40:27 Image size of job updated: 1339728
	1309  -  MemoryUsage of job (MB)
	1339728  -  ResidentSetSize of job (KB)
...
006 (17004348.006.000) 06/30 09:45:27 Image size of job updated: 1340320
	1309  -  MemoryUsage of job (MB)
	1340320  -  ResidentSetSize of job (KB)
...
006 (17004348.006.000) 06/30 09:50:28 Image size of job updated: 1340712
	1310  -  MemoryUsage of job (MB)
	1340712  -  ResidentSetSize of job (KB)
...
006 (17004348.006.000) 06/30 09:53:31 Image size of job updated: 1340884
	1310  -  MemoryUsage of job (MB)
	1340712  -  ResidentSetSize of job (KB)
...
040 (17004348.006.000) 06/30 09:53:31 Started transferring output files
...
040 (17004348.006.000) 06/30 09:53:31 Finished transferring output files
...
009 (17004348.006.000) 06/30 09:53:31 Job was aborted.
	Job removed by SYSTEM_PERIODIC_REMOVE due to wall time exceeded allowed max.
...
