000 (17004348.004.000) 06/29 05:41:06 Job submitted from host: <188.185.114.121:9618?addrs=188.185.114.121-9618+[2001-1458-d00-a--100-273]-9618&alias=bigbird19.cern.ch&noUDP&sock=schedd_5103_cfe0>
...
040 (17004348.004.000) 06/29 07:34:19 Started transferring input files
	Transferring to host: <188.185.238.10:9618?addrs=188.185.238.10-9618+[2001-1458-303-28--100-6]-9618&alias=b9pgpun002.cern.ch&noUDP&sock=slot1_3_1939520_0c0f_157734>
...
040 (17004348.004.000) 06/29 07:34:19 Finished transferring input files
...
001 (17004348.004.000) 06/29 07:34:20 Job executing on host: <188.185.238.10:9618?addrs=188.185.238.10-9618+[2001-1458-303-28--100-6]-9618&alias=b9pgpun002.cern.ch&noUDP&sock=startd_1939478_2ae8>
	SlotName: slot1_3@b9pgpun002.cern.ch
	AvailableGPUs = { GPUs_GPU_9da60805 }
	CondorScratchDir = "/pool/condor/dir_879128"
	Cpus = 3
	Disk = 8394612
	GPUs = 1
	GPUs_GPU_9da60805 = [ Id = "GPU-9da60805"; ClockMhz = 1785.0; Capability = 9.0; CoresPerCU = 128; DeviceName = "NVIDIA H100 NVL"; DeviceUuid = "9da60805-d028-0dcf-913d-840a8f174736"; ECCEnabled = true; ComputeUnits = 132; DriverVersion = 13.0; DevicePciBusId = "0000:AD:00.0"; GlobalMemoryMb = 95320; MaxSupportedVersion = 13000 ]
	Memory = 9000
...
006 (17004348.004.000) 06/29 07:34:33 Image size of job updated: 323532
	316  -  MemoryUsage of job (MB)
	323532  -  ResidentSetSize of job (KB)
...
006 (17004348.004.000) 06/29 07:39:33 Image size of job updated: 497336
	486  -  MemoryUsage of job (MB)
	497336  -  ResidentSetSize of job (KB)
...
006 (17004348.004.000) 06/29 07:44:34 Image size of job updated: 512688
	501  -  MemoryUsage of job (MB)
	512688  -  ResidentSetSize of job (KB)
...
006 (17004348.004.000) 06/29 07:49:34 Image size of job updated: 535460
	523  -  MemoryUsage of job (MB)
	535460  -  ResidentSetSize of job (KB)
...
006 (17004348.004.000) 06/29 07:54:35 Image size of job updated: 559992
	547  -  MemoryUsage of job (MB)
	559992  -  ResidentSetSize of job (KB)
...
006 (17004348.004.000) 06/29 07:59:36 Image size of job updated: 597608
	584  -  MemoryUsage of job (MB)
	597608  -  ResidentSetSize of job (KB)
...
006 (17004348.004.000) 06/29 08:04:36 Image size of job updated: 633928
	620  -  MemoryUsage of job (MB)
	633928  -  ResidentSetSize of job (KB)
...
006 (17004348.004.000) 06/29 08:09:37 Image size of job updated: 676528
	644  -  MemoryUsage of job (MB)
	659432  -  ResidentSetSize of job (KB)
...
006 (17004348.004.000) 06/29 08:14:38 Image size of job updated: 795852
	778  -  MemoryUsage of job (MB)
	795852  -  ResidentSetSize of job (KB)
...
006 (17004348.004.000) 06/29 08:19:38 Image size of job updated: 799968
	782  -  MemoryUsage of job (MB)
	799968  -  ResidentSetSize of job (KB)
...
006 (17004348.004.000) 06/29 08:24:39 Image size of job updated: 801640
	783  -  MemoryUsage of job (MB)
	801640  -  ResidentSetSize of job (KB)
...
006 (17004348.004.000) 06/29 08:29:39 Image size of job updated: 1212756
	1185  -  MemoryUsage of job (MB)
	1212756  -  ResidentSetSize of job (KB)
...
006 (17004348.004.000) 06/29 08:34:39 Image size of job updated: 1213348
	1185  -  MemoryUsage of job (MB)
	1213348  -  ResidentSetSize of job (KB)
...
006 (17004348.004.000) 06/29 08:39:40 Image size of job updated: 1213444
	1186  -  MemoryUsage of job (MB)
	1213444  -  ResidentSetSize of job (KB)
...
006 (17004348.004.000) 06/29 08:44:40 Image size of job updated: 1213512
	1186  -  MemoryUsage of job (MB)
	1213512  -  ResidentSetSize of job (KB)
...
006 (17004348.004.000) 06/29 08:49:41 Image size of job updated: 1213596
	1186  -  MemoryUsage of job (MB)
	1213596  -  ResidentSetSize of job (KB)
...
006 (17004348.004.000) 06/29 08:54:42 Image size of job updated: 1213684
	1186  -  MemoryUsage of job (MB)
	1213684  -  ResidentSetSize of job (KB)
...
006 (17004348.004.000) 06/29 08:59:42 Image size of job updated: 1213792
	1186  -  MemoryUsage of job (MB)
	1213792  -  ResidentSetSize of job (KB)
...
006 (17004348.004.000) 06/29 09:04:43 Image size of job updated: 1214128
	1186  -  MemoryUsage of job (MB)
	1214128  -  ResidentSetSize of job (KB)
...
006 (17004348.004.000) 06/29 09:09:43 Image size of job updated: 1239432
	1211  -  MemoryUsage of job (MB)
	1239432  -  ResidentSetSize of job (KB)
...
006 (17004348.004.000) 06/29 09:14:43 Image size of job updated: 1239524
	1211  -  MemoryUsage of job (MB)
	1239524  -  ResidentSetSize of job (KB)
...
006 (17004348.004.000) 06/29 09:19:44 Image size of job updated: 1239924
	1211  -  MemoryUsage of job (MB)
	1239924  -  ResidentSetSize of job (KB)
...
006 (17004348.004.000) 06/29 09:24:44 Image size of job updated: 1240000
	1211  -  MemoryUsage of job (MB)
	1240000  -  ResidentSetSize of job (KB)
...
006 (17004348.004.000) 06/29 09:29:44 Image size of job updated: 1240096
	1212  -  MemoryUsage of job (MB)
	1240096  -  ResidentSetSize of job (KB)
...
006 (17004348.004.000) 06/29 09:34:45 Image size of job updated: 1240180
	1212  -  MemoryUsage of job (MB)
	1240180  -  ResidentSetSize of job (KB)
...
006 (17004348.004.000) 06/29 09:39:45 Image size of job updated: 1240256
	1212  -  MemoryUsage of job (MB)
	1240256  -  ResidentSetSize of job (KB)
...
006 (17004348.004.000) 06/29 09:44:46 Image size of job updated: 1240348
	1212  -  MemoryUsage of job (MB)
	1240348  -  ResidentSetSize of job (KB)
...
006 (17004348.004.000) 06/29 09:49:47 Image size of job updated: 1240432
	1212  -  MemoryUsage of job (MB)
	1240432  -  ResidentSetSize of job (KB)
...
006 (17004348.004.000) 06/29 09:54:47 Image size of job updated: 1240540
	1212  -  MemoryUsage of job (MB)
	1240540  -  ResidentSetSize of job (KB)
...
006 (17004348.004.000) 06/29 09:59:48 Image size of job updated: 1240656
	1212  -  MemoryUsage of job (MB)
	1240656  -  ResidentSetSize of job (KB)
...
006 (17004348.004.000) 06/29 10:04:49 Image size of job updated: 1240764
	1212  -  MemoryUsage of job (MB)
	1240764  -  ResidentSetSize of job (KB)
...
006 (17004348.004.000) 06/29 10:09:49 Image size of job updated: 1240876
	1212  -  MemoryUsage of job (MB)
	1240876  -  ResidentSetSize of job (KB)
...
006 (17004348.004.000) 06/29 10:14:50 Image size of job updated: 1241080
	1212  -  MemoryUsage of job (MB)
	1241080  -  ResidentSetSize of job (KB)
...
006 (17004348.004.000) 06/29 10:19:50 Image size of job updated: 1241296
	1213  -  MemoryUsage of job (MB)
	1241296  -  ResidentSetSize of job (KB)
...
006 (17004348.004.000) 06/29 10:24:50 Image size of job updated: 1241424
	1213  -  MemoryUsage of job (MB)
	1241424  -  ResidentSetSize of job (KB)
...
006 (17004348.004.000) 06/29 10:29:51 Image size of job updated: 1241556
	1213  -  MemoryUsage of job (MB)
	1241556  -  ResidentSetSize of job (KB)
...
006 (17004348.004.000) 06/29 10:34:51 Image size of job updated: 1241712
	1213  -  MemoryUsage of job (MB)
	1241712  -  ResidentSetSize of job (KB)
...
006 (17004348.004.000) 06/29 10:39:52 Image size of job updated: 1241828
	1213  -  MemoryUsage of job (MB)
	1241828  -  ResidentSetSize of job (KB)
...
006 (17004348.004.000) 06/29 10:44:53 Image size of job updated: 1242052
	1213  -  MemoryUsage of job (MB)
	1242052  -  ResidentSetSize of job (KB)
...
006 (17004348.004.000) 06/29 10:49:53 Image size of job updated: 1242180
	1214  -  MemoryUsage of job (MB)
	1242180  -  ResidentSetSize of job (KB)
...
006 (17004348.004.000) 06/29 10:54:54 Image size of job updated: 1242304
	1214  -  MemoryUsage of job (MB)
	1242304  -  ResidentSetSize of job (KB)
...
006 (17004348.004.000) 06/29 10:59:55 Image size of job updated: 1242436
	1214  -  MemoryUsage of job (MB)
	1242436  -  ResidentSetSize of job (KB)
...
006 (17004348.004.000) 06/29 11:04:55 Image size of job updated: 1242572
	1214  -  MemoryUsage of job (MB)
	1242572  -  ResidentSetSize of job (KB)
...
006 (17004348.004.000) 06/29 11:09:56 Image size of job updated: 1243612
	1215  -  MemoryUsage of job (MB)
	1243612  -  ResidentSetSize of job (KB)
...
006 (17004348.004.000) 06/29 11:14:57 Image size of job updated: 1246828
	1218  -  MemoryUsage of job (MB)
	1246828  -  ResidentSetSize of job (KB)
...
006 (17004348.004.000) 06/29 11:19:57 Image size of job updated: 1272360
	1243  -  MemoryUsage of job (MB)
	1272360  -  ResidentSetSize of job (KB)
...
006 (17004348.004.000) 06/29 11:24:58 Image size of job updated: 1274636
	1245  -  MemoryUsage of job (MB)
	1274636  -  ResidentSetSize of job (KB)
...
006 (17004348.004.000) 06/29 11:29:59 Image size of job updated: 1274672
	1245  -  MemoryUsage of job (MB)
	1274672  -  ResidentSetSize of job (KB)
...
006 (17004348.004.000) 06/29 11:34:59 Image size of job updated: 1274676
	1245  -  MemoryUsage of job (MB)
	1274676  -  ResidentSetSize of job (KB)
...
006 (17004348.004.000) 06/29 12:05:02 Image size of job updated: 1274704
	1245  -  MemoryUsage of job (MB)
	1274704  -  ResidentSetSize of job (KB)
...
006 (17004348.004.000) 06/29 12:10:03 Image size of job updated: 1274792
	1245  -  MemoryUsage of job (MB)
	1274792  -  ResidentSetSize of job (KB)
...
006 (17004348.004.000) 06/29 12:15:04 Image size of job updated: 1274876
	1245  -  MemoryUsage of job (MB)
	1274876  -  ResidentSetSize of job (KB)
...
006 (17004348.004.000) 06/29 12:20:04 Image size of job updated: 1277032
	1248  -  MemoryUsage of job (MB)
	1277032  -  ResidentSetSize of job (KB)
...
006 (17004348.004.000) 06/29 12:25:05 Image size of job updated: 1277808
	1248  -  MemoryUsage of job (MB)
	1277808  -  ResidentSetSize of job (KB)
...
006 (17004348.004.000) 06/29 12:30:06 Image size of job updated: 1277904
	1248  -  MemoryUsage of job (MB)
	1277904  -  ResidentSetSize of job (KB)
...
006 (17004348.004.000) 06/29 12:35:06 Image size of job updated: 1278020
	1249  -  MemoryUsage of job (MB)
	1278020  -  ResidentSetSize of job (KB)
...
006 (17004348.004.000) 06/29 12:40:07 Image size of job updated: 1278120
	1249  -  MemoryUsage of job (MB)
	1278120  -  ResidentSetSize of job (KB)
...
006 (17004348.004.000) 06/29 12:45:08 Image size of job updated: 1278216
	1249  -  MemoryUsage of job (MB)
	1278216  -  ResidentSetSize of job (KB)
...
006 (17004348.004.000) 06/29 12:50:08 Image size of job updated: 1278308
	1249  -  MemoryUsage of job (MB)
	1278308  -  ResidentSetSize of job (KB)
...
006 (17004348.004.000) 06/29 12:55:08 Image size of job updated: 1278404
	1249  -  MemoryUsage of job (MB)
	1278404  -  ResidentSetSize of job (KB)
...
006 (17004348.004.000) 06/29 13:00:09 Image size of job updated: 1278492
	1249  -  MemoryUsage of job (MB)
	1278492  -  ResidentSetSize of job (KB)
...
006 (17004348.004.000) 06/29 13:05:09 Image size of job updated: 1278572
	1249  -  MemoryUsage of job (MB)
	1278572  -  ResidentSetSize of job (KB)
...
006 (17004348.004.000) 06/29 13:10:09 Image size of job updated: 1278656
	1249  -  MemoryUsage of job (MB)
	1278656  -  ResidentSetSize of job (KB)
...
006 (17004348.004.000) 06/29 13:15:10 Image size of job updated: 1278728
	1249  -  MemoryUsage of job (MB)
	1278728  -  ResidentSetSize of job (KB)
...
006 (17004348.004.000) 06/29 13:20:10 Image size of job updated: 1278800
	1249  -  MemoryUsage of job (MB)
	1278800  -  ResidentSetSize of job (KB)
...
006 (17004348.004.000) 06/29 13:25:10 Image size of job updated: 1278848
	1249  -  MemoryUsage of job (MB)
	1278848  -  ResidentSetSize of job (KB)
...
006 (17004348.004.000) 06/29 13:30:11 Image size of job updated: 1278920
	1249  -  MemoryUsage of job (MB)
	1278920  -  ResidentSetSize of job (KB)
...
006 (17004348.004.000) 06/29 13:35:11 Image size of job updated: 1278980
	1250  -  MemoryUsage of job (MB)
	1278980  -  ResidentSetSize of job (KB)
...
006 (17004348.004.000) 06/29 13:40:11 Image size of job updated: 1279040
	1250  -  MemoryUsage of job (MB)
	1279040  -  ResidentSetSize of job (KB)
...
006 (17004348.004.000) 06/29 13:45:12 Image size of job updated: 1279108
	1250  -  MemoryUsage of job (MB)
	1279108  -  ResidentSetSize of job (KB)
...
006 (17004348.004.000) 06/29 13:50:12 Image size of job updated: 1279164
	1250  -  MemoryUsage of job (MB)
	1279164  -  ResidentSetSize of job (KB)
...
006 (17004348.004.000) 06/29 13:55:12 Image size of job updated: 1279224
	1250  -  MemoryUsage of job (MB)
	1279224  -  ResidentSetSize of job (KB)
...
006 (17004348.004.000) 06/29 14:00:13 Image size of job updated: 1279304
	1250  -  MemoryUsage of job (MB)
	1279304  -  ResidentSetSize of job (KB)
...
006 (17004348.004.000) 06/29 14:05:13 Image size of job updated: 1279384
	1250  -  MemoryUsage of job (MB)
	1279384  -  ResidentSetSize of job (KB)
...
006 (17004348.004.000) 06/29 14:10:13 Image size of job updated: 1279444
	1250  -  MemoryUsage of job (MB)
	1279444  -  ResidentSetSize of job (KB)
...
006 (17004348.004.000) 06/29 14:15:15 Image size of job updated: 1279520
	1250  -  MemoryUsage of job (MB)
	1279520  -  ResidentSetSize of job (KB)
...
006 (17004348.004.000) 06/29 14:20:15 Image size of job updated: 1279592
	1250  -  MemoryUsage of job (MB)
	1279592  -  ResidentSetSize of job (KB)
...
006 (17004348.004.000) 06/29 14:25:15 Image size of job updated: 1279652
	1250  -  MemoryUsage of job (MB)
	1279652  -  ResidentSetSize of job (KB)
...
006 (17004348.004.000) 06/29 14:30:16 Image size of job updated: 1279732
	1250  -  MemoryUsage of job (MB)
	1279732  -  ResidentSetSize of job (KB)
...
006 (17004348.004.000) 06/29 14:35:17 Image size of job updated: 1279808
	1250  -  MemoryUsage of job (MB)
	1279808  -  ResidentSetSize of job (KB)
...
006 (17004348.004.000) 06/29 14:40:17 Image size of job updated: 1279860
	1250  -  MemoryUsage of job (MB)
	1279860  -  ResidentSetSize of job (KB)
...
006 (17004348.004.000) 06/29 14:45:18 Image size of job updated: 1279912
	1250  -  MemoryUsage of job (MB)
	1279912  -  ResidentSetSize of job (KB)
...
006 (17004348.004.000) 06/29 14:50:19 Image size of job updated: 1279976
	1250  -  MemoryUsage of job (MB)
	1279976  -  ResidentSetSize of job (KB)
...
006 (17004348.004.000) 06/29 14:55:19 Image size of job updated: 1280052
	1251  -  MemoryUsage of job (MB)
	1280052  -  ResidentSetSize of job (KB)
...
006 (17004348.004.000) 06/29 15:00:20 Image size of job updated: 1280128
	1251  -  MemoryUsage of job (MB)
	1280128  -  ResidentSetSize of job (KB)
...
006 (17004348.004.000) 06/29 15:05:20 Image size of job updated: 1280248
	1251  -  MemoryUsage of job (MB)
	1280248  -  ResidentSetSize of job (KB)
...
006 (17004348.004.000) 06/29 15:10:20 Image size of job updated: 1284844
	1255  -  MemoryUsage of job (MB)
	1284844  -  ResidentSetSize of job (KB)
...
006 (17004348.004.000) 06/29 15:15:21 Image size of job updated: 1284876
	1255  -  MemoryUsage of job (MB)
	1284876  -  ResidentSetSize of job (KB)
...
006 (17004348.004.000) 06/29 15:25:21 Image size of job updated: 1284928
	1255  -  MemoryUsage of job (MB)
	1284928  -  ResidentSetSize of job (KB)
...
006 (17004348.004.000) 06/29 15:30:22 Image size of job updated: 1284984
	1255  -  MemoryUsage of job (MB)
	1284984  -  ResidentSetSize of job (KB)
...
006 (17004348.004.000) 06/29 15:35:22 Image size of job updated: 1285080
	1255  -  MemoryUsage of job (MB)
	1285080  -  ResidentSetSize of job (KB)
...
006 (17004348.004.000) 06/29 15:40:22 Image size of job updated: 1285144
	1256  -  MemoryUsage of job (MB)
	1285144  -  ResidentSetSize of job (KB)
...
006 (17004348.004.000) 06/29 15:45:23 Image size of job updated: 1285240
	1256  -  MemoryUsage of job (MB)
	1285240  -  ResidentSetSize of job (KB)
...
006 (17004348.004.000) 06/29 15:50:23 Image size of job updated: 1285304
	1256  -  MemoryUsage of job (MB)
	1285304  -  ResidentSetSize of job (KB)
...
006 (17004348.004.000) 06/29 15:55:23 Image size of job updated: 1285416
	1256  -  MemoryUsage of job (MB)
	1285416  -  ResidentSetSize of job (KB)
...
006 (17004348.004.000) 06/29 16:00:24 Image size of job updated: 1285476
	1256  -  MemoryUsage of job (MB)
	1285476  -  ResidentSetSize of job (KB)
...
006 (17004348.004.000) 06/29 16:05:24 Image size of job updated: 1285532
	1256  -  MemoryUsage of job (MB)
	1285532  -  ResidentSetSize of job (KB)
...
006 (17004348.004.000) 06/29 16:10:24 Image size of job updated: 1285604
	1256  -  MemoryUsage of job (MB)
	1285604  -  ResidentSetSize of job (KB)
...
006 (17004348.004.000) 06/29 16:15:25 Image size of job updated: 1285680
	1256  -  MemoryUsage of job (MB)
	1285680  -  ResidentSetSize of job (KB)
...
006 (17004348.004.000) 06/29 16:20:25 Image size of job updated: 1285740
	1256  -  MemoryUsage of job (MB)
	1285740  -  ResidentSetSize of job (KB)
...
006 (17004348.004.000) 06/29 16:25:25 Image size of job updated: 1285828
	1256  -  MemoryUsage of job (MB)
	1285828  -  ResidentSetSize of job (KB)
...
006 (17004348.004.000) 06/29 16:30:26 Image size of job updated: 1285884
	1256  -  MemoryUsage of job (MB)
	1285884  -  ResidentSetSize of job (KB)
...
006 (17004348.004.000) 06/29 16:35:26 Image size of job updated: 1285952
	1256  -  MemoryUsage of job (MB)
	1285952  -  ResidentSetSize of job (KB)
...
006 (17004348.004.000) 06/29 16:40:26 Image size of job updated: 1286000
	1256  -  MemoryUsage of job (MB)
	1286000  -  ResidentSetSize of job (KB)
...
006 (17004348.004.000) 06/29 16:45:27 Image size of job updated: 1286088
	1256  -  MemoryUsage of job (MB)
	1286088  -  ResidentSetSize of job (KB)
...
006 (17004348.004.000) 06/29 16:50:27 Image size of job updated: 1286160
	1257  -  MemoryUsage of job (MB)
	1286160  -  ResidentSetSize of job (KB)
...
006 (17004348.004.000) 06/29 16:55:27 Image size of job updated: 1286228
	1257  -  MemoryUsage of job (MB)
	1286228  -  ResidentSetSize of job (KB)
...
006 (17004348.004.000) 06/29 17:00:28 Image size of job updated: 1286300
	1257  -  MemoryUsage of job (MB)
	1286300  -  ResidentSetSize of job (KB)
...
006 (17004348.004.000) 06/29 17:05:28 Image size of job updated: 1286352
	1257  -  MemoryUsage of job (MB)
	1286352  -  ResidentSetSize of job (KB)
...
006 (17004348.004.000) 06/29 17:10:28 Image size of job updated: 1286392
	1257  -  MemoryUsage of job (MB)
	1286392  -  ResidentSetSize of job (KB)
...
006 (17004348.004.000) 06/29 17:15:29 Image size of job updated: 1286476
	1257  -  MemoryUsage of job (MB)
	1286476  -  ResidentSetSize of job (KB)
...
006 (17004348.004.000) 06/29 17:20:29 Image size of job updated: 1286536
	1257  -  MemoryUsage of job (MB)
	1286536  -  ResidentSetSize of job (KB)
...
006 (17004348.004.000) 06/29 17:25:29 Image size of job updated: 1286612
	1257  -  MemoryUsage of job (MB)
	1286612  -  ResidentSetSize of job (KB)
...
006 (17004348.004.000) 06/29 17:30:30 Image size of job updated: 1286652
	1257  -  MemoryUsage of job (MB)
	1286652  -  ResidentSetSize of job (KB)
...
006 (17004348.004.000) 06/29 17:35:30 Image size of job updated: 1286716
	1257  -  MemoryUsage of job (MB)
	1286716  -  ResidentSetSize of job (KB)
...
006 (17004348.004.000) 06/29 17:40:30 Image size of job updated: 1286772
	1257  -  MemoryUsage of job (MB)
	1286772  -  ResidentSetSize of job (KB)
...
006 (17004348.004.000) 06/29 17:45:31 Image size of job updated: 1286828
	1257  -  MemoryUsage of job (MB)
	1286828  -  ResidentSetSize of job (KB)
...
006 (17004348.004.000) 06/29 17:50:31 Image size of job updated: 1286876
	1257  -  MemoryUsage of job (MB)
	1286876  -  ResidentSetSize of job (KB)
...
006 (17004348.004.000) 06/29 17:55:31 Image size of job updated: 1286924
	1257  -  MemoryUsage of job (MB)
	1286924  -  ResidentSetSize of job (KB)
...
006 (17004348.004.000) 06/29 18:00:32 Image size of job updated: 1286968
	1257  -  MemoryUsage of job (MB)
	1286968  -  ResidentSetSize of job (KB)
...
006 (17004348.004.000) 06/29 18:05:32 Image size of job updated: 1287028
	1257  -  MemoryUsage of job (MB)
	1287028  -  ResidentSetSize of job (KB)
...
006 (17004348.004.000) 06/29 18:10:33 Image size of job updated: 1287104
	1257  -  MemoryUsage of job (MB)
	1287104  -  ResidentSetSize of job (KB)
...
006 (17004348.004.000) 06/29 18:15:34 Image size of job updated: 1289180
	1259  -  MemoryUsage of job (MB)
	1289180  -  ResidentSetSize of job (KB)
...
006 (17004348.004.000) 06/29 18:20:34 Image size of job updated: 1289216
	1259  -  MemoryUsage of job (MB)
	1289216  -  ResidentSetSize of job (KB)
...
006 (17004348.004.000) 06/29 18:25:35 Image size of job updated: 1289264
	1260  -  MemoryUsage of job (MB)
	1289264  -  ResidentSetSize of job (KB)
...
006 (17004348.004.000) 06/29 18:30:36 Image size of job updated: 1290860
	1261  -  MemoryUsage of job (MB)
	1290860  -  ResidentSetSize of job (KB)
...
006 (17004348.004.000) 06/29 18:35:36 Image size of job updated: 1290900
	1261  -  MemoryUsage of job (MB)
	1290900  -  ResidentSetSize of job (KB)
...
006 (17004348.004.000) 06/29 18:40:37 Image size of job updated: 1290956
	1261  -  MemoryUsage of job (MB)
	1290956  -  ResidentSetSize of job (KB)
...
006 (17004348.004.000) 06/29 18:45:38 Image size of job updated: 1291012
	1261  -  MemoryUsage of job (MB)
	1291012  -  ResidentSetSize of job (KB)
...
006 (17004348.004.000) 06/29 18:50:38 Image size of job updated: 1291080
	1261  -  MemoryUsage of job (MB)
	1291080  -  ResidentSetSize of job (KB)
...
006 (17004348.004.000) 06/29 18:55:39 Image size of job updated: 1291132
	1261  -  MemoryUsage of job (MB)
	1291132  -  ResidentSetSize of job (KB)
...
006 (17004348.004.000) 06/29 19:00:40 Image size of job updated: 1291172
	1261  -  MemoryUsage of job (MB)
	1291172  -  ResidentSetSize of job (KB)
...
006 (17004348.004.000) 06/29 19:05:40 Image size of job updated: 1291236
	1261  -  MemoryUsage of job (MB)
	1291236  -  ResidentSetSize of job (KB)
...
006 (17004348.004.000) 06/29 19:10:41 Image size of job updated: 1291292
	1262  -  MemoryUsage of job (MB)
	1291292  -  ResidentSetSize of job (KB)
...
006 (17004348.004.000) 06/29 19:15:42 Image size of job updated: 1291336
	1262  -  MemoryUsage of job (MB)
	1291336  -  ResidentSetSize of job (KB)
...
006 (17004348.004.000) 06/29 19:20:42 Image size of job updated: 1291368
	1262  -  MemoryUsage of job (MB)
	1291368  -  ResidentSetSize of job (KB)
...
006 (17004348.004.000) 06/29 19:25:43 Image size of job updated: 1291416
	1262  -  MemoryUsage of job (MB)
	1291416  -  ResidentSetSize of job (KB)
...
006 (17004348.004.000) 06/29 19:30:44 Image size of job updated: 1291488
	1262  -  MemoryUsage of job (MB)
	1291488  -  ResidentSetSize of job (KB)
...
006 (17004348.004.000) 06/29 19:35:44 Image size of job updated: 1291528
	1262  -  MemoryUsage of job (MB)
	1291528  -  ResidentSetSize of job (KB)
...
006 (17004348.004.000) 06/29 19:40:45 Image size of job updated: 1291560
	1262  -  MemoryUsage of job (MB)
	1291560  -  ResidentSetSize of job (KB)
...
006 (17004348.004.000) 06/29 19:45:46 Image size of job updated: 1291612
	1262  -  MemoryUsage of job (MB)
	1291612  -  ResidentSetSize of job (KB)
...
006 (17004348.004.000) 06/29 19:50:46 Image size of job updated: 1291644
	1262  -  MemoryUsage of job (MB)
	1291644  -  ResidentSetSize of job (KB)
...
006 (17004348.004.000) 06/29 19:55:47 Image size of job updated: 1291684
	1262  -  MemoryUsage of job (MB)
	1291684  -  ResidentSetSize of job (KB)
...
006 (17004348.004.000) 06/29 20:00:48 Image size of job updated: 1291776
	1262  -  MemoryUsage of job (MB)
	1291776  -  ResidentSetSize of job (KB)
...
006 (17004348.004.000) 06/29 20:05:48 Image size of job updated: 1291836
	1262  -  MemoryUsage of job (MB)
	1291836  -  ResidentSetSize of job (KB)
...
006 (17004348.004.000) 06/29 20:10:49 Image size of job updated: 1291892
	1262  -  MemoryUsage of job (MB)
	1291892  -  ResidentSetSize of job (KB)
...
006 (17004348.004.000) 06/29 20:15:50 Image size of job updated: 1291948
	1262  -  MemoryUsage of job (MB)
	1291948  -  ResidentSetSize of job (KB)
...
006 (17004348.004.000) 06/29 20:20:50 Image size of job updated: 1292016
	1262  -  MemoryUsage of job (MB)
	1292016  -  ResidentSetSize of job (KB)
...
006 (17004348.004.000) 06/29 20:25:51 Image size of job updated: 1292108
	1262  -  MemoryUsage of job (MB)
	1292108  -  ResidentSetSize of job (KB)
...
006 (17004348.004.000) 06/29 20:30:51 Image size of job updated: 1292168
	1262  -  MemoryUsage of job (MB)
	1292168  -  ResidentSetSize of job (KB)
...
006 (17004348.004.000) 06/29 20:35:51 Image size of job updated: 1292196
	1262  -  MemoryUsage of job (MB)
	1292196  -  ResidentSetSize of job (KB)
...
006 (17004348.004.000) 06/29 20:40:52 Image size of job updated: 1292256
	1262  -  MemoryUsage of job (MB)
	1292256  -  ResidentSetSize of job (KB)
...
006 (17004348.004.000) 06/29 20:45:52 Image size of job updated: 1292308
	1263  -  MemoryUsage of job (MB)
	1292308  -  ResidentSetSize of job (KB)
...
006 (17004348.004.000) 06/29 20:50:52 Image size of job updated: 1292356
	1263  -  MemoryUsage of job (MB)
	1292356  -  ResidentSetSize of job (KB)
...
006 (17004348.004.000) 06/29 20:55:53 Image size of job updated: 1292416
	1263  -  MemoryUsage of job (MB)
	1292416  -  ResidentSetSize of job (KB)
...
006 (17004348.004.000) 06/29 21:00:53 Image size of job updated: 1292456
	1263  -  MemoryUsage of job (MB)
	1292456  -  ResidentSetSize of job (KB)
...
006 (17004348.004.000) 06/29 21:05:53 Image size of job updated: 1292512
	1263  -  MemoryUsage of job (MB)
	1292512  -  ResidentSetSize of job (KB)
...
006 (17004348.004.000) 06/29 21:10:54 Image size of job updated: 1292568
	1263  -  MemoryUsage of job (MB)
	1292568  -  ResidentSetSize of job (KB)
...
006 (17004348.004.000) 06/29 21:15:54 Image size of job updated: 1292604
	1263  -  MemoryUsage of job (MB)
	1292604  -  ResidentSetSize of job (KB)
...
006 (17004348.004.000) 06/29 21:20:54 Image size of job updated: 1292660
	1263  -  MemoryUsage of job (MB)
	1292660  -  ResidentSetSize of job (KB)
...
006 (17004348.004.000) 06/29 21:25:55 Image size of job updated: 1292716
	1263  -  MemoryUsage of job (MB)
	1292716  -  ResidentSetSize of job (KB)
...
006 (17004348.004.000) 06/29 21:30:55 Image size of job updated: 1292792
	1263  -  MemoryUsage of job (MB)
	1292792  -  ResidentSetSize of job (KB)
...
006 (17004348.004.000) 06/29 21:35:55 Image size of job updated: 1292836
	1263  -  MemoryUsage of job (MB)
	1292836  -  ResidentSetSize of job (KB)
...
006 (17004348.004.000) 06/29 21:40:56 Image size of job updated: 1292884
	1263  -  MemoryUsage of job (MB)
	1292884  -  ResidentSetSize of job (KB)
...
006 (17004348.004.000) 06/29 21:45:56 Image size of job updated: 1292924
	1263  -  MemoryUsage of job (MB)
	1292924  -  ResidentSetSize of job (KB)
...
006 (17004348.004.000) 06/29 21:50:56 Image size of job updated: 1292996
	1263  -  MemoryUsage of job (MB)
	1292996  -  ResidentSetSize of job (KB)
...
006 (17004348.004.000) 06/29 21:55:57 Image size of job updated: 1293048
	1263  -  MemoryUsage of job (MB)
	1293048  -  ResidentSetSize of job (KB)
...
006 (17004348.004.000) 06/29 22:00:57 Image size of job updated: 1293120
	1263  -  MemoryUsage of job (MB)
	1293120  -  ResidentSetSize of job (KB)
...
006 (17004348.004.000) 06/29 22:05:57 Image size of job updated: 1293184
	1263  -  MemoryUsage of job (MB)
	1293184  -  ResidentSetSize of job (KB)
...
006 (17004348.004.000) 06/29 22:10:58 Image size of job updated: 1293216
	1263  -  MemoryUsage of job (MB)
	1293216  -  ResidentSetSize of job (KB)
...
006 (17004348.004.000) 06/29 22:15:59 Image size of job updated: 1293292
	1263  -  MemoryUsage of job (MB)
	1293292  -  ResidentSetSize of job (KB)
...
006 (17004348.004.000) 06/29 22:20:59 Image size of job updated: 1293352
	1264  -  MemoryUsage of job (MB)
	1293352  -  ResidentSetSize of job (KB)
...
006 (17004348.004.000) 06/29 22:26:00 Image size of job updated: 1293404
	1264  -  MemoryUsage of job (MB)
	1293404  -  ResidentSetSize of job (KB)
...
006 (17004348.004.000) 06/29 22:31:01 Image size of job updated: 1293456
	1264  -  MemoryUsage of job (MB)
	1293456  -  ResidentSetSize of job (KB)
...
006 (17004348.004.000) 06/29 22:36:01 Image size of job updated: 1293504
	1264  -  MemoryUsage of job (MB)
	1293504  -  ResidentSetSize of job (KB)
...
006 (17004348.004.000) 06/29 22:41:02 Image size of job updated: 1293544
	1264  -  MemoryUsage of job (MB)
	1293544  -  ResidentSetSize of job (KB)
...
006 (17004348.004.000) 06/29 22:46:03 Image size of job updated: 1293608
	1264  -  MemoryUsage of job (MB)
	1293608  -  ResidentSetSize of job (KB)
...
006 (17004348.004.000) 06/29 22:51:03 Image size of job updated: 1293672
	1264  -  MemoryUsage of job (MB)
	1293672  -  ResidentSetSize of job (KB)
...
006 (17004348.004.000) 06/29 22:56:04 Image size of job updated: 1293708
	1264  -  MemoryUsage of job (MB)
	1293708  -  ResidentSetSize of job (KB)
...
006 (17004348.004.000) 06/29 23:01:05 Image size of job updated: 1293788
	1264  -  MemoryUsage of job (MB)
	1293788  -  ResidentSetSize of job (KB)
...
006 (17004348.004.000) 06/29 23:06:05 Image size of job updated: 1293856
	1264  -  MemoryUsage of job (MB)
	1293856  -  ResidentSetSize of job (KB)
...
006 (17004348.004.000) 06/29 23:11:06 Image size of job updated: 1293916
	1264  -  MemoryUsage of job (MB)
	1293916  -  ResidentSetSize of job (KB)
...
006 (17004348.004.000) 06/29 23:16:07 Image size of job updated: 1293992
	1264  -  MemoryUsage of job (MB)
	1293992  -  ResidentSetSize of job (KB)
...
006 (17004348.004.000) 06/29 23:21:07 Image size of job updated: 1294072
	1264  -  MemoryUsage of job (MB)
	1294072  -  ResidentSetSize of job (KB)
...
006 (17004348.004.000) 06/29 23:26:08 Image size of job updated: 1294112
	1264  -  MemoryUsage of job (MB)
	1294112  -  ResidentSetSize of job (KB)
...
006 (17004348.004.000) 06/29 23:31:09 Image size of job updated: 1294184
	1264  -  MemoryUsage of job (MB)
	1294184  -  ResidentSetSize of job (KB)
...
006 (17004348.004.000) 06/29 23:36:09 Image size of job updated: 1294240
	1264  -  MemoryUsage of job (MB)
	1294240  -  ResidentSetSize of job (KB)
...
006 (17004348.004.000) 06/29 23:41:10 Image size of job updated: 1294300
	1264  -  MemoryUsage of job (MB)
	1294300  -  ResidentSetSize of job (KB)
...
006 (17004348.004.000) 06/29 23:46:11 Image size of job updated: 1294356
	1265  -  MemoryUsage of job (MB)
	1294356  -  ResidentSetSize of job (KB)
...
006 (17004348.004.000) 06/29 23:51:11 Image size of job updated: 1294412
	1265  -  MemoryUsage of job (MB)
	1294412  -  ResidentSetSize of job (KB)
...
006 (17004348.004.000) 06/29 23:56:12 Image size of job updated: 1294464
	1265  -  MemoryUsage of job (MB)
	1294464  -  ResidentSetSize of job (KB)
...
006 (17004348.004.000) 06/30 00:01:13 Image size of job updated: 1294536
	1265  -  MemoryUsage of job (MB)
	1294536  -  ResidentSetSize of job (KB)
...
006 (17004348.004.000) 06/30 00:06:13 Image size of job updated: 1294612
	1265  -  MemoryUsage of job (MB)
	1294612  -  ResidentSetSize of job (KB)
...
006 (17004348.004.000) 06/30 00:11:14 Image size of job updated: 1294696
	1265  -  MemoryUsage of job (MB)
	1294696  -  ResidentSetSize of job (KB)
...
006 (17004348.004.000) 06/30 00:16:15 Image size of job updated: 1294788
	1265  -  MemoryUsage of job (MB)
	1294788  -  ResidentSetSize of job (KB)
...
006 (17004348.004.000) 06/30 00:21:15 Image size of job updated: 1294860
	1265  -  MemoryUsage of job (MB)
	1294860  -  ResidentSetSize of job (KB)
...
006 (17004348.004.000) 06/30 00:26:16 Image size of job updated: 1294932
	1265  -  MemoryUsage of job (MB)
	1294932  -  ResidentSetSize of job (KB)
...
006 (17004348.004.000) 06/30 00:31:17 Image size of job updated: 1294996
	1265  -  MemoryUsage of job (MB)
	1294996  -  ResidentSetSize of job (KB)
...
006 (17004348.004.000) 06/30 00:36:17 Image size of job updated: 1295056
	1265  -  MemoryUsage of job (MB)
	1295056  -  ResidentSetSize of job (KB)
...
006 (17004348.004.000) 06/30 00:41:18 Image size of job updated: 1295112
	1265  -  MemoryUsage of job (MB)
	1295112  -  ResidentSetSize of job (KB)
...
006 (17004348.004.000) 06/30 00:46:19 Image size of job updated: 1295176
	1265  -  MemoryUsage of job (MB)
	1295176  -  ResidentSetSize of job (KB)
...
006 (17004348.004.000) 06/30 00:51:19 Image size of job updated: 1295232
	1265  -  MemoryUsage of job (MB)
	1295232  -  ResidentSetSize of job (KB)
...
006 (17004348.004.000) 06/30 00:56:19 Image size of job updated: 1295388
	1266  -  MemoryUsage of job (MB)
	1295388  -  ResidentSetSize of job (KB)
...
006 (17004348.004.000) 06/30 01:01:20 Image size of job updated: 1295452
	1266  -  MemoryUsage of job (MB)
	1295452  -  ResidentSetSize of job (KB)
...
006 (17004348.004.000) 06/30 01:06:20 Image size of job updated: 1295532
	1266  -  MemoryUsage of job (MB)
	1295532  -  ResidentSetSize of job (KB)
...
006 (17004348.004.000) 06/30 01:11:20 Image size of job updated: 1295600
	1266  -  MemoryUsage of job (MB)
	1295600  -  ResidentSetSize of job (KB)
...
006 (17004348.004.000) 06/30 01:16:21 Image size of job updated: 1295680
	1266  -  MemoryUsage of job (MB)
	1295680  -  ResidentSetSize of job (KB)
...
006 (17004348.004.000) 06/30 01:21:21 Image size of job updated: 1295776
	1266  -  MemoryUsage of job (MB)
	1295776  -  ResidentSetSize of job (KB)
...
006 (17004348.004.000) 06/30 01:26:21 Image size of job updated: 1297896
	1268  -  MemoryUsage of job (MB)
	1297896  -  ResidentSetSize of job (KB)
...
006 (17004348.004.000) 06/30 01:31:22 Image size of job updated: 1297968
	1268  -  MemoryUsage of job (MB)
	1297968  -  ResidentSetSize of job (KB)
...
006 (17004348.004.000) 06/30 01:36:22 Image size of job updated: 1298028
	1268  -  MemoryUsage of job (MB)
	1298028  -  ResidentSetSize of job (KB)
...
006 (17004348.004.000) 06/30 01:41:22 Image size of job updated: 1298088
	1268  -  MemoryUsage of job (MB)
	1298088  -  ResidentSetSize of job (KB)
...
006 (17004348.004.000) 06/30 01:46:23 Image size of job updated: 1298156
	1268  -  MemoryUsage of job (MB)
	1298156  -  ResidentSetSize of job (KB)
...
006 (17004348.004.000) 06/30 01:51:23 Image size of job updated: 1298228
	1268  -  MemoryUsage of job (MB)
	1298228  -  ResidentSetSize of job (KB)
...
006 (17004348.004.000) 06/30 01:56:23 Image size of job updated: 1298300
	1268  -  MemoryUsage of job (MB)
	1298300  -  ResidentSetSize of job (KB)
...
006 (17004348.004.000) 06/30 02:01:24 Image size of job updated: 1298360
	1268  -  MemoryUsage of job (MB)
	1298360  -  ResidentSetSize of job (KB)
...
006 (17004348.004.000) 06/30 02:06:25 Image size of job updated: 1298440
	1269  -  MemoryUsage of job (MB)
	1298440  -  ResidentSetSize of job (KB)
...
006 (17004348.004.000) 06/30 02:11:25 Image size of job updated: 1298528
	1269  -  MemoryUsage of job (MB)
	1298528  -  ResidentSetSize of job (KB)
...
006 (17004348.004.000) 06/30 02:16:26 Image size of job updated: 1298608
	1269  -  MemoryUsage of job (MB)
	1298608  -  ResidentSetSize of job (KB)
...
006 (17004348.004.000) 06/30 02:21:27 Image size of job updated: 1298692
	1269  -  MemoryUsage of job (MB)
	1298692  -  ResidentSetSize of job (KB)
...
006 (17004348.004.000) 06/30 02:26:27 Image size of job updated: 1298772
	1269  -  MemoryUsage of job (MB)
	1298772  -  ResidentSetSize of job (KB)
...
006 (17004348.004.000) 06/30 02:31:28 Image size of job updated: 1298848
	1269  -  MemoryUsage of job (MB)
	1298848  -  ResidentSetSize of job (KB)
...
006 (17004348.004.000) 06/30 02:36:29 Image size of job updated: 1298956
	1269  -  MemoryUsage of job (MB)
	1298956  -  ResidentSetSize of job (KB)
...
006 (17004348.004.000) 06/30 02:41:29 Image size of job updated: 1299012
	1269  -  MemoryUsage of job (MB)
	1299012  -  ResidentSetSize of job (KB)
...
006 (17004348.004.000) 06/30 02:46:30 Image size of job updated: 1299092
	1269  -  MemoryUsage of job (MB)
	1299092  -  ResidentSetSize of job (KB)
...
006 (17004348.004.000) 06/30 02:51:31 Image size of job updated: 1299176
	1269  -  MemoryUsage of job (MB)
	1299176  -  ResidentSetSize of job (KB)
...
006 (17004348.004.000) 06/30 02:56:31 Image size of job updated: 1299252
	1269  -  MemoryUsage of job (MB)
	1299252  -  ResidentSetSize of job (KB)
...
006 (17004348.004.000) 06/30 03:01:31 Image size of job updated: 1299332
	1269  -  MemoryUsage of job (MB)
	1299332  -  ResidentSetSize of job (KB)
...
006 (17004348.004.000) 06/30 03:06:32 Image size of job updated: 1299388
	1269  -  MemoryUsage of job (MB)
	1299388  -  ResidentSetSize of job (KB)
...
006 (17004348.004.000) 06/30 03:11:32 Image size of job updated: 1299468
	1270  -  MemoryUsage of job (MB)
	1299468  -  ResidentSetSize of job (KB)
...
006 (17004348.004.000) 06/30 03:16:32 Image size of job updated: 1299532
	1270  -  MemoryUsage of job (MB)
	1299532  -  ResidentSetSize of job (KB)
...
006 (17004348.004.000) 06/30 03:21:33 Image size of job updated: 1299596
	1270  -  MemoryUsage of job (MB)
	1299596  -  ResidentSetSize of job (KB)
...
006 (17004348.004.000) 06/30 03:26:33 Image size of job updated: 1299660
	1270  -  MemoryUsage of job (MB)
	1299660  -  ResidentSetSize of job (KB)
...
006 (17004348.004.000) 06/30 03:31:33 Image size of job updated: 1299740
	1270  -  MemoryUsage of job (MB)
	1299740  -  ResidentSetSize of job (KB)
...
006 (17004348.004.000) 06/30 03:36:34 Image size of job updated: 1299832
	1270  -  MemoryUsage of job (MB)
	1299832  -  ResidentSetSize of job (KB)
...
006 (17004348.004.000) 06/30 03:41:35 Image size of job updated: 1299900
	1270  -  MemoryUsage of job (MB)
	1299900  -  ResidentSetSize of job (KB)
...
006 (17004348.004.000) 06/30 03:46:35 Image size of job updated: 1300004
	1270  -  MemoryUsage of job (MB)
	1300004  -  ResidentSetSize of job (KB)
...
006 (17004348.004.000) 06/30 03:51:36 Image size of job updated: 1300072
	1270  -  MemoryUsage of job (MB)
	1300072  -  ResidentSetSize of job (KB)
...
006 (17004348.004.000) 06/30 03:56:37 Image size of job updated: 1300148
	1270  -  MemoryUsage of job (MB)
	1300148  -  ResidentSetSize of job (KB)
...
006 (17004348.004.000) 06/30 04:01:37 Image size of job updated: 1300240
	1270  -  MemoryUsage of job (MB)
	1300240  -  ResidentSetSize of job (KB)
...
006 (17004348.004.000) 06/30 04:06:38 Image size of job updated: 1300312
	1270  -  MemoryUsage of job (MB)
	1300312  -  ResidentSetSize of job (KB)
...
006 (17004348.004.000) 06/30 04:11:39 Image size of job updated: 1300416
	1270  -  MemoryUsage of job (MB)
	1300416  -  ResidentSetSize of job (KB)
...
006 (17004348.004.000) 06/30 04:16:39 Image size of job updated: 1300472
	1270  -  MemoryUsage of job (MB)
	1300472  -  ResidentSetSize of job (KB)
...
006 (17004348.004.000) 06/30 04:21:39 Image size of job updated: 1300544
	1271  -  MemoryUsage of job (MB)
	1300544  -  ResidentSetSize of job (KB)
...
006 (17004348.004.000) 06/30 04:26:40 Image size of job updated: 1300632
	1271  -  MemoryUsage of job (MB)
	1300632  -  ResidentSetSize of job (KB)
...
006 (17004348.004.000) 06/30 04:31:40 Image size of job updated: 1300716
	1271  -  MemoryUsage of job (MB)
	1300716  -  ResidentSetSize of job (KB)
...
006 (17004348.004.000) 06/30 04:36:40 Image size of job updated: 1300816
	1271  -  MemoryUsage of job (MB)
	1300816  -  ResidentSetSize of job (KB)
...
006 (17004348.004.000) 06/30 04:41:41 Image size of job updated: 1300892
	1271  -  MemoryUsage of job (MB)
	1300892  -  ResidentSetSize of job (KB)
...
006 (17004348.004.000) 06/30 04:46:41 Image size of job updated: 1300944
	1271  -  MemoryUsage of job (MB)
	1300944  -  ResidentSetSize of job (KB)
...
006 (17004348.004.000) 06/30 04:51:41 Image size of job updated: 1301020
	1271  -  MemoryUsage of job (MB)
	1301020  -  ResidentSetSize of job (KB)
...
006 (17004348.004.000) 06/30 04:56:42 Image size of job updated: 1301080
	1271  -  MemoryUsage of job (MB)
	1301080  -  ResidentSetSize of job (KB)
...
006 (17004348.004.000) 06/30 05:01:42 Image size of job updated: 1301160
	1271  -  MemoryUsage of job (MB)
	1301160  -  ResidentSetSize of job (KB)
...
006 (17004348.004.000) 06/30 05:06:42 Image size of job updated: 1301268
	1271  -  MemoryUsage of job (MB)
	1301268  -  ResidentSetSize of job (KB)
...
006 (17004348.004.000) 06/30 05:11:43 Image size of job updated: 1301332
	1271  -  MemoryUsage of job (MB)
	1301332  -  ResidentSetSize of job (KB)
...
006 (17004348.004.000) 06/30 05:16:43 Image size of job updated: 1301392
	1271  -  MemoryUsage of job (MB)
	1301392  -  ResidentSetSize of job (KB)
...
006 (17004348.004.000) 06/30 05:21:43 Image size of job updated: 1301464
	1271  -  MemoryUsage of job (MB)
	1301464  -  ResidentSetSize of job (KB)
...
006 (17004348.004.000) 06/30 05:26:44 Image size of job updated: 1301520
	1272  -  MemoryUsage of job (MB)
	1301520  -  ResidentSetSize of job (KB)
...
006 (17004348.004.000) 06/30 05:31:44 Image size of job updated: 1301620
	1272  -  MemoryUsage of job (MB)
	1301620  -  ResidentSetSize of job (KB)
...
006 (17004348.004.000) 06/30 05:36:44 Image size of job updated: 1301760
	1272  -  MemoryUsage of job (MB)
	1301760  -  ResidentSetSize of job (KB)
...
006 (17004348.004.000) 06/30 05:41:45 Image size of job updated: 1301864
	1272  -  MemoryUsage of job (MB)
	1301864  -  ResidentSetSize of job (KB)
...
006 (17004348.004.000) 06/30 05:46:45 Image size of job updated: 1301952
	1272  -  MemoryUsage of job (MB)
	1301952  -  ResidentSetSize of job (KB)
...
006 (17004348.004.000) 06/30 05:51:45 Image size of job updated: 1302044
	1272  -  MemoryUsage of job (MB)
	1302044  -  ResidentSetSize of job (KB)
...
006 (17004348.004.000) 06/30 05:56:46 Image size of job updated: 1302124
	1272  -  MemoryUsage of job (MB)
	1302124  -  ResidentSetSize of job (KB)
...
006 (17004348.004.000) 06/30 06:01:46 Image size of job updated: 1302208
	1272  -  MemoryUsage of job (MB)
	1302208  -  ResidentSetSize of job (KB)
...
006 (17004348.004.000) 06/30 06:06:46 Image size of job updated: 1302300
	1272  -  MemoryUsage of job (MB)
	1302300  -  ResidentSetSize of job (KB)
...
006 (17004348.004.000) 06/30 06:11:47 Image size of job updated: 1302396
	1272  -  MemoryUsage of job (MB)
	1302396  -  ResidentSetSize of job (KB)
...
006 (17004348.004.000) 06/30 06:16:47 Image size of job updated: 1302496
	1272  -  MemoryUsage of job (MB)
	1302496  -  ResidentSetSize of job (KB)
...
006 (17004348.004.000) 06/30 06:21:47 Image size of job updated: 1302620
	1273  -  MemoryUsage of job (MB)
	1302620  -  ResidentSetSize of job (KB)
...
006 (17004348.004.000) 06/30 06:26:48 Image size of job updated: 1302716
	1273  -  MemoryUsage of job (MB)
	1302716  -  ResidentSetSize of job (KB)
...
006 (17004348.004.000) 06/30 06:31:49 Image size of job updated: 1302796
	1273  -  MemoryUsage of job (MB)
	1302796  -  ResidentSetSize of job (KB)
...
006 (17004348.004.000) 06/30 06:36:49 Image size of job updated: 1302884
	1273  -  MemoryUsage of job (MB)
	1302884  -  ResidentSetSize of job (KB)
...
006 (17004348.004.000) 06/30 06:41:50 Image size of job updated: 1305012
	1275  -  MemoryUsage of job (MB)
	1305012  -  ResidentSetSize of job (KB)
...
006 (17004348.004.000) 06/30 06:46:51 Image size of job updated: 1308172
	1278  -  MemoryUsage of job (MB)
	1308172  -  ResidentSetSize of job (KB)
...
006 (17004348.004.000) 06/30 06:51:51 Image size of job updated: 1308276
	1278  -  MemoryUsage of job (MB)
	1308276  -  ResidentSetSize of job (KB)
...
006 (17004348.004.000) 06/30 06:56:52 Image size of job updated: 1308376
	1278  -  MemoryUsage of job (MB)
	1308376  -  ResidentSetSize of job (KB)
...
006 (17004348.004.000) 06/30 07:01:53 Image size of job updated: 1308468
	1278  -  MemoryUsage of job (MB)
	1308468  -  ResidentSetSize of job (KB)
...
006 (17004348.004.000) 06/30 07:06:53 Image size of job updated: 1308572
	1278  -  MemoryUsage of job (MB)
	1308572  -  ResidentSetSize of job (KB)
...
006 (17004348.004.000) 06/30 07:11:54 Image size of job updated: 1308728
	1279  -  MemoryUsage of job (MB)
	1308728  -  ResidentSetSize of job (KB)
...
006 (17004348.004.000) 06/30 07:16:55 Image size of job updated: 1308880
	1279  -  MemoryUsage of job (MB)
	1308880  -  ResidentSetSize of job (KB)
...
006 (17004348.004.000) 06/30 07:21:55 Image size of job updated: 1309016
	1279  -  MemoryUsage of job (MB)
	1309016  -  ResidentSetSize of job (KB)
...
006 (17004348.004.000) 06/30 07:26:56 Image size of job updated: 1309160
	1279  -  MemoryUsage of job (MB)
	1309160  -  ResidentSetSize of job (KB)
...
006 (17004348.004.000) 06/30 07:31:57 Image size of job updated: 1309320
	1279  -  MemoryUsage of job (MB)
	1309320  -  ResidentSetSize of job (KB)
...
006 (17004348.004.000) 06/30 07:35:00 Image size of job updated: 1309420
	1279  -  MemoryUsage of job (MB)
	1309320  -  ResidentSetSize of job (KB)
...
040 (17004348.004.000) 06/30 07:35:00 Started transferring output files
...
040 (17004348.004.000) 06/30 07:35:00 Finished transferring output files
...
009 (17004348.004.000) 06/30 07:35:00 Job was aborted.
	Job removed by SYSTEM_PERIODIC_REMOVE due to wall time exceeded allowed max.
...
