/pool/condor/dir_2718405/track_point_transformer.py:257: UserWarning: enable_nested_tensor is True, but self.use_nested_tensor is False because encoder_layer.norm_first was True
  self.encoder = nn.TransformerEncoder(encoder_layer, num_layers=depth)
/cvmfs/sft.cern.ch/lcg/views/LCG_109_cuda/x86_64-el9-gcc13-opt/lib/python3.13/site-packages/torch/cuda/__init__.py:435: UserWarning: 
    Found GPU0 Tesla V100S-PCIE-32GB which is of cuda capability 7.0.
    Minimum and Maximum cuda capability supported by this version of PyTorch is
    (7.5) - (9.0)
    
  queued_call()
/cvmfs/sft.cern.ch/lcg/views/LCG_109_cuda/x86_64-el9-gcc13-opt/lib/python3.13/site-packages/torch/cuda/__init__.py:435: UserWarning: 
    Please install PyTorch with a following CUDA
    configurations:  12.6 12.8 following instructions at
    https://pytorch.org/get-started/locally/
    
  queued_call()
Traceback (most recent call last):
  File "/pool/condor/dir_2718405/train_point_transformer_track_classifier.py", line 503, in <module>
    main()
    ~~~~^^
  File "/pool/condor/dir_2718405/train_point_transformer_track_classifier.py", line 378, in main
    run_point_transformer_epoch(model, train_loader, device, optimizer=optimizer, scaler=scaler)
    ~~~~~~~~~~~~~~~~~~~~~~~~~~~^^^^^^^^^^^^^^^^^^^^^^^^^^^^^^^^^^^^^^^^^^^^^^^^^^^^^^^^^^^^^^^^^
  File "/pool/condor/dir_2718405/track_point_transformer.py", line 322, in run_point_transformer_epoch
    logits = model(points, mask).squeeze(1)
             ~~~~~^^^^^^^^^^^^^^
  File "/cvmfs/sft.cern.ch/lcg/views/LCG_109_cuda/x86_64-el9-gcc13-opt/lib/python3.13/site-packages/torch/nn/modules/module.py", line 1776, in _wrapped_call_impl
    return self._call_impl(*args, **kwargs)
           ~~~~~~~~~~~~~~~^^^^^^^^^^^^^^^^^
  File "/cvmfs/sft.cern.ch/lcg/views/LCG_109_cuda/x86_64-el9-gcc13-opt/lib/python3.13/site-packages/torch/nn/modules/module.py", line 1787, in _call_impl
    return forward_call(*args, **kwargs)
  File "/pool/condor/dir_2718405/track_point_transformer.py", line 278, in forward
    x = self.input_proj(points)
  File "/cvmfs/sft.cern.ch/lcg/views/LCG_109_cuda/x86_64-el9-gcc13-opt/lib/python3.13/site-packages/torch/nn/modules/module.py", line 1776, in _wrapped_call_impl
    return self._call_impl(*args, **kwargs)
           ~~~~~~~~~~~~~~~^^^^^^^^^^^^^^^^^
  File "/cvmfs/sft.cern.ch/lcg/views/LCG_109_cuda/x86_64-el9-gcc13-opt/lib/python3.13/site-packages/torch/nn/modules/module.py", line 1787, in _call_impl
    return forward_call(*args, **kwargs)
  File "/cvmfs/sft.cern.ch/lcg/views/LCG_109_cuda/x86_64-el9-gcc13-opt/lib/python3.13/site-packages/torch/nn/modules/container.py", line 253, in forward
    input = module(input)
  File "/cvmfs/sft.cern.ch/lcg/views/LCG_109_cuda/x86_64-el9-gcc13-opt/lib/python3.13/site-packages/torch/nn/modules/module.py", line 1776, in _wrapped_call_impl
    return self._call_impl(*args, **kwargs)
           ~~~~~~~~~~~~~~~^^^^^^^^^^^^^^^^^
  File "/cvmfs/sft.cern.ch/lcg/views/LCG_109_cuda/x86_64-el9-gcc13-opt/lib/python3.13/site-packages/torch/nn/modules/module.py", line 1787, in _call_impl
    return forward_call(*args, **kwargs)
  File "/cvmfs/sft.cern.ch/lcg/views/LCG_109_cuda/x86_64-el9-gcc13-opt/lib/python3.13/site-packages/torch/nn/modules/linear.py", line 134, in forward
    return F.linear(input, self.weight, self.bias)
           ~~~~~~~~^^^^^^^^^^^^^^^^^^^^^^^^^^^^^^^
torch.AcceleratorError: CUDA error: no kernel image is available for execution on the device
Search for `cudaErrorNoKernelImageForDevice' in https://docs.nvidia.com/cuda/cuda-runtime-api/group__CUDART__TYPES.html for more information.
CUDA kernel errors might be asynchronously reported at some other API call, so the stacktrace below might be incorrect.
For debugging consider passing CUDA_LAUNCH_BLOCKING=1
Compile with `TORCH_USE_CUDA_DSA` to enable device-side assertions.

