000 (17004348.001.000) 06/29 05:41:06 Job submitted from host: <188.185.114.121:9618?addrs=188.185.114.121-9618+[2001-1458-d00-a--100-273]-9618&alias=bigbird19.cern.ch&noUDP&sock=schedd_5103_cfe0>
...
040 (17004348.001.000) 06/29 06:49:43 Started transferring input files
	Transferring to host: <188.184.195.72:9618?addrs=188.184.195.72-9618+[2001-1458-301-72--100-3bf]-9618&alias=b9g47n6462.cern.ch&noUDP&sock=slot1_1_5687_c180_12163>
...
040 (17004348.001.000) 06/29 06:49:43 Finished transferring input files
...
001 (17004348.001.000) 06/29 06:49:44 Job executing on host: <188.184.195.72:9618?addrs=188.184.195.72-9618+[2001-1458-301-72--100-3bf]-9618&alias=b9g47n6462.cern.ch&noUDP&sock=startd_5640_263c>
	SlotName: slot1_1@b9g47n6462.cern.ch
	AvailableGPUs = { GPUs_GPU_097ed6ab }
	CondorScratchDir = "/pool/condor/dir_1352409"
	Cpus = 3
	Disk = 8389650
	GPUs = 1
	GPUs_GPU_097ed6ab = [ Id = "GPU-097ed6ab"; ClockMhz = 1590.0; Capability = 7.5; CoresPerCU = 64; DeviceName = "Tesla T4"; DeviceUuid = "097ed6ab-2e6f-8d98-37a3-6ad09a369fc4"; ECCEnabled = true; ComputeUnits = 40; DriverVersion = 13.0; DevicePciBusId = "0000:07:00.0"; GlobalMemoryMb = 14913; MaxSupportedVersion = 13000 ]
	Memory = 9000
...
006 (17004348.001.000) 06/29 06:49:58 Image size of job updated: 221152
	30  -  MemoryUsage of job (MB)
	30172  -  ResidentSetSize of job (KB)
...
006 (17004348.001.000) 06/29 06:54:59 Image size of job updated: 500136
	489  -  MemoryUsage of job (MB)
	500136  -  ResidentSetSize of job (KB)
...
006 (17004348.001.000) 06/29 06:59:59 Image size of job updated: 505508
	494  -  MemoryUsage of job (MB)
	505508  -  ResidentSetSize of job (KB)
...
006 (17004348.001.000) 06/29 07:05:00 Image size of job updated: 507248
	496  -  MemoryUsage of job (MB)
	507248  -  ResidentSetSize of job (KB)
...
006 (17004348.001.000) 06/29 07:10:01 Image size of job updated: 515440
	504  -  MemoryUsage of job (MB)
	515440  -  ResidentSetSize of job (KB)
...
006 (17004348.001.000) 06/29 07:15:01 Image size of job updated: 533056
	521  -  MemoryUsage of job (MB)
	533056  -  ResidentSetSize of job (KB)
...
006 (17004348.001.000) 06/29 07:20:01 Image size of job updated: 549964
	538  -  MemoryUsage of job (MB)
	549964  -  ResidentSetSize of job (KB)
...
006 (17004348.001.000) 06/29 07:25:02 Image size of job updated: 562376
	550  -  MemoryUsage of job (MB)
	562376  -  ResidentSetSize of job (KB)
...
006 (17004348.001.000) 06/29 07:30:02 Image size of job updated: 574544
	562  -  MemoryUsage of job (MB)
	574544  -  ResidentSetSize of job (KB)
...
006 (17004348.001.000) 06/29 07:35:02 Image size of job updated: 585196
	572  -  MemoryUsage of job (MB)
	585196  -  ResidentSetSize of job (KB)
...
006 (17004348.001.000) 06/29 07:40:03 Image size of job updated: 596844
	583  -  MemoryUsage of job (MB)
	596844  -  ResidentSetSize of job (KB)
...
006 (17004348.001.000) 06/29 07:45:03 Image size of job updated: 608704
	595  -  MemoryUsage of job (MB)
	608704  -  ResidentSetSize of job (KB)
...
006 (17004348.001.000) 06/29 07:50:03 Image size of job updated: 620452
	606  -  MemoryUsage of job (MB)
	620452  -  ResidentSetSize of job (KB)
...
006 (17004348.001.000) 06/29 07:55:04 Image size of job updated: 639160
	625  -  MemoryUsage of job (MB)
	639160  -  ResidentSetSize of job (KB)
...
006 (17004348.001.000) 06/29 08:00:05 Image size of job updated: 665516
	650  -  MemoryUsage of job (MB)
	665516  -  ResidentSetSize of job (KB)
...
006 (17004348.001.000) 06/29 08:05:05 Image size of job updated: 678768
	663  -  MemoryUsage of job (MB)
	678768  -  ResidentSetSize of job (KB)
...
006 (17004348.001.000) 06/29 08:10:06 Image size of job updated: 689460
	674  -  MemoryUsage of job (MB)
	689460  -  ResidentSetSize of job (KB)
...
006 (17004348.001.000) 06/29 08:15:07 Image size of job updated: 697560
	682  -  MemoryUsage of job (MB)
	697560  -  ResidentSetSize of job (KB)
...
006 (17004348.001.000) 06/29 08:20:07 Image size of job updated: 706064
	690  -  MemoryUsage of job (MB)
	706064  -  ResidentSetSize of job (KB)
...
006 (17004348.001.000) 06/29 08:25:08 Image size of job updated: 711724
	696  -  MemoryUsage of job (MB)
	711724  -  ResidentSetSize of job (KB)
...
006 (17004348.001.000) 06/29 08:30:09 Image size of job updated: 739496
	723  -  MemoryUsage of job (MB)
	739496  -  ResidentSetSize of job (KB)
...
006 (17004348.001.000) 06/29 08:35:09 Image size of job updated: 769776
	723  -  MemoryUsage of job (MB)
	739496  -  ResidentSetSize of job (KB)
...
006 (17004348.001.000) 06/29 08:40:09 Image size of job updated: 769776
	750  -  MemoryUsage of job (MB)
	767752  -  ResidentSetSize of job (KB)
...
006 (17004348.001.000) 06/29 08:45:10 Image size of job updated: 865144
	845  -  MemoryUsage of job (MB)
	865144  -  ResidentSetSize of job (KB)
...
006 (17004348.001.000) 06/29 08:50:10 Image size of job updated: 870840
	851  -  MemoryUsage of job (MB)
	870840  -  ResidentSetSize of job (KB)
...
006 (17004348.001.000) 06/29 08:55:10 Image size of job updated: 871828
	852  -  MemoryUsage of job (MB)
	871828  -  ResidentSetSize of job (KB)
...
006 (17004348.001.000) 06/29 09:15:12 Image size of job updated: 1284800
	1255  -  MemoryUsage of job (MB)
	1284800  -  ResidentSetSize of job (KB)
...
006 (17004348.001.000) 06/29 09:20:13 Image size of job updated: 1284872
	1255  -  MemoryUsage of job (MB)
	1284872  -  ResidentSetSize of job (KB)
...
006 (17004348.001.000) 06/29 09:25:13 Image size of job updated: 1285124
	1256  -  MemoryUsage of job (MB)
	1285124  -  ResidentSetSize of job (KB)
...
006 (17004348.001.000) 06/29 09:30:14 Image size of job updated: 1285240
	1256  -  MemoryUsage of job (MB)
	1285240  -  ResidentSetSize of job (KB)
...
006 (17004348.001.000) 06/29 09:35:15 Image size of job updated: 1285424
	1256  -  MemoryUsage of job (MB)
	1285424  -  ResidentSetSize of job (KB)
...
006 (17004348.001.000) 06/29 09:40:15 Image size of job updated: 1285868
	1256  -  MemoryUsage of job (MB)
	1285868  -  ResidentSetSize of job (KB)
...
006 (17004348.001.000) 06/29 09:45:15 Image size of job updated: 1293680
	1264  -  MemoryUsage of job (MB)
	1293680  -  ResidentSetSize of job (KB)
...
006 (17004348.001.000) 06/29 09:50:16 Image size of job updated: 1350016
	1319  -  MemoryUsage of job (MB)
	1350016  -  ResidentSetSize of job (KB)
...
006 (17004348.001.000) 06/29 09:55:16 Image size of job updated: 1350192
	1319  -  MemoryUsage of job (MB)
	1350192  -  ResidentSetSize of job (KB)
...
006 (17004348.001.000) 06/29 10:00:16 Image size of job updated: 1350272
	1319  -  MemoryUsage of job (MB)
	1350272  -  ResidentSetSize of job (KB)
...
006 (17004348.001.000) 06/29 10:05:17 Image size of job updated: 1350368
	1319  -  MemoryUsage of job (MB)
	1350368  -  ResidentSetSize of job (KB)
...
006 (17004348.001.000) 06/29 10:10:17 Image size of job updated: 1350456
	1319  -  MemoryUsage of job (MB)
	1350456  -  ResidentSetSize of job (KB)
...
006 (17004348.001.000) 06/29 10:15:17 Image size of job updated: 1350532
	1319  -  MemoryUsage of job (MB)
	1350532  -  ResidentSetSize of job (KB)
...
006 (17004348.001.000) 06/29 10:20:18 Image size of job updated: 1350612
	1319  -  MemoryUsage of job (MB)
	1350612  -  ResidentSetSize of job (KB)
...
006 (17004348.001.000) 06/29 10:25:19 Image size of job updated: 1350696
	1320  -  MemoryUsage of job (MB)
	1350696  -  ResidentSetSize of job (KB)
...
006 (17004348.001.000) 06/29 10:30:19 Image size of job updated: 1350796
	1320  -  MemoryUsage of job (MB)
	1350796  -  ResidentSetSize of job (KB)
...
006 (17004348.001.000) 06/29 10:35:20 Image size of job updated: 1350916
	1320  -  MemoryUsage of job (MB)
	1350916  -  ResidentSetSize of job (KB)
...
006 (17004348.001.000) 06/29 10:40:21 Image size of job updated: 1351220
	1320  -  MemoryUsage of job (MB)
	1351220  -  ResidentSetSize of job (KB)
...
006 (17004348.001.000) 06/29 10:45:21 Image size of job updated: 1351320
	1320  -  MemoryUsage of job (MB)
	1351320  -  ResidentSetSize of job (KB)
...
006 (17004348.001.000) 06/29 10:50:21 Image size of job updated: 1351408
	1320  -  MemoryUsage of job (MB)
	1351408  -  ResidentSetSize of job (KB)
...
006 (17004348.001.000) 06/29 10:55:22 Image size of job updated: 1351500
	1320  -  MemoryUsage of job (MB)
	1351500  -  ResidentSetSize of job (KB)
...
006 (17004348.001.000) 06/29 11:00:22 Image size of job updated: 1351640
	1320  -  MemoryUsage of job (MB)
	1351640  -  ResidentSetSize of job (KB)
...
006 (17004348.001.000) 06/29 11:05:22 Image size of job updated: 1351736
	1321  -  MemoryUsage of job (MB)
	1351736  -  ResidentSetSize of job (KB)
...
006 (17004348.001.000) 06/29 11:10:23 Image size of job updated: 1351832
	1321  -  MemoryUsage of job (MB)
	1351832  -  ResidentSetSize of job (KB)
...
006 (17004348.001.000) 06/29 11:15:23 Image size of job updated: 1351920
	1321  -  MemoryUsage of job (MB)
	1351920  -  ResidentSetSize of job (KB)
...
006 (17004348.001.000) 06/29 11:20:23 Image size of job updated: 1352000
	1321  -  MemoryUsage of job (MB)
	1352000  -  ResidentSetSize of job (KB)
...
006 (17004348.001.000) 06/29 11:25:24 Image size of job updated: 1352092
	1321  -  MemoryUsage of job (MB)
	1352092  -  ResidentSetSize of job (KB)
...
006 (17004348.001.000) 06/29 11:30:24 Image size of job updated: 1352172
	1321  -  MemoryUsage of job (MB)
	1352172  -  ResidentSetSize of job (KB)
...
006 (17004348.001.000) 06/29 11:35:24 Image size of job updated: 1352416
	1321  -  MemoryUsage of job (MB)
	1352416  -  ResidentSetSize of job (KB)
...
006 (17004348.001.000) 06/29 11:40:25 Image size of job updated: 1352512
	1321  -  MemoryUsage of job (MB)
	1352512  -  ResidentSetSize of job (KB)
...
006 (17004348.001.000) 06/29 11:45:25 Image size of job updated: 1352592
	1321  -  MemoryUsage of job (MB)
	1352592  -  ResidentSetSize of job (KB)
...
006 (17004348.001.000) 06/29 11:50:25 Image size of job updated: 1352908
	1322  -  MemoryUsage of job (MB)
	1352908  -  ResidentSetSize of job (KB)
...
006 (17004348.001.000) 06/29 11:55:26 Image size of job updated: 1352984
	1322  -  MemoryUsage of job (MB)
	1352984  -  ResidentSetSize of job (KB)
...
006 (17004348.001.000) 06/29 12:00:27 Image size of job updated: 1353064
	1322  -  MemoryUsage of job (MB)
	1353064  -  ResidentSetSize of job (KB)
...
006 (17004348.001.000) 06/29 12:05:27 Image size of job updated: 1353144
	1322  -  MemoryUsage of job (MB)
	1353144  -  ResidentSetSize of job (KB)
...
006 (17004348.001.000) 06/29 12:10:27 Image size of job updated: 1353216
	1322  -  MemoryUsage of job (MB)
	1353216  -  ResidentSetSize of job (KB)
...
006 (17004348.001.000) 06/29 12:15:28 Image size of job updated: 1353296
	1322  -  MemoryUsage of job (MB)
	1353296  -  ResidentSetSize of job (KB)
...
006 (17004348.001.000) 06/29 12:20:28 Image size of job updated: 1353380
	1322  -  MemoryUsage of job (MB)
	1353380  -  ResidentSetSize of job (KB)
...
006 (17004348.001.000) 06/29 12:25:28 Image size of job updated: 1353480
	1322  -  MemoryUsage of job (MB)
	1353480  -  ResidentSetSize of job (KB)
...
006 (17004348.001.000) 06/29 12:30:29 Image size of job updated: 1353568
	1322  -  MemoryUsage of job (MB)
	1353568  -  ResidentSetSize of job (KB)
...
006 (17004348.001.000) 06/29 12:35:30 Image size of job updated: 1353652
	1322  -  MemoryUsage of job (MB)
	1353652  -  ResidentSetSize of job (KB)
...
006 (17004348.001.000) 06/29 12:40:30 Image size of job updated: 1353972
	1323  -  MemoryUsage of job (MB)
	1353972  -  ResidentSetSize of job (KB)
...
006 (17004348.001.000) 06/29 12:55:32 Image size of job updated: 1354008
	1323  -  MemoryUsage of job (MB)
	1354008  -  ResidentSetSize of job (KB)
...
006 (17004348.001.000) 06/29 13:00:33 Image size of job updated: 1354076
	1323  -  MemoryUsage of job (MB)
	1354076  -  ResidentSetSize of job (KB)
...
006 (17004348.001.000) 06/29 13:05:34 Image size of job updated: 1354148
	1323  -  MemoryUsage of job (MB)
	1354148  -  ResidentSetSize of job (KB)
...
006 (17004348.001.000) 06/29 13:10:34 Image size of job updated: 1354220
	1323  -  MemoryUsage of job (MB)
	1354220  -  ResidentSetSize of job (KB)
...
006 (17004348.001.000) 06/29 13:15:35 Image size of job updated: 1354316
	1323  -  MemoryUsage of job (MB)
	1354316  -  ResidentSetSize of job (KB)
...
006 (17004348.001.000) 06/29 13:20:36 Image size of job updated: 1354460
	1323  -  MemoryUsage of job (MB)
	1354460  -  ResidentSetSize of job (KB)
...
006 (17004348.001.000) 06/29 13:25:36 Image size of job updated: 1354500
	1323  -  MemoryUsage of job (MB)
	1354500  -  ResidentSetSize of job (KB)
...
006 (17004348.001.000) 06/29 13:30:36 Image size of job updated: 1354556
	1323  -  MemoryUsage of job (MB)
	1354556  -  ResidentSetSize of job (KB)
...
006 (17004348.001.000) 06/29 13:35:37 Image size of job updated: 1354628
	1323  -  MemoryUsage of job (MB)
	1354628  -  ResidentSetSize of job (KB)
...
006 (17004348.001.000) 06/29 13:40:37 Image size of job updated: 1354708
	1323  -  MemoryUsage of job (MB)
	1354708  -  ResidentSetSize of job (KB)
...
006 (17004348.001.000) 06/29 13:45:37 Image size of job updated: 1354752
	1323  -  MemoryUsage of job (MB)
	1354752  -  ResidentSetSize of job (KB)
...
006 (17004348.001.000) 06/29 13:50:39 Image size of job updated: 1354820
	1324  -  MemoryUsage of job (MB)
	1354820  -  ResidentSetSize of job (KB)
...
006 (17004348.001.000) 06/29 13:55:39 Image size of job updated: 1354900
	1324  -  MemoryUsage of job (MB)
	1354900  -  ResidentSetSize of job (KB)
...
006 (17004348.001.000) 06/29 14:00:39 Image size of job updated: 1354948
	1324  -  MemoryUsage of job (MB)
	1354948  -  ResidentSetSize of job (KB)
...
006 (17004348.001.000) 06/29 14:05:40 Image size of job updated: 1355012
	1324  -  MemoryUsage of job (MB)
	1355012  -  ResidentSetSize of job (KB)
...
006 (17004348.001.000) 06/29 14:10:41 Image size of job updated: 1355076
	1324  -  MemoryUsage of job (MB)
	1355076  -  ResidentSetSize of job (KB)
...
006 (17004348.001.000) 06/29 14:15:41 Image size of job updated: 1355148
	1324  -  MemoryUsage of job (MB)
	1355148  -  ResidentSetSize of job (KB)
...
006 (17004348.001.000) 06/29 14:20:42 Image size of job updated: 1355204
	1324  -  MemoryUsage of job (MB)
	1355204  -  ResidentSetSize of job (KB)
...
006 (17004348.001.000) 06/29 14:25:43 Image size of job updated: 1355264
	1324  -  MemoryUsage of job (MB)
	1355264  -  ResidentSetSize of job (KB)
...
006 (17004348.001.000) 06/29 14:30:43 Image size of job updated: 1358168
	1327  -  MemoryUsage of job (MB)
	1358168  -  ResidentSetSize of job (KB)
...
006 (17004348.001.000) 06/29 14:40:45 Image size of job updated: 1358712
	1327  -  MemoryUsage of job (MB)
	1358712  -  ResidentSetSize of job (KB)
...
006 (17004348.001.000) 06/29 15:25:49 Image size of job updated: 1358868
	1328  -  MemoryUsage of job (MB)
	1358868  -  ResidentSetSize of job (KB)
...
006 (17004348.001.000) 06/29 15:35:49 Image size of job updated: 1358928
	1328  -  MemoryUsage of job (MB)
	1358928  -  ResidentSetSize of job (KB)
...
006 (17004348.001.000) 06/29 15:40:50 Image size of job updated: 1359004
	1328  -  MemoryUsage of job (MB)
	1359004  -  ResidentSetSize of job (KB)
...
006 (17004348.001.000) 06/29 15:45:50 Image size of job updated: 1359068
	1328  -  MemoryUsage of job (MB)
	1359068  -  ResidentSetSize of job (KB)
...
006 (17004348.001.000) 06/29 15:50:50 Image size of job updated: 1359112
	1328  -  MemoryUsage of job (MB)
	1359112  -  ResidentSetSize of job (KB)
...
006 (17004348.001.000) 06/29 15:55:51 Image size of job updated: 1359188
	1328  -  MemoryUsage of job (MB)
	1359188  -  ResidentSetSize of job (KB)
...
006 (17004348.001.000) 06/29 16:00:51 Image size of job updated: 1359240
	1328  -  MemoryUsage of job (MB)
	1359240  -  ResidentSetSize of job (KB)
...
006 (17004348.001.000) 06/29 16:05:51 Image size of job updated: 1359332
	1328  -  MemoryUsage of job (MB)
	1359332  -  ResidentSetSize of job (KB)
...
006 (17004348.001.000) 06/29 16:10:52 Image size of job updated: 1359396
	1328  -  MemoryUsage of job (MB)
	1359396  -  ResidentSetSize of job (KB)
...
006 (17004348.001.000) 06/29 16:15:53 Image size of job updated: 1359472
	1328  -  MemoryUsage of job (MB)
	1359472  -  ResidentSetSize of job (KB)
...
006 (17004348.001.000) 06/29 16:20:53 Image size of job updated: 1359516
	1328  -  MemoryUsage of job (MB)
	1359516  -  ResidentSetSize of job (KB)
...
006 (17004348.001.000) 06/29 16:25:54 Image size of job updated: 1359588
	1328  -  MemoryUsage of job (MB)
	1359588  -  ResidentSetSize of job (KB)
...
006 (17004348.001.000) 06/29 16:30:55 Image size of job updated: 1359644
	1328  -  MemoryUsage of job (MB)
	1359644  -  ResidentSetSize of job (KB)
...
006 (17004348.001.000) 06/29 16:35:55 Image size of job updated: 1359684
	1328  -  MemoryUsage of job (MB)
	1359684  -  ResidentSetSize of job (KB)
...
006 (17004348.001.000) 06/29 16:40:55 Image size of job updated: 1359732
	1328  -  MemoryUsage of job (MB)
	1359732  -  ResidentSetSize of job (KB)
...
006 (17004348.001.000) 06/29 16:45:56 Image size of job updated: 1359804
	1328  -  MemoryUsage of job (MB)
	1359804  -  ResidentSetSize of job (KB)
...
006 (17004348.001.000) 06/29 16:50:56 Image size of job updated: 1359872
	1328  -  MemoryUsage of job (MB)
	1359872  -  ResidentSetSize of job (KB)
...
006 (17004348.001.000) 06/29 16:55:56 Image size of job updated: 1359928
	1329  -  MemoryUsage of job (MB)
	1359928  -  ResidentSetSize of job (KB)
...
006 (17004348.001.000) 06/29 17:00:57 Image size of job updated: 1359976
	1329  -  MemoryUsage of job (MB)
	1359976  -  ResidentSetSize of job (KB)
...
006 (17004348.001.000) 06/29 17:05:57 Image size of job updated: 1360028
	1329  -  MemoryUsage of job (MB)
	1360028  -  ResidentSetSize of job (KB)
...
006 (17004348.001.000) 06/29 17:10:57 Image size of job updated: 1360092
	1329  -  MemoryUsage of job (MB)
	1360092  -  ResidentSetSize of job (KB)
...
006 (17004348.001.000) 06/29 17:15:58 Image size of job updated: 1360160
	1329  -  MemoryUsage of job (MB)
	1360160  -  ResidentSetSize of job (KB)
...
006 (17004348.001.000) 06/29 17:20:59 Image size of job updated: 1360936
	1330  -  MemoryUsage of job (MB)
	1360936  -  ResidentSetSize of job (KB)
...
006 (17004348.001.000) 06/29 18:21:05 Image size of job updated: 1360964
	1330  -  MemoryUsage of job (MB)
	1360964  -  ResidentSetSize of job (KB)
...
006 (17004348.001.000) 06/29 18:26:05 Image size of job updated: 1361016
	1330  -  MemoryUsage of job (MB)
	1361016  -  ResidentSetSize of job (KB)
...
006 (17004348.001.000) 06/29 18:31:05 Image size of job updated: 1361080
	1330  -  MemoryUsage of job (MB)
	1361080  -  ResidentSetSize of job (KB)
...
006 (17004348.001.000) 06/29 18:36:06 Image size of job updated: 1361132
	1330  -  MemoryUsage of job (MB)
	1361132  -  ResidentSetSize of job (KB)
...
006 (17004348.001.000) 06/29 18:41:06 Image size of job updated: 1361176
	1330  -  MemoryUsage of job (MB)
	1361176  -  ResidentSetSize of job (KB)
...
006 (17004348.001.000) 06/29 18:46:06 Image size of job updated: 1361240
	1330  -  MemoryUsage of job (MB)
	1361240  -  ResidentSetSize of job (KB)
...
006 (17004348.001.000) 06/29 18:51:07 Image size of job updated: 1361296
	1330  -  MemoryUsage of job (MB)
	1361296  -  ResidentSetSize of job (KB)
...
006 (17004348.001.000) 06/29 18:56:08 Image size of job updated: 1361352
	1330  -  MemoryUsage of job (MB)
	1361352  -  ResidentSetSize of job (KB)
...
006 (17004348.001.000) 06/29 19:01:08 Image size of job updated: 1361404
	1330  -  MemoryUsage of job (MB)
	1361404  -  ResidentSetSize of job (KB)
...
006 (17004348.001.000) 06/29 19:06:09 Image size of job updated: 1361460
	1330  -  MemoryUsage of job (MB)
	1361460  -  ResidentSetSize of job (KB)
...
006 (17004348.001.000) 06/29 19:11:10 Image size of job updated: 1361520
	1330  -  MemoryUsage of job (MB)
	1361520  -  ResidentSetSize of job (KB)
...
006 (17004348.001.000) 06/29 19:16:10 Image size of job updated: 1361556
	1330  -  MemoryUsage of job (MB)
	1361556  -  ResidentSetSize of job (KB)
...
006 (17004348.001.000) 06/29 19:21:11 Image size of job updated: 1361616
	1330  -  MemoryUsage of job (MB)
	1361616  -  ResidentSetSize of job (KB)
...
006 (17004348.001.000) 06/29 19:26:12 Image size of job updated: 1361676
	1330  -  MemoryUsage of job (MB)
	1361676  -  ResidentSetSize of job (KB)
...
006 (17004348.001.000) 06/29 19:31:12 Image size of job updated: 1361724
	1330  -  MemoryUsage of job (MB)
	1361724  -  ResidentSetSize of job (KB)
...
006 (17004348.001.000) 06/29 19:36:13 Image size of job updated: 1361800
	1330  -  MemoryUsage of job (MB)
	1361800  -  ResidentSetSize of job (KB)
...
006 (17004348.001.000) 06/29 19:41:14 Image size of job updated: 1361864
	1330  -  MemoryUsage of job (MB)
	1361864  -  ResidentSetSize of job (KB)
...
006 (17004348.001.000) 06/29 19:46:14 Image size of job updated: 1361920
	1330  -  MemoryUsage of job (MB)
	1361920  -  ResidentSetSize of job (KB)
...
006 (17004348.001.000) 06/29 19:51:14 Image size of job updated: 1361960
	1331  -  MemoryUsage of job (MB)
	1361960  -  ResidentSetSize of job (KB)
...
006 (17004348.001.000) 06/29 19:56:15 Image size of job updated: 1362028
	1331  -  MemoryUsage of job (MB)
	1362028  -  ResidentSetSize of job (KB)
...
006 (17004348.001.000) 06/29 20:01:16 Image size of job updated: 1362068
	1331  -  MemoryUsage of job (MB)
	1362068  -  ResidentSetSize of job (KB)
...
006 (17004348.001.000) 06/29 20:06:16 Image size of job updated: 1362136
	1331  -  MemoryUsage of job (MB)
	1362136  -  ResidentSetSize of job (KB)
...
006 (17004348.001.000) 06/29 20:11:17 Image size of job updated: 1362980
	1332  -  MemoryUsage of job (MB)
	1362980  -  ResidentSetSize of job (KB)
...
006 (17004348.001.000) 06/29 20:56:22 Image size of job updated: 1363364
	1332  -  MemoryUsage of job (MB)
	1363364  -  ResidentSetSize of job (KB)
...
006 (17004348.001.000) 06/29 21:16:24 Image size of job updated: 1363376
	1332  -  MemoryUsage of job (MB)
	1363376  -  ResidentSetSize of job (KB)
...
006 (17004348.001.000) 06/29 21:21:24 Image size of job updated: 1363404
	1332  -  MemoryUsage of job (MB)
	1363404  -  ResidentSetSize of job (KB)
...
006 (17004348.001.000) 06/29 21:26:24 Image size of job updated: 1365528
	1334  -  MemoryUsage of job (MB)
	1365528  -  ResidentSetSize of job (KB)
...
006 (17004348.001.000) 06/29 21:31:25 Image size of job updated: 1365568
	1334  -  MemoryUsage of job (MB)
	1365568  -  ResidentSetSize of job (KB)
...
006 (17004348.001.000) 06/29 21:36:26 Image size of job updated: 1365612
	1334  -  MemoryUsage of job (MB)
	1365612  -  ResidentSetSize of job (KB)
...
006 (17004348.001.000) 06/29 21:41:26 Image size of job updated: 1367628
	1336  -  MemoryUsage of job (MB)
	1367628  -  ResidentSetSize of job (KB)
...
006 (17004348.001.000) 06/29 21:46:27 Image size of job updated: 1367680
	1336  -  MemoryUsage of job (MB)
	1367680  -  ResidentSetSize of job (KB)
...
006 (17004348.001.000) 06/29 21:51:28 Image size of job updated: 1367720
	1336  -  MemoryUsage of job (MB)
	1367720  -  ResidentSetSize of job (KB)
...
006 (17004348.001.000) 06/29 21:56:28 Image size of job updated: 1367756
	1336  -  MemoryUsage of job (MB)
	1367756  -  ResidentSetSize of job (KB)
...
006 (17004348.001.000) 06/29 22:01:28 Image size of job updated: 1367796
	1336  -  MemoryUsage of job (MB)
	1367796  -  ResidentSetSize of job (KB)
...
006 (17004348.001.000) 06/29 22:06:29 Image size of job updated: 1367860
	1336  -  MemoryUsage of job (MB)
	1367860  -  ResidentSetSize of job (KB)
...
006 (17004348.001.000) 06/29 22:11:29 Image size of job updated: 1367908
	1336  -  MemoryUsage of job (MB)
	1367908  -  ResidentSetSize of job (KB)
...
006 (17004348.001.000) 06/29 22:16:29 Image size of job updated: 1367960
	1336  -  MemoryUsage of job (MB)
	1367960  -  ResidentSetSize of job (KB)
...
006 (17004348.001.000) 06/29 22:21:30 Image size of job updated: 1368012
	1336  -  MemoryUsage of job (MB)
	1368012  -  ResidentSetSize of job (KB)
...
006 (17004348.001.000) 06/29 22:26:30 Image size of job updated: 1368076
	1337  -  MemoryUsage of job (MB)
	1368076  -  ResidentSetSize of job (KB)
...
006 (17004348.001.000) 06/29 22:31:30 Image size of job updated: 1368140
	1337  -  MemoryUsage of job (MB)
	1368140  -  ResidentSetSize of job (KB)
...
006 (17004348.001.000) 06/29 22:36:31 Image size of job updated: 1368184
	1337  -  MemoryUsage of job (MB)
	1368184  -  ResidentSetSize of job (KB)
...
006 (17004348.001.000) 06/29 22:41:31 Image size of job updated: 1368220
	1337  -  MemoryUsage of job (MB)
	1368220  -  ResidentSetSize of job (KB)
...
006 (17004348.001.000) 06/29 22:46:31 Image size of job updated: 1368276
	1337  -  MemoryUsage of job (MB)
	1368276  -  ResidentSetSize of job (KB)
...
006 (17004348.001.000) 06/29 22:51:32 Image size of job updated: 1368332
	1337  -  MemoryUsage of job (MB)
	1368332  -  ResidentSetSize of job (KB)
...
006 (17004348.001.000) 06/29 22:56:33 Image size of job updated: 1368400
	1337  -  MemoryUsage of job (MB)
	1368400  -  ResidentSetSize of job (KB)
...
006 (17004348.001.000) 06/29 23:01:33 Image size of job updated: 1369416
	1338  -  MemoryUsage of job (MB)
	1369416  -  ResidentSetSize of job (KB)
...
006 (17004348.001.000) 06/30 00:26:43 Image size of job updated: 1369432
	1338  -  MemoryUsage of job (MB)
	1369432  -  ResidentSetSize of job (KB)
...
006 (17004348.001.000) 06/30 00:31:43 Image size of job updated: 1369484
	1338  -  MemoryUsage of job (MB)
	1369484  -  ResidentSetSize of job (KB)
...
006 (17004348.001.000) 06/30 00:36:43 Image size of job updated: 1369532
	1338  -  MemoryUsage of job (MB)
	1369532  -  ResidentSetSize of job (KB)
...
006 (17004348.001.000) 06/30 00:41:44 Image size of job updated: 1369572
	1338  -  MemoryUsage of job (MB)
	1369572  -  ResidentSetSize of job (KB)
...
006 (17004348.001.000) 06/30 00:46:45 Image size of job updated: 1369620
	1338  -  MemoryUsage of job (MB)
	1369620  -  ResidentSetSize of job (KB)
...
006 (17004348.001.000) 06/30 00:51:45 Image size of job updated: 1369664
	1338  -  MemoryUsage of job (MB)
	1369664  -  ResidentSetSize of job (KB)
...
006 (17004348.001.000) 06/30 00:56:46 Image size of job updated: 1369720
	1338  -  MemoryUsage of job (MB)
	1369720  -  ResidentSetSize of job (KB)
...
006 (17004348.001.000) 06/30 01:01:47 Image size of job updated: 1369764
	1338  -  MemoryUsage of job (MB)
	1369764  -  ResidentSetSize of job (KB)
...
006 (17004348.001.000) 06/30 01:06:47 Image size of job updated: 1369812
	1338  -  MemoryUsage of job (MB)
	1369812  -  ResidentSetSize of job (KB)
...
006 (17004348.001.000) 06/30 01:11:48 Image size of job updated: 1369876
	1338  -  MemoryUsage of job (MB)
	1369876  -  ResidentSetSize of job (KB)
...
006 (17004348.001.000) 06/30 01:16:49 Image size of job updated: 1369936
	1338  -  MemoryUsage of job (MB)
	1369936  -  ResidentSetSize of job (KB)
...
006 (17004348.001.000) 06/30 01:21:49 Image size of job updated: 1369984
	1338  -  MemoryUsage of job (MB)
	1369984  -  ResidentSetSize of job (KB)
...
006 (17004348.001.000) 06/30 01:26:49 Image size of job updated: 1370028
	1338  -  MemoryUsage of job (MB)
	1370028  -  ResidentSetSize of job (KB)
...
006 (17004348.001.000) 06/30 01:31:50 Image size of job updated: 1370088
	1338  -  MemoryUsage of job (MB)
	1370088  -  ResidentSetSize of job (KB)
...
006 (17004348.001.000) 06/30 01:36:50 Image size of job updated: 1370144
	1339  -  MemoryUsage of job (MB)
	1370144  -  ResidentSetSize of job (KB)
...
006 (17004348.001.000) 06/30 01:41:50 Image size of job updated: 1370212
	1339  -  MemoryUsage of job (MB)
	1370212  -  ResidentSetSize of job (KB)
...
006 (17004348.001.000) 06/30 01:46:51 Image size of job updated: 1370260
	1339  -  MemoryUsage of job (MB)
	1370260  -  ResidentSetSize of job (KB)
...
006 (17004348.001.000) 06/30 01:51:52 Image size of job updated: 1370304
	1339  -  MemoryUsage of job (MB)
	1370304  -  ResidentSetSize of job (KB)
...
006 (17004348.001.000) 06/30 01:56:52 Image size of job updated: 1370352
	1339  -  MemoryUsage of job (MB)
	1370352  -  ResidentSetSize of job (KB)
...
006 (17004348.001.000) 06/30 02:01:53 Image size of job updated: 1370396
	1339  -  MemoryUsage of job (MB)
	1370396  -  ResidentSetSize of job (KB)
...
006 (17004348.001.000) 06/30 02:06:54 Image size of job updated: 1370452
	1339  -  MemoryUsage of job (MB)
	1370452  -  ResidentSetSize of job (KB)
...
006 (17004348.001.000) 06/30 02:11:54 Image size of job updated: 1370520
	1339  -  MemoryUsage of job (MB)
	1370520  -  ResidentSetSize of job (KB)
...
006 (17004348.001.000) 06/30 02:16:54 Image size of job updated: 1370564
	1339  -  MemoryUsage of job (MB)
	1370564  -  ResidentSetSize of job (KB)
...
006 (17004348.001.000) 06/30 02:21:55 Image size of job updated: 1370636
	1339  -  MemoryUsage of job (MB)
	1370636  -  ResidentSetSize of job (KB)
...
006 (17004348.001.000) 06/30 02:26:55 Image size of job updated: 1370696
	1339  -  MemoryUsage of job (MB)
	1370696  -  ResidentSetSize of job (KB)
...
006 (17004348.001.000) 06/30 02:31:55 Image size of job updated: 1370764
	1339  -  MemoryUsage of job (MB)
	1370764  -  ResidentSetSize of job (KB)
...
006 (17004348.001.000) 06/30 02:36:56 Image size of job updated: 1370832
	1339  -  MemoryUsage of job (MB)
	1370832  -  ResidentSetSize of job (KB)
...
006 (17004348.001.000) 06/30 02:41:56 Image size of job updated: 1370896
	1339  -  MemoryUsage of job (MB)
	1370896  -  ResidentSetSize of job (KB)
...
006 (17004348.001.000) 06/30 02:46:56 Image size of job updated: 1371468
	1340  -  MemoryUsage of job (MB)
	1371468  -  ResidentSetSize of job (KB)
...
006 (17004348.001.000) 06/30 03:32:01 Image size of job updated: 1371500
	1340  -  MemoryUsage of job (MB)
	1371500  -  ResidentSetSize of job (KB)
...
006 (17004348.001.000) 06/30 03:37:02 Image size of job updated: 1371560
	1340  -  MemoryUsage of job (MB)
	1371560  -  ResidentSetSize of job (KB)
...
006 (17004348.001.000) 06/30 03:42:03 Image size of job updated: 1371600
	1340  -  MemoryUsage of job (MB)
	1371600  -  ResidentSetSize of job (KB)
...
006 (17004348.001.000) 06/30 03:47:03 Image size of job updated: 1371656
	1340  -  MemoryUsage of job (MB)
	1371656  -  ResidentSetSize of job (KB)
...
006 (17004348.001.000) 06/30 03:52:04 Image size of job updated: 1371732
	1340  -  MemoryUsage of job (MB)
	1371732  -  ResidentSetSize of job (KB)
...
006 (17004348.001.000) 06/30 03:57:05 Image size of job updated: 1371788
	1340  -  MemoryUsage of job (MB)
	1371788  -  ResidentSetSize of job (KB)
...
006 (17004348.001.000) 06/30 04:02:05 Image size of job updated: 1371844
	1340  -  MemoryUsage of job (MB)
	1371844  -  ResidentSetSize of job (KB)
...
006 (17004348.001.000) 06/30 04:07:05 Image size of job updated: 1371888
	1340  -  MemoryUsage of job (MB)
	1371888  -  ResidentSetSize of job (KB)
...
006 (17004348.001.000) 06/30 04:12:06 Image size of job updated: 1371948
	1340  -  MemoryUsage of job (MB)
	1371948  -  ResidentSetSize of job (KB)
...
006 (17004348.001.000) 06/30 04:17:06 Image size of job updated: 1372004
	1340  -  MemoryUsage of job (MB)
	1372004  -  ResidentSetSize of job (KB)
...
006 (17004348.001.000) 06/30 04:22:06 Image size of job updated: 1372052
	1340  -  MemoryUsage of job (MB)
	1372052  -  ResidentSetSize of job (KB)
...
006 (17004348.001.000) 06/30 04:27:07 Image size of job updated: 1372096
	1340  -  MemoryUsage of job (MB)
	1372096  -  ResidentSetSize of job (KB)
...
006 (17004348.001.000) 06/30 04:32:07 Image size of job updated: 1372140
	1340  -  MemoryUsage of job (MB)
	1372140  -  ResidentSetSize of job (KB)
...
006 (17004348.001.000) 06/30 04:37:07 Image size of job updated: 1372196
	1341  -  MemoryUsage of job (MB)
	1372196  -  ResidentSetSize of job (KB)
...
006 (17004348.001.000) 06/30 04:42:08 Image size of job updated: 1372248
	1341  -  MemoryUsage of job (MB)
	1372248  -  ResidentSetSize of job (KB)
...
006 (17004348.001.000) 06/30 04:47:08 Image size of job updated: 1372320
	1341  -  MemoryUsage of job (MB)
	1372320  -  ResidentSetSize of job (KB)
...
006 (17004348.001.000) 06/30 04:52:08 Image size of job updated: 1372364
	1341  -  MemoryUsage of job (MB)
	1372364  -  ResidentSetSize of job (KB)
...
006 (17004348.001.000) 06/30 04:57:09 Image size of job updated: 1372420
	1341  -  MemoryUsage of job (MB)
	1372420  -  ResidentSetSize of job (KB)
...
006 (17004348.001.000) 06/30 05:02:09 Image size of job updated: 1372480
	1341  -  MemoryUsage of job (MB)
	1372480  -  ResidentSetSize of job (KB)
...
006 (17004348.001.000) 06/30 05:07:09 Image size of job updated: 1374588
	1343  -  MemoryUsage of job (MB)
	1374588  -  ResidentSetSize of job (KB)
...
006 (17004348.001.000) 06/30 05:12:10 Image size of job updated: 1374648
	1343  -  MemoryUsage of job (MB)
	1374648  -  ResidentSetSize of job (KB)
...
006 (17004348.001.000) 06/30 05:17:11 Image size of job updated: 1374684
	1343  -  MemoryUsage of job (MB)
	1374684  -  ResidentSetSize of job (KB)
...
006 (17004348.001.000) 06/30 05:22:11 Image size of job updated: 1374756
	1343  -  MemoryUsage of job (MB)
	1374756  -  ResidentSetSize of job (KB)
...
006 (17004348.001.000) 06/30 05:27:12 Image size of job updated: 1374796
	1343  -  MemoryUsage of job (MB)
	1374796  -  ResidentSetSize of job (KB)
...
006 (17004348.001.000) 06/30 05:32:13 Image size of job updated: 1374872
	1343  -  MemoryUsage of job (MB)
	1374872  -  ResidentSetSize of job (KB)
...
006 (17004348.001.000) 06/30 05:37:13 Image size of job updated: 1374928
	1343  -  MemoryUsage of job (MB)
	1374928  -  ResidentSetSize of job (KB)
...
006 (17004348.001.000) 06/30 05:42:13 Image size of job updated: 1374988
	1343  -  MemoryUsage of job (MB)
	1374988  -  ResidentSetSize of job (KB)
...
006 (17004348.001.000) 06/30 05:47:14 Image size of job updated: 1375056
	1343  -  MemoryUsage of job (MB)
	1375056  -  ResidentSetSize of job (KB)
...
006 (17004348.001.000) 06/30 05:52:14 Image size of job updated: 1375116
	1343  -  MemoryUsage of job (MB)
	1375116  -  ResidentSetSize of job (KB)
...
006 (17004348.001.000) 06/30 05:57:14 Image size of job updated: 1375168
	1343  -  MemoryUsage of job (MB)
	1375168  -  ResidentSetSize of job (KB)
...
006 (17004348.001.000) 06/30 06:02:15 Image size of job updated: 1375208
	1343  -  MemoryUsage of job (MB)
	1375208  -  ResidentSetSize of job (KB)
...
006 (17004348.001.000) 06/30 06:07:15 Image size of job updated: 1375280
	1344  -  MemoryUsage of job (MB)
	1375280  -  ResidentSetSize of job (KB)
...
006 (17004348.001.000) 06/30 06:12:15 Image size of job updated: 1375348
	1344  -  MemoryUsage of job (MB)
	1375348  -  ResidentSetSize of job (KB)
...
006 (17004348.001.000) 06/30 06:17:16 Image size of job updated: 1375412
	1344  -  MemoryUsage of job (MB)
	1375412  -  ResidentSetSize of job (KB)
...
006 (17004348.001.000) 06/30 06:22:17 Image size of job updated: 1375472
	1344  -  MemoryUsage of job (MB)
	1375472  -  ResidentSetSize of job (KB)
...
006 (17004348.001.000) 06/30 06:27:17 Image size of job updated: 1375548
	1344  -  MemoryUsage of job (MB)
	1375548  -  ResidentSetSize of job (KB)
...
006 (17004348.001.000) 06/30 06:32:18 Image size of job updated: 1376616
	1345  -  MemoryUsage of job (MB)
	1376616  -  ResidentSetSize of job (KB)
...
040 (17004348.001.000) 06/30 06:50:25 Started transferring output files
...
040 (17004348.001.000) 06/30 06:50:25 Finished transferring output files
...
009 (17004348.001.000) 06/30 06:50:25 Job was aborted.
	Job removed by SYSTEM_PERIODIC_REMOVE due to wall time exceeded allowed max.
...
