000 (17004348.010.000) 06/29 05:41:06 Job submitted from host: <188.185.114.121:9618?addrs=188.185.114.121-9618+[2001-1458-d00-a--100-273]-9618&alias=bigbird19.cern.ch&noUDP&sock=schedd_5103_cfe0>
...
040 (17004348.010.000) 06/29 11:52:00 Started transferring input files
	Transferring to host: <188.185.93.227:9618?addrs=188.185.93.227-9618&alias=b9g57n7827.cern.ch&noUDP&sock=slot1_1_16553_d5fa_160670>
...
040 (17004348.010.000) 06/29 11:52:00 Finished transferring input files
...
001 (17004348.010.000) 06/29 11:52:01 Job executing on host: <188.185.93.227:9618?addrs=188.185.93.227-9618&alias=b9g57n7827.cern.ch&noUDP&sock=startd_15635_e354>
	SlotName: slot1_1@b9g57n7827.cern.ch
	AvailableGPUs = { GPUs_GPU_ee78d802 }
	CondorScratchDir = "/pool/condor/dir_3643927"
	Cpus = 3
	Disk = 8389635
	GPUs = 1
	GPUs_GPU_ee78d802 = [ Id = "GPU-ee78d802"; ClockMhz = 1410.0; Capability = 8.0; CoresPerCU = 64; DeviceName = "NVIDIA A100-PCIE-40GB"; DeviceUuid = "ee78d802-96d0-a90a-d47c-1f122c066123"; ECCEnabled = true; ComputeUnits = 108; DriverVersion = 13.0; DevicePciBusId = "0000:06:00.0"; GlobalMemoryMb = 40441; MaxSupportedVersion = 13000 ]
	Memory = 9000
...
006 (17004348.010.000) 06/29 11:52:14 Image size of job updated: 21056
	21  -  MemoryUsage of job (MB)
	21056  -  ResidentSetSize of job (KB)
...
006 (17004348.010.000) 06/29 11:57:14 Image size of job updated: 451128
	441  -  MemoryUsage of job (MB)
	451128  -  ResidentSetSize of job (KB)
...
006 (17004348.010.000) 06/29 12:02:15 Image size of job updated: 455916
	446  -  MemoryUsage of job (MB)
	455916  -  ResidentSetSize of job (KB)
...
006 (17004348.010.000) 06/29 12:07:15 Image size of job updated: 460888
	451  -  MemoryUsage of job (MB)
	460888  -  ResidentSetSize of job (KB)
...
006 (17004348.010.000) 06/29 12:12:15 Image size of job updated: 465004
	455  -  MemoryUsage of job (MB)
	465004  -  ResidentSetSize of job (KB)
...
006 (17004348.010.000) 06/29 12:17:16 Image size of job updated: 470244
	460  -  MemoryUsage of job (MB)
	470244  -  ResidentSetSize of job (KB)
...
006 (17004348.010.000) 06/29 12:22:16 Image size of job updated: 472792
	462  -  MemoryUsage of job (MB)
	472792  -  ResidentSetSize of job (KB)
...
006 (17004348.010.000) 06/29 12:27:16 Image size of job updated: 475340
	465  -  MemoryUsage of job (MB)
	475340  -  ResidentSetSize of job (KB)
...
006 (17004348.010.000) 06/29 12:32:17 Image size of job updated: 477876
	467  -  MemoryUsage of job (MB)
	477876  -  ResidentSetSize of job (KB)
...
006 (17004348.010.000) 06/29 12:37:17 Image size of job updated: 481236
	470  -  MemoryUsage of job (MB)
	481236  -  ResidentSetSize of job (KB)
...
006 (17004348.010.000) 06/29 12:42:17 Image size of job updated: 487244
	476  -  MemoryUsage of job (MB)
	487244  -  ResidentSetSize of job (KB)
...
006 (17004348.010.000) 06/29 12:47:18 Image size of job updated: 493336
	482  -  MemoryUsage of job (MB)
	493336  -  ResidentSetSize of job (KB)
...
006 (17004348.010.000) 06/29 12:52:18 Image size of job updated: 497496
	486  -  MemoryUsage of job (MB)
	497496  -  ResidentSetSize of job (KB)
...
006 (17004348.010.000) 06/29 12:57:18 Image size of job updated: 503832
	493  -  MemoryUsage of job (MB)
	503832  -  ResidentSetSize of job (KB)
...
006 (17004348.010.000) 06/29 13:02:19 Image size of job updated: 510524
	499  -  MemoryUsage of job (MB)
	510524  -  ResidentSetSize of job (KB)
...
006 (17004348.010.000) 06/29 13:07:19 Image size of job updated: 515880
	504  -  MemoryUsage of job (MB)
	515880  -  ResidentSetSize of job (KB)
...
006 (17004348.010.000) 06/29 13:12:19 Image size of job updated: 516836
	505  -  MemoryUsage of job (MB)
	516836  -  ResidentSetSize of job (KB)
...
006 (17004348.010.000) 06/29 13:17:20 Image size of job updated: 517588
	506  -  MemoryUsage of job (MB)
	517588  -  ResidentSetSize of job (KB)
...
006 (17004348.010.000) 06/29 13:22:21 Image size of job updated: 521112
	509  -  MemoryUsage of job (MB)
	521112  -  ResidentSetSize of job (KB)
...
006 (17004348.010.000) 06/29 13:27:21 Image size of job updated: 525808
	514  -  MemoryUsage of job (MB)
	525808  -  ResidentSetSize of job (KB)
...
006 (17004348.010.000) 06/29 13:32:22 Image size of job updated: 536272
	514  -  MemoryUsage of job (MB)
	525808  -  ResidentSetSize of job (KB)
...
006 (17004348.010.000) 06/29 13:47:24 Image size of job updated: 536272
	520  -  MemoryUsage of job (MB)
	532360  -  ResidentSetSize of job (KB)
...
006 (17004348.010.000) 06/29 13:52:25 Image size of job updated: 561824
	549  -  MemoryUsage of job (MB)
	561824  -  ResidentSetSize of job (KB)
...
006 (17004348.010.000) 06/29 13:57:25 Image size of job updated: 601332
	588  -  MemoryUsage of job (MB)
	601332  -  ResidentSetSize of job (KB)
...
006 (17004348.010.000) 06/29 14:02:26 Image size of job updated: 601868
	588  -  MemoryUsage of job (MB)
	601868  -  ResidentSetSize of job (KB)
...
006 (17004348.010.000) 06/29 14:07:27 Image size of job updated: 602208
	589  -  MemoryUsage of job (MB)
	602208  -  ResidentSetSize of job (KB)
...
006 (17004348.010.000) 06/29 14:12:27 Image size of job updated: 602308
	589  -  MemoryUsage of job (MB)
	602308  -  ResidentSetSize of job (KB)
...
006 (17004348.010.000) 06/29 14:17:28 Image size of job updated: 602316
	589  -  MemoryUsage of job (MB)
	602316  -  ResidentSetSize of job (KB)
...
006 (17004348.010.000) 06/29 14:22:29 Image size of job updated: 602868
	589  -  MemoryUsage of job (MB)
	602868  -  ResidentSetSize of job (KB)
...
006 (17004348.010.000) 06/29 14:27:29 Image size of job updated: 602920
	589  -  MemoryUsage of job (MB)
	602920  -  ResidentSetSize of job (KB)
...
006 (17004348.010.000) 06/29 14:37:30 Image size of job updated: 602924
	589  -  MemoryUsage of job (MB)
	602924  -  ResidentSetSize of job (KB)
...
006 (17004348.010.000) 06/29 14:42:30 Image size of job updated: 1124464
	1099  -  MemoryUsage of job (MB)
	1124464  -  ResidentSetSize of job (KB)
...
006 (17004348.010.000) 06/29 14:47:30 Image size of job updated: 1178480
	1151  -  MemoryUsage of job (MB)
	1178480  -  ResidentSetSize of job (KB)
...
006 (17004348.010.000) 06/29 14:52:31 Image size of job updated: 1178736
	1152  -  MemoryUsage of job (MB)
	1178736  -  ResidentSetSize of job (KB)
...
006 (17004348.010.000) 06/29 14:57:31 Image size of job updated: 1178896
	1152  -  MemoryUsage of job (MB)
	1178896  -  ResidentSetSize of job (KB)
...
006 (17004348.010.000) 06/29 15:02:31 Image size of job updated: 1179024
	1152  -  MemoryUsage of job (MB)
	1179024  -  ResidentSetSize of job (KB)
...
006 (17004348.010.000) 06/29 15:07:32 Image size of job updated: 1179132
	1152  -  MemoryUsage of job (MB)
	1179132  -  ResidentSetSize of job (KB)
...
006 (17004348.010.000) 06/29 15:12:32 Image size of job updated: 1179440
	1152  -  MemoryUsage of job (MB)
	1179440  -  ResidentSetSize of job (KB)
...
006 (17004348.010.000) 06/29 15:17:32 Image size of job updated: 1179608
	1152  -  MemoryUsage of job (MB)
	1179608  -  ResidentSetSize of job (KB)
...
006 (17004348.010.000) 06/29 15:22:33 Image size of job updated: 1179744
	1153  -  MemoryUsage of job (MB)
	1179744  -  ResidentSetSize of job (KB)
...
006 (17004348.010.000) 06/29 15:27:34 Image size of job updated: 1179964
	1153  -  MemoryUsage of job (MB)
	1179964  -  ResidentSetSize of job (KB)
...
006 (17004348.010.000) 06/29 15:32:34 Image size of job updated: 1180088
	1153  -  MemoryUsage of job (MB)
	1180088  -  ResidentSetSize of job (KB)
...
006 (17004348.010.000) 06/29 15:37:35 Image size of job updated: 1180320
	1153  -  MemoryUsage of job (MB)
	1180320  -  ResidentSetSize of job (KB)
...
006 (17004348.010.000) 06/29 15:42:36 Image size of job updated: 1180476
	1153  -  MemoryUsage of job (MB)
	1180476  -  ResidentSetSize of job (KB)
...
006 (17004348.010.000) 06/29 15:47:36 Image size of job updated: 1180752
	1154  -  MemoryUsage of job (MB)
	1180752  -  ResidentSetSize of job (KB)
...
006 (17004348.010.000) 06/29 15:52:37 Image size of job updated: 1180876
	1154  -  MemoryUsage of job (MB)
	1180876  -  ResidentSetSize of job (KB)
...
006 (17004348.010.000) 06/29 15:57:38 Image size of job updated: 1181708
	1155  -  MemoryUsage of job (MB)
	1181708  -  ResidentSetSize of job (KB)
...
006 (17004348.010.000) 06/29 16:02:38 Image size of job updated: 1350384
	1319  -  MemoryUsage of job (MB)
	1350384  -  ResidentSetSize of job (KB)
...
006 (17004348.010.000) 06/29 16:07:38 Image size of job updated: 1352404
	1321  -  MemoryUsage of job (MB)
	1352404  -  ResidentSetSize of job (KB)
...
006 (17004348.010.000) 06/29 16:12:39 Image size of job updated: 1352524
	1321  -  MemoryUsage of job (MB)
	1352524  -  ResidentSetSize of job (KB)
...
006 (17004348.010.000) 06/29 16:17:39 Image size of job updated: 1352660
	1321  -  MemoryUsage of job (MB)
	1352660  -  ResidentSetSize of job (KB)
...
006 (17004348.010.000) 06/29 16:22:39 Image size of job updated: 1352824
	1322  -  MemoryUsage of job (MB)
	1352824  -  ResidentSetSize of job (KB)
...
006 (17004348.010.000) 06/29 16:27:40 Image size of job updated: 1352952
	1322  -  MemoryUsage of job (MB)
	1352952  -  ResidentSetSize of job (KB)
...
006 (17004348.010.000) 06/29 16:32:41 Image size of job updated: 1353084
	1322  -  MemoryUsage of job (MB)
	1353084  -  ResidentSetSize of job (KB)
...
006 (17004348.010.000) 06/29 16:37:41 Image size of job updated: 1353224
	1322  -  MemoryUsage of job (MB)
	1353224  -  ResidentSetSize of job (KB)
...
006 (17004348.010.000) 06/29 16:42:42 Image size of job updated: 1353368
	1322  -  MemoryUsage of job (MB)
	1353368  -  ResidentSetSize of job (KB)
...
006 (17004348.010.000) 06/29 16:47:43 Image size of job updated: 1353500
	1322  -  MemoryUsage of job (MB)
	1353500  -  ResidentSetSize of job (KB)
...
006 (17004348.010.000) 06/29 16:52:43 Image size of job updated: 1353612
	1322  -  MemoryUsage of job (MB)
	1353612  -  ResidentSetSize of job (KB)
...
006 (17004348.010.000) 06/29 16:57:44 Image size of job updated: 1353756
	1323  -  MemoryUsage of job (MB)
	1353756  -  ResidentSetSize of job (KB)
...
006 (17004348.010.000) 06/29 17:02:45 Image size of job updated: 1353904
	1323  -  MemoryUsage of job (MB)
	1353904  -  ResidentSetSize of job (KB)
...
006 (17004348.010.000) 06/29 17:07:45 Image size of job updated: 1354144
	1323  -  MemoryUsage of job (MB)
	1354144  -  ResidentSetSize of job (KB)
...
006 (17004348.010.000) 06/29 17:12:46 Image size of job updated: 1354300
	1323  -  MemoryUsage of job (MB)
	1354300  -  ResidentSetSize of job (KB)
...
006 (17004348.010.000) 06/29 17:17:47 Image size of job updated: 1354444
	1323  -  MemoryUsage of job (MB)
	1354444  -  ResidentSetSize of job (KB)
...
006 (17004348.010.000) 06/29 17:22:47 Image size of job updated: 1354576
	1323  -  MemoryUsage of job (MB)
	1354576  -  ResidentSetSize of job (KB)
...
006 (17004348.010.000) 06/29 17:27:47 Image size of job updated: 1354708
	1323  -  MemoryUsage of job (MB)
	1354708  -  ResidentSetSize of job (KB)
...
006 (17004348.010.000) 06/29 17:32:48 Image size of job updated: 1354856
	1324  -  MemoryUsage of job (MB)
	1354856  -  ResidentSetSize of job (KB)
...
006 (17004348.010.000) 06/29 17:37:48 Image size of job updated: 1355024
	1324  -  MemoryUsage of job (MB)
	1355024  -  ResidentSetSize of job (KB)
...
006 (17004348.010.000) 06/29 17:42:48 Image size of job updated: 1355164
	1324  -  MemoryUsage of job (MB)
	1355164  -  ResidentSetSize of job (KB)
...
006 (17004348.010.000) 06/29 17:47:49 Image size of job updated: 1355308
	1324  -  MemoryUsage of job (MB)
	1355308  -  ResidentSetSize of job (KB)
...
006 (17004348.010.000) 06/29 17:52:49 Image size of job updated: 1355624
	1324  -  MemoryUsage of job (MB)
	1355624  -  ResidentSetSize of job (KB)
...
006 (17004348.010.000) 06/29 17:57:49 Image size of job updated: 1355784
	1325  -  MemoryUsage of job (MB)
	1355784  -  ResidentSetSize of job (KB)
...
006 (17004348.010.000) 06/29 18:02:51 Image size of job updated: 1355884
	1325  -  MemoryUsage of job (MB)
	1355884  -  ResidentSetSize of job (KB)
...
006 (17004348.010.000) 06/29 18:07:51 Image size of job updated: 1356028
	1325  -  MemoryUsage of job (MB)
	1356028  -  ResidentSetSize of job (KB)
...
006 (17004348.010.000) 06/29 18:12:51 Image size of job updated: 1356176
	1325  -  MemoryUsage of job (MB)
	1356176  -  ResidentSetSize of job (KB)
...
006 (17004348.010.000) 06/29 18:17:52 Image size of job updated: 1356324
	1325  -  MemoryUsage of job (MB)
	1356324  -  ResidentSetSize of job (KB)
...
006 (17004348.010.000) 06/29 18:22:53 Image size of job updated: 1356520
	1325  -  MemoryUsage of job (MB)
	1356520  -  ResidentSetSize of job (KB)
...
006 (17004348.010.000) 06/29 18:27:53 Image size of job updated: 1356640
	1325  -  MemoryUsage of job (MB)
	1356640  -  ResidentSetSize of job (KB)
...
006 (17004348.010.000) 06/29 18:32:54 Image size of job updated: 1356788
	1325  -  MemoryUsage of job (MB)
	1356788  -  ResidentSetSize of job (KB)
...
006 (17004348.010.000) 06/29 18:37:55 Image size of job updated: 1356952
	1326  -  MemoryUsage of job (MB)
	1356952  -  ResidentSetSize of job (KB)
...
006 (17004348.010.000) 06/29 18:42:55 Image size of job updated: 1357072
	1326  -  MemoryUsage of job (MB)
	1357072  -  ResidentSetSize of job (KB)
...
006 (17004348.010.000) 06/29 18:47:56 Image size of job updated: 1357556
	1326  -  MemoryUsage of job (MB)
	1357556  -  ResidentSetSize of job (KB)
...
006 (17004348.010.000) 06/29 18:52:57 Image size of job updated: 1357700
	1326  -  MemoryUsage of job (MB)
	1357700  -  ResidentSetSize of job (KB)
...
006 (17004348.010.000) 06/29 18:57:57 Image size of job updated: 1357840
	1327  -  MemoryUsage of job (MB)
	1357840  -  ResidentSetSize of job (KB)
...
006 (17004348.010.000) 06/29 19:02:58 Image size of job updated: 1357976
	1327  -  MemoryUsage of job (MB)
	1357976  -  ResidentSetSize of job (KB)
...
006 (17004348.010.000) 06/29 19:07:59 Image size of job updated: 1358132
	1327  -  MemoryUsage of job (MB)
	1358132  -  ResidentSetSize of job (KB)
...
006 (17004348.010.000) 06/29 19:12:59 Image size of job updated: 1358280
	1327  -  MemoryUsage of job (MB)
	1358280  -  ResidentSetSize of job (KB)
...
006 (17004348.010.000) 06/29 19:18:00 Image size of job updated: 1358444
	1327  -  MemoryUsage of job (MB)
	1358444  -  ResidentSetSize of job (KB)
...
006 (17004348.010.000) 06/29 19:23:01 Image size of job updated: 1358596
	1327  -  MemoryUsage of job (MB)
	1358596  -  ResidentSetSize of job (KB)
...
006 (17004348.010.000) 06/29 19:28:01 Image size of job updated: 1358724
	1327  -  MemoryUsage of job (MB)
	1358724  -  ResidentSetSize of job (KB)
...
006 (17004348.010.000) 06/29 19:33:01 Image size of job updated: 1358844
	1327  -  MemoryUsage of job (MB)
	1358844  -  ResidentSetSize of job (KB)
...
006 (17004348.010.000) 06/29 19:38:02 Image size of job updated: 1358988
	1328  -  MemoryUsage of job (MB)
	1358988  -  ResidentSetSize of job (KB)
...
006 (17004348.010.000) 06/29 19:43:02 Image size of job updated: 1359156
	1328  -  MemoryUsage of job (MB)
	1359156  -  ResidentSetSize of job (KB)
...
006 (17004348.010.000) 06/29 19:48:02 Image size of job updated: 1359284
	1328  -  MemoryUsage of job (MB)
	1359284  -  ResidentSetSize of job (KB)
...
006 (17004348.010.000) 06/29 19:53:03 Image size of job updated: 1359424
	1328  -  MemoryUsage of job (MB)
	1359424  -  ResidentSetSize of job (KB)
...
006 (17004348.010.000) 06/29 19:58:03 Image size of job updated: 1359588
	1328  -  MemoryUsage of job (MB)
	1359588  -  ResidentSetSize of job (KB)
...
006 (17004348.010.000) 06/29 20:03:04 Image size of job updated: 1359728
	1328  -  MemoryUsage of job (MB)
	1359728  -  ResidentSetSize of job (KB)
...
006 (17004348.010.000) 06/29 20:08:05 Image size of job updated: 1359864
	1328  -  MemoryUsage of job (MB)
	1359864  -  ResidentSetSize of job (KB)
...
006 (17004348.010.000) 06/29 20:13:05 Image size of job updated: 1360016
	1329  -  MemoryUsage of job (MB)
	1360016  -  ResidentSetSize of job (KB)
...
006 (17004348.010.000) 06/29 20:18:06 Image size of job updated: 1360196
	1329  -  MemoryUsage of job (MB)
	1360196  -  ResidentSetSize of job (KB)
...
006 (17004348.010.000) 06/29 20:23:07 Image size of job updated: 1360356
	1329  -  MemoryUsage of job (MB)
	1360356  -  ResidentSetSize of job (KB)
...
006 (17004348.010.000) 06/29 20:28:07 Image size of job updated: 1360524
	1329  -  MemoryUsage of job (MB)
	1360524  -  ResidentSetSize of job (KB)
...
006 (17004348.010.000) 06/29 20:33:08 Image size of job updated: 1360676
	1329  -  MemoryUsage of job (MB)
	1360676  -  ResidentSetSize of job (KB)
...
006 (17004348.010.000) 06/29 20:38:09 Image size of job updated: 1360824
	1329  -  MemoryUsage of job (MB)
	1360824  -  ResidentSetSize of job (KB)
...
006 (17004348.010.000) 06/29 20:43:09 Image size of job updated: 1360988
	1330  -  MemoryUsage of job (MB)
	1360988  -  ResidentSetSize of job (KB)
...
006 (17004348.010.000) 06/29 20:48:10 Image size of job updated: 1363492
	1332  -  MemoryUsage of job (MB)
	1363492  -  ResidentSetSize of job (KB)
...
006 (17004348.010.000) 06/29 20:53:11 Image size of job updated: 1363640
	1332  -  MemoryUsage of job (MB)
	1363640  -  ResidentSetSize of job (KB)
...
006 (17004348.010.000) 06/29 20:58:11 Image size of job updated: 1363760
	1332  -  MemoryUsage of job (MB)
	1363760  -  ResidentSetSize of job (KB)
...
006 (17004348.010.000) 06/29 21:03:11 Image size of job updated: 1364636
	1333  -  MemoryUsage of job (MB)
	1364636  -  ResidentSetSize of job (KB)
...
006 (17004348.010.000) 06/29 21:33:13 Image size of job updated: 1364720
	1333  -  MemoryUsage of job (MB)
	1364720  -  ResidentSetSize of job (KB)
...
006 (17004348.010.000) 06/29 21:38:14 Image size of job updated: 1364828
	1333  -  MemoryUsage of job (MB)
	1364828  -  ResidentSetSize of job (KB)
...
006 (17004348.010.000) 06/29 21:43:14 Image size of job updated: 1364988
	1333  -  MemoryUsage of job (MB)
	1364988  -  ResidentSetSize of job (KB)
...
006 (17004348.010.000) 06/29 21:48:14 Image size of job updated: 1365144
	1334  -  MemoryUsage of job (MB)
	1365144  -  ResidentSetSize of job (KB)
...
006 (17004348.010.000) 06/29 21:53:15 Image size of job updated: 1365272
	1334  -  MemoryUsage of job (MB)
	1365272  -  ResidentSetSize of job (KB)
...
006 (17004348.010.000) 06/29 21:58:15 Image size of job updated: 1365372
	1334  -  MemoryUsage of job (MB)
	1365372  -  ResidentSetSize of job (KB)
...
006 (17004348.010.000) 06/29 22:03:15 Image size of job updated: 1365520
	1334  -  MemoryUsage of job (MB)
	1365520  -  ResidentSetSize of job (KB)
...
006 (17004348.010.000) 06/29 22:08:16 Image size of job updated: 1365664
	1334  -  MemoryUsage of job (MB)
	1365664  -  ResidentSetSize of job (KB)
...
006 (17004348.010.000) 06/29 22:13:16 Image size of job updated: 1365784
	1334  -  MemoryUsage of job (MB)
	1365784  -  ResidentSetSize of job (KB)
...
006 (17004348.010.000) 06/29 22:18:16 Image size of job updated: 1365916
	1334  -  MemoryUsage of job (MB)
	1365916  -  ResidentSetSize of job (KB)
...
006 (17004348.010.000) 06/29 22:23:17 Image size of job updated: 1366072
	1335  -  MemoryUsage of job (MB)
	1366072  -  ResidentSetSize of job (KB)
...
006 (17004348.010.000) 06/29 22:28:18 Image size of job updated: 1366180
	1335  -  MemoryUsage of job (MB)
	1366180  -  ResidentSetSize of job (KB)
...
006 (17004348.010.000) 06/29 22:33:18 Image size of job updated: 1366316
	1335  -  MemoryUsage of job (MB)
	1366316  -  ResidentSetSize of job (KB)
...
006 (17004348.010.000) 06/29 22:38:19 Image size of job updated: 1366444
	1335  -  MemoryUsage of job (MB)
	1366444  -  ResidentSetSize of job (KB)
...
006 (17004348.010.000) 06/29 22:43:20 Image size of job updated: 1367520
	1336  -  MemoryUsage of job (MB)
	1367520  -  ResidentSetSize of job (KB)
...
006 (17004348.010.000) 06/29 22:48:20 Image size of job updated: 1367648
	1336  -  MemoryUsage of job (MB)
	1367648  -  ResidentSetSize of job (KB)
...
006 (17004348.010.000) 06/29 22:53:21 Image size of job updated: 1367780
	1336  -  MemoryUsage of job (MB)
	1367780  -  ResidentSetSize of job (KB)
...
006 (17004348.010.000) 06/29 22:58:22 Image size of job updated: 1367904
	1336  -  MemoryUsage of job (MB)
	1367904  -  ResidentSetSize of job (KB)
...
006 (17004348.010.000) 06/29 23:03:22 Image size of job updated: 1368016
	1336  -  MemoryUsage of job (MB)
	1368016  -  ResidentSetSize of job (KB)
...
006 (17004348.010.000) 06/29 23:08:23 Image size of job updated: 1368128
	1337  -  MemoryUsage of job (MB)
	1368128  -  ResidentSetSize of job (KB)
...
006 (17004348.010.000) 06/29 23:13:24 Image size of job updated: 1368256
	1337  -  MemoryUsage of job (MB)
	1368256  -  ResidentSetSize of job (KB)
...
006 (17004348.010.000) 06/29 23:18:24 Image size of job updated: 1368356
	1337  -  MemoryUsage of job (MB)
	1368356  -  ResidentSetSize of job (KB)
...
006 (17004348.010.000) 06/29 23:23:24 Image size of job updated: 1368492
	1337  -  MemoryUsage of job (MB)
	1368492  -  ResidentSetSize of job (KB)
...
006 (17004348.010.000) 06/29 23:28:25 Image size of job updated: 1368628
	1337  -  MemoryUsage of job (MB)
	1368628  -  ResidentSetSize of job (KB)
...
006 (17004348.010.000) 06/29 23:33:25 Image size of job updated: 1369672
	1338  -  MemoryUsage of job (MB)
	1369672  -  ResidentSetSize of job (KB)
...
006 (17004348.010.000) 06/30 00:08:27 Image size of job updated: 1369728
	1338  -  MemoryUsage of job (MB)
	1369728  -  ResidentSetSize of job (KB)
...
006 (17004348.010.000) 06/30 00:13:28 Image size of job updated: 1369876
	1338  -  MemoryUsage of job (MB)
	1369876  -  ResidentSetSize of job (KB)
...
006 (17004348.010.000) 06/30 00:18:29 Image size of job updated: 1370004
	1338  -  MemoryUsage of job (MB)
	1370004  -  ResidentSetSize of job (KB)
...
006 (17004348.010.000) 06/30 00:23:29 Image size of job updated: 1370148
	1339  -  MemoryUsage of job (MB)
	1370148  -  ResidentSetSize of job (KB)
...
006 (17004348.010.000) 06/30 00:28:30 Image size of job updated: 1370260
	1339  -  MemoryUsage of job (MB)
	1370260  -  ResidentSetSize of job (KB)
...
006 (17004348.010.000) 06/30 00:33:31 Image size of job updated: 1370400
	1339  -  MemoryUsage of job (MB)
	1370400  -  ResidentSetSize of job (KB)
...
006 (17004348.010.000) 06/30 00:38:31 Image size of job updated: 1370544
	1339  -  MemoryUsage of job (MB)
	1370544  -  ResidentSetSize of job (KB)
...
006 (17004348.010.000) 06/30 00:43:32 Image size of job updated: 1370688
	1339  -  MemoryUsage of job (MB)
	1370688  -  ResidentSetSize of job (KB)
...
006 (17004348.010.000) 06/30 00:48:33 Image size of job updated: 1370840
	1339  -  MemoryUsage of job (MB)
	1370840  -  ResidentSetSize of job (KB)
...
006 (17004348.010.000) 06/30 00:53:33 Image size of job updated: 1370992
	1339  -  MemoryUsage of job (MB)
	1370992  -  ResidentSetSize of job (KB)
...
006 (17004348.010.000) 06/30 00:58:34 Image size of job updated: 1371124
	1339  -  MemoryUsage of job (MB)
	1371124  -  ResidentSetSize of job (KB)
...
006 (17004348.010.000) 06/30 01:03:35 Image size of job updated: 1371220
	1340  -  MemoryUsage of job (MB)
	1371220  -  ResidentSetSize of job (KB)
...
006 (17004348.010.000) 06/30 01:08:35 Image size of job updated: 1371352
	1340  -  MemoryUsage of job (MB)
	1371352  -  ResidentSetSize of job (KB)
...
006 (17004348.010.000) 06/30 01:13:36 Image size of job updated: 1371508
	1340  -  MemoryUsage of job (MB)
	1371508  -  ResidentSetSize of job (KB)
...
006 (17004348.010.000) 06/30 01:18:37 Image size of job updated: 1371644
	1340  -  MemoryUsage of job (MB)
	1371644  -  ResidentSetSize of job (KB)
...
006 (17004348.010.000) 06/30 01:23:37 Image size of job updated: 1371748
	1340  -  MemoryUsage of job (MB)
	1371748  -  ResidentSetSize of job (KB)
...
006 (17004348.010.000) 06/30 01:28:37 Image size of job updated: 1371860
	1340  -  MemoryUsage of job (MB)
	1371860  -  ResidentSetSize of job (KB)
...
006 (17004348.010.000) 06/30 01:33:38 Image size of job updated: 1372020
	1340  -  MemoryUsage of job (MB)
	1372020  -  ResidentSetSize of job (KB)
...
006 (17004348.010.000) 06/30 01:38:38 Image size of job updated: 1372128
	1340  -  MemoryUsage of job (MB)
	1372128  -  ResidentSetSize of job (KB)
...
006 (17004348.010.000) 06/30 01:43:38 Image size of job updated: 1372320
	1341  -  MemoryUsage of job (MB)
	1372320  -  ResidentSetSize of job (KB)
...
006 (17004348.010.000) 06/30 01:48:39 Image size of job updated: 1372412
	1341  -  MemoryUsage of job (MB)
	1372412  -  ResidentSetSize of job (KB)
...
006 (17004348.010.000) 06/30 01:53:39 Image size of job updated: 1372536
	1341  -  MemoryUsage of job (MB)
	1372536  -  ResidentSetSize of job (KB)
...
006 (17004348.010.000) 06/30 01:58:39 Image size of job updated: 1372672
	1341  -  MemoryUsage of job (MB)
	1372672  -  ResidentSetSize of job (KB)
...
006 (17004348.010.000) 06/30 02:03:40 Image size of job updated: 1372972
	1341  -  MemoryUsage of job (MB)
	1372972  -  ResidentSetSize of job (KB)
...
006 (17004348.010.000) 06/30 02:08:40 Image size of job updated: 1373084
	1341  -  MemoryUsage of job (MB)
	1373084  -  ResidentSetSize of job (KB)
...
006 (17004348.010.000) 06/30 02:13:40 Image size of job updated: 1373232
	1342  -  MemoryUsage of job (MB)
	1373232  -  ResidentSetSize of job (KB)
...
006 (17004348.010.000) 06/30 02:18:41 Image size of job updated: 1373384
	1342  -  MemoryUsage of job (MB)
	1373384  -  ResidentSetSize of job (KB)
...
006 (17004348.010.000) 06/30 02:23:42 Image size of job updated: 1373516
	1342  -  MemoryUsage of job (MB)
	1373516  -  ResidentSetSize of job (KB)
...
006 (17004348.010.000) 06/30 02:28:42 Image size of job updated: 1373652
	1342  -  MemoryUsage of job (MB)
	1373652  -  ResidentSetSize of job (KB)
...
006 (17004348.010.000) 06/30 02:33:43 Image size of job updated: 1373768
	1342  -  MemoryUsage of job (MB)
	1373768  -  ResidentSetSize of job (KB)
...
006 (17004348.010.000) 06/30 02:38:44 Image size of job updated: 1373772
	1342  -  MemoryUsage of job (MB)
	1373772  -  ResidentSetSize of job (KB)
...
006 (17004348.010.000) 06/30 02:43:44 Image size of job updated: 1373912
	1342  -  MemoryUsage of job (MB)
	1373912  -  ResidentSetSize of job (KB)
...
006 (17004348.010.000) 06/30 02:48:45 Image size of job updated: 1374056
	1342  -  MemoryUsage of job (MB)
	1374056  -  ResidentSetSize of job (KB)
...
006 (17004348.010.000) 06/30 02:53:46 Image size of job updated: 1374152
	1342  -  MemoryUsage of job (MB)
	1374152  -  ResidentSetSize of job (KB)
...
006 (17004348.010.000) 06/30 02:58:46 Image size of job updated: 1374288
	1343  -  MemoryUsage of job (MB)
	1374288  -  ResidentSetSize of job (KB)
...
006 (17004348.010.000) 06/30 03:03:47 Image size of job updated: 1374424
	1343  -  MemoryUsage of job (MB)
	1374424  -  ResidentSetSize of job (KB)
...
006 (17004348.010.000) 06/30 03:08:48 Image size of job updated: 1374532
	1343  -  MemoryUsage of job (MB)
	1374532  -  ResidentSetSize of job (KB)
...
006 (17004348.010.000) 06/30 03:13:48 Image size of job updated: 1374684
	1343  -  MemoryUsage of job (MB)
	1374684  -  ResidentSetSize of job (KB)
...
006 (17004348.010.000) 06/30 03:18:49 Image size of job updated: 1374836
	1343  -  MemoryUsage of job (MB)
	1374836  -  ResidentSetSize of job (KB)
...
006 (17004348.010.000) 06/30 03:23:50 Image size of job updated: 1377008
	1345  -  MemoryUsage of job (MB)
	1377008  -  ResidentSetSize of job (KB)
...
006 (17004348.010.000) 06/30 03:28:50 Image size of job updated: 1377132
	1345  -  MemoryUsage of job (MB)
	1377132  -  ResidentSetSize of job (KB)
...
006 (17004348.010.000) 06/30 03:33:51 Image size of job updated: 1377268
	1345  -  MemoryUsage of job (MB)
	1377268  -  ResidentSetSize of job (KB)
...
006 (17004348.010.000) 06/30 03:38:52 Image size of job updated: 1377364
	1346  -  MemoryUsage of job (MB)
	1377364  -  ResidentSetSize of job (KB)
...
006 (17004348.010.000) 06/30 03:43:52 Image size of job updated: 1377492
	1346  -  MemoryUsage of job (MB)
	1377492  -  ResidentSetSize of job (KB)
...
006 (17004348.010.000) 06/30 03:48:53 Image size of job updated: 1377644
	1346  -  MemoryUsage of job (MB)
	1377644  -  ResidentSetSize of job (KB)
...
006 (17004348.010.000) 06/30 03:53:54 Image size of job updated: 1377768
	1346  -  MemoryUsage of job (MB)
	1377768  -  ResidentSetSize of job (KB)
...
006 (17004348.010.000) 06/30 03:58:54 Image size of job updated: 1377936
	1346  -  MemoryUsage of job (MB)
	1377936  -  ResidentSetSize of job (KB)
...
006 (17004348.010.000) 06/30 04:03:54 Image size of job updated: 1378040
	1346  -  MemoryUsage of job (MB)
	1378040  -  ResidentSetSize of job (KB)
...
006 (17004348.010.000) 06/30 04:08:55 Image size of job updated: 1378180
	1346  -  MemoryUsage of job (MB)
	1378180  -  ResidentSetSize of job (KB)
...
006 (17004348.010.000) 06/30 04:13:55 Image size of job updated: 1378304
	1346  -  MemoryUsage of job (MB)
	1378304  -  ResidentSetSize of job (KB)
...
006 (17004348.010.000) 06/30 04:18:56 Image size of job updated: 1378436
	1347  -  MemoryUsage of job (MB)
	1378436  -  ResidentSetSize of job (KB)
...
006 (17004348.010.000) 06/30 04:23:57 Image size of job updated: 1378600
	1347  -  MemoryUsage of job (MB)
	1378600  -  ResidentSetSize of job (KB)
...
006 (17004348.010.000) 06/30 04:28:57 Image size of job updated: 1378756
	1347  -  MemoryUsage of job (MB)
	1378756  -  ResidentSetSize of job (KB)
...
006 (17004348.010.000) 06/30 04:33:58 Image size of job updated: 1379116
	1347  -  MemoryUsage of job (MB)
	1379116  -  ResidentSetSize of job (KB)
...
006 (17004348.010.000) 06/30 04:38:59 Image size of job updated: 1379256
	1347  -  MemoryUsage of job (MB)
	1379256  -  ResidentSetSize of job (KB)
...
006 (17004348.010.000) 06/30 04:43:59 Image size of job updated: 1379372
	1348  -  MemoryUsage of job (MB)
	1379372  -  ResidentSetSize of job (KB)
...
006 (17004348.010.000) 06/30 04:49:00 Image size of job updated: 1379544
	1348  -  MemoryUsage of job (MB)
	1379544  -  ResidentSetSize of job (KB)
...
006 (17004348.010.000) 06/30 04:54:01 Image size of job updated: 1379676
	1348  -  MemoryUsage of job (MB)
	1379676  -  ResidentSetSize of job (KB)
...
006 (17004348.010.000) 06/30 04:59:01 Image size of job updated: 1379868
	1348  -  MemoryUsage of job (MB)
	1379868  -  ResidentSetSize of job (KB)
...
006 (17004348.010.000) 06/30 05:04:02 Image size of job updated: 1379932
	1348  -  MemoryUsage of job (MB)
	1379932  -  ResidentSetSize of job (KB)
...
006 (17004348.010.000) 06/30 05:09:03 Image size of job updated: 1380000
	1348  -  MemoryUsage of job (MB)
	1380000  -  ResidentSetSize of job (KB)
...
006 (17004348.010.000) 06/30 05:14:03 Image size of job updated: 1380128
	1348  -  MemoryUsage of job (MB)
	1380128  -  ResidentSetSize of job (KB)
...
006 (17004348.010.000) 06/30 05:19:03 Image size of job updated: 1380228
	1348  -  MemoryUsage of job (MB)
	1380228  -  ResidentSetSize of job (KB)
...
006 (17004348.010.000) 06/30 05:24:04 Image size of job updated: 1380388
	1349  -  MemoryUsage of job (MB)
	1380388  -  ResidentSetSize of job (KB)
...
006 (17004348.010.000) 06/30 05:29:04 Image size of job updated: 1380516
	1349  -  MemoryUsage of job (MB)
	1380516  -  ResidentSetSize of job (KB)
...
006 (17004348.010.000) 06/30 05:34:04 Image size of job updated: 1380648
	1349  -  MemoryUsage of job (MB)
	1380648  -  ResidentSetSize of job (KB)
...
006 (17004348.010.000) 06/30 05:39:05 Image size of job updated: 1380776
	1349  -  MemoryUsage of job (MB)
	1380776  -  ResidentSetSize of job (KB)
...
006 (17004348.010.000) 06/30 05:44:05 Image size of job updated: 1380912
	1349  -  MemoryUsage of job (MB)
	1380912  -  ResidentSetSize of job (KB)
...
006 (17004348.010.000) 06/30 05:49:05 Image size of job updated: 1381016
	1349  -  MemoryUsage of job (MB)
	1381016  -  ResidentSetSize of job (KB)
...
006 (17004348.010.000) 06/30 05:54:06 Image size of job updated: 1381156
	1349  -  MemoryUsage of job (MB)
	1381156  -  ResidentSetSize of job (KB)
...
006 (17004348.010.000) 06/30 05:59:06 Image size of job updated: 1381288
	1349  -  MemoryUsage of job (MB)
	1381288  -  ResidentSetSize of job (KB)
...
006 (17004348.010.000) 06/30 06:04:06 Image size of job updated: 1381416
	1350  -  MemoryUsage of job (MB)
	1381416  -  ResidentSetSize of job (KB)
...
006 (17004348.010.000) 06/30 06:09:07 Image size of job updated: 1381548
	1350  -  MemoryUsage of job (MB)
	1381548  -  ResidentSetSize of job (KB)
...
006 (17004348.010.000) 06/30 06:14:07 Image size of job updated: 1381684
	1350  -  MemoryUsage of job (MB)
	1381684  -  ResidentSetSize of job (KB)
...
006 (17004348.010.000) 06/30 06:19:07 Image size of job updated: 1381812
	1350  -  MemoryUsage of job (MB)
	1381812  -  ResidentSetSize of job (KB)
...
006 (17004348.010.000) 06/30 06:24:08 Image size of job updated: 1381988
	1350  -  MemoryUsage of job (MB)
	1381988  -  ResidentSetSize of job (KB)
...
006 (17004348.010.000) 06/30 06:29:09 Image size of job updated: 1382132
	1350  -  MemoryUsage of job (MB)
	1382132  -  ResidentSetSize of job (KB)
...
006 (17004348.010.000) 06/30 06:34:09 Image size of job updated: 1382276
	1350  -  MemoryUsage of job (MB)
	1382276  -  ResidentSetSize of job (KB)
...
006 (17004348.010.000) 06/30 06:39:10 Image size of job updated: 1382388
	1350  -  MemoryUsage of job (MB)
	1382388  -  ResidentSetSize of job (KB)
...
006 (17004348.010.000) 06/30 06:44:11 Image size of job updated: 1382540
	1351  -  MemoryUsage of job (MB)
	1382540  -  ResidentSetSize of job (KB)
...
006 (17004348.010.000) 06/30 06:49:11 Image size of job updated: 1382660
	1351  -  MemoryUsage of job (MB)
	1382660  -  ResidentSetSize of job (KB)
...
006 (17004348.010.000) 06/30 06:54:12 Image size of job updated: 1382764
	1351  -  MemoryUsage of job (MB)
	1382764  -  ResidentSetSize of job (KB)
...
006 (17004348.010.000) 06/30 06:59:13 Image size of job updated: 1384932
	1353  -  MemoryUsage of job (MB)
	1384932  -  ResidentSetSize of job (KB)
...
006 (17004348.010.000) 06/30 07:04:13 Image size of job updated: 1385284
	1353  -  MemoryUsage of job (MB)
	1385284  -  ResidentSetSize of job (KB)
...
006 (17004348.010.000) 06/30 07:09:14 Image size of job updated: 1385464
	1353  -  MemoryUsage of job (MB)
	1385464  -  ResidentSetSize of job (KB)
...
006 (17004348.010.000) 06/30 07:14:15 Image size of job updated: 1385640
	1354  -  MemoryUsage of job (MB)
	1385640  -  ResidentSetSize of job (KB)
...
006 (17004348.010.000) 06/30 07:19:15 Image size of job updated: 1385840
	1354  -  MemoryUsage of job (MB)
	1385840  -  ResidentSetSize of job (KB)
...
006 (17004348.010.000) 06/30 07:24:16 Image size of job updated: 1386004
	1354  -  MemoryUsage of job (MB)
	1386004  -  ResidentSetSize of job (KB)
...
006 (17004348.010.000) 06/30 07:29:17 Image size of job updated: 1386084
	1354  -  MemoryUsage of job (MB)
	1386084  -  ResidentSetSize of job (KB)
...
006 (17004348.010.000) 06/30 07:34:17 Image size of job updated: 1386244
	1354  -  MemoryUsage of job (MB)
	1386244  -  ResidentSetSize of job (KB)
...
006 (17004348.010.000) 06/30 07:39:18 Image size of job updated: 1386464
	1354  -  MemoryUsage of job (MB)
	1386464  -  ResidentSetSize of job (KB)
...
006 (17004348.010.000) 06/30 07:44:19 Image size of job updated: 1386672
	1355  -  MemoryUsage of job (MB)
	1386672  -  ResidentSetSize of job (KB)
...
006 (17004348.010.000) 06/30 07:49:19 Image size of job updated: 1386872
	1355  -  MemoryUsage of job (MB)
	1386872  -  ResidentSetSize of job (KB)
...
006 (17004348.010.000) 06/30 07:54:19 Image size of job updated: 1387068
	1355  -  MemoryUsage of job (MB)
	1387068  -  ResidentSetSize of job (KB)
...
006 (17004348.010.000) 06/30 07:59:20 Image size of job updated: 1387296
	1355  -  MemoryUsage of job (MB)
	1387296  -  ResidentSetSize of job (KB)
...
006 (17004348.010.000) 06/30 08:04:20 Image size of job updated: 1387564
	1356  -  MemoryUsage of job (MB)
	1387564  -  ResidentSetSize of job (KB)
...
006 (17004348.010.000) 06/30 08:09:20 Image size of job updated: 1387800
	1356  -  MemoryUsage of job (MB)
	1387800  -  ResidentSetSize of job (KB)
...
006 (17004348.010.000) 06/30 08:14:21 Image size of job updated: 1388068
	1356  -  MemoryUsage of job (MB)
	1388068  -  ResidentSetSize of job (KB)
...
006 (17004348.010.000) 06/30 08:19:21 Image size of job updated: 1388344
	1356  -  MemoryUsage of job (MB)
	1388344  -  ResidentSetSize of job (KB)
...
006 (17004348.010.000) 06/30 08:24:21 Image size of job updated: 1388620
	1357  -  MemoryUsage of job (MB)
	1388620  -  ResidentSetSize of job (KB)
...
006 (17004348.010.000) 06/30 08:29:22 Image size of job updated: 1388896
	1357  -  MemoryUsage of job (MB)
	1388896  -  ResidentSetSize of job (KB)
...
006 (17004348.010.000) 06/30 08:34:22 Image size of job updated: 1389184
	1357  -  MemoryUsage of job (MB)
	1389184  -  ResidentSetSize of job (KB)
...
006 (17004348.010.000) 06/30 08:39:22 Image size of job updated: 1389432
	1357  -  MemoryUsage of job (MB)
	1389432  -  ResidentSetSize of job (KB)
...
006 (17004348.010.000) 06/30 08:44:23 Image size of job updated: 1391744
	1360  -  MemoryUsage of job (MB)
	1391744  -  ResidentSetSize of job (KB)
...
006 (17004348.010.000) 06/30 08:49:23 Image size of job updated: 1392016
	1360  -  MemoryUsage of job (MB)
	1392016  -  ResidentSetSize of job (KB)
...
006 (17004348.010.000) 06/30 08:54:23 Image size of job updated: 1392568
	1360  -  MemoryUsage of job (MB)
	1392568  -  ResidentSetSize of job (KB)
...
006 (17004348.010.000) 06/30 08:59:24 Image size of job updated: 1392860
	1361  -  MemoryUsage of job (MB)
	1392860  -  ResidentSetSize of job (KB)
...
006 (17004348.010.000) 06/30 09:04:25 Image size of job updated: 1393544
	1361  -  MemoryUsage of job (MB)
	1393544  -  ResidentSetSize of job (KB)
...
006 (17004348.010.000) 06/30 09:09:25 Image size of job updated: 1394088
	1362  -  MemoryUsage of job (MB)
	1394088  -  ResidentSetSize of job (KB)
...
006 (17004348.010.000) 06/30 09:14:26 Image size of job updated: 1394372
	1362  -  MemoryUsage of job (MB)
	1394372  -  ResidentSetSize of job (KB)
...
006 (17004348.010.000) 06/30 09:19:27 Image size of job updated: 1394844
	1363  -  MemoryUsage of job (MB)
	1394844  -  ResidentSetSize of job (KB)
...
006 (17004348.010.000) 06/30 09:24:27 Image size of job updated: 1395132
	1363  -  MemoryUsage of job (MB)
	1395132  -  ResidentSetSize of job (KB)
...
006 (17004348.010.000) 06/30 09:29:28 Image size of job updated: 1395824
	1364  -  MemoryUsage of job (MB)
	1395824  -  ResidentSetSize of job (KB)
...
006 (17004348.010.000) 06/30 09:34:29 Image size of job updated: 1396176
	1364  -  MemoryUsage of job (MB)
	1396176  -  ResidentSetSize of job (KB)
...
006 (17004348.010.000) 06/30 09:39:29 Image size of job updated: 1396532
	1364  -  MemoryUsage of job (MB)
	1396532  -  ResidentSetSize of job (KB)
...
006 (17004348.010.000) 06/30 09:44:30 Image size of job updated: 1397012
	1365  -  MemoryUsage of job (MB)
	1397012  -  ResidentSetSize of job (KB)
...
006 (17004348.010.000) 06/30 09:49:31 Image size of job updated: 1397824
	1366  -  MemoryUsage of job (MB)
	1397824  -  ResidentSetSize of job (KB)
...
006 (17004348.010.000) 06/30 09:54:31 Image size of job updated: 1398132
	1366  -  MemoryUsage of job (MB)
	1398132  -  ResidentSetSize of job (KB)
...
006 (17004348.010.000) 06/30 09:59:32 Image size of job updated: 1398436
	1366  -  MemoryUsage of job (MB)
	1398436  -  ResidentSetSize of job (KB)
...
006 (17004348.010.000) 06/30 10:04:33 Image size of job updated: 1399036
	1367  -  MemoryUsage of job (MB)
	1399036  -  ResidentSetSize of job (KB)
...
006 (17004348.010.000) 06/30 10:09:33 Image size of job updated: 1399604
	1367  -  MemoryUsage of job (MB)
	1399604  -  ResidentSetSize of job (KB)
...
006 (17004348.010.000) 06/30 10:14:34 Image size of job updated: 1400096
	1368  -  MemoryUsage of job (MB)
	1400096  -  ResidentSetSize of job (KB)
...
006 (17004348.010.000) 06/30 10:19:35 Image size of job updated: 1400480
	1368  -  MemoryUsage of job (MB)
	1400480  -  ResidentSetSize of job (KB)
...
006 (17004348.010.000) 06/30 10:24:35 Image size of job updated: 1401160
	1369  -  MemoryUsage of job (MB)
	1401160  -  ResidentSetSize of job (KB)
...
006 (17004348.010.000) 06/30 10:29:35 Image size of job updated: 1401544
	1369  -  MemoryUsage of job (MB)
	1401544  -  ResidentSetSize of job (KB)
...
006 (17004348.010.000) 06/30 10:34:36 Image size of job updated: 1402164
	1370  -  MemoryUsage of job (MB)
	1402164  -  ResidentSetSize of job (KB)
...
006 (17004348.010.000) 06/30 10:39:36 Image size of job updated: 1402476
	1370  -  MemoryUsage of job (MB)
	1402476  -  ResidentSetSize of job (KB)
...
006 (17004348.010.000) 06/30 10:44:36 Image size of job updated: 1403312
	1371  -  MemoryUsage of job (MB)
	1403312  -  ResidentSetSize of job (KB)
...
006 (17004348.010.000) 06/30 10:49:37 Image size of job updated: 1403652
	1371  -  MemoryUsage of job (MB)
	1403652  -  ResidentSetSize of job (KB)
...
006 (17004348.010.000) 06/30 10:54:37 Image size of job updated: 1404256
	1372  -  MemoryUsage of job (MB)
	1404256  -  ResidentSetSize of job (KB)
...
006 (17004348.010.000) 06/30 10:59:37 Image size of job updated: 1404716
	1372  -  MemoryUsage of job (MB)
	1404716  -  ResidentSetSize of job (KB)
...
006 (17004348.010.000) 06/30 11:04:38 Image size of job updated: 1405672
	1373  -  MemoryUsage of job (MB)
	1405672  -  ResidentSetSize of job (KB)
...
006 (17004348.010.000) 06/30 11:09:39 Image size of job updated: 1406048
	1374  -  MemoryUsage of job (MB)
	1406048  -  ResidentSetSize of job (KB)
...
006 (17004348.010.000) 06/30 11:14:39 Image size of job updated: 1406796
	1374  -  MemoryUsage of job (MB)
	1406796  -  ResidentSetSize of job (KB)
...
006 (17004348.010.000) 06/30 11:19:40 Image size of job updated: 1407256
	1375  -  MemoryUsage of job (MB)
	1407256  -  ResidentSetSize of job (KB)
...
006 (17004348.010.000) 06/30 11:24:41 Image size of job updated: 1408184
	1376  -  MemoryUsage of job (MB)
	1408184  -  ResidentSetSize of job (KB)
...
006 (17004348.010.000) 06/30 11:29:41 Image size of job updated: 1408900
	1376  -  MemoryUsage of job (MB)
	1408900  -  ResidentSetSize of job (KB)
...
006 (17004348.010.000) 06/30 11:34:42 Image size of job updated: 1411808
	1379  -  MemoryUsage of job (MB)
	1411808  -  ResidentSetSize of job (KB)
...
006 (17004348.010.000) 06/30 11:39:43 Image size of job updated: 1412552
	1380  -  MemoryUsage of job (MB)
	1412552  -  ResidentSetSize of job (KB)
...
006 (17004348.010.000) 06/30 11:44:43 Image size of job updated: 1413824
	1381  -  MemoryUsage of job (MB)
	1413824  -  ResidentSetSize of job (KB)
...
006 (17004348.010.000) 06/30 11:49:43 Image size of job updated: 1414736
	1382  -  MemoryUsage of job (MB)
	1414736  -  ResidentSetSize of job (KB)
...
006 (17004348.010.000) 06/30 11:52:47 Image size of job updated: 1415060
	1382  -  MemoryUsage of job (MB)
	1414736  -  ResidentSetSize of job (KB)
...
040 (17004348.010.000) 06/30 11:52:47 Started transferring output files
...
040 (17004348.010.000) 06/30 11:52:47 Finished transferring output files
...
009 (17004348.010.000) 06/30 11:52:47 Job was aborted.
	Job removed by SYSTEM_PERIODIC_REMOVE due to wall time exceeded allowed max.
...
