[host] b9g57n4080.cern.ch
[args] train_resnet_image_classifier.py --detector ee --weight-h5 /eos/user/y/yeo/4l/weights/categories/MiniAOD_all/category_weights.h5 --output-dir /eos/user/y/yeo/4l/runs/v2/image_mini_ee_es_all --track-types Lost,PF,GSF --model resnet50 --epochs 100 --batch-size 16 --lr 1e-4
[gpu] True 1
[detector] ee
[weight_h5] /eos/home-y/yeo/4l/weights/categories/MiniAOD_all/category_weights.h5
[weight_key] EE_weight_split
[output] /eos/home-y/yeo/4l/runs/v2/image_mini_ee_es_all
[device] cuda
[num_workers] requested=0 effective=0
[torch_sharing_strategy] file_system

[train] objects=455904 weight_sum=2.000000
  label counts: background=376579 signal=79325
  label weight sums: background=1.000000 signal=1.000000
  background           376579
  signal_H2000_A0p4    3134
  signal_H2000_A10     3897
  signal_H750_A0p4     4783
  signal_H750_A10      7438
  signal_H750_A1       4896
  signal_H750_A2       4836
  signal_H750_A5       5442
  signal_H2000_A1      3114
  signal_H2000_A2      3153
  signal_H2000_A5      3264
  signal_H250_A0p4     6003
  signal_H250_A10      9401
  signal_H250_A1       6029
  signal_H250_A2       5921
  signal_H250_A5       8014

[val] objects=56884 weight_sum=2.000000
  label counts: background=47035 signal=9849
  label weight sums: background=1.000000 signal=1.000000
  background           47035
  signal_H2000_A0p4    394
  signal_H2000_A10     481
  signal_H750_A0p4     597
  signal_H750_A10      910
  signal_H750_A1       604
  signal_H750_A2       606
  signal_H750_A5       661
  signal_H2000_A1      390
  signal_H2000_A2      392
  signal_H2000_A5      398
  signal_H250_A0p4     751
  signal_H250_A10      1155
  signal_H250_A1       760
  signal_H250_A2       732
  signal_H250_A5       1018

[test] objects=56912 weight_sum=2.000000
  label counts: background=47071 signal=9841
  label weight sums: background=1.000000 signal=1.000000
  background           47071
  signal_H2000_A0p4    387
  signal_H2000_A10     462
  signal_H750_A0p4     603
  signal_H750_A10      926
  signal_H750_A1       621
  signal_H750_A2       621
  signal_H750_A5       656
  signal_H2000_A1      391
  signal_H2000_A2      402
  signal_H2000_A5      394
  signal_H250_A0p4     759
  signal_H250_A10      1150
  signal_H250_A1       754
  signal_H250_A2       734
  signal_H250_A5       981

[weight sums before training]
train background=0.99999999 signal=1.00000000 total=1.99999998 | before_rebalance background=0.81316057 signal=0.80801497
val   background=1.00000001 signal=1.00000000 total=2.00000000 | before_rebalance background=0.08911950 signal=0.09473838
test  background=1.00000000 signal=1.00000000 total=2.00000000 | before_rebalance background=0.09771993 signal=0.09724666

[start training]

