000 (16720352.006.000) 06/25 10:05:44 Job submitted from host: <188.185.114.121:9618?addrs=188.185.114.121-9618+[2001-1458-d00-a--100-273]-9618&alias=bigbird19.cern.ch&noUDP&sock=schedd_5103_cfe0>
...
040 (16720352.006.000) 06/25 10:28:52 Started transferring input files
	Transferring to host: <188.184.195.71:9618?addrs=188.184.195.71-9618+[2001-1458-301-72--100-384]-9618&alias=b9g47n2106.cern.ch&noUDP&sock=slot1_1_8683_b57a_135211>
...
040 (16720352.006.000) 06/25 10:28:52 Finished transferring input files
...
001 (16720352.006.000) 06/25 10:28:53 Job executing on host: <188.184.195.71:9618?addrs=188.184.195.71-9618+[2001-1458-301-72--100-384]-9618&alias=b9g47n2106.cern.ch&noUDP&sock=startd_8639_36c3>
	SlotName: slot1_1@b9g47n2106.cern.ch
	AvailableGPUs = { GPUs_GPU_111bb3d1 }
	CondorScratchDir = "/pool/condor/dir_461922"
	Cpus = 3
	Disk = 8389186
	GPUs = 1
	GPUs_GPU_111bb3d1 = [ Id = "GPU-111bb3d1"; ClockMhz = 1597.0; Capability = 7.0; CoresPerCU = 64; DeviceName = "Tesla V100S-PCIE-32GB"; DeviceUuid = "111bb3d1-80ae-ee28-1f54-4658e0d63886"; ECCEnabled = true; ComputeUnits = 80; DriverVersion = 13.0; DevicePciBusId = "0000:07:00.0"; GlobalMemoryMb = 32494; MaxSupportedVersion = 13000 ]
	Memory = 9000
...
006 (16720352.006.000) 06/25 10:29:06 Image size of job updated: 89796
	88  -  MemoryUsage of job (MB)
	89796  -  ResidentSetSize of job (KB)
...
006 (16720352.006.000) 06/25 10:34:06 Image size of job updated: 457468
	447  -  MemoryUsage of job (MB)
	457468  -  ResidentSetSize of job (KB)
...
006 (16720352.006.000) 06/25 10:39:07 Image size of job updated: 473360
	463  -  MemoryUsage of job (MB)
	473360  -  ResidentSetSize of job (KB)
...
006 (16720352.006.000) 06/25 10:44:08 Image size of job updated: 482376
	472  -  MemoryUsage of job (MB)
	482376  -  ResidentSetSize of job (KB)
...
006 (16720352.006.000) 06/25 10:49:08 Image size of job updated: 492076
	481  -  MemoryUsage of job (MB)
	492076  -  ResidentSetSize of job (KB)
...
006 (16720352.006.000) 06/25 10:54:08 Image size of job updated: 509996
	499  -  MemoryUsage of job (MB)
	509996  -  ResidentSetSize of job (KB)
...
006 (16720352.006.000) 06/25 10:59:09 Image size of job updated: 519772
	508  -  MemoryUsage of job (MB)
	519772  -  ResidentSetSize of job (KB)
...
006 (16720352.006.000) 06/25 11:04:10 Image size of job updated: 529704
	518  -  MemoryUsage of job (MB)
	529704  -  ResidentSetSize of job (KB)
...
006 (16720352.006.000) 06/25 11:09:10 Image size of job updated: 548144
	536  -  MemoryUsage of job (MB)
	548144  -  ResidentSetSize of job (KB)
...
006 (16720352.006.000) 06/25 11:14:10 Image size of job updated: 572776
	536  -  MemoryUsage of job (MB)
	548144  -  ResidentSetSize of job (KB)
...
006 (16720352.006.000) 06/25 11:24:12 Image size of job updated: 572776
	548  -  MemoryUsage of job (MB)
	560376  -  ResidentSetSize of job (KB)
...
006 (16720352.006.000) 06/25 11:29:12 Image size of job updated: 621704
	608  -  MemoryUsage of job (MB)
	621704  -  ResidentSetSize of job (KB)
...
006 (16720352.006.000) 06/25 11:34:12 Image size of job updated: 656440
	642  -  MemoryUsage of job (MB)
	656440  -  ResidentSetSize of job (KB)
...
006 (16720352.006.000) 06/25 11:39:13 Image size of job updated: 656780
	642  -  MemoryUsage of job (MB)
	656780  -  ResidentSetSize of job (KB)
...
006 (16720352.006.000) 06/25 11:44:14 Image size of job updated: 656816
	642  -  MemoryUsage of job (MB)
	656816  -  ResidentSetSize of job (KB)
...
006 (16720352.006.000) 06/25 11:49:14 Image size of job updated: 661192
	646  -  MemoryUsage of job (MB)
	661192  -  ResidentSetSize of job (KB)
...
006 (16720352.006.000) 06/25 11:54:14 Image size of job updated: 661724
	647  -  MemoryUsage of job (MB)
	661724  -  ResidentSetSize of job (KB)
...
006 (16720352.006.000) 06/25 11:59:15 Image size of job updated: 661764
	647  -  MemoryUsage of job (MB)
	661764  -  ResidentSetSize of job (KB)
...
006 (16720352.006.000) 06/25 12:03:47 Image size of job updated: 744956
	647  -  MemoryUsage of job (MB)
	661764  -  ResidentSetSize of job (KB)
...
040 (16720352.006.000) 06/25 12:03:47 Started transferring output files
...
040 (16720352.006.000) 06/25 12:03:47 Finished transferring output files
...
005 (16720352.006.000) 06/25 12:03:47 Job terminated.
	(1) Normal termination (return value 1)
		Usr 0 00:00:42, Sys 0 00:00:21  -  Run Remote Usage
		Usr 0 00:00:00, Sys 0 00:00:00  -  Run Local Usage
		Usr 0 00:00:42, Sys 0 00:00:21  -  Total Remote Usage
		Usr 0 00:00:00, Sys 0 00:00:00  -  Total Local Usage
	13716  -  Run Bytes Sent By Job
	128497  -  Run Bytes Received By Job
	13716  -  Total Bytes Sent By Job
	128497  -  Total Bytes Received By Job
	Partitionable Resources :    Usage  Request Allocated Assigned
	   Cpus                 :     0.01        3         3 
	   Disk (KB)            :   300     8388608   8389186 
	   GPUs                 :     0           1         1 "GPU-111bb3d1"
	   GpusMemory (MB)      :   278                       
	   Memory (MB)          :   647        9000      9000 
	   TimeExecute (s)      :  5694                       
	   TimeSlotBusy (s)     :  5696                       
...
