[host] b9g47n0340.cern.ch
[args] train_point_transformer_track_classifier.py --detector ee --weight-h5 /eos/user/y/yeo/4l/weights/categories/MiniAOD_eq0/category_weights.h5 --output-dir /eos/user/y/yeo/4l/runs/v1/track_mini_ee_eq0 --track-types Lost,PF,GSF --epochs 100 --batch-size 64 --lr 1e-4 --max-points 16 --embed-dim 128 --depth 4 --num-heads 4 --mlp-ratio 4.0 --dropout 0.1
[gpu] True 1
[detector] ee
[weight_h5] /eos/home-y/yeo/4l/weights/categories/MiniAOD_eq0/category_weights.h5
[weight_key] EE_weight_split
[output] /eos/home-y/yeo/4l/runs/v1/track_mini_ee_eq0
[device] cuda
[num_workers] requested=0 effective=0
[torch_sharing_strategy] file_system

[train] objects=424025 weight_sum=2.000000
  label counts: background=375773 signal=48252
  label weight sums: background=1.000000 signal=1.000000
  background           375773
  signal_H2000_A0p4    3122
  signal_H2000_A10     1272
  signal_H750_A0p4     4782
  signal_H750_A10      2000
  signal_H750_A1       4818
  signal_H750_A2       4239
  signal_H750_A5       2114
  signal_H2000_A1      3097
  signal_H2000_A2      3086
  signal_H2000_A5      2391
  signal_H250_A0p4     5990
  signal_H250_A1       5452
  signal_H250_A2       2970
  signal_H250_A5       2919

[val] objects=52977 weight_sum=2.000000
  label counts: background=46965 signal=6012
  label weight sums: background=1.000000 signal=1.000000
  background           46965
  signal_H2000_A0p4    389
  signal_H2000_A10     156
  signal_H750_A0p4     587
  signal_H750_A10      248
  signal_H750_A1       606
  signal_H750_A2       532
  signal_H750_A5       264
  signal_H2000_A1      382
  signal_H2000_A2      383
  signal_H2000_A5      295
  signal_H250_A0p4     751
  signal_H250_A1       673
  signal_H250_A2       374
  signal_H250_A5       372

[test] objects=53030 weight_sum=2.000000
  label counts: background=46940 signal=6090
  label weight sums: background=1.000000 signal=1.000000
  background           46940
  signal_H2000_A0p4    397
  signal_H2000_A10     162
  signal_H750_A0p4     600
  signal_H750_A10      251
  signal_H750_A1       605
  signal_H750_A2       517
  signal_H750_A5       267
  signal_H2000_A1      398
  signal_H2000_A2      387
  signal_H2000_A5      298
  signal_H250_A0p4     757
  signal_H250_A1       682
  signal_H250_A2       376
  signal_H250_A5       393

[weight sums before training]
train background=1.00000000 signal=1.00000000 total=2.00000000 | before_rebalance background=0.81501738 signal=0.80785467
val   background=0.99999999 signal=1.00000000 total=1.99999999 | before_rebalance background=0.08915839 signal=0.09380222
test  background=1.00000000 signal=1.00000000 total=2.00000000 | before_rebalance background=0.09582423 signal=0.09834311

[start training]

