000 (17004348.000.000) 06/29 05:41:06 Job submitted from host: <188.185.114.121:9618?addrs=188.185.114.121-9618+[2001-1458-d00-a--100-273]-9618&alias=bigbird19.cern.ch&noUDP&sock=schedd_5103_cfe0>
...
040 (17004348.000.000) 06/29 06:02:41 Started transferring input files
	Transferring to host: <188.185.238.10:9618?addrs=188.185.238.10-9618+[2001-1458-303-28--100-6]-9618&alias=b9pgpun002.cern.ch&noUDP&sock=slot1_2_1939520_0c0f_157693>
...
040 (17004348.000.000) 06/29 06:02:41 Finished transferring input files
...
001 (17004348.000.000) 06/29 06:02:42 Job executing on host: <188.185.238.10:9618?addrs=188.185.238.10-9618+[2001-1458-303-28--100-6]-9618&alias=b9pgpun002.cern.ch&noUDP&sock=startd_1939478_2ae8>
	SlotName: slot1_2@b9pgpun002.cern.ch
	AvailableGPUs = { GPUs_GPU_195dba93 }
	CondorScratchDir = "/pool/condor/dir_3350710"
	Cpus = 3
	Disk = 8394660
	GPUs = 1
	GPUs_GPU_195dba93 = [ Id = "GPU-195dba93"; ClockMhz = 1785.0; Capability = 9.0; CoresPerCU = 128; DeviceName = "NVIDIA H100 NVL"; DeviceUuid = "195dba93-e951-b119-dea3-1f3b18bdda48"; ECCEnabled = true; ComputeUnits = 132; DriverVersion = 13.0; DevicePciBusId = "0000:3B:00.0"; GlobalMemoryMb = 95320; MaxSupportedVersion = 13000 ]
	Memory = 9000
...
006 (17004348.000.000) 06/29 06:02:55 Image size of job updated: 343380
	336  -  MemoryUsage of job (MB)
	343380  -  ResidentSetSize of job (KB)
...
006 (17004348.000.000) 06/29 06:07:55 Image size of job updated: 515656
	504  -  MemoryUsage of job (MB)
	515656  -  ResidentSetSize of job (KB)
...
006 (17004348.000.000) 06/29 06:12:56 Image size of job updated: 530668
	519  -  MemoryUsage of job (MB)
	530668  -  ResidentSetSize of job (KB)
...
006 (17004348.000.000) 06/29 06:17:57 Image size of job updated: 550184
	538  -  MemoryUsage of job (MB)
	550184  -  ResidentSetSize of job (KB)
...
006 (17004348.000.000) 06/29 06:22:57 Image size of job updated: 570752
	558  -  MemoryUsage of job (MB)
	570752  -  ResidentSetSize of job (KB)
...
006 (17004348.000.000) 06/29 06:27:58 Image size of job updated: 590108
	577  -  MemoryUsage of job (MB)
	590108  -  ResidentSetSize of job (KB)
...
006 (17004348.000.000) 06/29 06:32:58 Image size of job updated: 607648
	594  -  MemoryUsage of job (MB)
	607648  -  ResidentSetSize of job (KB)
...
006 (17004348.000.000) 06/29 06:37:58 Image size of job updated: 635584
	621  -  MemoryUsage of job (MB)
	635584  -  ResidentSetSize of job (KB)
...
006 (17004348.000.000) 06/29 06:42:59 Image size of job updated: 667620
	652  -  MemoryUsage of job (MB)
	667620  -  ResidentSetSize of job (KB)
...
006 (17004348.000.000) 06/29 06:47:59 Image size of job updated: 736696
	720  -  MemoryUsage of job (MB)
	736696  -  ResidentSetSize of job (KB)
...
006 (17004348.000.000) 06/29 06:52:59 Image size of job updated: 749972
	720  -  MemoryUsage of job (MB)
	736696  -  ResidentSetSize of job (KB)
...
006 (17004348.000.000) 06/29 06:58:00 Image size of job updated: 875960
	856  -  MemoryUsage of job (MB)
	875960  -  ResidentSetSize of job (KB)
...
006 (17004348.000.000) 06/29 07:03:00 Image size of job updated: 879632
	860  -  MemoryUsage of job (MB)
	879632  -  ResidentSetSize of job (KB)
...
006 (17004348.000.000) 06/29 07:08:01 Image size of job updated: 880800
	861  -  MemoryUsage of job (MB)
	880800  -  ResidentSetSize of job (KB)
...
006 (17004348.000.000) 06/29 07:13:02 Image size of job updated: 1341516
	1311  -  MemoryUsage of job (MB)
	1341516  -  ResidentSetSize of job (KB)
...
006 (17004348.000.000) 06/29 07:18:02 Image size of job updated: 1342552
	1312  -  MemoryUsage of job (MB)
	1342552  -  ResidentSetSize of job (KB)
...
006 (17004348.000.000) 06/29 07:23:04 Image size of job updated: 1344028
	1313  -  MemoryUsage of job (MB)
	1344028  -  ResidentSetSize of job (KB)
...
006 (17004348.000.000) 06/29 07:28:04 Image size of job updated: 1345056
	1314  -  MemoryUsage of job (MB)
	1345056  -  ResidentSetSize of job (KB)
...
006 (17004348.000.000) 06/29 07:33:04 Image size of job updated: 1346112
	1315  -  MemoryUsage of job (MB)
	1346112  -  ResidentSetSize of job (KB)
...
006 (17004348.000.000) 06/29 07:38:05 Image size of job updated: 1349760
	1319  -  MemoryUsage of job (MB)
	1349760  -  ResidentSetSize of job (KB)
...
006 (17004348.000.000) 06/29 07:43:05 Image size of job updated: 1350596
	1319  -  MemoryUsage of job (MB)
	1350596  -  ResidentSetSize of job (KB)
...
006 (17004348.000.000) 06/29 07:48:05 Image size of job updated: 1351484
	1320  -  MemoryUsage of job (MB)
	1351484  -  ResidentSetSize of job (KB)
...
006 (17004348.000.000) 06/29 07:53:06 Image size of job updated: 1353108
	1322  -  MemoryUsage of job (MB)
	1353108  -  ResidentSetSize of job (KB)
...
006 (17004348.000.000) 06/29 07:58:06 Image size of job updated: 1353988
	1323  -  MemoryUsage of job (MB)
	1353988  -  ResidentSetSize of job (KB)
...
006 (17004348.000.000) 06/29 08:03:07 Image size of job updated: 1358980
	1328  -  MemoryUsage of job (MB)
	1358980  -  ResidentSetSize of job (KB)
...
006 (17004348.000.000) 06/29 08:08:08 Image size of job updated: 1359716
	1328  -  MemoryUsage of job (MB)
	1359716  -  ResidentSetSize of job (KB)
...
006 (17004348.000.000) 06/29 08:13:08 Image size of job updated: 1359916
	1329  -  MemoryUsage of job (MB)
	1359916  -  ResidentSetSize of job (KB)
...
006 (17004348.000.000) 06/29 08:18:09 Image size of job updated: 1360120
	1329  -  MemoryUsage of job (MB)
	1360120  -  ResidentSetSize of job (KB)
...
006 (17004348.000.000) 06/29 08:23:10 Image size of job updated: 1360332
	1329  -  MemoryUsage of job (MB)
	1360332  -  ResidentSetSize of job (KB)
...
006 (17004348.000.000) 06/29 08:28:10 Image size of job updated: 1360568
	1329  -  MemoryUsage of job (MB)
	1360568  -  ResidentSetSize of job (KB)
...
006 (17004348.000.000) 06/29 08:33:11 Image size of job updated: 1361384
	1330  -  MemoryUsage of job (MB)
	1361384  -  ResidentSetSize of job (KB)
...
006 (17004348.000.000) 06/29 08:38:11 Image size of job updated: 1361696
	1330  -  MemoryUsage of job (MB)
	1361696  -  ResidentSetSize of job (KB)
...
006 (17004348.000.000) 06/29 08:43:11 Image size of job updated: 1361976
	1331  -  MemoryUsage of job (MB)
	1361976  -  ResidentSetSize of job (KB)
...
006 (17004348.000.000) 06/29 08:48:12 Image size of job updated: 1362140
	1331  -  MemoryUsage of job (MB)
	1362140  -  ResidentSetSize of job (KB)
...
006 (17004348.000.000) 06/29 08:53:12 Image size of job updated: 1362376
	1331  -  MemoryUsage of job (MB)
	1362376  -  ResidentSetSize of job (KB)
...
006 (17004348.000.000) 06/29 08:58:13 Image size of job updated: 1362648
	1331  -  MemoryUsage of job (MB)
	1362648  -  ResidentSetSize of job (KB)
...
006 (17004348.000.000) 06/29 09:03:14 Image size of job updated: 1362904
	1331  -  MemoryUsage of job (MB)
	1362904  -  ResidentSetSize of job (KB)
...
006 (17004348.000.000) 06/29 09:08:14 Image size of job updated: 1363104
	1332  -  MemoryUsage of job (MB)
	1363104  -  ResidentSetSize of job (KB)
...
006 (17004348.000.000) 06/29 09:13:15 Image size of job updated: 1363340
	1332  -  MemoryUsage of job (MB)
	1363340  -  ResidentSetSize of job (KB)
...
006 (17004348.000.000) 06/29 09:18:16 Image size of job updated: 1363600
	1332  -  MemoryUsage of job (MB)
	1363600  -  ResidentSetSize of job (KB)
...
006 (17004348.000.000) 06/29 09:23:16 Image size of job updated: 1365900
	1334  -  MemoryUsage of job (MB)
	1365900  -  ResidentSetSize of job (KB)
...
006 (17004348.000.000) 06/29 09:28:17 Image size of job updated: 1366160
	1335  -  MemoryUsage of job (MB)
	1366160  -  ResidentSetSize of job (KB)
...
006 (17004348.000.000) 06/29 09:33:18 Image size of job updated: 1366416
	1335  -  MemoryUsage of job (MB)
	1366416  -  ResidentSetSize of job (KB)
...
006 (17004348.000.000) 06/29 09:38:18 Image size of job updated: 1366680
	1335  -  MemoryUsage of job (MB)
	1366680  -  ResidentSetSize of job (KB)
...
006 (17004348.000.000) 06/29 09:43:20 Image size of job updated: 1366912
	1335  -  MemoryUsage of job (MB)
	1366912  -  ResidentSetSize of job (KB)
...
006 (17004348.000.000) 06/29 09:48:20 Image size of job updated: 1367132
	1336  -  MemoryUsage of job (MB)
	1367132  -  ResidentSetSize of job (KB)
...
006 (17004348.000.000) 06/29 09:53:20 Image size of job updated: 1367368
	1336  -  MemoryUsage of job (MB)
	1367368  -  ResidentSetSize of job (KB)
...
006 (17004348.000.000) 06/29 09:58:21 Image size of job updated: 1367676
	1336  -  MemoryUsage of job (MB)
	1367676  -  ResidentSetSize of job (KB)
...
006 (17004348.000.000) 06/29 10:03:21 Image size of job updated: 1368452
	1337  -  MemoryUsage of job (MB)
	1368452  -  ResidentSetSize of job (KB)
...
006 (17004348.000.000) 06/29 10:08:21 Image size of job updated: 1368868
	1337  -  MemoryUsage of job (MB)
	1368868  -  ResidentSetSize of job (KB)
...
006 (17004348.000.000) 06/29 10:13:22 Image size of job updated: 1369820
	1338  -  MemoryUsage of job (MB)
	1369820  -  ResidentSetSize of job (KB)
...
006 (17004348.000.000) 06/29 10:18:22 Image size of job updated: 1370116
	1339  -  MemoryUsage of job (MB)
	1370116  -  ResidentSetSize of job (KB)
...
006 (17004348.000.000) 06/29 10:23:23 Image size of job updated: 1370528
	1339  -  MemoryUsage of job (MB)
	1370528  -  ResidentSetSize of job (KB)
...
006 (17004348.000.000) 06/29 10:28:24 Image size of job updated: 1371208
	1340  -  MemoryUsage of job (MB)
	1371208  -  ResidentSetSize of job (KB)
...
006 (17004348.000.000) 06/29 10:33:24 Image size of job updated: 1371580
	1340  -  MemoryUsage of job (MB)
	1371580  -  ResidentSetSize of job (KB)
...
006 (17004348.000.000) 06/29 10:38:25 Image size of job updated: 1371896
	1340  -  MemoryUsage of job (MB)
	1371896  -  ResidentSetSize of job (KB)
...
006 (17004348.000.000) 06/29 10:43:26 Image size of job updated: 1391664
	1360  -  MemoryUsage of job (MB)
	1391664  -  ResidentSetSize of job (KB)
...
006 (17004348.000.000) 06/29 10:48:26 Image size of job updated: 1396148
	1364  -  MemoryUsage of job (MB)
	1396148  -  ResidentSetSize of job (KB)
...
006 (17004348.000.000) 06/29 10:53:27 Image size of job updated: 1401712
	1369  -  MemoryUsage of job (MB)
	1401712  -  ResidentSetSize of job (KB)
...
006 (17004348.000.000) 06/29 10:58:28 Image size of job updated: 1401984
	1370  -  MemoryUsage of job (MB)
	1401984  -  ResidentSetSize of job (KB)
...
006 (17004348.000.000) 06/29 11:03:28 Image size of job updated: 1402256
	1370  -  MemoryUsage of job (MB)
	1402256  -  ResidentSetSize of job (KB)
...
006 (17004348.000.000) 06/29 11:08:29 Image size of job updated: 1402576
	1370  -  MemoryUsage of job (MB)
	1402576  -  ResidentSetSize of job (KB)
...
006 (17004348.000.000) 06/29 11:13:30 Image size of job updated: 1402876
	1370  -  MemoryUsage of job (MB)
	1402876  -  ResidentSetSize of job (KB)
...
006 (17004348.000.000) 06/29 11:18:30 Image size of job updated: 1403152
	1371  -  MemoryUsage of job (MB)
	1403152  -  ResidentSetSize of job (KB)
...
006 (17004348.000.000) 06/29 11:23:31 Image size of job updated: 1403380
	1371  -  MemoryUsage of job (MB)
	1403380  -  ResidentSetSize of job (KB)
...
006 (17004348.000.000) 06/29 11:28:31 Image size of job updated: 1403612
	1371  -  MemoryUsage of job (MB)
	1403612  -  ResidentSetSize of job (KB)
...
006 (17004348.000.000) 06/29 11:33:31 Image size of job updated: 1403840
	1371  -  MemoryUsage of job (MB)
	1403840  -  ResidentSetSize of job (KB)
...
006 (17004348.000.000) 06/29 11:38:32 Image size of job updated: 1404036
	1372  -  MemoryUsage of job (MB)
	1404036  -  ResidentSetSize of job (KB)
...
006 (17004348.000.000) 06/29 11:43:32 Image size of job updated: 1404244
	1372  -  MemoryUsage of job (MB)
	1404244  -  ResidentSetSize of job (KB)
...
006 (17004348.000.000) 06/29 11:48:32 Image size of job updated: 1404456
	1372  -  MemoryUsage of job (MB)
	1404456  -  ResidentSetSize of job (KB)
...
006 (17004348.000.000) 06/29 11:53:33 Image size of job updated: 1404720
	1372  -  MemoryUsage of job (MB)
	1404720  -  ResidentSetSize of job (KB)
...
006 (17004348.000.000) 06/29 11:58:33 Image size of job updated: 1404952
	1373  -  MemoryUsage of job (MB)
	1404952  -  ResidentSetSize of job (KB)
...
006 (17004348.000.000) 06/29 12:03:33 Image size of job updated: 1405196
	1373  -  MemoryUsage of job (MB)
	1405196  -  ResidentSetSize of job (KB)
...
006 (17004348.000.000) 06/29 12:08:34 Image size of job updated: 1405384
	1373  -  MemoryUsage of job (MB)
	1405384  -  ResidentSetSize of job (KB)
...
006 (17004348.000.000) 06/29 12:13:34 Image size of job updated: 1405568
	1373  -  MemoryUsage of job (MB)
	1405568  -  ResidentSetSize of job (KB)
...
006 (17004348.000.000) 06/29 12:18:34 Image size of job updated: 1405856
	1373  -  MemoryUsage of job (MB)
	1405856  -  ResidentSetSize of job (KB)
...
006 (17004348.000.000) 06/29 12:23:35 Image size of job updated: 1406084
	1374  -  MemoryUsage of job (MB)
	1406084  -  ResidentSetSize of job (KB)
...
006 (17004348.000.000) 06/29 12:28:35 Image size of job updated: 1406280
	1374  -  MemoryUsage of job (MB)
	1406280  -  ResidentSetSize of job (KB)
...
006 (17004348.000.000) 06/29 12:33:35 Image size of job updated: 1406472
	1374  -  MemoryUsage of job (MB)
	1406472  -  ResidentSetSize of job (KB)
...
006 (17004348.000.000) 06/29 12:38:36 Image size of job updated: 1408736
	1376  -  MemoryUsage of job (MB)
	1408736  -  ResidentSetSize of job (KB)
...
006 (17004348.000.000) 06/29 12:43:36 Image size of job updated: 1408952
	1376  -  MemoryUsage of job (MB)
	1408952  -  ResidentSetSize of job (KB)
...
006 (17004348.000.000) 06/29 12:48:36 Image size of job updated: 1409148
	1377  -  MemoryUsage of job (MB)
	1409148  -  ResidentSetSize of job (KB)
...
006 (17004348.000.000) 06/29 12:53:37 Image size of job updated: 1409352
	1377  -  MemoryUsage of job (MB)
	1409352  -  ResidentSetSize of job (KB)
...
006 (17004348.000.000) 06/29 12:58:37 Image size of job updated: 1409508
	1377  -  MemoryUsage of job (MB)
	1409508  -  ResidentSetSize of job (KB)
...
006 (17004348.000.000) 06/29 13:03:37 Image size of job updated: 1409644
	1377  -  MemoryUsage of job (MB)
	1409644  -  ResidentSetSize of job (KB)
...
006 (17004348.000.000) 06/29 13:08:38 Image size of job updated: 1409816
	1377  -  MemoryUsage of job (MB)
	1409816  -  ResidentSetSize of job (KB)
...
006 (17004348.000.000) 06/29 13:13:39 Image size of job updated: 1409956
	1377  -  MemoryUsage of job (MB)
	1409956  -  ResidentSetSize of job (KB)
...
006 (17004348.000.000) 06/29 13:18:39 Image size of job updated: 1410144
	1378  -  MemoryUsage of job (MB)
	1410144  -  ResidentSetSize of job (KB)
...
006 (17004348.000.000) 06/29 13:23:40 Image size of job updated: 1410268
	1378  -  MemoryUsage of job (MB)
	1410268  -  ResidentSetSize of job (KB)
...
006 (17004348.000.000) 06/29 13:28:41 Image size of job updated: 1410368
	1378  -  MemoryUsage of job (MB)
	1410368  -  ResidentSetSize of job (KB)
...
006 (17004348.000.000) 06/29 13:33:41 Image size of job updated: 1410480
	1378  -  MemoryUsage of job (MB)
	1410480  -  ResidentSetSize of job (KB)
...
006 (17004348.000.000) 06/29 13:38:42 Image size of job updated: 1410600
	1378  -  MemoryUsage of job (MB)
	1410600  -  ResidentSetSize of job (KB)
...
006 (17004348.000.000) 06/29 13:43:43 Image size of job updated: 1410684
	1378  -  MemoryUsage of job (MB)
	1410684  -  ResidentSetSize of job (KB)
...
006 (17004348.000.000) 06/29 13:48:43 Image size of job updated: 1410824
	1378  -  MemoryUsage of job (MB)
	1410824  -  ResidentSetSize of job (KB)
...
006 (17004348.000.000) 06/29 13:53:44 Image size of job updated: 1410936
	1378  -  MemoryUsage of job (MB)
	1410936  -  ResidentSetSize of job (KB)
...
006 (17004348.000.000) 06/29 13:58:45 Image size of job updated: 1411072
	1378  -  MemoryUsage of job (MB)
	1411072  -  ResidentSetSize of job (KB)
...
006 (17004348.000.000) 06/29 14:03:45 Image size of job updated: 1411180
	1379  -  MemoryUsage of job (MB)
	1411180  -  ResidentSetSize of job (KB)
...
006 (17004348.000.000) 06/29 14:08:46 Image size of job updated: 1411280
	1379  -  MemoryUsage of job (MB)
	1411280  -  ResidentSetSize of job (KB)
...
006 (17004348.000.000) 06/29 14:13:47 Image size of job updated: 1411352
	1379  -  MemoryUsage of job (MB)
	1411352  -  ResidentSetSize of job (KB)
...
006 (17004348.000.000) 06/29 14:18:47 Image size of job updated: 1411460
	1379  -  MemoryUsage of job (MB)
	1411460  -  ResidentSetSize of job (KB)
...
006 (17004348.000.000) 06/29 14:23:48 Image size of job updated: 1411548
	1379  -  MemoryUsage of job (MB)
	1411548  -  ResidentSetSize of job (KB)
...
006 (17004348.000.000) 06/29 14:28:49 Image size of job updated: 1411704
	1379  -  MemoryUsage of job (MB)
	1411704  -  ResidentSetSize of job (KB)
...
006 (17004348.000.000) 06/29 14:33:49 Image size of job updated: 1411932
	1379  -  MemoryUsage of job (MB)
	1411932  -  ResidentSetSize of job (KB)
...
006 (17004348.000.000) 06/29 14:38:50 Image size of job updated: 1416844
	1384  -  MemoryUsage of job (MB)
	1416844  -  ResidentSetSize of job (KB)
...
006 (17004348.000.000) 06/29 14:43:51 Image size of job updated: 1419248
	1386  -  MemoryUsage of job (MB)
	1419248  -  ResidentSetSize of job (KB)
...
006 (17004348.000.000) 06/29 14:48:51 Image size of job updated: 1419364
	1387  -  MemoryUsage of job (MB)
	1419364  -  ResidentSetSize of job (KB)
...
006 (17004348.000.000) 06/29 14:53:52 Image size of job updated: 1419476
	1387  -  MemoryUsage of job (MB)
	1419476  -  ResidentSetSize of job (KB)
...
006 (17004348.000.000) 06/29 14:58:53 Image size of job updated: 1419620
	1387  -  MemoryUsage of job (MB)
	1419620  -  ResidentSetSize of job (KB)
...
006 (17004348.000.000) 06/29 15:03:53 Image size of job updated: 1419748
	1387  -  MemoryUsage of job (MB)
	1419748  -  ResidentSetSize of job (KB)
...
006 (17004348.000.000) 06/29 15:08:54 Image size of job updated: 1419860
	1387  -  MemoryUsage of job (MB)
	1419860  -  ResidentSetSize of job (KB)
...
006 (17004348.000.000) 06/29 15:13:54 Image size of job updated: 1420000
	1387  -  MemoryUsage of job (MB)
	1420000  -  ResidentSetSize of job (KB)
...
006 (17004348.000.000) 06/29 15:18:54 Image size of job updated: 1420120
	1387  -  MemoryUsage of job (MB)
	1420120  -  ResidentSetSize of job (KB)
...
006 (17004348.000.000) 06/29 15:23:55 Image size of job updated: 1420244
	1387  -  MemoryUsage of job (MB)
	1420244  -  ResidentSetSize of job (KB)
...
006 (17004348.000.000) 06/29 15:28:55 Image size of job updated: 1420376
	1388  -  MemoryUsage of job (MB)
	1420376  -  ResidentSetSize of job (KB)
...
006 (17004348.000.000) 06/29 15:33:55 Image size of job updated: 1420512
	1388  -  MemoryUsage of job (MB)
	1420512  -  ResidentSetSize of job (KB)
...
006 (17004348.000.000) 06/29 15:38:56 Image size of job updated: 1420624
	1388  -  MemoryUsage of job (MB)
	1420624  -  ResidentSetSize of job (KB)
...
006 (17004348.000.000) 06/29 15:43:56 Image size of job updated: 1422796
	1390  -  MemoryUsage of job (MB)
	1422796  -  ResidentSetSize of job (KB)
...
006 (17004348.000.000) 06/29 15:48:56 Image size of job updated: 1422912
	1390  -  MemoryUsage of job (MB)
	1422912  -  ResidentSetSize of job (KB)
...
006 (17004348.000.000) 06/29 15:53:57 Image size of job updated: 1423028
	1390  -  MemoryUsage of job (MB)
	1423028  -  ResidentSetSize of job (KB)
...
006 (17004348.000.000) 06/29 15:58:57 Image size of job updated: 1423132
	1390  -  MemoryUsage of job (MB)
	1423132  -  ResidentSetSize of job (KB)
...
006 (17004348.000.000) 06/29 16:03:57 Image size of job updated: 1423264
	1390  -  MemoryUsage of job (MB)
	1423264  -  ResidentSetSize of job (KB)
...
006 (17004348.000.000) 06/29 16:08:58 Image size of job updated: 1423376
	1391  -  MemoryUsage of job (MB)
	1423376  -  ResidentSetSize of job (KB)
...
006 (17004348.000.000) 06/29 16:13:58 Image size of job updated: 1423516
	1391  -  MemoryUsage of job (MB)
	1423516  -  ResidentSetSize of job (KB)
...
006 (17004348.000.000) 06/29 16:18:58 Image size of job updated: 1423660
	1391  -  MemoryUsage of job (MB)
	1423660  -  ResidentSetSize of job (KB)
...
006 (17004348.000.000) 06/29 16:23:59 Image size of job updated: 1423816
	1391  -  MemoryUsage of job (MB)
	1423816  -  ResidentSetSize of job (KB)
...
006 (17004348.000.000) 06/29 16:28:59 Image size of job updated: 1423904
	1391  -  MemoryUsage of job (MB)
	1423904  -  ResidentSetSize of job (KB)
...
006 (17004348.000.000) 06/29 16:34:00 Image size of job updated: 1424008
	1391  -  MemoryUsage of job (MB)
	1424008  -  ResidentSetSize of job (KB)
...
006 (17004348.000.000) 06/29 16:39:01 Image size of job updated: 1424100
	1391  -  MemoryUsage of job (MB)
	1424100  -  ResidentSetSize of job (KB)
...
006 (17004348.000.000) 06/29 16:44:01 Image size of job updated: 1424204
	1391  -  MemoryUsage of job (MB)
	1424204  -  ResidentSetSize of job (KB)
...
006 (17004348.000.000) 06/29 16:49:01 Image size of job updated: 1424284
	1391  -  MemoryUsage of job (MB)
	1424284  -  ResidentSetSize of job (KB)
...
006 (17004348.000.000) 06/29 16:54:02 Image size of job updated: 1424384
	1391  -  MemoryUsage of job (MB)
	1424384  -  ResidentSetSize of job (KB)
...
006 (17004348.000.000) 06/29 16:59:02 Image size of job updated: 1424456
	1392  -  MemoryUsage of job (MB)
	1424456  -  ResidentSetSize of job (KB)
...
006 (17004348.000.000) 06/29 17:04:02 Image size of job updated: 1424524
	1392  -  MemoryUsage of job (MB)
	1424524  -  ResidentSetSize of job (KB)
...
006 (17004348.000.000) 06/29 17:09:03 Image size of job updated: 1424616
	1392  -  MemoryUsage of job (MB)
	1424616  -  ResidentSetSize of job (KB)
...
006 (17004348.000.000) 06/29 17:14:03 Image size of job updated: 1424716
	1392  -  MemoryUsage of job (MB)
	1424716  -  ResidentSetSize of job (KB)
...
006 (17004348.000.000) 06/29 17:19:03 Image size of job updated: 1424840
	1392  -  MemoryUsage of job (MB)
	1424840  -  ResidentSetSize of job (KB)
...
006 (17004348.000.000) 06/29 17:24:04 Image size of job updated: 1424940
	1392  -  MemoryUsage of job (MB)
	1424940  -  ResidentSetSize of job (KB)
...
006 (17004348.000.000) 06/29 17:29:04 Image size of job updated: 1425028
	1392  -  MemoryUsage of job (MB)
	1425028  -  ResidentSetSize of job (KB)
...
006 (17004348.000.000) 06/29 17:34:04 Image size of job updated: 1425112
	1392  -  MemoryUsage of job (MB)
	1425112  -  ResidentSetSize of job (KB)
...
006 (17004348.000.000) 06/29 17:39:05 Image size of job updated: 1425212
	1392  -  MemoryUsage of job (MB)
	1425212  -  ResidentSetSize of job (KB)
...
006 (17004348.000.000) 06/29 17:44:05 Image size of job updated: 1425304
	1392  -  MemoryUsage of job (MB)
	1425304  -  ResidentSetSize of job (KB)
...
006 (17004348.000.000) 06/29 17:49:06 Image size of job updated: 1425396
	1392  -  MemoryUsage of job (MB)
	1425396  -  ResidentSetSize of job (KB)
...
006 (17004348.000.000) 06/29 17:54:07 Image size of job updated: 1425488
	1393  -  MemoryUsage of job (MB)
	1425488  -  ResidentSetSize of job (KB)
...
006 (17004348.000.000) 06/29 17:59:07 Image size of job updated: 1425600
	1393  -  MemoryUsage of job (MB)
	1425600  -  ResidentSetSize of job (KB)
...
006 (17004348.000.000) 06/29 18:04:08 Image size of job updated: 1425672
	1393  -  MemoryUsage of job (MB)
	1425672  -  ResidentSetSize of job (KB)
...
006 (17004348.000.000) 06/29 18:09:09 Image size of job updated: 1425756
	1393  -  MemoryUsage of job (MB)
	1425756  -  ResidentSetSize of job (KB)
...
006 (17004348.000.000) 06/29 18:14:09 Image size of job updated: 1425836
	1393  -  MemoryUsage of job (MB)
	1425836  -  ResidentSetSize of job (KB)
...
006 (17004348.000.000) 06/29 18:19:10 Image size of job updated: 1425896
	1393  -  MemoryUsage of job (MB)
	1425896  -  ResidentSetSize of job (KB)
...
006 (17004348.000.000) 06/29 18:24:11 Image size of job updated: 1425964
	1393  -  MemoryUsage of job (MB)
	1425964  -  ResidentSetSize of job (KB)
...
006 (17004348.000.000) 06/29 18:29:11 Image size of job updated: 1426048
	1393  -  MemoryUsage of job (MB)
	1426048  -  ResidentSetSize of job (KB)
...
006 (17004348.000.000) 06/29 18:34:12 Image size of job updated: 1426124
	1393  -  MemoryUsage of job (MB)
	1426124  -  ResidentSetSize of job (KB)
...
006 (17004348.000.000) 06/29 18:39:13 Image size of job updated: 1426192
	1393  -  MemoryUsage of job (MB)
	1426192  -  ResidentSetSize of job (KB)
...
006 (17004348.000.000) 06/29 18:44:13 Image size of job updated: 1426260
	1393  -  MemoryUsage of job (MB)
	1426260  -  ResidentSetSize of job (KB)
...
006 (17004348.000.000) 06/29 18:49:14 Image size of job updated: 1426336
	1393  -  MemoryUsage of job (MB)
	1426336  -  ResidentSetSize of job (KB)
...
006 (17004348.000.000) 06/29 18:54:15 Image size of job updated: 1426420
	1393  -  MemoryUsage of job (MB)
	1426420  -  ResidentSetSize of job (KB)
...
006 (17004348.000.000) 06/29 18:59:15 Image size of job updated: 1426484
	1394  -  MemoryUsage of job (MB)
	1426484  -  ResidentSetSize of job (KB)
...
006 (17004348.000.000) 06/29 19:04:16 Image size of job updated: 1426544
	1394  -  MemoryUsage of job (MB)
	1426544  -  ResidentSetSize of job (KB)
...
006 (17004348.000.000) 06/29 19:09:17 Image size of job updated: 1426640
	1394  -  MemoryUsage of job (MB)
	1426640  -  ResidentSetSize of job (KB)
...
006 (17004348.000.000) 06/29 19:14:17 Image size of job updated: 1426716
	1394  -  MemoryUsage of job (MB)
	1426716  -  ResidentSetSize of job (KB)
...
006 (17004348.000.000) 06/29 19:19:18 Image size of job updated: 1426812
	1394  -  MemoryUsage of job (MB)
	1426812  -  ResidentSetSize of job (KB)
...
006 (17004348.000.000) 06/29 19:24:19 Image size of job updated: 1426888
	1394  -  MemoryUsage of job (MB)
	1426888  -  ResidentSetSize of job (KB)
...
006 (17004348.000.000) 06/29 19:29:19 Image size of job updated: 1427012
	1394  -  MemoryUsage of job (MB)
	1427012  -  ResidentSetSize of job (KB)
...
006 (17004348.000.000) 06/29 19:34:20 Image size of job updated: 1427080
	1394  -  MemoryUsage of job (MB)
	1427080  -  ResidentSetSize of job (KB)
...
006 (17004348.000.000) 06/29 19:39:21 Image size of job updated: 1427152
	1394  -  MemoryUsage of job (MB)
	1427152  -  ResidentSetSize of job (KB)
...
006 (17004348.000.000) 06/29 19:44:21 Image size of job updated: 1427272
	1394  -  MemoryUsage of job (MB)
	1427272  -  ResidentSetSize of job (KB)
...
006 (17004348.000.000) 06/29 19:49:22 Image size of job updated: 1427336
	1394  -  MemoryUsage of job (MB)
	1427336  -  ResidentSetSize of job (KB)
...
006 (17004348.000.000) 06/29 19:54:23 Image size of job updated: 1427412
	1394  -  MemoryUsage of job (MB)
	1427412  -  ResidentSetSize of job (KB)
...
006 (17004348.000.000) 06/29 19:59:23 Image size of job updated: 1427468
	1395  -  MemoryUsage of job (MB)
	1427468  -  ResidentSetSize of job (KB)
...
006 (17004348.000.000) 06/29 20:04:24 Image size of job updated: 1427536
	1395  -  MemoryUsage of job (MB)
	1427536  -  ResidentSetSize of job (KB)
...
006 (17004348.000.000) 06/29 20:09:25 Image size of job updated: 1427620
	1395  -  MemoryUsage of job (MB)
	1427620  -  ResidentSetSize of job (KB)
...
006 (17004348.000.000) 06/29 20:14:25 Image size of job updated: 1429744
	1397  -  MemoryUsage of job (MB)
	1429744  -  ResidentSetSize of job (KB)
...
006 (17004348.000.000) 06/29 20:19:26 Image size of job updated: 1429812
	1397  -  MemoryUsage of job (MB)
	1429812  -  ResidentSetSize of job (KB)
...
006 (17004348.000.000) 06/29 20:24:27 Image size of job updated: 1429916
	1397  -  MemoryUsage of job (MB)
	1429916  -  ResidentSetSize of job (KB)
...
006 (17004348.000.000) 06/29 20:29:27 Image size of job updated: 1429972
	1397  -  MemoryUsage of job (MB)
	1429972  -  ResidentSetSize of job (KB)
...
006 (17004348.000.000) 06/29 20:34:28 Image size of job updated: 1430040
	1397  -  MemoryUsage of job (MB)
	1430040  -  ResidentSetSize of job (KB)
...
006 (17004348.000.000) 06/29 20:39:29 Image size of job updated: 1430092
	1397  -  MemoryUsage of job (MB)
	1430092  -  ResidentSetSize of job (KB)
...
006 (17004348.000.000) 06/29 20:44:29 Image size of job updated: 1430148
	1397  -  MemoryUsage of job (MB)
	1430148  -  ResidentSetSize of job (KB)
...
006 (17004348.000.000) 06/29 20:49:30 Image size of job updated: 1430220
	1397  -  MemoryUsage of job (MB)
	1430220  -  ResidentSetSize of job (KB)
...
006 (17004348.000.000) 06/29 20:54:31 Image size of job updated: 1430288
	1397  -  MemoryUsage of job (MB)
	1430288  -  ResidentSetSize of job (KB)
...
006 (17004348.000.000) 06/29 20:59:31 Image size of job updated: 1430388
	1397  -  MemoryUsage of job (MB)
	1430388  -  ResidentSetSize of job (KB)
...
006 (17004348.000.000) 06/29 21:04:32 Image size of job updated: 1430484
	1397  -  MemoryUsage of job (MB)
	1430484  -  ResidentSetSize of job (KB)
...
006 (17004348.000.000) 06/29 21:09:33 Image size of job updated: 1430552
	1398  -  MemoryUsage of job (MB)
	1430552  -  ResidentSetSize of job (KB)
...
006 (17004348.000.000) 06/29 21:14:33 Image size of job updated: 1430624
	1398  -  MemoryUsage of job (MB)
	1430624  -  ResidentSetSize of job (KB)
...
006 (17004348.000.000) 06/29 21:19:34 Image size of job updated: 1430696
	1398  -  MemoryUsage of job (MB)
	1430696  -  ResidentSetSize of job (KB)
...
006 (17004348.000.000) 06/29 21:24:35 Image size of job updated: 1430784
	1398  -  MemoryUsage of job (MB)
	1430784  -  ResidentSetSize of job (KB)
...
006 (17004348.000.000) 06/29 21:29:35 Image size of job updated: 1430892
	1398  -  MemoryUsage of job (MB)
	1430892  -  ResidentSetSize of job (KB)
...
006 (17004348.000.000) 06/29 21:34:35 Image size of job updated: 1430960
	1398  -  MemoryUsage of job (MB)
	1430960  -  ResidentSetSize of job (KB)
...
006 (17004348.000.000) 06/29 21:39:36 Image size of job updated: 1431028
	1398  -  MemoryUsage of job (MB)
	1431028  -  ResidentSetSize of job (KB)
...
006 (17004348.000.000) 06/29 21:44:36 Image size of job updated: 1431108
	1398  -  MemoryUsage of job (MB)
	1431108  -  ResidentSetSize of job (KB)
...
006 (17004348.000.000) 06/29 21:49:36 Image size of job updated: 1431192
	1398  -  MemoryUsage of job (MB)
	1431192  -  ResidentSetSize of job (KB)
...
006 (17004348.000.000) 06/29 21:54:37 Image size of job updated: 1431276
	1398  -  MemoryUsage of job (MB)
	1431276  -  ResidentSetSize of job (KB)
...
006 (17004348.000.000) 06/29 21:59:37 Image size of job updated: 1431364
	1398  -  MemoryUsage of job (MB)
	1431364  -  ResidentSetSize of job (KB)
...
006 (17004348.000.000) 06/29 22:04:37 Image size of job updated: 1431436
	1398  -  MemoryUsage of job (MB)
	1431436  -  ResidentSetSize of job (KB)
...
006 (17004348.000.000) 06/29 22:09:38 Image size of job updated: 1431516
	1398  -  MemoryUsage of job (MB)
	1431516  -  ResidentSetSize of job (KB)
...
006 (17004348.000.000) 06/29 22:14:38 Image size of job updated: 1431596
	1399  -  MemoryUsage of job (MB)
	1431596  -  ResidentSetSize of job (KB)
...
006 (17004348.000.000) 06/29 22:19:38 Image size of job updated: 1431660
	1399  -  MemoryUsage of job (MB)
	1431660  -  ResidentSetSize of job (KB)
...
006 (17004348.000.000) 06/29 22:24:39 Image size of job updated: 1431752
	1399  -  MemoryUsage of job (MB)
	1431752  -  ResidentSetSize of job (KB)
...
006 (17004348.000.000) 06/29 22:29:39 Image size of job updated: 1431880
	1399  -  MemoryUsage of job (MB)
	1431880  -  ResidentSetSize of job (KB)
...
006 (17004348.000.000) 06/29 22:34:39 Image size of job updated: 1431972
	1399  -  MemoryUsage of job (MB)
	1431972  -  ResidentSetSize of job (KB)
...
006 (17004348.000.000) 06/29 22:39:40 Image size of job updated: 1432104
	1399  -  MemoryUsage of job (MB)
	1432104  -  ResidentSetSize of job (KB)
...
006 (17004348.000.000) 06/29 22:44:41 Image size of job updated: 1432212
	1399  -  MemoryUsage of job (MB)
	1432212  -  ResidentSetSize of job (KB)
...
006 (17004348.000.000) 06/29 22:49:41 Image size of job updated: 1432348
	1399  -  MemoryUsage of job (MB)
	1432348  -  ResidentSetSize of job (KB)
...
006 (17004348.000.000) 06/29 22:54:42 Image size of job updated: 1432432
	1399  -  MemoryUsage of job (MB)
	1432432  -  ResidentSetSize of job (KB)
...
006 (17004348.000.000) 06/29 22:59:43 Image size of job updated: 1432540
	1399  -  MemoryUsage of job (MB)
	1432540  -  ResidentSetSize of job (KB)
...
006 (17004348.000.000) 06/29 23:04:43 Image size of job updated: 1432640
	1400  -  MemoryUsage of job (MB)
	1432640  -  ResidentSetSize of job (KB)
...
006 (17004348.000.000) 06/29 23:09:44 Image size of job updated: 1432756
	1400  -  MemoryUsage of job (MB)
	1432756  -  ResidentSetSize of job (KB)
...
006 (17004348.000.000) 06/29 23:14:45 Image size of job updated: 1432868
	1400  -  MemoryUsage of job (MB)
	1432868  -  ResidentSetSize of job (KB)
...
006 (17004348.000.000) 06/29 23:19:45 Image size of job updated: 1432948
	1400  -  MemoryUsage of job (MB)
	1432948  -  ResidentSetSize of job (KB)
...
006 (17004348.000.000) 06/29 23:24:46 Image size of job updated: 1433064
	1400  -  MemoryUsage of job (MB)
	1433064  -  ResidentSetSize of job (KB)
...
006 (17004348.000.000) 06/29 23:29:47 Image size of job updated: 1433200
	1400  -  MemoryUsage of job (MB)
	1433200  -  ResidentSetSize of job (KB)
...
006 (17004348.000.000) 06/29 23:34:47 Image size of job updated: 1433284
	1400  -  MemoryUsage of job (MB)
	1433284  -  ResidentSetSize of job (KB)
...
006 (17004348.000.000) 06/29 23:39:47 Image size of job updated: 1433404
	1400  -  MemoryUsage of job (MB)
	1433404  -  ResidentSetSize of job (KB)
...
006 (17004348.000.000) 06/29 23:44:48 Image size of job updated: 1433504
	1400  -  MemoryUsage of job (MB)
	1433504  -  ResidentSetSize of job (KB)
...
006 (17004348.000.000) 06/29 23:49:48 Image size of job updated: 1433604
	1401  -  MemoryUsage of job (MB)
	1433604  -  ResidentSetSize of job (KB)
...
006 (17004348.000.000) 06/29 23:54:48 Image size of job updated: 1433700
	1401  -  MemoryUsage of job (MB)
	1433700  -  ResidentSetSize of job (KB)
...
006 (17004348.000.000) 06/29 23:59:49 Image size of job updated: 1433784
	1401  -  MemoryUsage of job (MB)
	1433784  -  ResidentSetSize of job (KB)
...
006 (17004348.000.000) 06/30 00:04:49 Image size of job updated: 1433892
	1401  -  MemoryUsage of job (MB)
	1433892  -  ResidentSetSize of job (KB)
...
006 (17004348.000.000) 06/30 00:09:49 Image size of job updated: 1433984
	1401  -  MemoryUsage of job (MB)
	1433984  -  ResidentSetSize of job (KB)
...
006 (17004348.000.000) 06/30 00:14:50 Image size of job updated: 1434112
	1401  -  MemoryUsage of job (MB)
	1434112  -  ResidentSetSize of job (KB)
...
006 (17004348.000.000) 06/30 00:19:50 Image size of job updated: 1434236
	1401  -  MemoryUsage of job (MB)
	1434236  -  ResidentSetSize of job (KB)
...
006 (17004348.000.000) 06/30 00:24:50 Image size of job updated: 1437916
	1405  -  MemoryUsage of job (MB)
	1437916  -  ResidentSetSize of job (KB)
...
006 (17004348.000.000) 06/30 00:29:51 Image size of job updated: 1438068
	1405  -  MemoryUsage of job (MB)
	1438068  -  ResidentSetSize of job (KB)
...
006 (17004348.000.000) 06/30 00:34:51 Image size of job updated: 1438192
	1405  -  MemoryUsage of job (MB)
	1438192  -  ResidentSetSize of job (KB)
...
006 (17004348.000.000) 06/30 00:39:51 Image size of job updated: 1438316
	1405  -  MemoryUsage of job (MB)
	1438316  -  ResidentSetSize of job (KB)
...
006 (17004348.000.000) 06/30 00:44:52 Image size of job updated: 1440484
	1407  -  MemoryUsage of job (MB)
	1440484  -  ResidentSetSize of job (KB)
...
006 (17004348.000.000) 06/30 00:49:52 Image size of job updated: 1446772
	1413  -  MemoryUsage of job (MB)
	1446772  -  ResidentSetSize of job (KB)
...
006 (17004348.000.000) 06/30 00:54:52 Image size of job updated: 1446884
	1413  -  MemoryUsage of job (MB)
	1446884  -  ResidentSetSize of job (KB)
...
006 (17004348.000.000) 06/30 00:59:53 Image size of job updated: 1447008
	1414  -  MemoryUsage of job (MB)
	1447008  -  ResidentSetSize of job (KB)
...
006 (17004348.000.000) 06/30 01:04:53 Image size of job updated: 1447128
	1414  -  MemoryUsage of job (MB)
	1447128  -  ResidentSetSize of job (KB)
...
006 (17004348.000.000) 06/30 01:09:53 Image size of job updated: 1447268
	1414  -  MemoryUsage of job (MB)
	1447268  -  ResidentSetSize of job (KB)
...
006 (17004348.000.000) 06/30 01:14:54 Image size of job updated: 1447408
	1414  -  MemoryUsage of job (MB)
	1447408  -  ResidentSetSize of job (KB)
...
006 (17004348.000.000) 06/30 01:19:54 Image size of job updated: 1447536
	1414  -  MemoryUsage of job (MB)
	1447536  -  ResidentSetSize of job (KB)
...
006 (17004348.000.000) 06/30 01:24:54 Image size of job updated: 1447652
	1414  -  MemoryUsage of job (MB)
	1447652  -  ResidentSetSize of job (KB)
...
006 (17004348.000.000) 06/30 01:29:55 Image size of job updated: 1447756
	1414  -  MemoryUsage of job (MB)
	1447756  -  ResidentSetSize of job (KB)
...
006 (17004348.000.000) 06/30 01:34:56 Image size of job updated: 1447884
	1414  -  MemoryUsage of job (MB)
	1447884  -  ResidentSetSize of job (KB)
...
006 (17004348.000.000) 06/30 01:39:56 Image size of job updated: 1447996
	1415  -  MemoryUsage of job (MB)
	1447996  -  ResidentSetSize of job (KB)
...
006 (17004348.000.000) 06/30 01:44:57 Image size of job updated: 1448116
	1415  -  MemoryUsage of job (MB)
	1448116  -  ResidentSetSize of job (KB)
...
006 (17004348.000.000) 06/30 01:49:58 Image size of job updated: 1448244
	1415  -  MemoryUsage of job (MB)
	1448244  -  ResidentSetSize of job (KB)
...
006 (17004348.000.000) 06/30 01:54:58 Image size of job updated: 1448376
	1415  -  MemoryUsage of job (MB)
	1448376  -  ResidentSetSize of job (KB)
...
006 (17004348.000.000) 06/30 01:59:59 Image size of job updated: 1448508
	1415  -  MemoryUsage of job (MB)
	1448508  -  ResidentSetSize of job (KB)
...
006 (17004348.000.000) 06/30 02:05:00 Image size of job updated: 1448652
	1415  -  MemoryUsage of job (MB)
	1448652  -  ResidentSetSize of job (KB)
...
006 (17004348.000.000) 06/30 02:10:00 Image size of job updated: 1448828
	1415  -  MemoryUsage of job (MB)
	1448828  -  ResidentSetSize of job (KB)
...
006 (17004348.000.000) 06/30 02:15:00 Image size of job updated: 1448964
	1416  -  MemoryUsage of job (MB)
	1448964  -  ResidentSetSize of job (KB)
...
006 (17004348.000.000) 06/30 02:20:01 Image size of job updated: 1449092
	1416  -  MemoryUsage of job (MB)
	1449092  -  ResidentSetSize of job (KB)
...
006 (17004348.000.000) 06/30 02:25:01 Image size of job updated: 1449232
	1416  -  MemoryUsage of job (MB)
	1449232  -  ResidentSetSize of job (KB)
...
006 (17004348.000.000) 06/30 02:30:01 Image size of job updated: 1449368
	1416  -  MemoryUsage of job (MB)
	1449368  -  ResidentSetSize of job (KB)
...
006 (17004348.000.000) 06/30 02:35:02 Image size of job updated: 1449552
	1416  -  MemoryUsage of job (MB)
	1449552  -  ResidentSetSize of job (KB)
...
006 (17004348.000.000) 06/30 02:40:02 Image size of job updated: 1449668
	1416  -  MemoryUsage of job (MB)
	1449668  -  ResidentSetSize of job (KB)
...
006 (17004348.000.000) 06/30 02:45:02 Image size of job updated: 1449784
	1416  -  MemoryUsage of job (MB)
	1449784  -  ResidentSetSize of job (KB)
...
006 (17004348.000.000) 06/30 02:50:03 Image size of job updated: 1449940
	1416  -  MemoryUsage of job (MB)
	1449940  -  ResidentSetSize of job (KB)
...
006 (17004348.000.000) 06/30 02:55:03 Image size of job updated: 1450060
	1417  -  MemoryUsage of job (MB)
	1450060  -  ResidentSetSize of job (KB)
...
006 (17004348.000.000) 06/30 03:00:03 Image size of job updated: 1450196
	1417  -  MemoryUsage of job (MB)
	1450196  -  ResidentSetSize of job (KB)
...
006 (17004348.000.000) 06/30 03:05:04 Image size of job updated: 1450328
	1417  -  MemoryUsage of job (MB)
	1450328  -  ResidentSetSize of job (KB)
...
006 (17004348.000.000) 06/30 03:10:04 Image size of job updated: 1450464
	1417  -  MemoryUsage of job (MB)
	1450464  -  ResidentSetSize of job (KB)
...
006 (17004348.000.000) 06/30 03:15:04 Image size of job updated: 1450604
	1417  -  MemoryUsage of job (MB)
	1450604  -  ResidentSetSize of job (KB)
...
006 (17004348.000.000) 06/30 03:20:05 Image size of job updated: 1450740
	1417  -  MemoryUsage of job (MB)
	1450740  -  ResidentSetSize of job (KB)
...
006 (17004348.000.000) 06/30 03:25:06 Image size of job updated: 1450900
	1417  -  MemoryUsage of job (MB)
	1450900  -  ResidentSetSize of job (KB)
...
006 (17004348.000.000) 06/30 03:30:06 Image size of job updated: 1451020
	1418  -  MemoryUsage of job (MB)
	1451020  -  ResidentSetSize of job (KB)
...
006 (17004348.000.000) 06/30 03:35:07 Image size of job updated: 1451168
	1418  -  MemoryUsage of job (MB)
	1451168  -  ResidentSetSize of job (KB)
...
006 (17004348.000.000) 06/30 03:40:08 Image size of job updated: 1451308
	1418  -  MemoryUsage of job (MB)
	1451308  -  ResidentSetSize of job (KB)
...
006 (17004348.000.000) 06/30 03:45:08 Image size of job updated: 1451436
	1418  -  MemoryUsage of job (MB)
	1451436  -  ResidentSetSize of job (KB)
...
006 (17004348.000.000) 06/30 03:50:09 Image size of job updated: 1453616
	1420  -  MemoryUsage of job (MB)
	1453616  -  ResidentSetSize of job (KB)
...
006 (17004348.000.000) 06/30 03:55:10 Image size of job updated: 1453756
	1420  -  MemoryUsage of job (MB)
	1453756  -  ResidentSetSize of job (KB)
...
006 (17004348.000.000) 06/30 04:00:10 Image size of job updated: 1453868
	1420  -  MemoryUsage of job (MB)
	1453868  -  ResidentSetSize of job (KB)
...
006 (17004348.000.000) 06/30 04:05:10 Image size of job updated: 1454040
	1420  -  MemoryUsage of job (MB)
	1454040  -  ResidentSetSize of job (KB)
...
006 (17004348.000.000) 06/30 04:10:11 Image size of job updated: 1454164
	1421  -  MemoryUsage of job (MB)
	1454164  -  ResidentSetSize of job (KB)
...
006 (17004348.000.000) 06/30 04:15:11 Image size of job updated: 1454276
	1421  -  MemoryUsage of job (MB)
	1454276  -  ResidentSetSize of job (KB)
...
006 (17004348.000.000) 06/30 04:20:11 Image size of job updated: 1454424
	1421  -  MemoryUsage of job (MB)
	1454424  -  ResidentSetSize of job (KB)
...
006 (17004348.000.000) 06/30 04:25:12 Image size of job updated: 1454580
	1421  -  MemoryUsage of job (MB)
	1454580  -  ResidentSetSize of job (KB)
...
006 (17004348.000.000) 06/30 04:30:12 Image size of job updated: 1454708
	1421  -  MemoryUsage of job (MB)
	1454708  -  ResidentSetSize of job (KB)
...
006 (17004348.000.000) 06/30 04:35:12 Image size of job updated: 1454832
	1421  -  MemoryUsage of job (MB)
	1454832  -  ResidentSetSize of job (KB)
...
006 (17004348.000.000) 06/30 04:40:13 Image size of job updated: 1454992
	1421  -  MemoryUsage of job (MB)
	1454992  -  ResidentSetSize of job (KB)
...
006 (17004348.000.000) 06/30 04:45:14 Image size of job updated: 1455140
	1422  -  MemoryUsage of job (MB)
	1455140  -  ResidentSetSize of job (KB)
...
006 (17004348.000.000) 06/30 04:50:14 Image size of job updated: 1455284
	1422  -  MemoryUsage of job (MB)
	1455284  -  ResidentSetSize of job (KB)
...
006 (17004348.000.000) 06/30 04:55:15 Image size of job updated: 1455396
	1422  -  MemoryUsage of job (MB)
	1455396  -  ResidentSetSize of job (KB)
...
006 (17004348.000.000) 06/30 05:00:16 Image size of job updated: 1455528
	1422  -  MemoryUsage of job (MB)
	1455528  -  ResidentSetSize of job (KB)
...
006 (17004348.000.000) 06/30 05:05:16 Image size of job updated: 1456508
	1423  -  MemoryUsage of job (MB)
	1456508  -  ResidentSetSize of job (KB)
...
006 (17004348.000.000) 06/30 05:10:17 Image size of job updated: 1456540
	1423  -  MemoryUsage of job (MB)
	1456540  -  ResidentSetSize of job (KB)
...
006 (17004348.000.000) 06/30 05:30:19 Image size of job updated: 1456544
	1423  -  MemoryUsage of job (MB)
	1456544  -  ResidentSetSize of job (KB)
...
006 (17004348.000.000) 06/30 05:35:19 Image size of job updated: 1456564
	1423  -  MemoryUsage of job (MB)
	1456564  -  ResidentSetSize of job (KB)
...
006 (17004348.000.000) 06/30 05:40:20 Image size of job updated: 1456680
	1423  -  MemoryUsage of job (MB)
	1456680  -  ResidentSetSize of job (KB)
...
006 (17004348.000.000) 06/30 05:45:20 Image size of job updated: 1456820
	1423  -  MemoryUsage of job (MB)
	1456820  -  ResidentSetSize of job (KB)
...
006 (17004348.000.000) 06/30 05:50:20 Image size of job updated: 1456968
	1423  -  MemoryUsage of job (MB)
	1456968  -  ResidentSetSize of job (KB)
...
006 (17004348.000.000) 06/30 05:55:21 Image size of job updated: 1457124
	1423  -  MemoryUsage of job (MB)
	1457124  -  ResidentSetSize of job (KB)
...
006 (17004348.000.000) 06/30 06:00:22 Image size of job updated: 1457276
	1424  -  MemoryUsage of job (MB)
	1457276  -  ResidentSetSize of job (KB)
...
006 (17004348.000.000) 06/30 06:03:25 Image size of job updated: 1457352
	1424  -  MemoryUsage of job (MB)
	1457276  -  ResidentSetSize of job (KB)
...
040 (17004348.000.000) 06/30 06:03:25 Started transferring output files
...
040 (17004348.000.000) 06/30 06:03:25 Finished transferring output files
...
009 (17004348.000.000) 06/30 06:03:25 Job was aborted.
	Job removed by SYSTEM_PERIODIC_REMOVE due to wall time exceeded allowed max.
...
