000 (17502480.002.000) 07/23 21:46:07 Job submitted from host: <188.185.114.121:9618?addrs=188.185.114.121-9618+[2001-1458-d00-a--100-273]-9618&alias=bigbird19.cern.ch&noUDP&sock=schedd_5810_c156>
...
040 (17502480.002.000) 07/24 00:29:30 Started transferring input files
	Transferring to host: <188.185.92.166:9618?addrs=188.185.92.166-9618+[2001-1458-d00-6c--100-410]-9618&alias=b9g57n0004.cern.ch&noUDP&sock=slot1_1_4565_3493_6562>
...
040 (17502480.002.000) 07/24 00:29:30 Finished transferring input files
...
001 (17502480.002.000) 07/24 00:29:30 Job executing on host: <188.185.92.166:9618?addrs=188.185.92.166-9618+[2001-1458-d00-6c--100-410]-9618&alias=b9g57n0004.cern.ch&noUDP&sock=startd_4163_0cda>
	SlotName: slot1_1@b9g57n0004.cern.ch
	AvailableGPUs = { GPUs_GPU_ba6c27ee }
	CondorScratchDir = "/pool/condor/dir_1657194"
	Cpus = 8
	Disk = 8915784
	GPUs = 1
	GPUs_GPU_ba6c27ee = [ Id = "GPU-ba6c27ee"; ClockMhz = 1410.0; Capability = 8.0; CoresPerCU = 64; DeviceName = "NVIDIA A100-PCIE-40GB"; DeviceUuid = "ba6c27ee-83b9-8c1a-8580-9009ce83a62d"; ECCEnabled = true; ComputeUnits = 108; NvidiaDriver = "610.43.02"; DriverVersion = 13.3; DevicePciBusId = "0000:06:00.0"; GlobalMemoryMb = 40465; MaxSupportedVersion = 13030 ]
	Memory = 24000
...
006 (17502480.002.000) 07/24 00:29:39 Image size of job updated: 69976
	69  -  MemoryUsage of job (MB)
	69976  -  ResidentSetSize of job (KB)
...
006 (17502480.002.000) 07/24 00:34:40 Image size of job updated: 2471828
	2411  -  MemoryUsage of job (MB)
	2467932  -  ResidentSetSize of job (KB)
...
006 (17502480.002.000) 07/24 00:39:40 Image size of job updated: 2661624
	2600  -  MemoryUsage of job (MB)
	2661624  -  ResidentSetSize of job (KB)
...
006 (17502480.002.000) 07/24 00:44:40 Image size of job updated: 2764452
	2685  -  MemoryUsage of job (MB)
	2748956  -  ResidentSetSize of job (KB)
...
006 (17502480.002.000) 07/24 00:49:41 Image size of job updated: 2852788
	2786  -  MemoryUsage of job (MB)
	2852788  -  ResidentSetSize of job (KB)
...
006 (17502480.002.000) 07/24 00:54:41 Image size of job updated: 2968192
	2884  -  MemoryUsage of job (MB)
	2953120  -  ResidentSetSize of job (KB)
...
006 (17502480.002.000) 07/24 00:59:42 Image size of job updated: 3047348
	2964  -  MemoryUsage of job (MB)
	3034948  -  ResidentSetSize of job (KB)
...
006 (17502480.002.000) 07/24 01:04:42 Image size of job updated: 3139784
	3052  -  MemoryUsage of job (MB)
	3124272  -  ResidentSetSize of job (KB)
...
006 (17502480.002.000) 07/24 01:09:42 Image size of job updated: 3227116
	3139  -  MemoryUsage of job (MB)
	3213664  -  ResidentSetSize of job (KB)
...
006 (17502480.002.000) 07/24 01:14:43 Image size of job updated: 3316288
	3225  -  MemoryUsage of job (MB)
	3301636  -  ResidentSetSize of job (KB)
...
006 (17502480.002.000) 07/24 01:19:43 Image size of job updated: 3435008
	3341  -  MemoryUsage of job (MB)
	3420684  -  ResidentSetSize of job (KB)
...
006 (17502480.002.000) 07/24 01:24:43 Image size of job updated: 3520736
	3425  -  MemoryUsage of job (MB)
	3506436  -  ResidentSetSize of job (KB)
...
006 (17502480.002.000) 07/24 01:29:44 Image size of job updated: 3602648
	3508  -  MemoryUsage of job (MB)
	3592096  -  ResidentSetSize of job (KB)
...
006 (17502480.002.000) 07/24 01:34:44 Image size of job updated: 5585024
	5439  -  MemoryUsage of job (MB)
	5568748  -  ResidentSetSize of job (KB)
...
006 (17502480.002.000) 07/24 01:39:45 Image size of job updated: 5693844
	5561  -  MemoryUsage of job (MB)
	5693844  -  ResidentSetSize of job (KB)
...
006 (17502480.002.000) 07/24 01:44:46 Image size of job updated: 5699536
	5561  -  MemoryUsage of job (MB)
	5693848  -  ResidentSetSize of job (KB)
...
006 (17502480.002.000) 07/24 01:49:46 Image size of job updated: 5706304
	5567  -  MemoryUsage of job (MB)
	5700076  -  ResidentSetSize of job (KB)
...
006 (17502480.002.000) 07/24 01:54:47 Image size of job updated: 5712512
	5567  -  MemoryUsage of job (MB)
	5700076  -  ResidentSetSize of job (KB)
...
006 (17502480.002.000) 07/24 01:59:47 Image size of job updated: 5719672
	5586  -  MemoryUsage of job (MB)
	5719672  -  ResidentSetSize of job (KB)
...
006 (17502480.002.000) 07/24 02:04:47 Image size of job updated: 5725784
	5592  -  MemoryUsage of job (MB)
	5725784  -  ResidentSetSize of job (KB)
...
006 (17502480.002.000) 07/24 02:09:48 Image size of job updated: 5731828
	5592  -  MemoryUsage of job (MB)
	5725796  -  ResidentSetSize of job (KB)
...
006 (17502480.002.000) 07/24 02:14:48 Image size of job updated: 5737976
	5592  -  MemoryUsage of job (MB)
	5725796  -  ResidentSetSize of job (KB)
...
006 (17502480.002.000) 07/24 02:19:48 Image size of job updated: 5744124
	5604  -  MemoryUsage of job (MB)
	5738320  -  ResidentSetSize of job (KB)
...
006 (17502480.002.000) 07/24 02:24:49 Image size of job updated: 5755324
	5621  -  MemoryUsage of job (MB)
	5755324  -  ResidentSetSize of job (KB)
...
006 (17502480.002.000) 07/24 02:29:49 Image size of job updated: 5772484
	5638  -  MemoryUsage of job (MB)
	5772484  -  ResidentSetSize of job (KB)
...
006 (17502480.002.000) 07/24 02:34:50 Image size of job updated: 5808996
	5638  -  MemoryUsage of job (MB)
	5772484  -  ResidentSetSize of job (KB)
...
006 (17502480.002.000) 07/24 02:49:52 Image size of job updated: 5808996
	5640  -  MemoryUsage of job (MB)
	5774540  -  ResidentSetSize of job (KB)
...
006 (17502480.002.000) 07/24 02:54:52 Image size of job updated: 5808996
	5662  -  MemoryUsage of job (MB)
	5797064  -  ResidentSetSize of job (KB)
...
006 (17502480.002.000) 07/24 03:04:53 Image size of job updated: 5814868
	5668  -  MemoryUsage of job (MB)
	5803548  -  ResidentSetSize of job (KB)
...
006 (17502480.002.000) 07/24 03:09:53 Image size of job updated: 5823292
	5687  -  MemoryUsage of job (MB)
	5823292  -  ResidentSetSize of job (KB)
...
006 (17502480.002.000) 07/24 03:14:53 Image size of job updated: 5832216
	5696  -  MemoryUsage of job (MB)
	5832216  -  ResidentSetSize of job (KB)
...
006 (17502480.002.000) 07/24 03:19:54 Image size of job updated: 5837880
	5696  -  MemoryUsage of job (MB)
	5832216  -  ResidentSetSize of job (KB)
...
006 (17502480.002.000) 07/24 03:24:54 Image size of job updated: 5846008
	5696  -  MemoryUsage of job (MB)
	5832216  -  ResidentSetSize of job (KB)
...
006 (17502480.002.000) 07/24 03:29:55 Image size of job updated: 5856572
	5720  -  MemoryUsage of job (MB)
	5856572  -  ResidentSetSize of job (KB)
...
006 (17502480.002.000) 07/24 03:34:56 Image size of job updated: 5863544
	5720  -  MemoryUsage of job (MB)
	5856592  -  ResidentSetSize of job (KB)
...
006 (17502480.002.000) 07/24 04:15:00 Image size of job updated: 5863544
	5720  -  MemoryUsage of job (MB)
	5857244  -  ResidentSetSize of job (KB)
...
006 (17502480.002.000) 07/24 04:20:00 Image size of job updated: 5865304
	5728  -  MemoryUsage of job (MB)
	5865304  -  ResidentSetSize of job (KB)
...
006 (17502480.002.000) 07/24 04:25:00 Image size of job updated: 5875412
	5728  -  MemoryUsage of job (MB)
	5865320  -  ResidentSetSize of job (KB)
...
006 (17502480.002.000) 07/24 04:30:01 Image size of job updated: 5886664
	5749  -  MemoryUsage of job (MB)
	5886664  -  ResidentSetSize of job (KB)
...
006 (17502480.002.000) 07/24 04:35:01 Image size of job updated: 5892516
	5749  -  MemoryUsage of job (MB)
	5886664  -  ResidentSetSize of job (KB)
...
006 (17502480.002.000) 07/24 05:10:05 Image size of job updated: 5895944
	5749  -  MemoryUsage of job (MB)
	5886664  -  ResidentSetSize of job (KB)
...
006 (17502480.002.000) 07/24 05:15:05 Image size of job updated: 5905916
	5752  -  MemoryUsage of job (MB)
	5889952  -  ResidentSetSize of job (KB)
...
006 (17502480.002.000) 07/24 05:20:06 Image size of job updated: 5912424
	5774  -  MemoryUsage of job (MB)
	5912424  -  ResidentSetSize of job (KB)
...
006 (17502480.002.000) 07/24 05:25:07 Image size of job updated: 5920536
	5782  -  MemoryUsage of job (MB)
	5920536  -  ResidentSetSize of job (KB)
...
006 (17502480.002.000) 07/24 05:30:07 Image size of job updated: 5926260
	5782  -  MemoryUsage of job (MB)
	5920556  -  ResidentSetSize of job (KB)
...
006 (17502480.002.000) 07/24 05:35:08 Image size of job updated: 5932560
	5782  -  MemoryUsage of job (MB)
	5920556  -  ResidentSetSize of job (KB)
...
006 (17502480.002.000) 07/24 05:40:08 Image size of job updated: 5933388
	5783  -  MemoryUsage of job (MB)
	5920820  -  ResidentSetSize of job (KB)
...
006 (17502480.002.000) 07/24 06:30:14 Image size of job updated: 5933388
	5791  -  MemoryUsage of job (MB)
	5929292  -  ResidentSetSize of job (KB)
...
006 (17502480.002.000) 07/24 06:35:14 Image size of job updated: 5935336
	5797  -  MemoryUsage of job (MB)
	5935336  -  ResidentSetSize of job (KB)
...
006 (17502480.002.000) 07/24 06:40:14 Image size of job updated: 6000876
	5797  -  MemoryUsage of job (MB)
	5935336  -  ResidentSetSize of job (KB)
...
006 (17502480.002.000) 07/24 07:35:19 Image size of job updated: 6000876
	5811  -  MemoryUsage of job (MB)
	5950356  -  ResidentSetSize of job (KB)
...
006 (17502480.002.000) 07/24 09:40:31 Image size of job updated: 6000876
	5817  -  MemoryUsage of job (MB)
	5956012  -  ResidentSetSize of job (KB)
...
006 (17502480.002.000) 07/24 09:45:32 Image size of job updated: 6000876
	5817  -  MemoryUsage of job (MB)
	5956028  -  ResidentSetSize of job (KB)
...
006 (17502480.002.000) 07/24 10:35:38 Image size of job updated: 6000876
	5821  -  MemoryUsage of job (MB)
	5959740  -  ResidentSetSize of job (KB)
...
006 (17502480.002.000) 07/24 11:40:44 Image size of job updated: 6000876
	5824  -  MemoryUsage of job (MB)
	5963632  -  ResidentSetSize of job (KB)
...
006 (17502480.002.000) 07/24 13:50:57 Image size of job updated: 6017836
	5824  -  MemoryUsage of job (MB)
	5963632  -  ResidentSetSize of job (KB)
...
006 (17502480.002.000) 07/24 17:51:20 Image size of job updated: 6017836
	5829  -  MemoryUsage of job (MB)
	5968884  -  ResidentSetSize of job (KB)
...
006 (17502480.002.000) 07/24 20:56:40 Image size of job updated: 6017836
	5831  -  MemoryUsage of job (MB)
	5970892  -  ResidentSetSize of job (KB)
...
006 (17502480.002.000) 07/24 21:01:40 Image size of job updated: 6017836
	5831  -  MemoryUsage of job (MB)
	5970904  -  ResidentSetSize of job (KB)
...
006 (17502480.002.000) 07/25 01:02:04 Image size of job updated: 6017836
	5832  -  MemoryUsage of job (MB)
	5971140  -  ResidentSetSize of job (KB)
...
006 (17502480.002.000) 07/25 04:02:22 Image size of job updated: 6017836
	5834  -  MemoryUsage of job (MB)
	5973572  -  ResidentSetSize of job (KB)
...
006 (17502480.002.000) 07/25 04:07:22 Image size of job updated: 6017836
	5835  -  MemoryUsage of job (MB)
	5974060  -  ResidentSetSize of job (KB)
...
006 (17502480.002.000) 07/25 05:02:28 Image size of job updated: 6017836
	5836  -  MemoryUsage of job (MB)
	5975236  -  ResidentSetSize of job (KB)
...
006 (17502480.002.000) 07/25 08:07:46 Image size of job updated: 6017836
	5837  -  MemoryUsage of job (MB)
	5976812  -  ResidentSetSize of job (KB)
...
006 (17502480.002.000) 07/25 08:12:46 Image size of job updated: 6017836
	5837  -  MemoryUsage of job (MB)
	5976820  -  ResidentSetSize of job (KB)
...
006 (17502480.002.000) 07/25 17:23:42 Image size of job updated: 6033020
	5837  -  MemoryUsage of job (MB)
	5976820  -  ResidentSetSize of job (KB)
...
006 (17502480.002.000) 07/25 21:24:05 Image size of job updated: 6033020
	5837  -  MemoryUsage of job (MB)
	5977068  -  ResidentSetSize of job (KB)
...
006 (17502480.002.000) 07/25 23:34:18 Image size of job updated: 6033020
	5838  -  MemoryUsage of job (MB)
	5977864  -  ResidentSetSize of job (KB)
...
006 (17502480.002.000) 07/26 01:34:29 Image size of job updated: 6033020
	5839  -  MemoryUsage of job (MB)
	5978460  -  ResidentSetSize of job (KB)
...
006 (17502480.002.000) 07/26 01:39:30 Image size of job updated: 6033020
	5845  -  MemoryUsage of job (MB)
	5984448  -  ResidentSetSize of job (KB)
...
006 (17502480.002.000) 07/26 01:44:31 Image size of job updated: 6033020
	5845  -  MemoryUsage of job (MB)
	5984464  -  ResidentSetSize of job (KB)
...
006 (17502480.002.000) 07/26 03:44:43 Image size of job updated: 6033020
	5847  -  MemoryUsage of job (MB)
	5986632  -  ResidentSetSize of job (KB)
...
006 (17502480.002.000) 07/26 03:54:44 Image size of job updated: 7122256
	6956  -  MemoryUsage of job (MB)
	7122256  -  ResidentSetSize of job (KB)
...
006 (17502480.002.000) 07/26 03:58:33 Image size of job updated: 7483764
	6959  -  MemoryUsage of job (MB)
	7125468  -  ResidentSetSize of job (KB)
...
040 (17502480.002.000) 07/26 03:58:33 Started transferring output files
...
040 (17502480.002.000) 07/26 03:58:33 Finished transferring output files
...
005 (17502480.002.000) 07/26 03:58:33 Job terminated.
	(1) Normal termination (return value 0)
		Usr 2 06:57:29, Sys 1 23:05:51  -  Run Remote Usage
		Usr 0 00:00:00, Sys 0 00:00:00  -  Run Local Usage
		Usr 2 06:57:29, Sys 1 23:05:51  -  Total Remote Usage
		Usr 0 00:00:00, Sys 0 00:00:00  -  Total Local Usage
	8735  -  Run Bytes Sent By Job
	191150  -  Run Bytes Received By Job
	8735  -  Total Bytes Sent By Job
	191150  -  Total Bytes Received By Job
	Partitionable Resources :      Usage  Request Allocated Assigned
	   Cpus                 :       2.43        8         8 
	   Disk (KB)            : 2480878     8388608   8915784 
	   GPUs                 :       0.93        1         1 "GPU-ba6c27ee"
	   GpusMemory (MB)      :    5561                       
	   Memory (MB)          :    6959       24000     24000 
	   TimeExecute (s)      :  185343                       
	   TimeSlotBusy (s)     :  185343                       
...
