[host] b9pgpun015.cern.ch
[args] train_point_transformer_track_classifier.py --detector eb --weight-h5 /eos/user/y/yeo/4l/weights/categories_pt50/AOD_eq0/category_weights.h5 --compact /eos/user/y/yeo/4l/compact_pt50/AOD_eb_eq0.h5 --output-dir /eos/user/y/yeo/4l/runs/v8/track_aod_eb_eq0 --track-types GenTrk --epochs 50 --no-early-stopping --num-workers 8 --batch-size 64 --lr 1e-4 --max-points 16 --embed-dim 128 --depth 4 --num-heads 4 --mlp-ratio 4.0 --dropout 0.1
[stage-in] /eos/user/y/yeo/4l/compact_pt50/AOD_eb_eq0.h5 -> /pool/condor/dir_1017874/AOD_eb_eq0.h5
[stage-in] /eos/user/y/yeo/4l/weights/categories_pt50/AOD_eq0/category_weights.h5 -> /pool/condor/dir_1017874/weight_category_weights.h5
[gpu] True 1
[detector] eb
[weight_h5] /pool/condor/dir_1017874/weight_category_weights.h5
[weight_key] EB_weight_split
[output] /pool/condor/dir_1017874/jobout
[device] cuda
[num_workers] requested=8 effective=8
[torch_sharing_strategy] file_system
[compact] /pool/condor/dir_1017874/AOD_eb_eq0.h5
[resume] no checkpoint on EOS; starting fresh

[weight sums before training]
train background=1.00000000 signal=1.00000000 total=2.00000000 | before_rebalance background=0.77085561 signal=0.79424146
val   background=0.99999999 signal=1.00000000 total=2.00000000 | before_rebalance background=0.08987481 signal=0.10225035
test  background=1.00000001 signal=1.00000000 total=2.00000000 | before_rebalance background=0.13926959 signal=0.10350819

[start training]

Epoch 001 | train_loss=0.426709 train_auc=0.8746 train_f1@0.5=0.8142 | val_loss=0.473344 val_auc=0.8638 val_f1@0.5=0.8179
Epoch 002 | train_loss=0.416251 train_auc=0.8822 train_f1@0.5=0.8220 | val_loss=0.524463 val_auc=0.8638 val_f1@0.5=0.8072
Epoch 003 | train_loss=0.449291 train_auc=0.8737 train_f1@0.5=0.8050 | val_loss=0.533223 val_auc=0.8573 val_f1@0.5=0.7981
Epoch 004 | train_loss=0.470904 train_auc=0.8672 train_f1@0.5=0.8024 | val_loss=0.542198 val_auc=0.8628 val_f1@0.5=0.8068
Epoch 005 | train_loss=0.466802 train_auc=0.8697 train_f1@0.5=0.7859 | val_loss=0.558205 val_auc=0.8627 val_f1@0.5=0.8086
Epoch 006 | train_loss=0.450418 train_auc=0.8745 train_f1@0.5=0.7912 | val_loss=0.535927 val_auc=0.8628 val_f1@0.5=0.8082
Epoch 007 | train_loss=0.447704 train_auc=0.8743 train_f1@0.5=0.8033 | val_loss=0.533095 val_auc=0.8663 val_f1@0.5=0.8089
Epoch 008 | train_loss=0.449386 train_auc=0.8759 train_f1@0.5=0.7872 | val_loss=0.483904 val_auc=0.8722 val_f1@0.5=0.8098
Epoch 009 | train_loss=0.469069 train_auc=0.8710 train_f1@0.5=0.7877 | val_loss=0.491580 val_auc=0.8733 val_f1@0.5=0.8086
Epoch 010 | train_loss=0.447818 train_auc=0.8764 train_f1@0.5=0.8030 | val_loss=0.532912 val_auc=0.8700 val_f1@0.5=0.8103
Epoch 011 | train_loss=0.467235 train_auc=0.8719 train_f1@0.5=0.7898 | val_loss=0.486932 val_auc=0.8796 val_f1@0.5=0.8122
Epoch 012 | train_loss=0.450152 train_auc=0.8764 train_f1@0.5=0.7907 | val_loss=0.509160 val_auc=0.8760 val_f1@0.5=0.8125
Epoch 013 | train_loss=0.450644 train_auc=0.8749 train_f1@0.5=0.7897 | val_loss=0.467087 val_auc=0.8868 val_f1@0.5=0.8083
Epoch 014 | train_loss=0.454484 train_auc=0.8755 train_f1@0.5=0.8043 | val_loss=0.476327 val_auc=0.8854 val_f1@0.5=0.8122
Epoch 015 | train_loss=0.432526 train_auc=0.8804 train_f1@0.5=0.7937 | val_loss=0.430065 val_auc=0.8886 val_f1@0.5=0.8143
Epoch 016 | train_loss=0.447414 train_auc=0.8782 train_f1@0.5=0.7912 | val_loss=0.440769 val_auc=0.8915 val_f1@0.5=0.8198
Epoch 017 | train_loss=0.456744 train_auc=0.8747 train_f1@0.5=0.7896 | val_loss=0.403557 val_auc=0.8964 val_f1@0.5=0.8143
Epoch 018 | train_loss=0.426887 train_auc=0.8819 train_f1@0.5=0.8048 | val_loss=0.424910 val_auc=0.8963 val_f1@0.5=0.8153
Epoch 019 | train_loss=0.442027 train_auc=0.8786 train_f1@0.5=0.8078 | val_loss=0.414184 val_auc=0.8943 val_f1@0.5=0.8269
Epoch 020 | train_loss=0.458014 train_auc=0.8755 train_f1@0.5=0.7935 | val_loss=0.409854 val_auc=0.8959 val_f1@0.5=0.8097
Epoch 021 | train_loss=0.432260 train_auc=0.8826 train_f1@0.5=0.7955 | val_loss=0.408285 val_auc=0.8973 val_f1@0.5=0.8119
Epoch 022 | train_loss=0.422668 train_auc=0.8842 train_f1@0.5=0.8077 | val_loss=0.406236 val_auc=0.8977 val_f1@0.5=0.8109
Epoch 023 | train_loss=0.433268 train_auc=0.8833 train_f1@0.5=0.8089 | val_loss=0.424820 val_auc=0.8976 val_f1@0.5=0.8101
Epoch 024 | train_loss=0.444689 train_auc=0.8817 train_f1@0.5=0.7950 | val_loss=0.387740 val_auc=0.8979 val_f1@0.5=0.8252
Epoch 025 | train_loss=0.421832 train_auc=0.8849 train_f1@0.5=0.7963 | val_loss=0.394877 val_auc=0.8992 val_f1@0.5=0.8290
Epoch 026 | train_loss=0.436130 train_auc=0.8824 train_f1@0.5=0.7992 | val_loss=0.390028 val_auc=0.8984 val_f1@0.5=0.8226
Epoch 027 | train_loss=0.432774 train_auc=0.8829 train_f1@0.5=0.8110 | val_loss=0.415495 val_auc=0.8981 val_f1@0.5=0.8149
Epoch 028 | train_loss=0.444291 train_auc=0.8806 train_f1@0.5=0.7923 | val_loss=0.393102 val_auc=0.8989 val_f1@0.5=0.8266
Epoch 029 | train_loss=0.428545 train_auc=0.8836 train_f1@0.5=0.8112 | val_loss=0.409946 val_auc=0.8992 val_f1@0.5=0.8123
Epoch 030 | train_loss=0.436294 train_auc=0.8830 train_f1@0.5=0.8130 | val_loss=0.402394 val_auc=0.8990 val_f1@0.5=0.8137
Epoch 031 | train_loss=0.432200 train_auc=0.8831 train_f1@0.5=0.7975 | val_loss=0.391118 val_auc=0.9001 val_f1@0.5=0.8268
Epoch 032 | train_loss=0.432538 train_auc=0.8841 train_f1@0.5=0.8142 | val_loss=0.389557 val_auc=0.9000 val_f1@0.5=0.8278
Epoch 033 | train_loss=0.430895 train_auc=0.8847 train_f1@0.5=0.7985 | val_loss=0.416444 val_auc=0.8988 val_f1@0.5=0.8253
Epoch 034 | train_loss=0.443551 train_auc=0.8823 train_f1@0.5=0.7965 | val_loss=0.393567 val_auc=0.9001 val_f1@0.5=0.8302
Epoch 035 | train_loss=0.442728 train_auc=0.8826 train_f1@0.5=0.7970 | val_loss=0.391865 val_auc=0.9015 val_f1@0.5=0.8285
Epoch 036 | train_loss=0.428640 train_auc=0.8854 train_f1@0.5=0.8161 | val_loss=0.398561 val_auc=0.9008 val_f1@0.5=0.8253
Epoch 037 | train_loss=0.437832 train_auc=0.8837 train_f1@0.5=0.8007 | val_loss=0.404096 val_auc=0.9002 val_f1@0.5=0.8286
Epoch 038 | train_loss=0.426317 train_auc=0.8850 train_f1@0.5=0.8118 | val_loss=0.402171 val_auc=0.9001 val_f1@0.5=0.8268
Epoch 039 | train_loss=0.442971 train_auc=0.8827 train_f1@0.5=0.7955 | val_loss=0.400688 val_auc=0.9000 val_f1@0.5=0.8273
Epoch 040 | train_loss=0.441597 train_auc=0.8830 train_f1@0.5=0.7954 | val_loss=0.399104 val_auc=0.9004 val_f1@0.5=0.8275
Epoch 041 | train_loss=0.434880 train_auc=0.8844 train_f1@0.5=0.7956 | val_loss=0.405357 val_auc=0.9006 val_f1@0.5=0.8269
Epoch 042 | train_loss=0.430303 train_auc=0.8856 train_f1@0.5=0.8166 | val_loss=0.400725 val_auc=0.9001 val_f1@0.5=0.8269
Epoch 043 | train_loss=0.429954 train_auc=0.8857 train_f1@0.5=0.8149 | val_loss=0.400939 val_auc=0.9002 val_f1@0.5=0.8267
Epoch 044 | train_loss=0.428205 train_auc=0.8851 train_f1@0.5=0.8148 | val_loss=0.400714 val_auc=0.9002 val_f1@0.5=0.8275
Epoch 045 | train_loss=0.424873 train_auc=0.8861 train_f1@0.5=0.8146 | val_loss=0.400199 val_auc=0.9003 val_f1@0.5=0.8277
Epoch 046 | train_loss=0.427324 train_auc=0.8861 train_f1@0.5=0.7988 | val_loss=0.397156 val_auc=0.9003 val_f1@0.5=0.8305
Epoch 047 | train_loss=0.429119 train_auc=0.8851 train_f1@0.5=0.8174 | val_loss=0.399807 val_auc=0.9006 val_f1@0.5=0.8275
Epoch 048 | train_loss=0.442394 train_auc=0.8835 train_f1@0.5=0.8136 | val_loss=0.399041 val_auc=0.9003 val_f1@0.5=0.8290
Epoch 049 | train_loss=0.433555 train_auc=0.8847 train_f1@0.5=0.7967 | val_loss=0.398679 val_auc=0.9003 val_f1@0.5=0.8285
Epoch 050 | train_loss=0.444043 train_auc=0.8822 train_f1@0.5=0.7957 | val_loss=0.399272 val_auc=0.9004 val_f1@0.5=0.8293

[test summary]
  threshold = 0.720000
  test_auc  = 0.870297
  test_f1   = 0.711482
[stage-out] /pool/condor/dir_1017874/jobout -> root://eosuser.cern.ch//eos/user/y/yeo/4l/runs/v8/track_aod_eb_eq0
[stage-out] done
