000 (17502480.011.000) 07/23 21:46:07 Job submitted from host: <188.185.114.121:9618?addrs=188.185.114.121-9618+[2001-1458-d00-a--100-273]-9618&alias=bigbird19.cern.ch&noUDP&sock=schedd_5810_c156>
...
040 (17502480.011.000) 07/24 02:08:45 Started transferring input files
	Transferring to host: <188.185.92.239:9618?addrs=188.185.92.239-9618+[2001-1458-d00-6c--100-17f]-9618&alias=b9g57n0920.cern.ch&noUDP&sock=slot1_1_23007_4341_2539>
...
040 (17502480.011.000) 07/24 02:08:45 Finished transferring input files
...
001 (17502480.011.000) 07/24 02:08:45 Job executing on host: <188.185.92.239:9618?addrs=188.185.92.239-9618+[2001-1458-d00-6c--100-17f]-9618&alias=b9g57n0920.cern.ch&noUDP&sock=startd_22463_53fd>
	SlotName: slot1_1@b9g57n0920.cern.ch
	AvailableGPUs = { GPUs_GPU_8d43ad94 }
	CondorScratchDir = "/pool/condor/dir_1127538"
	Cpus = 8
	Disk = 8389586
	GPUs = 1
	GPUs_GPU_8d43ad94 = [ Id = "GPU-8d43ad94"; ClockMhz = 1410.0; Capability = 8.0; CoresPerCU = 64; DeviceName = "NVIDIA A100-PCIE-40GB"; DeviceUuid = "8d43ad94-828d-2bc1-1e6a-26c0665e1e4d"; ECCEnabled = true; ComputeUnits = 108; NvidiaDriver = "610.43.02"; DriverVersion = 13.3; DevicePciBusId = "0000:06:00.0"; GlobalMemoryMb = 40465; MaxSupportedVersion = 13030 ]
	Memory = 24000
...
006 (17502480.011.000) 07/24 02:08:53 Image size of job updated: 69996
	69  -  MemoryUsage of job (MB)
	69996  -  ResidentSetSize of job (KB)
...
006 (17502480.011.000) 07/24 02:13:53 Image size of job updated: 2471700
	2414  -  MemoryUsage of job (MB)
	2471700  -  ResidentSetSize of job (KB)
...
006 (17502480.011.000) 07/24 02:18:54 Image size of job updated: 2660552
	2586  -  MemoryUsage of job (MB)
	2647124  -  ResidentSetSize of job (KB)
...
006 (17502480.011.000) 07/24 02:23:54 Image size of job updated: 2756012
	2677  -  MemoryUsage of job (MB)
	2740272  -  ResidentSetSize of job (KB)
...
006 (17502480.011.000) 07/24 02:28:55 Image size of job updated: 2838344
	2759  -  MemoryUsage of job (MB)
	2825212  -  ResidentSetSize of job (KB)
...
006 (17502480.011.000) 07/24 02:33:56 Image size of job updated: 2947956
	2879  -  MemoryUsage of job (MB)
	2947956  -  ResidentSetSize of job (KB)
...
006 (17502480.011.000) 07/24 02:38:56 Image size of job updated: 3051732
	2966  -  MemoryUsage of job (MB)
	3036256  -  ResidentSetSize of job (KB)
...
006 (17502480.011.000) 07/24 02:43:57 Image size of job updated: 3151720
	3078  -  MemoryUsage of job (MB)
	3151720  -  ResidentSetSize of job (KB)
...
006 (17502480.011.000) 07/24 02:48:57 Image size of job updated: 3244636
	3155  -  MemoryUsage of job (MB)
	3230356  -  ResidentSetSize of job (KB)
...
006 (17502480.011.000) 07/24 02:53:57 Image size of job updated: 3340884
	3248  -  MemoryUsage of job (MB)
	3325444  -  ResidentSetSize of job (KB)
...
006 (17502480.011.000) 07/24 02:58:58 Image size of job updated: 3468816
	3373  -  MemoryUsage of job (MB)
	3453328  -  ResidentSetSize of job (KB)
...
006 (17502480.011.000) 07/24 03:03:58 Image size of job updated: 3564116
	3467  -  MemoryUsage of job (MB)
	3549568  -  ResidentSetSize of job (KB)
...
006 (17502480.011.000) 07/24 03:08:59 Image size of job updated: 5210544
	5061  -  MemoryUsage of job (MB)
	5182072  -  ResidentSetSize of job (KB)
...
006 (17502480.011.000) 07/24 03:14:00 Image size of job updated: 5744692
	5595  -  MemoryUsage of job (MB)
	5728436  -  ResidentSetSize of job (KB)
...
006 (17502480.011.000) 07/24 03:19:00 Image size of job updated: 5752032
	5603  -  MemoryUsage of job (MB)
	5736480  -  ResidentSetSize of job (KB)
...
006 (17502480.011.000) 07/24 03:24:02 Image size of job updated: 5761460
	5627  -  MemoryUsage of job (MB)
	5761460  -  ResidentSetSize of job (KB)
...
006 (17502480.011.000) 07/24 03:29:02 Image size of job updated: 5772356
	5627  -  MemoryUsage of job (MB)
	5761460  -  ResidentSetSize of job (KB)
...
006 (17502480.011.000) 07/24 03:34:02 Image size of job updated: 5781132
	5630  -  MemoryUsage of job (MB)
	5764788  -  ResidentSetSize of job (KB)
...
006 (17502480.011.000) 07/24 03:39:03 Image size of job updated: 5789392
	5638  -  MemoryUsage of job (MB)
	5773228  -  ResidentSetSize of job (KB)
...
006 (17502480.011.000) 07/24 03:44:03 Image size of job updated: 5811672
	5661  -  MemoryUsage of job (MB)
	5795948  -  ResidentSetSize of job (KB)
...
006 (17502480.011.000) 07/24 03:49:03 Image size of job updated: 5811672
	5669  -  MemoryUsage of job (MB)
	5804308  -  ResidentSetSize of job (KB)
...
006 (17502480.011.000) 07/24 03:54:04 Image size of job updated: 5817256
	5669  -  MemoryUsage of job (MB)
	5804308  -  ResidentSetSize of job (KB)
...
006 (17502480.011.000) 07/24 03:59:04 Image size of job updated: 5826448
	5688  -  MemoryUsage of job (MB)
	5824004  -  ResidentSetSize of job (KB)
...
006 (17502480.011.000) 07/24 04:04:05 Image size of job updated: 5846180
	5694  -  MemoryUsage of job (MB)
	5829880  -  ResidentSetSize of job (KB)
...
006 (17502480.011.000) 07/24 04:09:05 Image size of job updated: 5857764
	5694  -  MemoryUsage of job (MB)
	5829880  -  ResidentSetSize of job (KB)
...
006 (17502480.011.000) 07/24 04:14:05 Image size of job updated: 5944080
	5726  -  MemoryUsage of job (MB)
	5862852  -  ResidentSetSize of job (KB)
...
006 (17502480.011.000) 07/24 04:19:06 Image size of job updated: 5944080
	5734  -  MemoryUsage of job (MB)
	5871140  -  ResidentSetSize of job (KB)
...
006 (17502480.011.000) 07/24 04:24:06 Image size of job updated: 5944080
	5734  -  MemoryUsage of job (MB)
	5871148  -  ResidentSetSize of job (KB)
...
006 (17502480.011.000) 07/24 04:34:08 Image size of job updated: 5944080
	5740  -  MemoryUsage of job (MB)
	5877412  -  ResidentSetSize of job (KB)
...
006 (17502480.011.000) 07/24 04:39:08 Image size of job updated: 5944080
	5752  -  MemoryUsage of job (MB)
	5889928  -  ResidentSetSize of job (KB)
...
006 (17502480.011.000) 07/24 04:44:09 Image size of job updated: 5944080
	5774  -  MemoryUsage of job (MB)
	5912560  -  ResidentSetSize of job (KB)
...
006 (17502480.011.000) 07/24 04:54:10 Image size of job updated: 5944080
	5775  -  MemoryUsage of job (MB)
	5912664  -  ResidentSetSize of job (KB)
...
006 (17502480.011.000) 07/24 04:59:11 Image size of job updated: 5944080
	5785  -  MemoryUsage of job (MB)
	5922988  -  ResidentSetSize of job (KB)
...
006 (17502480.011.000) 07/24 05:04:11 Image size of job updated: 5947956
	5794  -  MemoryUsage of job (MB)
	5932424  -  ResidentSetSize of job (KB)
...
006 (17502480.011.000) 07/24 05:09:11 Image size of job updated: 5953056
	5794  -  MemoryUsage of job (MB)
	5932424  -  ResidentSetSize of job (KB)
...
006 (17502480.011.000) 07/24 05:49:16 Image size of job updated: 5954256
	5815  -  MemoryUsage of job (MB)
	5954256  -  ResidentSetSize of job (KB)
...
006 (17502480.011.000) 07/24 05:54:17 Image size of job updated: 5959928
	5815  -  MemoryUsage of job (MB)
	5954280  -  ResidentSetSize of job (KB)
...
006 (17502480.011.000) 07/24 05:59:17 Image size of job updated: 5968504
	5815  -  MemoryUsage of job (MB)
	5954280  -  ResidentSetSize of job (KB)
...
006 (17502480.011.000) 07/24 06:04:18 Image size of job updated: 5989956
	5828  -  MemoryUsage of job (MB)
	5966948  -  ResidentSetSize of job (KB)
...
006 (17502480.011.000) 07/24 06:49:23 Image size of job updated: 5989956
	5839  -  MemoryUsage of job (MB)
	5978284  -  ResidentSetSize of job (KB)
...
006 (17502480.011.000) 07/24 06:54:23 Image size of job updated: 5989956
	5839  -  MemoryUsage of job (MB)
	5978304  -  ResidentSetSize of job (KB)
...
006 (17502480.011.000) 07/24 06:59:24 Image size of job updated: 6012672
	5857  -  MemoryUsage of job (MB)
	5996928  -  ResidentSetSize of job (KB)
...
006 (17502480.011.000) 07/24 07:04:25 Image size of job updated: 6019256
	5863  -  MemoryUsage of job (MB)
	6003176  -  ResidentSetSize of job (KB)
...
006 (17502480.011.000) 07/24 07:09:25 Image size of job updated: 6023488
	5863  -  MemoryUsage of job (MB)
	6003176  -  ResidentSetSize of job (KB)
...
006 (17502480.011.000) 07/24 07:59:30 Image size of job updated: 6023488
	5874  -  MemoryUsage of job (MB)
	6014240  -  ResidentSetSize of job (KB)
...
006 (17502480.011.000) 07/24 08:09:32 Image size of job updated: 6023780
	5880  -  MemoryUsage of job (MB)
	6020480  -  ResidentSetSize of job (KB)
...
006 (17502480.011.000) 07/24 09:04:36 Image size of job updated: 6026764
	5880  -  MemoryUsage of job (MB)
	6020480  -  ResidentSetSize of job (KB)
...
006 (17502480.011.000) 07/24 09:09:37 Image size of job updated: 6030216
	5880  -  MemoryUsage of job (MB)
	6020480  -  ResidentSetSize of job (KB)
...
006 (17502480.011.000) 07/24 12:04:56 Image size of job updated: 6030216
	5884  -  MemoryUsage of job (MB)
	6024516  -  ResidentSetSize of job (KB)
...
006 (17502480.011.000) 07/24 12:09:56 Image size of job updated: 6048872
	5884  -  MemoryUsage of job (MB)
	6024516  -  ResidentSetSize of job (KB)
...
006 (17502480.011.000) 07/24 13:10:03 Image size of job updated: 6073880
	5884  -  MemoryUsage of job (MB)
	6024516  -  ResidentSetSize of job (KB)
...
006 (17502480.011.000) 07/24 19:05:38 Image size of job updated: 6073880
	5887  -  MemoryUsage of job (MB)
	6027752  -  ResidentSetSize of job (KB)
...
006 (17502480.011.000) 07/24 19:55:43 Image size of job updated: 6073880
	5889  -  MemoryUsage of job (MB)
	6029372  -  ResidentSetSize of job (KB)
...
006 (17502480.011.000) 07/24 20:55:49 Image size of job updated: 6073880
	5894  -  MemoryUsage of job (MB)
	6035060  -  ResidentSetSize of job (KB)
...
006 (17502480.011.000) 07/24 22:56:02 Image size of job updated: 6073880
	5896  -  MemoryUsage of job (MB)
	6036564  -  ResidentSetSize of job (KB)
...
006 (17502480.011.000) 07/24 23:56:06 Image size of job updated: 6073880
	5896  -  MemoryUsage of job (MB)
	6037272  -  ResidentSetSize of job (KB)
...
006 (17502480.011.000) 07/25 00:01:06 Image size of job updated: 6073880
	5896  -  MemoryUsage of job (MB)
	6037300  -  ResidentSetSize of job (KB)
...
006 (17502480.011.000) 07/25 02:01:19 Image size of job updated: 6073880
	5908  -  MemoryUsage of job (MB)
	6048960  -  ResidentSetSize of job (KB)
...
006 (17502480.011.000) 07/25 03:01:23 Image size of job updated: 6073880
	5909  -  MemoryUsage of job (MB)
	6049892  -  ResidentSetSize of job (KB)
...
006 (17502480.011.000) 07/25 04:06:30 Image size of job updated: 6096144
	5909  -  MemoryUsage of job (MB)
	6049892  -  ResidentSetSize of job (KB)
...
006 (17502480.011.000) 07/25 10:52:10 Image size of job updated: 6096144
	5909  -  MemoryUsage of job (MB)
	6050288  -  ResidentSetSize of job (KB)
...
006 (17502480.011.000) 07/25 12:52:20 Image size of job updated: 6096144
	5912  -  MemoryUsage of job (MB)
	6053388  -  ResidentSetSize of job (KB)
...
006 (17502480.011.000) 07/25 13:52:26 Image size of job updated: 6096144
	5912  -  MemoryUsage of job (MB)
	6053536  -  ResidentSetSize of job (KB)
...
006 (17502480.011.000) 07/25 13:57:26 Image size of job updated: 6096144
	5912  -  MemoryUsage of job (MB)
	6053552  -  ResidentSetSize of job (KB)
...
006 (17502480.011.000) 07/25 14:57:32 Image size of job updated: 6096144
	5913  -  MemoryUsage of job (MB)
	6054284  -  ResidentSetSize of job (KB)
...
006 (17502480.011.000) 07/25 22:48:20 Image size of job updated: 6096144
	5913  -  MemoryUsage of job (MB)
	6054560  -  ResidentSetSize of job (KB)
...
006 (17502480.011.000) 07/26 01:48:38 Image size of job updated: 6096144
	5915  -  MemoryUsage of job (MB)
	6056060  -  ResidentSetSize of job (KB)
...
006 (17502480.011.000) 07/26 01:53:39 Image size of job updated: 6096144
	5915  -  MemoryUsage of job (MB)
	6056080  -  ResidentSetSize of job (KB)
...
006 (17502480.011.000) 07/26 03:53:48 Image size of job updated: 7286332
	7116  -  MemoryUsage of job (MB)
	7286332  -  ResidentSetSize of job (KB)
...
006 (17502480.011.000) 07/26 03:57:13 Image size of job updated: 7510744
	7116  -  MemoryUsage of job (MB)
	7286396  -  ResidentSetSize of job (KB)
...
040 (17502480.011.000) 07/26 03:57:13 Started transferring output files
...
040 (17502480.011.000) 07/26 03:57:13 Finished transferring output files
...
005 (17502480.011.000) 07/26 03:57:13 Job terminated.
	(1) Normal termination (return value 0)
		Usr 2 01:44:22, Sys 1 23:23:06  -  Run Remote Usage
		Usr 0 00:00:00, Sys 0 00:00:00  -  Run Local Usage
		Usr 2 01:44:22, Sys 1 23:23:06  -  Total Remote Usage
		Usr 0 00:00:00, Sys 0 00:00:00  -  Total Local Usage
	8766  -  Run Bytes Sent By Job
	191150  -  Run Bytes Received By Job
	8766  -  Total Bytes Sent By Job
	191150  -  Total Bytes Received By Job
	Partitionable Resources :      Usage  Request Allocated Assigned
	   Cpus                 :       3.62        8         8 
	   Disk (KB)            : 1956732     8388608   8389586 
	   GPUs                 :       0.95        1         1 "GPU-8d43ad94"
	   GpusMemory (MB)      :    5497                       
	   Memory (MB)          :    7116       24000     24000 
	   TimeExecute (s)      :  179308                       
	   TimeSlotBusy (s)     :  179309                       
...
