[host] b9pgpun001.cern.ch
[args] train_resnet_image_classifier.py --detector ee --weight-h5 /eos/user/y/yeo/4l/weights/categories_pt50/AOD_eq0/category_weights.h5 --compact /eos/user/y/yeo/4l/compact_pt50/AOD_ee_eq0.h5 --output-dir /eos/user/y/yeo/4l/runs/v8/image_aod_ee_es_eq0 --track-types GenTrk --model resnet50 --no-track-channels --epochs 50 --no-early-stopping --num-workers 8 --batch-size 16 --lr 1e-4
[stage-in] /eos/user/y/yeo/4l/compact_pt50/AOD_ee_eq0.h5 -> /pool/condor/dir_3595406/AOD_ee_eq0.h5
[stage-in] /eos/user/y/yeo/4l/weights/categories_pt50/AOD_eq0/category_weights.h5 -> /pool/condor/dir_3595406/weight_category_weights.h5
[gpu] True 1
[detector] ee
[weight_h5] /pool/condor/dir_3595406/weight_category_weights.h5
[weight_key] EE_weight_split
[output] /pool/condor/dir_3595406/jobout
[device] cuda
[num_workers] requested=8 effective=8
[torch_sharing_strategy] file_system
[compact] /pool/condor/dir_3595406/AOD_ee_eq0.h5
[resume] no checkpoint on EOS; starting fresh

[weight sums before training]
train background=1.00000001 signal=1.00000000 total=2.00000001 | before_rebalance background=0.83347964 signal=0.80437414
val   background=1.00000000 signal=1.00000000 total=2.00000000 | before_rebalance background=0.08207113 signal=0.09763972
test  background=1.00000000 signal=1.00000000 total=2.00000000 | before_rebalance background=0.08444923 signal=0.09798614

[start training]

Epoch 001 | train_loss=0.735978 train_auc=0.7281 train_f1@0.5=0.6437 | val_loss=0.720190 val_auc=0.7615 val_f1@0.5=0.6836
Epoch 002 | train_loss=0.724915 train_auc=0.7465 train_f1@0.5=0.6707 | val_loss=0.658338 val_auc=0.7761 val_f1@0.5=0.6725
Epoch 003 | train_loss=0.710799 train_auc=0.7546 train_f1@0.5=0.6933 | val_loss=0.638084 val_auc=0.7928 val_f1@0.5=0.6824
Epoch 004 | train_loss=0.700896 train_auc=0.7675 train_f1@0.5=0.6915 | val_loss=0.631998 val_auc=0.7817 val_f1@0.5=0.6936
Epoch 005 | train_loss=0.700420 train_auc=0.7663 train_f1@0.5=0.6949 | val_loss=0.629972 val_auc=0.7971 val_f1@0.5=0.7038
Epoch 006 | train_loss=0.693110 train_auc=0.7680 train_f1@0.5=0.7043 | val_loss=0.666645 val_auc=0.7846 val_f1@0.5=0.7000
Epoch 007 | train_loss=0.698364 train_auc=0.7722 train_f1@0.5=0.7007 | val_loss=0.590723 val_auc=0.8026 val_f1@0.5=0.7164
Epoch 008 | train_loss=0.688280 train_auc=0.7715 train_f1@0.5=0.6997 | val_loss=0.607432 val_auc=0.7990 val_f1@0.5=0.7153
Epoch 009 | train_loss=0.692289 train_auc=0.7760 train_f1@0.5=0.7063 | val_loss=0.650318 val_auc=0.8069 val_f1@0.5=0.7075
Epoch 010 | train_loss=0.699839 train_auc=0.7764 train_f1@0.5=0.7185 | val_loss=0.617965 val_auc=0.8099 val_f1@0.5=0.6912
Epoch 011 | train_loss=0.696152 train_auc=0.7797 train_f1@0.5=0.7169 | val_loss=0.630790 val_auc=0.7983 val_f1@0.5=0.7182
Epoch 012 | train_loss=0.721467 train_auc=0.7686 train_f1@0.5=0.7167 | val_loss=0.594660 val_auc=0.8126 val_f1@0.5=0.7061
Epoch 013 | train_loss=0.703054 train_auc=0.7772 train_f1@0.5=0.7164 | val_loss=0.630473 val_auc=0.8090 val_f1@0.5=0.7100
Epoch 014 | train_loss=0.681644 train_auc=0.7854 train_f1@0.5=0.7236 | val_loss=0.568947 val_auc=0.8155 val_f1@0.5=0.7107
Epoch 015 | train_loss=0.684593 train_auc=0.7873 train_f1@0.5=0.7273 | val_loss=0.615886 val_auc=0.8154 val_f1@0.5=0.6995
Epoch 016 | train_loss=0.708042 train_auc=0.7772 train_f1@0.5=0.6975 | val_loss=0.562383 val_auc=0.8190 val_f1@0.5=0.7329
Epoch 017 | train_loss=0.667462 train_auc=0.7958 train_f1@0.5=0.7320 | val_loss=0.566693 val_auc=0.8191 val_f1@0.5=0.7393
Epoch 018 | train_loss=0.657329 train_auc=0.7982 train_f1@0.5=0.7323 | val_loss=0.529819 val_auc=0.8220 val_f1@0.5=0.7348
Epoch 019 | train_loss=0.669352 train_auc=0.8020 train_f1@0.5=0.7341 | val_loss=0.632703 val_auc=0.8070 val_f1@0.5=0.7194
Epoch 020 | train_loss=0.631400 train_auc=0.8075 train_f1@0.5=0.7330 | val_loss=0.549033 val_auc=0.8257 val_f1@0.5=0.7279
Epoch 021 | train_loss=0.661618 train_auc=0.8074 train_f1@0.5=0.7389 | val_loss=0.607012 val_auc=0.8130 val_f1@0.5=0.7181
Epoch 022 | train_loss=0.702587 train_auc=0.7916 train_f1@0.5=0.7139 | val_loss=0.552934 val_auc=0.8306 val_f1@0.5=0.7587
Epoch 023 | train_loss=0.667991 train_auc=0.8034 train_f1@0.5=0.7454 | val_loss=0.603987 val_auc=0.8182 val_f1@0.5=0.7376
Epoch 024 | train_loss=0.667791 train_auc=0.8078 train_f1@0.5=0.7395 | val_loss=0.684824 val_auc=0.8070 val_f1@0.5=0.7266
Epoch 025 | train_loss=0.640311 train_auc=0.8148 train_f1@0.5=0.7474 | val_loss=0.629414 val_auc=0.8100 val_f1@0.5=0.7259
Epoch 026 | train_loss=0.601025 train_auc=0.8338 train_f1@0.5=0.7576 | val_loss=0.597932 val_auc=0.8289 val_f1@0.5=0.7345
Epoch 027 | train_loss=0.590172 train_auc=0.8411 train_f1@0.5=0.7819 | val_loss=0.611214 val_auc=0.8209 val_f1@0.5=0.7459
Epoch 028 | train_loss=0.594267 train_auc=0.8460 train_f1@0.5=0.7793 | val_loss=0.648329 val_auc=0.8315 val_f1@0.5=0.7086
Epoch 029 | train_loss=0.564953 train_auc=0.8556 train_f1@0.5=0.7843 | val_loss=0.605258 val_auc=0.8261 val_f1@0.5=0.7604
Epoch 030 | train_loss=0.562314 train_auc=0.8606 train_f1@0.5=0.7860 | val_loss=0.651711 val_auc=0.8211 val_f1@0.5=0.7259
Epoch 031 | train_loss=0.561620 train_auc=0.8645 train_f1@0.5=0.7961 | val_loss=0.650122 val_auc=0.8234 val_f1@0.5=0.7330
Epoch 032 | train_loss=0.498969 train_auc=0.8850 train_f1@0.5=0.8293 | val_loss=0.678727 val_auc=0.8172 val_f1@0.5=0.7340
Epoch 033 | train_loss=0.473333 train_auc=0.8912 train_f1@0.5=0.8278 | val_loss=0.684332 val_auc=0.8134 val_f1@0.5=0.7387
Epoch 034 | train_loss=0.449154 train_auc=0.8994 train_f1@0.5=0.8413 | val_loss=0.722370 val_auc=0.8186 val_f1@0.5=0.7422
Epoch 035 | train_loss=0.443927 train_auc=0.9035 train_f1@0.5=0.8512 | val_loss=0.742201 val_auc=0.8169 val_f1@0.5=0.7241
Epoch 036 | train_loss=0.432826 train_auc=0.9078 train_f1@0.5=0.8624 | val_loss=0.764494 val_auc=0.8111 val_f1@0.5=0.7366
Epoch 037 | train_loss=0.426855 train_auc=0.9103 train_f1@0.5=0.8661 | val_loss=0.766958 val_auc=0.8151 val_f1@0.5=0.7432
Epoch 038 | train_loss=0.390999 train_auc=0.9184 train_f1@0.5=0.8684 | val_loss=0.804342 val_auc=0.8115 val_f1@0.5=0.7338
Epoch 039 | train_loss=0.403595 train_auc=0.9181 train_f1@0.5=0.8715 | val_loss=0.773834 val_auc=0.8132 val_f1@0.5=0.7393
Epoch 040 | train_loss=0.395491 train_auc=0.9204 train_f1@0.5=0.8745 | val_loss=0.817910 val_auc=0.8132 val_f1@0.5=0.7375
Epoch 041 | train_loss=0.366488 train_auc=0.9261 train_f1@0.5=0.8776 | val_loss=0.808574 val_auc=0.8145 val_f1@0.5=0.7377
Epoch 042 | train_loss=0.379444 train_auc=0.9250 train_f1@0.5=0.8829 | val_loss=0.848798 val_auc=0.8126 val_f1@0.5=0.7331
Epoch 043 | train_loss=0.358847 train_auc=0.9281 train_f1@0.5=0.8813 | val_loss=0.838971 val_auc=0.8143 val_f1@0.5=0.7341
Epoch 044 | train_loss=0.382018 train_auc=0.9253 train_f1@0.5=0.8821 | val_loss=0.821149 val_auc=0.8101 val_f1@0.5=0.7385
Epoch 045 | train_loss=0.385984 train_auc=0.9236 train_f1@0.5=0.8848 | val_loss=0.817337 val_auc=0.8115 val_f1@0.5=0.7375
Epoch 046 | train_loss=0.373910 train_auc=0.9261 train_f1@0.5=0.8868 | val_loss=0.819885 val_auc=0.8117 val_f1@0.5=0.7311
Epoch 047 | train_loss=0.354462 train_auc=0.9309 train_f1@0.5=0.8838 | val_loss=0.839200 val_auc=0.8105 val_f1@0.5=0.7322
Epoch 048 | train_loss=0.356328 train_auc=0.9305 train_f1@0.5=0.8871 | val_loss=0.834921 val_auc=0.8115 val_f1@0.5=0.7356
Epoch 049 | train_loss=0.344957 train_auc=0.9324 train_f1@0.5=0.8869 | val_loss=0.853759 val_auc=0.8138 val_f1@0.5=0.7280
Epoch 050 | train_loss=0.370089 train_auc=0.9270 train_f1@0.5=0.8853 | val_loss=0.874589 val_auc=0.8106 val_f1@0.5=0.7201

[test summary]
  threshold = 0.198000
  test_auc  = 0.805989
  test_f1   = 0.757528
[stage-out] /pool/condor/dir_3595406/jobout -> root://eosuser.cern.ch//eos/user/y/yeo/4l/runs/v8/image_aod_ee_es_eq0
[stage-out] done
