[host] b9pgpun002.cern.ch
[args] train_point_transformer_track_classifier.py --detector eb --weight-h5 /eos/user/y/yeo/4l/weights/categories_pt50/MiniAOD_eq1/category_weights.h5 --compact /eos/user/y/yeo/4l/compact_pt50/MiniAOD_eb_eq1.h5 --output-dir /eos/user/y/yeo/4l/runs/v8/track_mini_eb_eq1 --track-types Lost,PF,GSF --epochs 50 --no-early-stopping --num-workers 8 --batch-size 64 --lr 1e-4 --max-points 16 --embed-dim 128 --depth 4 --num-heads 4 --mlp-ratio 4.0 --dropout 0.1
[stage-in] /eos/user/y/yeo/4l/compact_pt50/MiniAOD_eb_eq1.h5 -> /pool/condor/dir_2407004/MiniAOD_eb_eq1.h5
[stage-in] /eos/user/y/yeo/4l/weights/categories_pt50/MiniAOD_eq1/category_weights.h5 -> /pool/condor/dir_2407004/weight_category_weights.h5
[gpu] True 1
[detector] eb
[weight_h5] /pool/condor/dir_2407004/weight_category_weights.h5
[weight_key] EB_weight_split
[output] /pool/condor/dir_2407004/jobout
[device] cuda
[num_workers] requested=8 effective=8
[torch_sharing_strategy] file_system
[compact] /pool/condor/dir_2407004/MiniAOD_eb_eq1.h5
[resume] no checkpoint on EOS; starting fresh

[weight sums before training]
train background=1.00000000 signal=1.00000001 total=2.00000000 | before_rebalance background=0.77768045 signal=0.81195580
val   background=0.99999999 signal=0.99999999 total=1.99999998 | before_rebalance background=0.13653455 signal=0.09757316
test  background=1.00000000 signal=1.00000001 total=2.00000001 | before_rebalance background=0.08578500 signal=0.09047104

[start training]

Epoch 001 | train_loss=0.522074 train_auc=0.8205 train_f1@0.5=0.7996 | val_loss=0.316165 val_auc=0.9347 val_f1@0.5=0.9005
Epoch 002 | train_loss=0.424689 train_auc=0.8945 train_f1@0.5=0.8201 | val_loss=0.266602 val_auc=0.9507 val_f1@0.5=0.9131
Epoch 003 | train_loss=0.410226 train_auc=0.9064 train_f1@0.5=0.8519 | val_loss=0.735169 val_auc=0.8677 val_f1@0.5=0.7618
Epoch 004 | train_loss=0.284923 train_auc=0.9511 train_f1@0.5=0.8856 | val_loss=0.925492 val_auc=0.6742 val_f1@0.5=0.7067
Epoch 005 | train_loss=0.270371 train_auc=0.9544 train_f1@0.5=0.8947 | val_loss=0.258943 val_auc=0.9620 val_f1@0.5=0.9325
Epoch 006 | train_loss=0.258265 train_auc=0.9584 train_f1@0.5=0.9022 | val_loss=0.208836 val_auc=0.9649 val_f1@0.5=0.9294
Epoch 007 | train_loss=0.238311 train_auc=0.9643 train_f1@0.5=0.9118 | val_loss=0.238595 val_auc=0.9618 val_f1@0.5=0.9352
Epoch 008 | train_loss=0.247792 train_auc=0.9631 train_f1@0.5=0.8953 | val_loss=0.169431 val_auc=0.9790 val_f1@0.5=0.9500
Epoch 009 | train_loss=0.237184 train_auc=0.9654 train_f1@0.5=0.9151 | val_loss=0.275126 val_auc=0.9707 val_f1@0.5=0.8685
Epoch 010 | train_loss=0.252412 train_auc=0.9610 train_f1@0.5=0.9057 | val_loss=0.475383 val_auc=0.9156 val_f1@0.5=0.8627
Epoch 011 | train_loss=0.206459 train_auc=0.9725 train_f1@0.5=0.9242 | val_loss=0.165073 val_auc=0.9800 val_f1@0.5=0.9488
Epoch 012 | train_loss=0.200704 train_auc=0.9736 train_f1@0.5=0.9219 | val_loss=0.222290 val_auc=0.9729 val_f1@0.5=0.8633
Epoch 013 | train_loss=0.212680 train_auc=0.9702 train_f1@0.5=0.9199 | val_loss=0.127112 val_auc=0.9903 val_f1@0.5=0.9558
Epoch 014 | train_loss=0.206097 train_auc=0.9731 train_f1@0.5=0.9164 | val_loss=0.126039 val_auc=0.9904 val_f1@0.5=0.9524
Epoch 015 | train_loss=0.189679 train_auc=0.9771 train_f1@0.5=0.9226 | val_loss=0.152801 val_auc=0.9780 val_f1@0.5=0.9558
Epoch 016 | train_loss=0.186680 train_auc=0.9772 train_f1@0.5=0.9339 | val_loss=0.299487 val_auc=0.9535 val_f1@0.5=0.8675
Epoch 017 | train_loss=0.174048 train_auc=0.9809 train_f1@0.5=0.9309 | val_loss=0.115491 val_auc=0.9916 val_f1@0.5=0.9587
Epoch 018 | train_loss=0.178231 train_auc=0.9806 train_f1@0.5=0.9345 | val_loss=0.115237 val_auc=0.9911 val_f1@0.5=0.9589
Epoch 019 | train_loss=0.171363 train_auc=0.9807 train_f1@0.5=0.9386 | val_loss=0.109908 val_auc=0.9921 val_f1@0.5=0.9627
Epoch 020 | train_loss=0.160069 train_auc=0.9838 train_f1@0.5=0.9421 | val_loss=0.129894 val_auc=0.9870 val_f1@0.5=0.9590
Epoch 021 | train_loss=0.170738 train_auc=0.9812 train_f1@0.5=0.9379 | val_loss=0.126371 val_auc=0.9877 val_f1@0.5=0.9600
Epoch 022 | train_loss=0.181371 train_auc=0.9799 train_f1@0.5=0.9274 | val_loss=0.204607 val_auc=0.9788 val_f1@0.5=0.9486
Epoch 023 | train_loss=0.161596 train_auc=0.9832 train_f1@0.5=0.9369 | val_loss=0.113109 val_auc=0.9920 val_f1@0.5=0.9557
Epoch 024 | train_loss=0.161016 train_auc=0.9833 train_f1@0.5=0.9413 | val_loss=0.144032 val_auc=0.9866 val_f1@0.5=0.9611
Epoch 025 | train_loss=0.150320 train_auc=0.9855 train_f1@0.5=0.9465 | val_loss=0.152055 val_auc=0.9871 val_f1@0.5=0.9588
Epoch 026 | train_loss=0.145748 train_auc=0.9862 train_f1@0.5=0.9485 | val_loss=0.126050 val_auc=0.9876 val_f1@0.5=0.9583
Epoch 027 | train_loss=0.148514 train_auc=0.9856 train_f1@0.5=0.9479 | val_loss=0.117113 val_auc=0.9907 val_f1@0.5=0.9636
Epoch 028 | train_loss=0.145963 train_auc=0.9858 train_f1@0.5=0.9497 | val_loss=0.110547 val_auc=0.9922 val_f1@0.5=0.9612
Epoch 029 | train_loss=0.149130 train_auc=0.9859 train_f1@0.5=0.9503 | val_loss=0.115979 val_auc=0.9917 val_f1@0.5=0.9572
Epoch 030 | train_loss=0.143529 train_auc=0.9865 train_f1@0.5=0.9514 | val_loss=0.105504 val_auc=0.9928 val_f1@0.5=0.9607
Epoch 031 | train_loss=0.149129 train_auc=0.9855 train_f1@0.5=0.9388 | val_loss=0.109886 val_auc=0.9922 val_f1@0.5=0.9615
Epoch 032 | train_loss=0.149086 train_auc=0.9860 train_f1@0.5=0.9408 | val_loss=0.109419 val_auc=0.9919 val_f1@0.5=0.9635
Epoch 033 | train_loss=0.147721 train_auc=0.9862 train_f1@0.5=0.9403 | val_loss=0.116474 val_auc=0.9914 val_f1@0.5=0.9583
Epoch 034 | train_loss=0.144878 train_auc=0.9862 train_f1@0.5=0.9502 | val_loss=0.109292 val_auc=0.9920 val_f1@0.5=0.9590
Epoch 035 | train_loss=0.143600 train_auc=0.9866 train_f1@0.5=0.9500 | val_loss=0.115802 val_auc=0.9915 val_f1@0.5=0.9578
Epoch 036 | train_loss=0.142769 train_auc=0.9867 train_f1@0.5=0.9493 | val_loss=0.108937 val_auc=0.9921 val_f1@0.5=0.9589
Epoch 037 | train_loss=0.148197 train_auc=0.9858 train_f1@0.5=0.9517 | val_loss=0.109209 val_auc=0.9922 val_f1@0.5=0.9588
Epoch 038 | train_loss=0.143754 train_auc=0.9861 train_f1@0.5=0.9486 | val_loss=0.108562 val_auc=0.9923 val_f1@0.5=0.9593
Epoch 039 | train_loss=0.141243 train_auc=0.9869 train_f1@0.5=0.9448 | val_loss=0.113146 val_auc=0.9917 val_f1@0.5=0.9577
Epoch 040 | train_loss=0.142795 train_auc=0.9868 train_f1@0.5=0.9517 | val_loss=0.112227 val_auc=0.9918 val_f1@0.5=0.9587
Epoch 041 | train_loss=0.146862 train_auc=0.9864 train_f1@0.5=0.9434 | val_loss=0.110832 val_auc=0.9919 val_f1@0.5=0.9592
Epoch 042 | train_loss=0.140072 train_auc=0.9871 train_f1@0.5=0.9515 | val_loss=0.110687 val_auc=0.9919 val_f1@0.5=0.9644
Epoch 043 | train_loss=0.142013 train_auc=0.9867 train_f1@0.5=0.9458 | val_loss=0.110954 val_auc=0.9919 val_f1@0.5=0.9599
Epoch 044 | train_loss=0.144523 train_auc=0.9865 train_f1@0.5=0.9519 | val_loss=0.111020 val_auc=0.9919 val_f1@0.5=0.9599
Epoch 045 | train_loss=0.148471 train_auc=0.9861 train_f1@0.5=0.9421 | val_loss=0.111451 val_auc=0.9919 val_f1@0.5=0.9586
Epoch 046 | train_loss=0.143279 train_auc=0.9866 train_f1@0.5=0.9504 | val_loss=0.111071 val_auc=0.9919 val_f1@0.5=0.9584
Epoch 047 | train_loss=0.145351 train_auc=0.9863 train_f1@0.5=0.9519 | val_loss=0.110821 val_auc=0.9919 val_f1@0.5=0.9586
Epoch 048 | train_loss=0.139977 train_auc=0.9873 train_f1@0.5=0.9504 | val_loss=0.110600 val_auc=0.9919 val_f1@0.5=0.9591
Epoch 049 | train_loss=0.140509 train_auc=0.9872 train_f1@0.5=0.9513 | val_loss=0.110931 val_auc=0.9919 val_f1@0.5=0.9587
Epoch 050 | train_loss=0.145206 train_auc=0.9862 train_f1@0.5=0.9518 | val_loss=0.110989 val_auc=0.9919 val_f1@0.5=0.9587

[test summary]
  threshold = 0.374000
  test_auc  = 0.987755
  test_f1   = 0.946521
[stage-out] /pool/condor/dir_2407004/jobout -> root://eosuser.cern.ch//eos/user/y/yeo/4l/runs/v8/track_mini_eb_eq1
[stage-out] done
