000 (17061973.000.000) 07/01 03:37:55 Job submitted from host: <188.185.114.121:9618?addrs=188.185.114.121-9618+[2001-1458-d00-a--100-273]-9618&alias=bigbird19.cern.ch&noUDP&sock=schedd_5103_cfe0>
...
040 (17061973.000.000) 07/01 03:50:14 Started transferring input files
	Transferring to host: <188.185.238.12:9618?addrs=188.185.238.12-9618+[2001-1458-303-28--100-8]-9618&alias=b9pgpun001.cern.ch&noUDP&sock=slot1_1_3229370_0eb2_158371>
...
040 (17061973.000.000) 07/01 03:50:14 Finished transferring input files
...
001 (17061973.000.000) 07/01 03:50:15 Job executing on host: <188.185.238.12:9618?addrs=188.185.238.12-9618+[2001-1458-303-28--100-8]-9618&alias=b9pgpun001.cern.ch&noUDP&sock=startd_16419_a594>
	SlotName: slot1_1@b9pgpun001.cern.ch
	AvailableGPUs = { GPUs_GPU_ba8f5d65 }
	CondorScratchDir = "/pool/condor/dir_2907709"
	Cpus = 3
	Disk = 8394574
	GPUs = 1
	GPUs_GPU_ba8f5d65 = [ Id = "GPU-ba8f5d65"; ClockMhz = 1785.0; Capability = 9.0; CoresPerCU = 128; DeviceName = "NVIDIA H100 NVL"; DeviceUuid = "ba8f5d65-a6fb-796f-67a2-9d19bc987566"; ECCEnabled = true; ComputeUnits = 132; DriverVersion = 13.0; DevicePciBusId = "0000:3A:00.0"; GlobalMemoryMb = 95320; MaxSupportedVersion = 13000 ]
	Memory = 9000
...
006 (17061973.000.000) 07/01 03:50:28 Image size of job updated: 317920
	311  -  MemoryUsage of job (MB)
	317920  -  ResidentSetSize of job (KB)
...
006 (17061973.000.000) 07/01 03:55:28 Image size of job updated: 445720
	436  -  MemoryUsage of job (MB)
	445720  -  ResidentSetSize of job (KB)
...
006 (17061973.000.000) 07/01 04:00:29 Image size of job updated: 460812
	451  -  MemoryUsage of job (MB)
	460812  -  ResidentSetSize of job (KB)
...
006 (17061973.000.000) 07/01 04:05:29 Image size of job updated: 469048
	459  -  MemoryUsage of job (MB)
	469048  -  ResidentSetSize of job (KB)
...
006 (17061973.000.000) 07/01 04:10:29 Image size of job updated: 479924
	469  -  MemoryUsage of job (MB)
	479924  -  ResidentSetSize of job (KB)
...
006 (17061973.000.000) 07/01 04:15:30 Image size of job updated: 496008
	485  -  MemoryUsage of job (MB)
	496008  -  ResidentSetSize of job (KB)
...
006 (17061973.000.000) 07/01 04:20:30 Image size of job updated: 509472
	498  -  MemoryUsage of job (MB)
	509472  -  ResidentSetSize of job (KB)
...
006 (17061973.000.000) 07/01 04:25:30 Image size of job updated: 522272
	511  -  MemoryUsage of job (MB)
	522272  -  ResidentSetSize of job (KB)
...
006 (17061973.000.000) 07/01 04:30:31 Image size of job updated: 647856
	633  -  MemoryUsage of job (MB)
	647856  -  ResidentSetSize of job (KB)
...
006 (17061973.000.000) 07/01 04:35:31 Image size of job updated: 1163384
	1137  -  MemoryUsage of job (MB)
	1163384  -  ResidentSetSize of job (KB)
...
006 (17061973.000.000) 07/01 04:40:32 Image size of job updated: 1166060
	1139  -  MemoryUsage of job (MB)
	1166060  -  ResidentSetSize of job (KB)
...
006 (17061973.000.000) 07/01 04:45:33 Image size of job updated: 1169148
	1142  -  MemoryUsage of job (MB)
	1169148  -  ResidentSetSize of job (KB)
...
006 (17061973.000.000) 07/01 04:50:33 Image size of job updated: 1172800
	1146  -  MemoryUsage of job (MB)
	1172800  -  ResidentSetSize of job (KB)
...
006 (17061973.000.000) 07/01 04:55:34 Image size of job updated: 1177892
	1151  -  MemoryUsage of job (MB)
	1177892  -  ResidentSetSize of job (KB)
...
006 (17061973.000.000) 07/01 05:00:35 Image size of job updated: 1181568
	1154  -  MemoryUsage of job (MB)
	1181568  -  ResidentSetSize of job (KB)
...
006 (17061973.000.000) 07/01 05:05:35 Image size of job updated: 1184856
	1158  -  MemoryUsage of job (MB)
	1184856  -  ResidentSetSize of job (KB)
...
006 (17061973.000.000) 07/01 05:10:36 Image size of job updated: 1188148
	1161  -  MemoryUsage of job (MB)
	1188148  -  ResidentSetSize of job (KB)
...
006 (17061973.000.000) 07/01 05:15:36 Image size of job updated: 1193608
	1166  -  MemoryUsage of job (MB)
	1193608  -  ResidentSetSize of job (KB)
...
006 (17061973.000.000) 07/01 05:20:36 Image size of job updated: 1198840
	1171  -  MemoryUsage of job (MB)
	1198840  -  ResidentSetSize of job (KB)
...
006 (17061973.000.000) 07/01 05:25:37 Image size of job updated: 1202272
	1175  -  MemoryUsage of job (MB)
	1202272  -  ResidentSetSize of job (KB)
...
006 (17061973.000.000) 07/01 05:30:37 Image size of job updated: 1208012
	1180  -  MemoryUsage of job (MB)
	1208012  -  ResidentSetSize of job (KB)
...
006 (17061973.000.000) 07/01 05:35:37 Image size of job updated: 1213520
	1186  -  MemoryUsage of job (MB)
	1213520  -  ResidentSetSize of job (KB)
...
006 (17061973.000.000) 07/01 05:40:38 Image size of job updated: 1219404
	1191  -  MemoryUsage of job (MB)
	1219404  -  ResidentSetSize of job (KB)
...
006 (17061973.000.000) 07/01 05:45:38 Image size of job updated: 1227668
	1199  -  MemoryUsage of job (MB)
	1227668  -  ResidentSetSize of job (KB)
...
006 (17061973.000.000) 07/01 05:50:39 Image size of job updated: 1233452
	1205  -  MemoryUsage of job (MB)
	1233452  -  ResidentSetSize of job (KB)
...
006 (17061973.000.000) 07/01 05:55:40 Image size of job updated: 1239532
	1211  -  MemoryUsage of job (MB)
	1239532  -  ResidentSetSize of job (KB)
...
006 (17061973.000.000) 07/01 06:00:40 Image size of job updated: 1250836
	1222  -  MemoryUsage of job (MB)
	1250836  -  ResidentSetSize of job (KB)
...
006 (17061973.000.000) 07/01 06:05:41 Image size of job updated: 1254956
	1226  -  MemoryUsage of job (MB)
	1254956  -  ResidentSetSize of job (KB)
...
006 (17061973.000.000) 07/01 06:10:42 Image size of job updated: 1260784
	1232  -  MemoryUsage of job (MB)
	1260784  -  ResidentSetSize of job (KB)
...
006 (17061973.000.000) 07/01 06:15:42 Image size of job updated: 1268676
	1239  -  MemoryUsage of job (MB)
	1268676  -  ResidentSetSize of job (KB)
...
006 (17061973.000.000) 07/01 06:20:43 Image size of job updated: 1274184
	1245  -  MemoryUsage of job (MB)
	1274184  -  ResidentSetSize of job (KB)
...
006 (17061973.000.000) 07/01 06:25:43 Image size of job updated: 1280324
	1251  -  MemoryUsage of job (MB)
	1280324  -  ResidentSetSize of job (KB)
...
006 (17061973.000.000) 07/01 06:30:43 Image size of job updated: 1288200
	1259  -  MemoryUsage of job (MB)
	1288200  -  ResidentSetSize of job (KB)
...
006 (17061973.000.000) 07/01 06:35:44 Image size of job updated: 1294376
	1265  -  MemoryUsage of job (MB)
	1294376  -  ResidentSetSize of job (KB)
...
006 (17061973.000.000) 07/01 06:40:44 Image size of job updated: 1300588
	1271  -  MemoryUsage of job (MB)
	1300588  -  ResidentSetSize of job (KB)
...
006 (17061973.000.000) 07/01 06:45:45 Image size of job updated: 1309400
	1279  -  MemoryUsage of job (MB)
	1309400  -  ResidentSetSize of job (KB)
...
006 (17061973.000.000) 07/01 06:50:46 Image size of job updated: 1315636
	1285  -  MemoryUsage of job (MB)
	1315636  -  ResidentSetSize of job (KB)
...
006 (17061973.000.000) 07/01 06:55:46 Image size of job updated: 1317640
	1287  -  MemoryUsage of job (MB)
	1317640  -  ResidentSetSize of job (KB)
...
006 (17061973.000.000) 07/01 07:00:46 Image size of job updated: 1334296
	1304  -  MemoryUsage of job (MB)
	1334296  -  ResidentSetSize of job (KB)
...
006 (17061973.000.000) 07/01 07:05:47 Image size of job updated: 1366876
	1335  -  MemoryUsage of job (MB)
	1366876  -  ResidentSetSize of job (KB)
...
006 (17061973.000.000) 07/01 07:10:47 Image size of job updated: 1380256
	1348  -  MemoryUsage of job (MB)
	1380256  -  ResidentSetSize of job (KB)
...
006 (17061973.000.000) 07/01 07:15:47 Image size of job updated: 1386460
	1354  -  MemoryUsage of job (MB)
	1386460  -  ResidentSetSize of job (KB)
...
006 (17061973.000.000) 07/01 07:20:48 Image size of job updated: 1392272
	1360  -  MemoryUsage of job (MB)
	1392272  -  ResidentSetSize of job (KB)
...
006 (17061973.000.000) 07/01 07:25:48 Image size of job updated: 1406936
	1374  -  MemoryUsage of job (MB)
	1406936  -  ResidentSetSize of job (KB)
...
006 (17061973.000.000) 07/01 07:30:48 Image size of job updated: 1410512
	1378  -  MemoryUsage of job (MB)
	1410512  -  ResidentSetSize of job (KB)
...
006 (17061973.000.000) 07/01 07:35:49 Image size of job updated: 1416372
	1384  -  MemoryUsage of job (MB)
	1416372  -  ResidentSetSize of job (KB)
...
006 (17061973.000.000) 07/01 07:40:49 Image size of job updated: 1424468
	1392  -  MemoryUsage of job (MB)
	1424468  -  ResidentSetSize of job (KB)
...
006 (17061973.000.000) 07/01 07:45:50 Image size of job updated: 1430352
	1397  -  MemoryUsage of job (MB)
	1430352  -  ResidentSetSize of job (KB)
...
006 (17061973.000.000) 07/01 07:50:51 Image size of job updated: 1436592
	1403  -  MemoryUsage of job (MB)
	1436592  -  ResidentSetSize of job (KB)
...
006 (17061973.000.000) 07/01 07:55:51 Image size of job updated: 1444352
	1411  -  MemoryUsage of job (MB)
	1444352  -  ResidentSetSize of job (KB)
...
006 (17061973.000.000) 07/01 08:00:52 Image size of job updated: 1450188
	1417  -  MemoryUsage of job (MB)
	1450188  -  ResidentSetSize of job (KB)
...
006 (17061973.000.000) 07/01 08:05:52 Image size of job updated: 1455900
	1422  -  MemoryUsage of job (MB)
	1455900  -  ResidentSetSize of job (KB)
...
006 (17061973.000.000) 07/01 08:10:52 Image size of job updated: 1463604
	1430  -  MemoryUsage of job (MB)
	1463604  -  ResidentSetSize of job (KB)
...
006 (17061973.000.000) 07/01 08:15:53 Image size of job updated: 1469432
	1435  -  MemoryUsage of job (MB)
	1469432  -  ResidentSetSize of job (KB)
...
006 (17061973.000.000) 07/01 08:20:53 Image size of job updated: 1474608
	1441  -  MemoryUsage of job (MB)
	1474608  -  ResidentSetSize of job (KB)
...
006 (17061973.000.000) 07/01 08:25:54 Image size of job updated: 1482452
	1448  -  MemoryUsage of job (MB)
	1482452  -  ResidentSetSize of job (KB)
...
006 (17061973.000.000) 07/01 08:30:55 Image size of job updated: 1487848
	1453  -  MemoryUsage of job (MB)
	1487848  -  ResidentSetSize of job (KB)
...
006 (17061973.000.000) 07/01 08:35:55 Image size of job updated: 1493488
	1459  -  MemoryUsage of job (MB)
	1493488  -  ResidentSetSize of job (KB)
...
006 (17061973.000.000) 07/01 08:40:56 Image size of job updated: 1498796
	1464  -  MemoryUsage of job (MB)
	1498796  -  ResidentSetSize of job (KB)
...
006 (17061973.000.000) 07/01 08:45:57 Image size of job updated: 1506620
	1472  -  MemoryUsage of job (MB)
	1506620  -  ResidentSetSize of job (KB)
...
006 (17061973.000.000) 07/01 08:50:57 Image size of job updated: 1511736
	1477  -  MemoryUsage of job (MB)
	1511736  -  ResidentSetSize of job (KB)
...
006 (17061973.000.000) 07/01 08:55:58 Image size of job updated: 1517536
	1482  -  MemoryUsage of job (MB)
	1517536  -  ResidentSetSize of job (KB)
...
006 (17061973.000.000) 07/01 09:00:59 Image size of job updated: 1524588
	1489  -  MemoryUsage of job (MB)
	1524588  -  ResidentSetSize of job (KB)
...
006 (17061973.000.000) 07/01 09:05:59 Image size of job updated: 1530272
	1495  -  MemoryUsage of job (MB)
	1530272  -  ResidentSetSize of job (KB)
...
006 (17061973.000.000) 07/01 09:10:59 Image size of job updated: 1535444
	1500  -  MemoryUsage of job (MB)
	1535444  -  ResidentSetSize of job (KB)
...
006 (17061973.000.000) 07/01 09:16:00 Image size of job updated: 1543096
	1507  -  MemoryUsage of job (MB)
	1543096  -  ResidentSetSize of job (KB)
...
006 (17061973.000.000) 07/01 09:21:00 Image size of job updated: 1548260
	1512  -  MemoryUsage of job (MB)
	1548260  -  ResidentSetSize of job (KB)
...
006 (17061973.000.000) 07/01 09:26:01 Image size of job updated: 1553592
	1518  -  MemoryUsage of job (MB)
	1553592  -  ResidentSetSize of job (KB)
...
006 (17061973.000.000) 07/01 09:31:02 Image size of job updated: 1558812
	1523  -  MemoryUsage of job (MB)
	1558812  -  ResidentSetSize of job (KB)
...
006 (17061973.000.000) 07/01 09:36:02 Image size of job updated: 1566360
	1530  -  MemoryUsage of job (MB)
	1566360  -  ResidentSetSize of job (KB)
...
006 (17061973.000.000) 07/01 09:41:03 Image size of job updated: 1571720
	1535  -  MemoryUsage of job (MB)
	1571720  -  ResidentSetSize of job (KB)
...
006 (17061973.000.000) 07/01 09:46:03 Image size of job updated: 1577212
	1541  -  MemoryUsage of job (MB)
	1577212  -  ResidentSetSize of job (KB)
...
006 (17061973.000.000) 07/01 09:51:03 Image size of job updated: 1584356
	1548  -  MemoryUsage of job (MB)
	1584356  -  ResidentSetSize of job (KB)
...
006 (17061973.000.000) 07/01 09:56:04 Image size of job updated: 1589984
	1553  -  MemoryUsage of job (MB)
	1589984  -  ResidentSetSize of job (KB)
...
006 (17061973.000.000) 07/01 10:01:04 Image size of job updated: 1595112
	1558  -  MemoryUsage of job (MB)
	1595112  -  ResidentSetSize of job (KB)
...
006 (17061973.000.000) 07/01 10:06:04 Image size of job updated: 1600272
	1563  -  MemoryUsage of job (MB)
	1600272  -  ResidentSetSize of job (KB)
...
006 (17061973.000.000) 07/01 10:11:05 Image size of job updated: 1622032
	1585  -  MemoryUsage of job (MB)
	1622032  -  ResidentSetSize of job (KB)
...
006 (17061973.000.000) 07/01 10:16:05 Image size of job updated: 1625064
	1587  -  MemoryUsage of job (MB)
	1625064  -  ResidentSetSize of job (KB)
...
006 (17061973.000.000) 07/01 10:21:05 Image size of job updated: 1628120
	1590  -  MemoryUsage of job (MB)
	1628120  -  ResidentSetSize of job (KB)
...
006 (17061973.000.000) 07/01 10:26:06 Image size of job updated: 1633832
	1596  -  MemoryUsage of job (MB)
	1633832  -  ResidentSetSize of job (KB)
...
006 (17061973.000.000) 07/01 10:31:07 Image size of job updated: 1639212
	1601  -  MemoryUsage of job (MB)
	1639212  -  ResidentSetSize of job (KB)
...
006 (17061973.000.000) 07/01 10:36:07 Image size of job updated: 1644008
	1606  -  MemoryUsage of job (MB)
	1644008  -  ResidentSetSize of job (KB)
...
006 (17061973.000.000) 07/01 10:41:08 Image size of job updated: 1649224
	1611  -  MemoryUsage of job (MB)
	1649224  -  ResidentSetSize of job (KB)
...
006 (17061973.000.000) 07/01 10:46:08 Image size of job updated: 1656428
	1618  -  MemoryUsage of job (MB)
	1656428  -  ResidentSetSize of job (KB)
...
006 (17061973.000.000) 07/01 10:51:08 Image size of job updated: 1662364
	1624  -  MemoryUsage of job (MB)
	1662364  -  ResidentSetSize of job (KB)
...
006 (17061973.000.000) 07/01 10:56:09 Image size of job updated: 1667608
	1629  -  MemoryUsage of job (MB)
	1667608  -  ResidentSetSize of job (KB)
...
006 (17061973.000.000) 07/01 11:01:09 Image size of job updated: 1675124
	1636  -  MemoryUsage of job (MB)
	1675124  -  ResidentSetSize of job (KB)
...
006 (17061973.000.000) 07/01 11:06:09 Image size of job updated: 1680484
	1642  -  MemoryUsage of job (MB)
	1680484  -  ResidentSetSize of job (KB)
...
006 (17061973.000.000) 07/01 11:11:10 Image size of job updated: 1685832
	1647  -  MemoryUsage of job (MB)
	1685832  -  ResidentSetSize of job (KB)
...
006 (17061973.000.000) 07/01 11:16:10 Image size of job updated: 1693504
	1654  -  MemoryUsage of job (MB)
	1693504  -  ResidentSetSize of job (KB)
...
006 (17061973.000.000) 07/01 11:21:10 Image size of job updated: 1698428
	1659  -  MemoryUsage of job (MB)
	1698428  -  ResidentSetSize of job (KB)
...
006 (17061973.000.000) 07/01 11:26:11 Image size of job updated: 1703904
	1664  -  MemoryUsage of job (MB)
	1703904  -  ResidentSetSize of job (KB)
...
006 (17061973.000.000) 07/01 11:31:12 Image size of job updated: 1709436
	1670  -  MemoryUsage of job (MB)
	1709436  -  ResidentSetSize of job (KB)
...
006 (17061973.000.000) 07/01 11:36:12 Image size of job updated: 1716352
	1677  -  MemoryUsage of job (MB)
	1716352  -  ResidentSetSize of job (KB)
...
006 (17061973.000.000) 07/01 11:41:13 Image size of job updated: 1722000
	1682  -  MemoryUsage of job (MB)
	1722000  -  ResidentSetSize of job (KB)
...
006 (17061973.000.000) 07/01 11:46:14 Image size of job updated: 1727384
	1687  -  MemoryUsage of job (MB)
	1727384  -  ResidentSetSize of job (KB)
...
006 (17061973.000.000) 07/01 11:51:14 Image size of job updated: 1734852
	1695  -  MemoryUsage of job (MB)
	1734852  -  ResidentSetSize of job (KB)
...
006 (17061973.000.000) 07/01 11:56:15 Image size of job updated: 1740144
	1700  -  MemoryUsage of job (MB)
	1740144  -  ResidentSetSize of job (KB)
...
006 (17061973.000.000) 07/01 12:01:16 Image size of job updated: 1745544
	1705  -  MemoryUsage of job (MB)
	1745544  -  ResidentSetSize of job (KB)
...
006 (17061973.000.000) 07/01 12:06:16 Image size of job updated: 1751248
	1711  -  MemoryUsage of job (MB)
	1751248  -  ResidentSetSize of job (KB)
...
006 (17061973.000.000) 07/01 12:11:17 Image size of job updated: 1758056
	1717  -  MemoryUsage of job (MB)
	1758056  -  ResidentSetSize of job (KB)
...
006 (17061973.000.000) 07/01 12:16:17 Image size of job updated: 1763284
	1722  -  MemoryUsage of job (MB)
	1763284  -  ResidentSetSize of job (KB)
...
006 (17061973.000.000) 07/01 12:21:17 Image size of job updated: 1768440
	1727  -  MemoryUsage of job (MB)
	1768440  -  ResidentSetSize of job (KB)
...
006 (17061973.000.000) 07/01 12:26:18 Image size of job updated: 1775012
	1734  -  MemoryUsage of job (MB)
	1775012  -  ResidentSetSize of job (KB)
...
006 (17061973.000.000) 07/01 12:31:18 Image size of job updated: 1780236
	1739  -  MemoryUsage of job (MB)
	1780236  -  ResidentSetSize of job (KB)
...
006 (17061973.000.000) 07/01 12:36:19 Image size of job updated: 1786024
	1745  -  MemoryUsage of job (MB)
	1786024  -  ResidentSetSize of job (KB)
...
006 (17061973.000.000) 07/01 12:41:20 Image size of job updated: 1790980
	1750  -  MemoryUsage of job (MB)
	1790980  -  ResidentSetSize of job (KB)
...
006 (17061973.000.000) 07/01 12:46:20 Image size of job updated: 1798268
	1757  -  MemoryUsage of job (MB)
	1798268  -  ResidentSetSize of job (KB)
...
006 (17061973.000.000) 07/01 12:51:20 Image size of job updated: 1804176
	1762  -  MemoryUsage of job (MB)
	1804176  -  ResidentSetSize of job (KB)
...
006 (17061973.000.000) 07/01 12:56:21 Image size of job updated: 1809160
	1767  -  MemoryUsage of job (MB)
	1809160  -  ResidentSetSize of job (KB)
...
006 (17061973.000.000) 07/01 13:01:21 Image size of job updated: 1816432
	1774  -  MemoryUsage of job (MB)
	1816432  -  ResidentSetSize of job (KB)
...
006 (17061973.000.000) 07/01 13:06:21 Image size of job updated: 1822104
	1780  -  MemoryUsage of job (MB)
	1822104  -  ResidentSetSize of job (KB)
...
006 (17061973.000.000) 07/01 13:11:22 Image size of job updated: 1827072
	1785  -  MemoryUsage of job (MB)
	1827072  -  ResidentSetSize of job (KB)
...
006 (17061973.000.000) 07/01 13:16:22 Image size of job updated: 1834960
	1792  -  MemoryUsage of job (MB)
	1834960  -  ResidentSetSize of job (KB)
...
006 (17061973.000.000) 07/01 13:21:22 Image size of job updated: 1840524
	1798  -  MemoryUsage of job (MB)
	1840524  -  ResidentSetSize of job (KB)
...
006 (17061973.000.000) 07/01 13:26:23 Image size of job updated: 1845656
	1803  -  MemoryUsage of job (MB)
	1845656  -  ResidentSetSize of job (KB)
...
006 (17061973.000.000) 07/01 13:31:23 Image size of job updated: 1851516
	1809  -  MemoryUsage of job (MB)
	1851516  -  ResidentSetSize of job (KB)
...
006 (17061973.000.000) 07/01 13:36:23 Image size of job updated: 1858808
	1816  -  MemoryUsage of job (MB)
	1858808  -  ResidentSetSize of job (KB)
...
006 (17061973.000.000) 07/01 13:41:24 Image size of job updated: 1864348
	1821  -  MemoryUsage of job (MB)
	1864348  -  ResidentSetSize of job (KB)
...
006 (17061973.000.000) 07/01 13:46:25 Image size of job updated: 1869776
	1826  -  MemoryUsage of job (MB)
	1869776  -  ResidentSetSize of job (KB)
...
006 (17061973.000.000) 07/01 13:51:25 Image size of job updated: 1877684
	1834  -  MemoryUsage of job (MB)
	1877684  -  ResidentSetSize of job (KB)
...
006 (17061973.000.000) 07/01 13:56:26 Image size of job updated: 1882808
	1839  -  MemoryUsage of job (MB)
	1882808  -  ResidentSetSize of job (KB)
...
006 (17061973.000.000) 07/01 14:01:27 Image size of job updated: 1888788
	1845  -  MemoryUsage of job (MB)
	1888788  -  ResidentSetSize of job (KB)
...
006 (17061973.000.000) 07/01 14:06:27 Image size of job updated: 1896044
	1852  -  MemoryUsage of job (MB)
	1896044  -  ResidentSetSize of job (KB)
...
006 (17061973.000.000) 07/01 14:11:28 Image size of job updated: 1901776
	1858  -  MemoryUsage of job (MB)
	1901776  -  ResidentSetSize of job (KB)
...
006 (17061973.000.000) 07/01 14:16:28 Image size of job updated: 1907276
	1863  -  MemoryUsage of job (MB)
	1907276  -  ResidentSetSize of job (KB)
...
006 (17061973.000.000) 07/01 14:21:29 Image size of job updated: 1912788
	1868  -  MemoryUsage of job (MB)
	1912788  -  ResidentSetSize of job (KB)
...
006 (17061973.000.000) 07/01 14:26:30 Image size of job updated: 1920260
	1876  -  MemoryUsage of job (MB)
	1920260  -  ResidentSetSize of job (KB)
...
006 (17061973.000.000) 07/01 14:31:30 Image size of job updated: 1925732
	1881  -  MemoryUsage of job (MB)
	1925732  -  ResidentSetSize of job (KB)
...
006 (17061973.000.000) 07/01 14:36:31 Image size of job updated: 1931220
	1886  -  MemoryUsage of job (MB)
	1931220  -  ResidentSetSize of job (KB)
...
006 (17061973.000.000) 07/01 14:41:31 Image size of job updated: 1938684
	1894  -  MemoryUsage of job (MB)
	1938684  -  ResidentSetSize of job (KB)
...
006 (17061973.000.000) 07/01 14:46:32 Image size of job updated: 1944280
	1899  -  MemoryUsage of job (MB)
	1944280  -  ResidentSetSize of job (KB)
...
006 (17061973.000.000) 07/01 14:47:23 Image size of job updated: 1944480
	1899  -  MemoryUsage of job (MB)
	1944280  -  ResidentSetSize of job (KB)
...
040 (17061973.000.000) 07/01 14:47:23 Started transferring output files
...
040 (17061973.000.000) 07/01 14:47:34 Finished transferring output files
...
004 (17061973.000.000) 07/01 14:48:12 Job was evicted.
	(0) CPU times
		Usr 0 00:26:19, Sys 0 00:02:24  -  Run Remote Usage
		Usr 0 00:00:00, Sys 0 00:00:00  -  Run Local Usage
	7618  -  Run Bytes Sent By Job
	130093  -  Run Bytes Received By Job
	Partitionable Resources :    Usage  Request Allocated Assigned
	   Cpus                 :     0.04        3         3 
	   Disk (KB)            :   299     8388608   8394574 
	   GPUs                 :     0.00        1         1 "GPU-ba8f5d65"
	   GpusMemory (MB)      :  1386                       
	   Memory (MB)          :  1899        9000      9000 
	   TimeExecute (s)      : 39404                       
	   TimeSlotBusy (s)     : 39452                       
...
009 (17061973.000.000) 07/01 14:48:24 Job was aborted.
	via condor_rm (by user yeo)
...
