### v6 target=0.10  (unweighted) ###
Traceback (most recent call last):
  File "/afs/cern.ch/user/y/yeo/4l/26.06.20/MergedID_SCAnalyzer/efficiency_at_fakerate.py", line 110, in <module>
    main()
    ~~~~^^
  File "/afs/cern.ch/user/y/yeo/4l/26.06.20/MergedID_SCAnalyzer/efficiency_at_fakerate.py", line 106, in main
    print(f"[{d.name}] {process_run(d, args.target, args.basis, args.unweighted)}")
                        ~~~~~~~~~~~^^^^^^^^^^^^^^^^^^^^^^^^^^^^^^^^^^^^^^^^^^^^^
  File "/afs/cern.ch/user/y/yeo/4l/26.06.20/MergedID_SCAnalyzer/efficiency_at_fakerate.py", line 85, in process_run
    save_efficiency_plot(rows, run_dir / f"efficiency_vs_pt_test_{tag}.png", thr)
    ~~~~~~~~~~~~~~~~~~~~^^^^^^^^^^^^^^^^^^^^^^^^^^^^^^^^^^^^^^^^^^^^^^^^^^^^^^^^^
  File "/afs/cern.ch/user/y/yeo/4l/26.06.20/MergedID_SCAnalyzer/train_resnet_image_classifier.py", line 399, in save_efficiency_plot
    plt.savefig(output_path)
    ~~~~~~~~~~~^^^^^^^^^^^^^
  File "/cvmfs/sft.cern.ch/lcg/views/LCG_109_cuda/x86_64-el9-gcc13-opt/lib/python3.13/site-packages/matplotlib/pyplot.py", line 1250, in savefig
    res = fig.savefig(*args, **kwargs)  # type: ignore[func-returns-value]
  File "/cvmfs/sft.cern.ch/lcg/views/LCG_109_cuda/x86_64-el9-gcc13-opt/lib/python3.13/site-packages/matplotlib/figure.py", line 3490, in savefig
    self.canvas.print_figure(fname, **kwargs)
    ~~~~~~~~~~~~~~~~~~~~~~~~^^^^^^^^^^^^^^^^^
  File "/cvmfs/sft.cern.ch/lcg/views/LCG_109_cuda/x86_64-el9-gcc13-opt/lib/python3.13/site-packages/matplotlib/backends/backend_qtagg.py", line 75, in print_figure
    super().print_figure(*args, **kwargs)
    ~~~~~~~~~~~~~~~~~~~~^^^^^^^^^^^^^^^^^
  File "/cvmfs/sft.cern.ch/lcg/views/LCG_109_cuda/x86_64-el9-gcc13-opt/lib/python3.13/site-packages/matplotlib/backend_bases.py", line 2186, in print_figure
    result = print_method(
        filename,
    ...<3 lines>...
        bbox_inches_restore=_bbox_inches_restore,
        **kwargs)
  File "/cvmfs/sft.cern.ch/lcg/views/LCG_109_cuda/x86_64-el9-gcc13-opt/lib/python3.13/site-packages/matplotlib/backend_bases.py", line 2042, in <lambda>
    print_method = functools.wraps(meth)(lambda *args, **kwargs: meth(
                                                                 ~~~~^
        *args, **{k: v for k, v in kwargs.items() if k not in skip}))
        ^^^^^^^^^^^^^^^^^^^^^^^^^^^^^^^^^^^^^^^^^^^^^^^^^^^^^^^^^^^^
  File "/cvmfs/sft.cern.ch/lcg/views/LCG_109_cuda/x86_64-el9-gcc13-opt/lib/python3.13/site-packages/matplotlib/backends/backend_agg.py", line 481, in print_png
    self._print_pil(filename_or_obj, "png", pil_kwargs, metadata)
    ~~~~~~~~~~~~~~~^^^^^^^^^^^^^^^^^^^^^^^^^^^^^^^^^^^^^^^^^^^^^^
  File "/cvmfs/sft.cern.ch/lcg/views/LCG_109_cuda/x86_64-el9-gcc13-opt/lib/python3.13/site-packages/matplotlib/backends/backend_agg.py", line 430, in _print_pil
    mpl.image.imsave(
    ~~~~~~~~~~~~~~~~^
        filename_or_obj, self.buffer_rgba(), format=fmt, origin="upper",
        ^^^^^^^^^^^^^^^^^^^^^^^^^^^^^^^^^^^^^^^^^^^^^^^^^^^^^^^^^^^^^^^^
        dpi=self.figure.dpi, metadata=metadata, pil_kwargs=pil_kwargs)
        ^^^^^^^^^^^^^^^^^^^^^^^^^^^^^^^^^^^^^^^^^^^^^^^^^^^^^^^^^^^^^^
  File "/cvmfs/sft.cern.ch/lcg/views/LCG_109_cuda/x86_64-el9-gcc13-opt/lib/python3.13/site-packages/matplotlib/image.py", line 1657, in imsave
    image.save(fname, **pil_kwargs)
    ~~~~~~~~~~^^^^^^^^^^^^^^^^^^^^^
  File "/cvmfs/sft.cern.ch/lcg/views/LCG_109_cuda/x86_64-el9-gcc13-opt/lib/python3.13/site-packages/PIL/Image.py", line 2576, in save
    fp = builtins.open(filename, "w+b")
OSError: [Errno 122] Disk quota exceeded: '/eos/user/y/yeo/4l/runs/v6/image_aod_eb_eq1/efficiency_vs_pt_test_bkg10_unw.png'
0
### v6 target=0.10 --basis test (unweighted) ###
Traceback (most recent call last):
  File "/afs/cern.ch/user/y/yeo/4l/26.06.20/MergedID_SCAnalyzer/efficiency_at_fakerate.py", line 110, in <module>
    main()
    ~~~~^^
  File "/afs/cern.ch/user/y/yeo/4l/26.06.20/MergedID_SCAnalyzer/efficiency_at_fakerate.py", line 106, in main
    print(f"[{d.name}] {process_run(d, args.target, args.basis, args.unweighted)}")
                        ~~~~~~~~~~~^^^^^^^^^^^^^^^^^^^^^^^^^^^^^^^^^^^^^^^^^^^^^
  File "/afs/cern.ch/user/y/yeo/4l/26.06.20/MergedID_SCAnalyzer/efficiency_at_fakerate.py", line 85, in process_run
    save_efficiency_plot(rows, run_dir / f"efficiency_vs_pt_test_{tag}.png", thr)
    ~~~~~~~~~~~~~~~~~~~~^^^^^^^^^^^^^^^^^^^^^^^^^^^^^^^^^^^^^^^^^^^^^^^^^^^^^^^^^
  File "/afs/cern.ch/user/y/yeo/4l/26.06.20/MergedID_SCAnalyzer/train_resnet_image_classifier.py", line 399, in save_efficiency_plot
    plt.savefig(output_path)
    ~~~~~~~~~~~^^^^^^^^^^^^^
  File "/cvmfs/sft.cern.ch/lcg/views/LCG_109_cuda/x86_64-el9-gcc13-opt/lib/python3.13/site-packages/matplotlib/pyplot.py", line 1250, in savefig
    res = fig.savefig(*args, **kwargs)  # type: ignore[func-returns-value]
  File "/cvmfs/sft.cern.ch/lcg/views/LCG_109_cuda/x86_64-el9-gcc13-opt/lib/python3.13/site-packages/matplotlib/figure.py", line 3490, in savefig
    self.canvas.print_figure(fname, **kwargs)
    ~~~~~~~~~~~~~~~~~~~~~~~~^^^^^^^^^^^^^^^^^
  File "/cvmfs/sft.cern.ch/lcg/views/LCG_109_cuda/x86_64-el9-gcc13-opt/lib/python3.13/site-packages/matplotlib/backends/backend_qtagg.py", line 75, in print_figure
    super().print_figure(*args, **kwargs)
    ~~~~~~~~~~~~~~~~~~~~^^^^^^^^^^^^^^^^^
  File "/cvmfs/sft.cern.ch/lcg/views/LCG_109_cuda/x86_64-el9-gcc13-opt/lib/python3.13/site-packages/matplotlib/backend_bases.py", line 2186, in print_figure
    result = print_method(
        filename,
    ...<3 lines>...
        bbox_inches_restore=_bbox_inches_restore,
        **kwargs)
  File "/cvmfs/sft.cern.ch/lcg/views/LCG_109_cuda/x86_64-el9-gcc13-opt/lib/python3.13/site-packages/matplotlib/backend_bases.py", line 2042, in <lambda>
    print_method = functools.wraps(meth)(lambda *args, **kwargs: meth(
                                                                 ~~~~^
        *args, **{k: v for k, v in kwargs.items() if k not in skip}))
        ^^^^^^^^^^^^^^^^^^^^^^^^^^^^^^^^^^^^^^^^^^^^^^^^^^^^^^^^^^^^
  File "/cvmfs/sft.cern.ch/lcg/views/LCG_109_cuda/x86_64-el9-gcc13-opt/lib/python3.13/site-packages/matplotlib/backends/backend_agg.py", line 481, in print_png
    self._print_pil(filename_or_obj, "png", pil_kwargs, metadata)
    ~~~~~~~~~~~~~~~^^^^^^^^^^^^^^^^^^^^^^^^^^^^^^^^^^^^^^^^^^^^^^
  File "/cvmfs/sft.cern.ch/lcg/views/LCG_109_cuda/x86_64-el9-gcc13-opt/lib/python3.13/site-packages/matplotlib/backends/backend_agg.py", line 430, in _print_pil
    mpl.image.imsave(
    ~~~~~~~~~~~~~~~~^
        filename_or_obj, self.buffer_rgba(), format=fmt, origin="upper",
        ^^^^^^^^^^^^^^^^^^^^^^^^^^^^^^^^^^^^^^^^^^^^^^^^^^^^^^^^^^^^^^^^
        dpi=self.figure.dpi, metadata=metadata, pil_kwargs=pil_kwargs)
        ^^^^^^^^^^^^^^^^^^^^^^^^^^^^^^^^^^^^^^^^^^^^^^^^^^^^^^^^^^^^^^
  File "/cvmfs/sft.cern.ch/lcg/views/LCG_109_cuda/x86_64-el9-gcc13-opt/lib/python3.13/site-packages/matplotlib/image.py", line 1657, in imsave
    image.save(fname, **pil_kwargs)
    ~~~~~~~~~~^^^^^^^^^^^^^^^^^^^^^
  File "/cvmfs/sft.cern.ch/lcg/views/LCG_109_cuda/x86_64-el9-gcc13-opt/lib/python3.13/site-packages/PIL/Image.py", line 2576, in save
    fp = builtins.open(filename, "w+b")
OSError: [Errno 122] Disk quota exceeded: '/eos/user/y/yeo/4l/runs/v6/image_aod_eb_eq1/efficiency_vs_pt_test_bkg10test_unw.png'
0
### v6 target=0.05  (unweighted) ###
Traceback (most recent call last):
  File "/afs/cern.ch/user/y/yeo/4l/26.06.20/MergedID_SCAnalyzer/efficiency_at_fakerate.py", line 110, in <module>
    main()
    ~~~~^^
  File "/afs/cern.ch/user/y/yeo/4l/26.06.20/MergedID_SCAnalyzer/efficiency_at_fakerate.py", line 106, in main
    print(f"[{d.name}] {process_run(d, args.target, args.basis, args.unweighted)}")
                        ~~~~~~~~~~~^^^^^^^^^^^^^^^^^^^^^^^^^^^^^^^^^^^^^^^^^^^^^
  File "/afs/cern.ch/user/y/yeo/4l/26.06.20/MergedID_SCAnalyzer/efficiency_at_fakerate.py", line 85, in process_run
    save_efficiency_plot(rows, run_dir / f"efficiency_vs_pt_test_{tag}.png", thr)
    ~~~~~~~~~~~~~~~~~~~~^^^^^^^^^^^^^^^^^^^^^^^^^^^^^^^^^^^^^^^^^^^^^^^^^^^^^^^^^
  File "/afs/cern.ch/user/y/yeo/4l/26.06.20/MergedID_SCAnalyzer/train_resnet_image_classifier.py", line 399, in save_efficiency_plot
    plt.savefig(output_path)
    ~~~~~~~~~~~^^^^^^^^^^^^^
  File "/cvmfs/sft.cern.ch/lcg/views/LCG_109_cuda/x86_64-el9-gcc13-opt/lib/python3.13/site-packages/matplotlib/pyplot.py", line 1250, in savefig
    res = fig.savefig(*args, **kwargs)  # type: ignore[func-returns-value]
  File "/cvmfs/sft.cern.ch/lcg/views/LCG_109_cuda/x86_64-el9-gcc13-opt/lib/python3.13/site-packages/matplotlib/figure.py", line 3490, in savefig
    self.canvas.print_figure(fname, **kwargs)
    ~~~~~~~~~~~~~~~~~~~~~~~~^^^^^^^^^^^^^^^^^
  File "/cvmfs/sft.cern.ch/lcg/views/LCG_109_cuda/x86_64-el9-gcc13-opt/lib/python3.13/site-packages/matplotlib/backends/backend_qtagg.py", line 75, in print_figure
    super().print_figure(*args, **kwargs)
    ~~~~~~~~~~~~~~~~~~~~^^^^^^^^^^^^^^^^^
  File "/cvmfs/sft.cern.ch/lcg/views/LCG_109_cuda/x86_64-el9-gcc13-opt/lib/python3.13/site-packages/matplotlib/backend_bases.py", line 2186, in print_figure
    result = print_method(
        filename,
    ...<3 lines>...
        bbox_inches_restore=_bbox_inches_restore,
        **kwargs)
  File "/cvmfs/sft.cern.ch/lcg/views/LCG_109_cuda/x86_64-el9-gcc13-opt/lib/python3.13/site-packages/matplotlib/backend_bases.py", line 2042, in <lambda>
    print_method = functools.wraps(meth)(lambda *args, **kwargs: meth(
                                                                 ~~~~^
        *args, **{k: v for k, v in kwargs.items() if k not in skip}))
        ^^^^^^^^^^^^^^^^^^^^^^^^^^^^^^^^^^^^^^^^^^^^^^^^^^^^^^^^^^^^
  File "/cvmfs/sft.cern.ch/lcg/views/LCG_109_cuda/x86_64-el9-gcc13-opt/lib/python3.13/site-packages/matplotlib/backends/backend_agg.py", line 481, in print_png
    self._print_pil(filename_or_obj, "png", pil_kwargs, metadata)
    ~~~~~~~~~~~~~~~^^^^^^^^^^^^^^^^^^^^^^^^^^^^^^^^^^^^^^^^^^^^^^
  File "/cvmfs/sft.cern.ch/lcg/views/LCG_109_cuda/x86_64-el9-gcc13-opt/lib/python3.13/site-packages/matplotlib/backends/backend_agg.py", line 430, in _print_pil
    mpl.image.imsave(
    ~~~~~~~~~~~~~~~~^
        filename_or_obj, self.buffer_rgba(), format=fmt, origin="upper",
        ^^^^^^^^^^^^^^^^^^^^^^^^^^^^^^^^^^^^^^^^^^^^^^^^^^^^^^^^^^^^^^^^
        dpi=self.figure.dpi, metadata=metadata, pil_kwargs=pil_kwargs)
        ^^^^^^^^^^^^^^^^^^^^^^^^^^^^^^^^^^^^^^^^^^^^^^^^^^^^^^^^^^^^^^
  File "/cvmfs/sft.cern.ch/lcg/views/LCG_109_cuda/x86_64-el9-gcc13-opt/lib/python3.13/site-packages/matplotlib/image.py", line 1657, in imsave
    image.save(fname, **pil_kwargs)
    ~~~~~~~~~~^^^^^^^^^^^^^^^^^^^^^
  File "/cvmfs/sft.cern.ch/lcg/views/LCG_109_cuda/x86_64-el9-gcc13-opt/lib/python3.13/site-packages/PIL/Image.py", line 2576, in save
    fp = builtins.open(filename, "w+b")
OSError: [Errno 122] Disk quota exceeded: '/eos/user/y/yeo/4l/runs/v6/image_aod_eb_eq1/efficiency_vs_pt_test_bkg05_unw.png'
0
### v6 target=0.05 --basis test (unweighted) ###
Traceback (most recent call last):
  File "/afs/cern.ch/user/y/yeo/4l/26.06.20/MergedID_SCAnalyzer/efficiency_at_fakerate.py", line 110, in <module>
    main()
    ~~~~^^
  File "/afs/cern.ch/user/y/yeo/4l/26.06.20/MergedID_SCAnalyzer/efficiency_at_fakerate.py", line 106, in main
    print(f"[{d.name}] {process_run(d, args.target, args.basis, args.unweighted)}")
                        ~~~~~~~~~~~^^^^^^^^^^^^^^^^^^^^^^^^^^^^^^^^^^^^^^^^^^^^^
  File "/afs/cern.ch/user/y/yeo/4l/26.06.20/MergedID_SCAnalyzer/efficiency_at_fakerate.py", line 85, in process_run
    save_efficiency_plot(rows, run_dir / f"efficiency_vs_pt_test_{tag}.png", thr)
    ~~~~~~~~~~~~~~~~~~~~^^^^^^^^^^^^^^^^^^^^^^^^^^^^^^^^^^^^^^^^^^^^^^^^^^^^^^^^^
  File "/afs/cern.ch/user/y/yeo/4l/26.06.20/MergedID_SCAnalyzer/train_resnet_image_classifier.py", line 399, in save_efficiency_plot
    plt.savefig(output_path)
    ~~~~~~~~~~~^^^^^^^^^^^^^
  File "/cvmfs/sft.cern.ch/lcg/views/LCG_109_cuda/x86_64-el9-gcc13-opt/lib/python3.13/site-packages/matplotlib/pyplot.py", line 1250, in savefig
    res = fig.savefig(*args, **kwargs)  # type: ignore[func-returns-value]
  File "/cvmfs/sft.cern.ch/lcg/views/LCG_109_cuda/x86_64-el9-gcc13-opt/lib/python3.13/site-packages/matplotlib/figure.py", line 3490, in savefig
    self.canvas.print_figure(fname, **kwargs)
    ~~~~~~~~~~~~~~~~~~~~~~~~^^^^^^^^^^^^^^^^^
  File "/cvmfs/sft.cern.ch/lcg/views/LCG_109_cuda/x86_64-el9-gcc13-opt/lib/python3.13/site-packages/matplotlib/backends/backend_qtagg.py", line 75, in print_figure
    super().print_figure(*args, **kwargs)
    ~~~~~~~~~~~~~~~~~~~~^^^^^^^^^^^^^^^^^
  File "/cvmfs/sft.cern.ch/lcg/views/LCG_109_cuda/x86_64-el9-gcc13-opt/lib/python3.13/site-packages/matplotlib/backend_bases.py", line 2186, in print_figure
    result = print_method(
        filename,
    ...<3 lines>...
        bbox_inches_restore=_bbox_inches_restore,
        **kwargs)
  File "/cvmfs/sft.cern.ch/lcg/views/LCG_109_cuda/x86_64-el9-gcc13-opt/lib/python3.13/site-packages/matplotlib/backend_bases.py", line 2042, in <lambda>
    print_method = functools.wraps(meth)(lambda *args, **kwargs: meth(
                                                                 ~~~~^
        *args, **{k: v for k, v in kwargs.items() if k not in skip}))
        ^^^^^^^^^^^^^^^^^^^^^^^^^^^^^^^^^^^^^^^^^^^^^^^^^^^^^^^^^^^^
  File "/cvmfs/sft.cern.ch/lcg/views/LCG_109_cuda/x86_64-el9-gcc13-opt/lib/python3.13/site-packages/matplotlib/backends/backend_agg.py", line 481, in print_png
    self._print_pil(filename_or_obj, "png", pil_kwargs, metadata)
    ~~~~~~~~~~~~~~~^^^^^^^^^^^^^^^^^^^^^^^^^^^^^^^^^^^^^^^^^^^^^^
  File "/cvmfs/sft.cern.ch/lcg/views/LCG_109_cuda/x86_64-el9-gcc13-opt/lib/python3.13/site-packages/matplotlib/backends/backend_agg.py", line 430, in _print_pil
    mpl.image.imsave(
    ~~~~~~~~~~~~~~~~^
        filename_or_obj, self.buffer_rgba(), format=fmt, origin="upper",
        ^^^^^^^^^^^^^^^^^^^^^^^^^^^^^^^^^^^^^^^^^^^^^^^^^^^^^^^^^^^^^^^^
        dpi=self.figure.dpi, metadata=metadata, pil_kwargs=pil_kwargs)
        ^^^^^^^^^^^^^^^^^^^^^^^^^^^^^^^^^^^^^^^^^^^^^^^^^^^^^^^^^^^^^^
  File "/cvmfs/sft.cern.ch/lcg/views/LCG_109_cuda/x86_64-el9-gcc13-opt/lib/python3.13/site-packages/matplotlib/image.py", line 1657, in imsave
    image.save(fname, **pil_kwargs)
    ~~~~~~~~~~^^^^^^^^^^^^^^^^^^^^^
  File "/cvmfs/sft.cern.ch/lcg/views/LCG_109_cuda/x86_64-el9-gcc13-opt/lib/python3.13/site-packages/PIL/Image.py", line 2576, in save
    fp = builtins.open(filename, "w+b")
OSError: [Errno 122] Disk quota exceeded: '/eos/user/y/yeo/4l/runs/v6/image_aod_eb_eq1/efficiency_vs_pt_test_bkg05test_unw.png'
0
### cross_v1 target=0.10  (unweighted) ###
Traceback (most recent call last):
  File "/afs/cern.ch/user/y/yeo/4l/26.06.20/MergedID_SCAnalyzer/efficiency_at_fakerate.py", line 110, in <module>
    main()
    ~~~~^^
  File "/afs/cern.ch/user/y/yeo/4l/26.06.20/MergedID_SCAnalyzer/efficiency_at_fakerate.py", line 106, in main
    print(f"[{d.name}] {process_run(d, args.target, args.basis, args.unweighted)}")
                        ~~~~~~~~~~~^^^^^^^^^^^^^^^^^^^^^^^^^^^^^^^^^^^^^^^^^^^^^
  File "/afs/cern.ch/user/y/yeo/4l/26.06.20/MergedID_SCAnalyzer/efficiency_at_fakerate.py", line 85, in process_run
    save_efficiency_plot(rows, run_dir / f"efficiency_vs_pt_test_{tag}.png", thr)
    ~~~~~~~~~~~~~~~~~~~~^^^^^^^^^^^^^^^^^^^^^^^^^^^^^^^^^^^^^^^^^^^^^^^^^^^^^^^^^
  File "/afs/cern.ch/user/y/yeo/4l/26.06.20/MergedID_SCAnalyzer/train_resnet_image_classifier.py", line 399, in save_efficiency_plot
    plt.savefig(output_path)
    ~~~~~~~~~~~^^^^^^^^^^^^^
  File "/cvmfs/sft.cern.ch/lcg/views/LCG_109_cuda/x86_64-el9-gcc13-opt/lib/python3.13/site-packages/matplotlib/pyplot.py", line 1250, in savefig
    res = fig.savefig(*args, **kwargs)  # type: ignore[func-returns-value]
  File "/cvmfs/sft.cern.ch/lcg/views/LCG_109_cuda/x86_64-el9-gcc13-opt/lib/python3.13/site-packages/matplotlib/figure.py", line 3490, in savefig
    self.canvas.print_figure(fname, **kwargs)
    ~~~~~~~~~~~~~~~~~~~~~~~~^^^^^^^^^^^^^^^^^
  File "/cvmfs/sft.cern.ch/lcg/views/LCG_109_cuda/x86_64-el9-gcc13-opt/lib/python3.13/site-packages/matplotlib/backends/backend_qtagg.py", line 75, in print_figure
    super().print_figure(*args, **kwargs)
    ~~~~~~~~~~~~~~~~~~~~^^^^^^^^^^^^^^^^^
  File "/cvmfs/sft.cern.ch/lcg/views/LCG_109_cuda/x86_64-el9-gcc13-opt/lib/python3.13/site-packages/matplotlib/backend_bases.py", line 2186, in print_figure
    result = print_method(
        filename,
    ...<3 lines>...
        bbox_inches_restore=_bbox_inches_restore,
        **kwargs)
  File "/cvmfs/sft.cern.ch/lcg/views/LCG_109_cuda/x86_64-el9-gcc13-opt/lib/python3.13/site-packages/matplotlib/backend_bases.py", line 2042, in <lambda>
    print_method = functools.wraps(meth)(lambda *args, **kwargs: meth(
                                                                 ~~~~^
        *args, **{k: v for k, v in kwargs.items() if k not in skip}))
        ^^^^^^^^^^^^^^^^^^^^^^^^^^^^^^^^^^^^^^^^^^^^^^^^^^^^^^^^^^^^
  File "/cvmfs/sft.cern.ch/lcg/views/LCG_109_cuda/x86_64-el9-gcc13-opt/lib/python3.13/site-packages/matplotlib/backends/backend_agg.py", line 481, in print_png
    self._print_pil(filename_or_obj, "png", pil_kwargs, metadata)
    ~~~~~~~~~~~~~~~^^^^^^^^^^^^^^^^^^^^^^^^^^^^^^^^^^^^^^^^^^^^^^
  File "/cvmfs/sft.cern.ch/lcg/views/LCG_109_cuda/x86_64-el9-gcc13-opt/lib/python3.13/site-packages/matplotlib/backends/backend_agg.py", line 430, in _print_pil
    mpl.image.imsave(
    ~~~~~~~~~~~~~~~~^
        filename_or_obj, self.buffer_rgba(), format=fmt, origin="upper",
        ^^^^^^^^^^^^^^^^^^^^^^^^^^^^^^^^^^^^^^^^^^^^^^^^^^^^^^^^^^^^^^^^
        dpi=self.figure.dpi, metadata=metadata, pil_kwargs=pil_kwargs)
        ^^^^^^^^^^^^^^^^^^^^^^^^^^^^^^^^^^^^^^^^^^^^^^^^^^^^^^^^^^^^^^
  File "/cvmfs/sft.cern.ch/lcg/views/LCG_109_cuda/x86_64-el9-gcc13-opt/lib/python3.13/site-packages/matplotlib/image.py", line 1657, in imsave
    image.save(fname, **pil_kwargs)
    ~~~~~~~~~~^^^^^^^^^^^^^^^^^^^^^
  File "/cvmfs/sft.cern.ch/lcg/views/LCG_109_cuda/x86_64-el9-gcc13-opt/lib/python3.13/site-packages/PIL/Image.py", line 2576, in save
    fp = builtins.open(filename, "w+b")
OSError: [Errno 122] Disk quota exceeded: '/eos/user/y/yeo/4l/runs/cross_v1/cross_aod_eb_eq1/efficiency_vs_pt_test_bkg10_unw.png'
0
### cross_v1 target=0.10 --basis test (unweighted) ###
Traceback (most recent call last):
  File "/afs/cern.ch/user/y/yeo/4l/26.06.20/MergedID_SCAnalyzer/efficiency_at_fakerate.py", line 110, in <module>
    main()
    ~~~~^^
  File "/afs/cern.ch/user/y/yeo/4l/26.06.20/MergedID_SCAnalyzer/efficiency_at_fakerate.py", line 106, in main
    print(f"[{d.name}] {process_run(d, args.target, args.basis, args.unweighted)}")
                        ~~~~~~~~~~~^^^^^^^^^^^^^^^^^^^^^^^^^^^^^^^^^^^^^^^^^^^^^
  File "/afs/cern.ch/user/y/yeo/4l/26.06.20/MergedID_SCAnalyzer/efficiency_at_fakerate.py", line 85, in process_run
    save_efficiency_plot(rows, run_dir / f"efficiency_vs_pt_test_{tag}.png", thr)
    ~~~~~~~~~~~~~~~~~~~~^^^^^^^^^^^^^^^^^^^^^^^^^^^^^^^^^^^^^^^^^^^^^^^^^^^^^^^^^
  File "/afs/cern.ch/user/y/yeo/4l/26.06.20/MergedID_SCAnalyzer/train_resnet_image_classifier.py", line 399, in save_efficiency_plot
    plt.savefig(output_path)
    ~~~~~~~~~~~^^^^^^^^^^^^^
  File "/cvmfs/sft.cern.ch/lcg/views/LCG_109_cuda/x86_64-el9-gcc13-opt/lib/python3.13/site-packages/matplotlib/pyplot.py", line 1250, in savefig
    res = fig.savefig(*args, **kwargs)  # type: ignore[func-returns-value]
  File "/cvmfs/sft.cern.ch/lcg/views/LCG_109_cuda/x86_64-el9-gcc13-opt/lib/python3.13/site-packages/matplotlib/figure.py", line 3490, in savefig
    self.canvas.print_figure(fname, **kwargs)
    ~~~~~~~~~~~~~~~~~~~~~~~~^^^^^^^^^^^^^^^^^
  File "/cvmfs/sft.cern.ch/lcg/views/LCG_109_cuda/x86_64-el9-gcc13-opt/lib/python3.13/site-packages/matplotlib/backends/backend_qtagg.py", line 75, in print_figure
    super().print_figure(*args, **kwargs)
    ~~~~~~~~~~~~~~~~~~~~^^^^^^^^^^^^^^^^^
  File "/cvmfs/sft.cern.ch/lcg/views/LCG_109_cuda/x86_64-el9-gcc13-opt/lib/python3.13/site-packages/matplotlib/backend_bases.py", line 2186, in print_figure
    result = print_method(
        filename,
    ...<3 lines>...
        bbox_inches_restore=_bbox_inches_restore,
        **kwargs)
  File "/cvmfs/sft.cern.ch/lcg/views/LCG_109_cuda/x86_64-el9-gcc13-opt/lib/python3.13/site-packages/matplotlib/backend_bases.py", line 2042, in <lambda>
    print_method = functools.wraps(meth)(lambda *args, **kwargs: meth(
                                                                 ~~~~^
        *args, **{k: v for k, v in kwargs.items() if k not in skip}))
        ^^^^^^^^^^^^^^^^^^^^^^^^^^^^^^^^^^^^^^^^^^^^^^^^^^^^^^^^^^^^
  File "/cvmfs/sft.cern.ch/lcg/views/LCG_109_cuda/x86_64-el9-gcc13-opt/lib/python3.13/site-packages/matplotlib/backends/backend_agg.py", line 481, in print_png
    self._print_pil(filename_or_obj, "png", pil_kwargs, metadata)
    ~~~~~~~~~~~~~~~^^^^^^^^^^^^^^^^^^^^^^^^^^^^^^^^^^^^^^^^^^^^^^
  File "/cvmfs/sft.cern.ch/lcg/views/LCG_109_cuda/x86_64-el9-gcc13-opt/lib/python3.13/site-packages/matplotlib/backends/backend_agg.py", line 430, in _print_pil
    mpl.image.imsave(
    ~~~~~~~~~~~~~~~~^
        filename_or_obj, self.buffer_rgba(), format=fmt, origin="upper",
        ^^^^^^^^^^^^^^^^^^^^^^^^^^^^^^^^^^^^^^^^^^^^^^^^^^^^^^^^^^^^^^^^
        dpi=self.figure.dpi, metadata=metadata, pil_kwargs=pil_kwargs)
        ^^^^^^^^^^^^^^^^^^^^^^^^^^^^^^^^^^^^^^^^^^^^^^^^^^^^^^^^^^^^^^
  File "/cvmfs/sft.cern.ch/lcg/views/LCG_109_cuda/x86_64-el9-gcc13-opt/lib/python3.13/site-packages/matplotlib/image.py", line 1657, in imsave
    image.save(fname, **pil_kwargs)
    ~~~~~~~~~~^^^^^^^^^^^^^^^^^^^^^
  File "/cvmfs/sft.cern.ch/lcg/views/LCG_109_cuda/x86_64-el9-gcc13-opt/lib/python3.13/site-packages/PIL/Image.py", line 2576, in save
    fp = builtins.open(filename, "w+b")
OSError: [Errno 122] Disk quota exceeded: '/eos/user/y/yeo/4l/runs/cross_v1/cross_aod_eb_eq1/efficiency_vs_pt_test_bkg10test_unw.png'
0
### cross_v1 target=0.05  (unweighted) ###
Traceback (most recent call last):
  File "/afs/cern.ch/user/y/yeo/4l/26.06.20/MergedID_SCAnalyzer/efficiency_at_fakerate.py", line 110, in <module>
    main()
    ~~~~^^
  File "/afs/cern.ch/user/y/yeo/4l/26.06.20/MergedID_SCAnalyzer/efficiency_at_fakerate.py", line 106, in main
    print(f"[{d.name}] {process_run(d, args.target, args.basis, args.unweighted)}")
                        ~~~~~~~~~~~^^^^^^^^^^^^^^^^^^^^^^^^^^^^^^^^^^^^^^^^^^^^^
  File "/afs/cern.ch/user/y/yeo/4l/26.06.20/MergedID_SCAnalyzer/efficiency_at_fakerate.py", line 85, in process_run
    save_efficiency_plot(rows, run_dir / f"efficiency_vs_pt_test_{tag}.png", thr)
    ~~~~~~~~~~~~~~~~~~~~^^^^^^^^^^^^^^^^^^^^^^^^^^^^^^^^^^^^^^^^^^^^^^^^^^^^^^^^^
  File "/afs/cern.ch/user/y/yeo/4l/26.06.20/MergedID_SCAnalyzer/train_resnet_image_classifier.py", line 399, in save_efficiency_plot
    plt.savefig(output_path)
    ~~~~~~~~~~~^^^^^^^^^^^^^
  File "/cvmfs/sft.cern.ch/lcg/views/LCG_109_cuda/x86_64-el9-gcc13-opt/lib/python3.13/site-packages/matplotlib/pyplot.py", line 1250, in savefig
    res = fig.savefig(*args, **kwargs)  # type: ignore[func-returns-value]
  File "/cvmfs/sft.cern.ch/lcg/views/LCG_109_cuda/x86_64-el9-gcc13-opt/lib/python3.13/site-packages/matplotlib/figure.py", line 3490, in savefig
    self.canvas.print_figure(fname, **kwargs)
    ~~~~~~~~~~~~~~~~~~~~~~~~^^^^^^^^^^^^^^^^^
  File "/cvmfs/sft.cern.ch/lcg/views/LCG_109_cuda/x86_64-el9-gcc13-opt/lib/python3.13/site-packages/matplotlib/backends/backend_qtagg.py", line 75, in print_figure
    super().print_figure(*args, **kwargs)
    ~~~~~~~~~~~~~~~~~~~~^^^^^^^^^^^^^^^^^
  File "/cvmfs/sft.cern.ch/lcg/views/LCG_109_cuda/x86_64-el9-gcc13-opt/lib/python3.13/site-packages/matplotlib/backend_bases.py", line 2186, in print_figure
    result = print_method(
        filename,
    ...<3 lines>...
        bbox_inches_restore=_bbox_inches_restore,
        **kwargs)
  File "/cvmfs/sft.cern.ch/lcg/views/LCG_109_cuda/x86_64-el9-gcc13-opt/lib/python3.13/site-packages/matplotlib/backend_bases.py", line 2042, in <lambda>
    print_method = functools.wraps(meth)(lambda *args, **kwargs: meth(
                                                                 ~~~~^
        *args, **{k: v for k, v in kwargs.items() if k not in skip}))
        ^^^^^^^^^^^^^^^^^^^^^^^^^^^^^^^^^^^^^^^^^^^^^^^^^^^^^^^^^^^^
  File "/cvmfs/sft.cern.ch/lcg/views/LCG_109_cuda/x86_64-el9-gcc13-opt/lib/python3.13/site-packages/matplotlib/backends/backend_agg.py", line 481, in print_png
    self._print_pil(filename_or_obj, "png", pil_kwargs, metadata)
    ~~~~~~~~~~~~~~~^^^^^^^^^^^^^^^^^^^^^^^^^^^^^^^^^^^^^^^^^^^^^^
  File "/cvmfs/sft.cern.ch/lcg/views/LCG_109_cuda/x86_64-el9-gcc13-opt/lib/python3.13/site-packages/matplotlib/backends/backend_agg.py", line 430, in _print_pil
    mpl.image.imsave(
    ~~~~~~~~~~~~~~~~^
        filename_or_obj, self.buffer_rgba(), format=fmt, origin="upper",
        ^^^^^^^^^^^^^^^^^^^^^^^^^^^^^^^^^^^^^^^^^^^^^^^^^^^^^^^^^^^^^^^^
        dpi=self.figure.dpi, metadata=metadata, pil_kwargs=pil_kwargs)
        ^^^^^^^^^^^^^^^^^^^^^^^^^^^^^^^^^^^^^^^^^^^^^^^^^^^^^^^^^^^^^^
  File "/cvmfs/sft.cern.ch/lcg/views/LCG_109_cuda/x86_64-el9-gcc13-opt/lib/python3.13/site-packages/matplotlib/image.py", line 1657, in imsave
    image.save(fname, **pil_kwargs)
    ~~~~~~~~~~^^^^^^^^^^^^^^^^^^^^^
  File "/cvmfs/sft.cern.ch/lcg/views/LCG_109_cuda/x86_64-el9-gcc13-opt/lib/python3.13/site-packages/PIL/Image.py", line 2576, in save
    fp = builtins.open(filename, "w+b")
OSError: [Errno 122] Disk quota exceeded: '/eos/user/y/yeo/4l/runs/cross_v1/cross_aod_eb_eq1/efficiency_vs_pt_test_bkg05_unw.png'
0
### cross_v1 target=0.05 --basis test (unweighted) ###
Traceback (most recent call last):
  File "/afs/cern.ch/user/y/yeo/4l/26.06.20/MergedID_SCAnalyzer/efficiency_at_fakerate.py", line 110, in <module>
    main()
    ~~~~^^
  File "/afs/cern.ch/user/y/yeo/4l/26.06.20/MergedID_SCAnalyzer/efficiency_at_fakerate.py", line 106, in main
    print(f"[{d.name}] {process_run(d, args.target, args.basis, args.unweighted)}")
                        ~~~~~~~~~~~^^^^^^^^^^^^^^^^^^^^^^^^^^^^^^^^^^^^^^^^^^^^^
  File "/afs/cern.ch/user/y/yeo/4l/26.06.20/MergedID_SCAnalyzer/efficiency_at_fakerate.py", line 85, in process_run
    save_efficiency_plot(rows, run_dir / f"efficiency_vs_pt_test_{tag}.png", thr)
    ~~~~~~~~~~~~~~~~~~~~^^^^^^^^^^^^^^^^^^^^^^^^^^^^^^^^^^^^^^^^^^^^^^^^^^^^^^^^^
  File "/afs/cern.ch/user/y/yeo/4l/26.06.20/MergedID_SCAnalyzer/train_resnet_image_classifier.py", line 399, in save_efficiency_plot
    plt.savefig(output_path)
    ~~~~~~~~~~~^^^^^^^^^^^^^
  File "/cvmfs/sft.cern.ch/lcg/views/LCG_109_cuda/x86_64-el9-gcc13-opt/lib/python3.13/site-packages/matplotlib/pyplot.py", line 1250, in savefig
    res = fig.savefig(*args, **kwargs)  # type: ignore[func-returns-value]
  File "/cvmfs/sft.cern.ch/lcg/views/LCG_109_cuda/x86_64-el9-gcc13-opt/lib/python3.13/site-packages/matplotlib/figure.py", line 3490, in savefig
    self.canvas.print_figure(fname, **kwargs)
    ~~~~~~~~~~~~~~~~~~~~~~~~^^^^^^^^^^^^^^^^^
  File "/cvmfs/sft.cern.ch/lcg/views/LCG_109_cuda/x86_64-el9-gcc13-opt/lib/python3.13/site-packages/matplotlib/backends/backend_qtagg.py", line 75, in print_figure
    super().print_figure(*args, **kwargs)
    ~~~~~~~~~~~~~~~~~~~~^^^^^^^^^^^^^^^^^
  File "/cvmfs/sft.cern.ch/lcg/views/LCG_109_cuda/x86_64-el9-gcc13-opt/lib/python3.13/site-packages/matplotlib/backend_bases.py", line 2186, in print_figure
    result = print_method(
        filename,
    ...<3 lines>...
        bbox_inches_restore=_bbox_inches_restore,
        **kwargs)
  File "/cvmfs/sft.cern.ch/lcg/views/LCG_109_cuda/x86_64-el9-gcc13-opt/lib/python3.13/site-packages/matplotlib/backend_bases.py", line 2042, in <lambda>
    print_method = functools.wraps(meth)(lambda *args, **kwargs: meth(
                                                                 ~~~~^
        *args, **{k: v for k, v in kwargs.items() if k not in skip}))
        ^^^^^^^^^^^^^^^^^^^^^^^^^^^^^^^^^^^^^^^^^^^^^^^^^^^^^^^^^^^^
  File "/cvmfs/sft.cern.ch/lcg/views/LCG_109_cuda/x86_64-el9-gcc13-opt/lib/python3.13/site-packages/matplotlib/backends/backend_agg.py", line 481, in print_png
    self._print_pil(filename_or_obj, "png", pil_kwargs, metadata)
    ~~~~~~~~~~~~~~~^^^^^^^^^^^^^^^^^^^^^^^^^^^^^^^^^^^^^^^^^^^^^^
  File "/cvmfs/sft.cern.ch/lcg/views/LCG_109_cuda/x86_64-el9-gcc13-opt/lib/python3.13/site-packages/matplotlib/backends/backend_agg.py", line 430, in _print_pil
    mpl.image.imsave(
    ~~~~~~~~~~~~~~~~^
        filename_or_obj, self.buffer_rgba(), format=fmt, origin="upper",
        ^^^^^^^^^^^^^^^^^^^^^^^^^^^^^^^^^^^^^^^^^^^^^^^^^^^^^^^^^^^^^^^^
        dpi=self.figure.dpi, metadata=metadata, pil_kwargs=pil_kwargs)
        ^^^^^^^^^^^^^^^^^^^^^^^^^^^^^^^^^^^^^^^^^^^^^^^^^^^^^^^^^^^^^^
  File "/cvmfs/sft.cern.ch/lcg/views/LCG_109_cuda/x86_64-el9-gcc13-opt/lib/python3.13/site-packages/matplotlib/image.py", line 1657, in imsave
    image.save(fname, **pil_kwargs)
    ~~~~~~~~~~^^^^^^^^^^^^^^^^^^^^^
  File "/cvmfs/sft.cern.ch/lcg/views/LCG_109_cuda/x86_64-el9-gcc13-opt/lib/python3.13/site-packages/PIL/Image.py", line 2576, in save
    fp = builtins.open(filename, "w+b")
OSError: [Errno 122] Disk quota exceeded: '/eos/user/y/yeo/4l/runs/cross_v1/cross_aod_eb_eq1/efficiency_vs_pt_test_bkg05test_unw.png'
0
ALL_DONE
