### v6 ###
[image_aod_eb_all] skip (no test_predictions.csv)
[image_aod_eb_eq0] skip (no test_predictions.csv)
[image_aod_eb_eq1] ok (unweighted AUC=0.9763, 19827 objs)
[image_aod_ee_es_all] skip (no test_predictions.csv)
[image_aod_ee_es_eq0] ok (unweighted AUC=0.9498, 52828 objs)
[image_aod_ee_es_eq1] ok (unweighted AUC=0.9274, 3687 objs)
[image_aod_ee_noes_all] ok (unweighted AUC=0.9572, 57029 objs)
[image_aod_ee_noes_eq0] ok (unweighted AUC=0.9510, 52828 objs)
[image_aod_ee_noes_eq1] ok (unweighted AUC=0.9383, 3687 objs)
[image_mini_eb_all] skip (no test_predictions.csv)
[image_mini_eb_eq0] skip (no test_predictions.csv)
[image_mini_eb_eq1] ok (unweighted AUC=0.9569, 18099 objs)
[image_mini_ee_es_all] ok (unweighted AUC=0.9586, 57059 objs)
[image_mini_ee_es_eq0] skip (no test_predictions.csv)
[image_mini_ee_es_eq1] ok (unweighted AUC=0.9475, 3510 objs)
[image_mini_ee_noes_all] skip (no test_predictions.csv)
[image_mini_ee_noes_eq0] ok (unweighted AUC=0.9558, 53096 objs)
[image_mini_ee_noes_eq1] ok (unweighted AUC=0.9339, 3510 objs)
[track_aod_eb_all] ok (unweighted AUC=0.9806, 134719 objs)
[track_aod_eb_eq0] ok (unweighted AUC=0.9842, 113847 objs)
[track_aod_eb_eq1] ok (unweighted AUC=0.9762, 19827 objs)
[track_aod_ee_all] ok (unweighted AUC=0.9218, 57029 objs)
[track_aod_ee_eq0] ok (unweighted AUC=0.8891, 52828 objs)
[track_aod_ee_eq1] ok (unweighted AUC=0.9197, 3687 objs)
[track_mini_eb_all] ok (unweighted AUC=0.9790, 134626 objs)
[track_mini_eb_eq0] ok (unweighted AUC=0.9911, 115885 objs)
[track_mini_eb_eq1] ok (unweighted AUC=0.9788, 18099 objs)
[track_mini_ee_all] ok (unweighted AUC=0.9561, 57059 objs)
[track_mini_ee_eq0] ok (unweighted AUC=0.9559, 53096 objs)
[track_mini_ee_eq1] ok (unweighted AUC=0.9538, 3510 objs)
### cross_v1 ###
[cross_aod_eb_all] skip (no test_predictions.csv)
[cross_aod_eb_eq0] skip (no test_predictions.csv)
[cross_aod_eb_eq1] ok (unweighted AUC=0.9884, 19827 objs)
[cross_aod_ee_es_all] ok (unweighted AUC=0.9617, 57029 objs)
[cross_aod_ee_es_eq0] ok (unweighted AUC=0.9649, 52828 objs)
[cross_aod_ee_es_eq1] ok (unweighted AUC=0.9660, 3687 objs)
[cross_aod_ee_noes_all] ok (unweighted AUC=0.9676, 57029 objs)
[cross_aod_ee_noes_eq0] ok (unweighted AUC=0.9516, 52828 objs)
[cross_aod_ee_noes_eq1] ok (unweighted AUC=0.9583, 3687 objs)
[cross_mini_eb_all] skip (no test_predictions.csv)
[cross_mini_eb_eq0] skip (no test_predictions.csv)
[cross_mini_eb_eq1] ok (unweighted AUC=0.9840, 18099 objs)
[cross_mini_ee_es_all] skip (no test_predictions.csv)
[cross_mini_ee_es_eq0] skip (no test_predictions.csv)
[cross_mini_ee_es_eq1] ok (unweighted AUC=0.9772, 3510 objs)
[cross_mini_ee_noes_all] skip (no test_predictions.csv)
[cross_mini_ee_noes_eq0] skip (no test_predictions.csv)
[cross_mini_ee_noes_eq1] ok (unweighted AUC=0.9784, 3510 objs)
ALL_DONE
