[launch] Thu Jul 23 01:28:44 PM CEST 2026 host=lxplus902.cern.ch
[attempt 1] have 0/12 (Thu Jul 23 01:28:44 PM CEST 2026)
=== AOD eb all -> /eos/user/y/yeo/4l/compact_pt50/AOD_eb_all.h5 ===
[compact] wrote 1537079 objects -> /eos/user/y/yeo/4l/compact_pt50/AOD_eb_all.h5
=== AOD eb eq0 -> /eos/user/y/yeo/4l/compact_pt50/AOD_eb_eq0.h5 ===
[compact] wrote 1337796 objects -> /eos/user/y/yeo/4l/compact_pt50/AOD_eb_eq0.h5
=== AOD eb eq1 -> /eos/user/y/yeo/4l/compact_pt50/AOD_eb_eq1.h5 ===
[compact] wrote 263578 objects -> /eos/user/y/yeo/4l/compact_pt50/AOD_eb_eq1.h5
=== AOD ee all -> /eos/user/y/yeo/4l/compact_pt50/AOD_ee_all.h5 ===
[compact] wrote 1098271 objects -> /eos/user/y/yeo/4l/compact_pt50/AOD_ee_all.h5
=== AOD ee eq0 -> /eos/user/y/yeo/4l/compact_pt50/AOD_ee_eq0.h5 ===
[compact] wrote 1059139 objects -> /eos/user/y/yeo/4l/compact_pt50/AOD_ee_eq0.h5
=== AOD ee eq1 -> /eos/user/y/yeo/4l/compact_pt50/AOD_ee_eq1.h5 ===
[compact] wrote 52134 objects -> /eos/user/y/yeo/4l/compact_pt50/AOD_ee_eq1.h5
=== MiniAOD eb all -> /eos/user/y/yeo/4l/compact_pt50/MiniAOD_eb_all.h5 ===
[compact] wrote 1536949 objects -> /eos/user/y/yeo/4l/compact_pt50/MiniAOD_eb_all.h5
=== MiniAOD eb eq0 -> /eos/user/y/yeo/4l/compact_pt50/MiniAOD_eb_eq0.h5 ===
[compact] wrote 1349230 objects -> /eos/user/y/yeo/4l/compact_pt50/MiniAOD_eb_eq0.h5
=== MiniAOD eb eq1 -> /eos/user/y/yeo/4l/compact_pt50/MiniAOD_eb_eq1.h5 ===
[compact] wrote 206091 objects -> /eos/user/y/yeo/4l/compact_pt50/MiniAOD_eb_eq1.h5
=== MiniAOD ee all -> /eos/user/y/yeo/4l/compact_pt50/MiniAOD_ee_all.h5 ===
[compact] wrote 1098233 objects -> /eos/user/y/yeo/4l/compact_pt50/MiniAOD_ee_all.h5
=== MiniAOD ee eq0 -> /eos/user/y/yeo/4l/compact_pt50/MiniAOD_ee_eq0.h5 ===
[compact] wrote 1059857 objects -> /eos/user/y/yeo/4l/compact_pt50/MiniAOD_ee_eq0.h5
=== MiniAOD ee eq1 -> /eos/user/y/yeo/4l/compact_pt50/MiniAOD_ee_eq1.h5 ===
[compact] wrote 42590 objects -> /eos/user/y/yeo/4l/compact_pt50/MiniAOD_ee_eq1.h5
done.
[all done 12/12]
[done] Thu Jul 23 09:31:18 PM CEST 2026 final=12/12
