[launch] Wed Jul 22 07:20:56 AM CEST 2026 host=lxplus903.cern.ch
=== AOD all -> /eos/user/y/yeo/4l/weights/categories_pt50/AOD_all/category_weights.h5 ===
[scan] files=250
[scan] files=500
[scan] files=750
[scan] files=1000
[scan] files=1250
[scan] files=1500
[scan] files=1750
[scan] files=2000
[scan] files=2250
[scan] files=2500
[scan] files=2750
[scan] files=3000
[scan] files=3250
[scan] files=3500
[scan] files=3750
[scan] files=4000
[scan] files=4250
[scan] files=4500
[scan] files=4750
[scan] files=5000
[scan] files=5250
[scan] files=5500
[scan] files=5750
[scan] files=6000
[scan] files=6250
[scan] files=6500
[scan] files=6750
[scan] files=7000
[scan] files=7250
[scan] files=7500
[scan] files=7750
[scan] files=8000
[scan] files=8250
[scan] files=8500
[scan] files=8750
[scan] files=9000
[scan] files=9250
[scan] files=9500
[scan] files=9750
[saved] /eos/user/y/yeo/4l/weights/categories_pt50/AOD_all/category_weights.h5
=== AOD eq0 -> /eos/user/y/yeo/4l/weights/categories_pt50/AOD_eq0/category_weights.h5 ===
[scan] files=250
[scan] files=500
[scan] files=750
[scan] files=1000
[scan] files=1250
[scan] files=1500
[scan] files=1750
[scan] files=2000
[scan] files=2250
[scan] files=2500
[scan] files=2750
[scan] files=3000
[scan] files=3250
[scan] files=3500
[scan] files=3750
[scan] files=4000
[scan] files=4250
[scan] files=4500
[scan] files=4750
[scan] files=5000
[scan] files=5250
[scan] files=5500
[scan] files=5750
[scan] files=6000
[scan] files=6250
[scan] files=6500
[scan] files=6750
[scan] files=7000
[scan] files=7250
[scan] files=7500
[scan] files=7750
[scan] files=8000
[scan] files=8250
[scan] files=8500
[scan] files=8750
[scan] files=9000
[scan] files=9250
[scan] files=9500
[scan] files=9750
[saved] /eos/user/y/yeo/4l/weights/categories_pt50/AOD_eq0/category_weights.h5
=== AOD eq1 -> /eos/user/y/yeo/4l/weights/categories_pt50/AOD_eq1/category_weights.h5 ===
[scan] files=250
[scan] files=500
[scan] files=750
[scan] files=1000
[scan] files=1250
[scan] files=1500
[scan] files=1750
[scan] files=2000
[scan] files=2250
[scan] files=2500
[scan] files=2750
[scan] files=3000
[scan] files=3250
[scan] files=3500
[scan] files=3750
[scan] files=4000
[scan] files=4250
[scan] files=4500
[scan] files=4750
[scan] files=5000
[scan] files=5250
[scan] files=5500
[scan] files=5750
[scan] files=6000
[scan] files=6250
[scan] files=6500
[scan] files=6750
[scan] files=7000
[scan] files=7250
[scan] files=7500
[scan] files=7750
[scan] files=8000
[scan] files=8250
[scan] files=8500
[scan] files=8750
[scan] files=9000
[scan] files=9250
[scan] files=9500
[scan] files=9750
[saved] /eos/user/y/yeo/4l/weights/categories_pt50/AOD_eq1/category_weights.h5
=== MiniAOD all -> /eos/user/y/yeo/4l/weights/categories_pt50/MiniAOD_all/category_weights.h5 ===
[scan] files=250
[scan] files=500
[scan] files=750
[scan] files=1000
[scan] files=1250
[scan] files=1500
[scan] files=1750
[scan] files=2000
[scan] files=2250
[scan] files=2500
[scan] files=2750
[scan] files=3000
[scan] files=3250
[saved] /eos/user/y/yeo/4l/weights/categories_pt50/MiniAOD_all/category_weights.h5
=== MiniAOD eq0 -> /eos/user/y/yeo/4l/weights/categories_pt50/MiniAOD_eq0/category_weights.h5 ===
[scan] files=250
[scan] files=500
[scan] files=750
[scan] files=1000
[scan] files=1250
[scan] files=1500
[scan] files=1750
[scan] files=2000
[scan] files=2250
[scan] files=2500
[scan] files=2750
[scan] files=3000
[scan] files=3250
[saved] /eos/user/y/yeo/4l/weights/categories_pt50/MiniAOD_eq0/category_weights.h5
=== MiniAOD eq1 -> /eos/user/y/yeo/4l/weights/categories_pt50/MiniAOD_eq1/category_weights.h5 ===
[scan] files=250
[scan] files=500
[scan] files=750
[scan] files=1000
[scan] files=1250
[scan] files=1500
[scan] files=1750
[scan] files=2000
[scan] files=2250
[scan] files=2500
[scan] files=2750
[scan] files=3000
[scan] files=3250
[saved] /eos/user/y/yeo/4l/weights/categories_pt50/MiniAOD_eq1/category_weights.h5
done.
[done] Wed Jul 22 08:35:50 AM CEST 2026
