000 (17494396.001.000) 07/21 22:41:57 Job submitted from host: <188.185.114.121:9618?addrs=188.185.114.121-9618+[2001-1458-d00-a--100-273]-9618&alias=bigbird19.cern.ch&noUDP&sock=schedd_5837_4664>
...
040 (17494396.001.000) 07/21 23:17:50 Started transferring input files
	Transferring to host: <188.185.93.105:9618?addrs=188.185.93.105-9618+[2001-1458-d00-6c--100-172]-9618&alias=b9g57n4705.cern.ch&noUDP&sock=slot1_1_23413_5391_3090>
...
040 (17494396.001.000) 07/21 23:17:50 Finished transferring input files
...
001 (17494396.001.000) 07/21 23:17:50 Job executing on host: <188.185.93.105:9618?addrs=188.185.93.105-9618+[2001-1458-d00-6c--100-172]-9618&alias=b9g57n4705.cern.ch&noUDP&sock=startd_23369_c4cb>
	SlotName: slot1_1@b9g57n4705.cern.ch
	AvailableGPUs = { GPUs_GPU_4cb0c17c }
	CondorScratchDir = "/pool/condor/dir_737315"
	Cpus = 8
	Disk = 8389632
	GPUs = 1
	GPUs_GPU_4cb0c17c = [ Id = "GPU-4cb0c17c"; ClockMhz = 1410.0; Capability = 8.0; CoresPerCU = 64; DeviceName = "NVIDIA A100-PCIE-40GB"; DeviceUuid = "4cb0c17c-e986-12c3-223f-a139394373ed"; ECCEnabled = true; ComputeUnits = 108; NvidiaDriver = "610.43.02"; DriverVersion = 13.3; DevicePciBusId = "0000:06:00.0"; GlobalMemoryMb = 40465; MaxSupportedVersion = 13030 ]
	Memory = 24000
...
006 (17494396.001.000) 07/21 23:17:59 Image size of job updated: 47480
	47  -  MemoryUsage of job (MB)
	47480  -  ResidentSetSize of job (KB)
...
006 (17494396.001.000) 07/21 23:23:00 Image size of job updated: 4099024
	4003  -  MemoryUsage of job (MB)
	4099024  -  ResidentSetSize of job (KB)
...
006 (17494396.001.000) 07/21 23:28:00 Image size of job updated: 4303156
	4202  -  MemoryUsage of job (MB)
	4302332  -  ResidentSetSize of job (KB)
...
006 (17494396.001.000) 07/21 23:33:01 Image size of job updated: 4435480
	4327  -  MemoryUsage of job (MB)
	4430676  -  ResidentSetSize of job (KB)
...
006 (17494396.001.000) 07/21 23:38:01 Image size of job updated: 4560244
	4454  -  MemoryUsage of job (MB)
	4560244  -  ResidentSetSize of job (KB)
...
006 (17494396.001.000) 07/21 23:43:01 Image size of job updated: 4692924
	4583  -  MemoryUsage of job (MB)
	4692924  -  ResidentSetSize of job (KB)
...
006 (17494396.001.000) 07/21 23:48:02 Image size of job updated: 4819212
	4692  -  MemoryUsage of job (MB)
	4804496  -  ResidentSetSize of job (KB)
...
006 (17494396.001.000) 07/21 23:53:02 Image size of job updated: 4944624
	4829  -  MemoryUsage of job (MB)
	4944624  -  ResidentSetSize of job (KB)
...
006 (17494396.001.000) 07/21 23:58:02 Image size of job updated: 5124524
	5005  -  MemoryUsage of job (MB)
	5124524  -  ResidentSetSize of job (KB)
...
006 (17494396.001.000) 07/22 00:03:03 Image size of job updated: 5220120
	5098  -  MemoryUsage of job (MB)
	5220120  -  ResidentSetSize of job (KB)
...
006 (17494396.001.000) 07/22 00:08:03 Image size of job updated: 5346784
	5208  -  MemoryUsage of job (MB)
	5332240  -  ResidentSetSize of job (KB)
...
006 (17494396.001.000) 07/22 00:09:46 Image size of job updated: 5371824
	5220  -  MemoryUsage of job (MB)
	5345036  -  ResidentSetSize of job (KB)
...
040 (17494396.001.000) 07/22 00:09:46 Started transferring output files
...
040 (17494396.001.000) 07/22 00:09:46 Finished transferring output files
...
004 (17494396.001.000) 07/22 00:09:46 Job was evicted.
	(0) Job terminated and was requeued
		Usr 0 01:25:26, Sys 0 00:42:56  -  Run Remote Usage
		Usr 0 00:00:00, Sys 0 00:00:00  -  Run Local Usage
	3116  -  Run Bytes Sent By Job
	209654  -  Run Bytes Received By Job
	(1) Normal termination (return value 1)
	The job attribute OnExitRemove expression 'NumJobCompletions > JobMaxRetries || ExitCode =?= 0' evaluated to FALSE
...
040 (17494396.001.000) 07/22 00:10:18 Started transferring input files
	Transferring to host: <188.185.93.105:9618?addrs=188.185.93.105-9618+[2001-1458-d00-6c--100-172]-9618&alias=b9g57n4705.cern.ch&noUDP&sock=slot1_1_23413_5391_3116>
...
040 (17494396.001.000) 07/22 00:10:18 Finished transferring input files
...
001 (17494396.001.000) 07/22 00:10:18 Job executing on host: <188.185.93.105:9618?addrs=188.185.93.105-9618+[2001-1458-d00-6c--100-172]-9618&alias=b9g57n4705.cern.ch&noUDP&sock=startd_23369_c4cb>
	SlotName: slot1_1@b9g57n4705.cern.ch
	AvailableGPUs = { GPUs_GPU_4cb0c17c }
	CondorScratchDir = "/pool/condor/dir_742864"
	Cpus = 8
	Disk = 8389618
	GPUs = 1
	GPUs_GPU_4cb0c17c = [ Id = "GPU-4cb0c17c"; ClockMhz = 1410.0; Capability = 8.0; CoresPerCU = 64; DeviceName = "NVIDIA A100-PCIE-40GB"; DeviceUuid = "4cb0c17c-e986-12c3-223f-a139394373ed"; ECCEnabled = true; ComputeUnits = 108; NvidiaDriver = "610.43.02"; DriverVersion = 13.3; DevicePciBusId = "0000:06:00.0"; GlobalMemoryMb = 40465; MaxSupportedVersion = 13030 ]
	Memory = 24000
...
040 (17494396.001.000) 07/22 01:01:18 Started transferring output files
...
040 (17494396.001.000) 07/22 01:01:18 Finished transferring output files
...
004 (17494396.001.000) 07/22 01:01:18 Job was evicted.
	(0) Job terminated and was requeued
		Usr 0 01:25:30, Sys 0 00:42:58  -  Run Remote Usage
		Usr 0 00:00:00, Sys 0 00:00:00  -  Run Local Usage
	3116  -  Run Bytes Sent By Job
	209654  -  Run Bytes Received By Job
	(1) Normal termination (return value 1)
	The job attribute OnExitRemove expression 'NumJobCompletions > JobMaxRetries || ExitCode =?= 0' evaluated to FALSE
...
040 (17494396.001.000) 07/22 01:10:24 Started transferring input files
	Transferring to host: <188.185.190.108:9618?addrs=188.185.190.108-9618+[2001-1458-d03-b--100-2ff]-9618&alias=b9pgpun015.cern.ch&noUDP&sock=slot1_2_24793_a949_4865>
...
040 (17494396.001.000) 07/22 01:10:24 Finished transferring input files
...
001 (17494396.001.000) 07/22 01:10:24 Job executing on host: <188.185.190.108:9618?addrs=188.185.190.108-9618+[2001-1458-d03-b--100-2ff]-9618&alias=b9pgpun015.cern.ch&noUDP&sock=startd_23809_9277>
	SlotName: slot1_2@b9pgpun015.cern.ch
	AvailableGPUs = { GPUs_GPU_8419873c }
	CondorScratchDir = "/pool/condor/dir_478625"
	Cpus = 8
	Disk = 8394781
	GPUs = 1
	GPUs_GPU_8419873c = [ Id = "GPU-8419873c"; ClockMhz = 1785.0; Capability = 9.0; CoresPerCU = 128; DeviceName = "NVIDIA H100 NVL"; DeviceUuid = "8419873c-22dc-83cd-5a57-5735ab9510a1"; ECCEnabled = true; ComputeUnits = 132; NvidiaDriver = "610.43.02"; DriverVersion = 13.3; DevicePciBusId = "0000:3B:00.0"; GlobalMemoryMb = 95312; MaxSupportedVersion = 13030 ]
	Memory = 24000
...
040 (17494396.001.000) 07/22 01:33:02 Started transferring output files
...
040 (17494396.001.000) 07/22 01:33:02 Finished transferring output files
...
004 (17494396.001.000) 07/22 01:33:02 Job was evicted.
	(0) Job terminated and was requeued
		Usr 0 00:50:20, Sys 0 00:09:28  -  Run Remote Usage
		Usr 0 00:00:00, Sys 0 00:00:00  -  Run Local Usage
	3116  -  Run Bytes Sent By Job
	209654  -  Run Bytes Received By Job
	(1) Normal termination (return value 1)
	The job attribute OnExitRemove expression 'NumJobCompletions > JobMaxRetries || ExitCode =?= 0' evaluated to FALSE
...
040 (17494396.001.000) 07/22 01:33:38 Started transferring input files
	Transferring to host: <188.185.92.156:9618?addrs=188.185.92.156-9618+[2001-1458-d00-6c--100-10]-9618&alias=b9g57n5454.cern.ch&noUDP&sock=slot1_1_17238_7af6_3150>
...
040 (17494396.001.000) 07/22 01:33:38 Finished transferring input files
...
001 (17494396.001.000) 07/22 01:33:38 Job executing on host: <188.185.92.156:9618?addrs=188.185.92.156-9618+[2001-1458-d00-6c--100-10]-9618&alias=b9g57n5454.cern.ch&noUDP&sock=startd_16204_2cb8>
	SlotName: slot1_1@b9g57n5454.cern.ch
	AvailableGPUs = { GPUs_GPU_d2642622 }
	CondorScratchDir = "/pool/condor/dir_773306"
	Cpus = 8
	Disk = 8389632
	GPUs = 1
	GPUs_GPU_d2642622 = [ Id = "GPU-d2642622"; ClockMhz = 1410.0; Capability = 8.0; CoresPerCU = 64; DeviceName = "NVIDIA A100-PCIE-40GB"; DeviceUuid = "d2642622-6ee9-8711-70c1-34935a235a2a"; ECCEnabled = true; ComputeUnits = 108; NvidiaDriver = "610.43.02"; DriverVersion = 13.3; DevicePciBusId = "0000:06:00.0"; GlobalMemoryMb = 40465; MaxSupportedVersion = 13030 ]
	Memory = 24000
...
040 (17494396.001.000) 07/22 02:21:12 Started transferring output files
...
040 (17494396.001.000) 07/22 02:21:12 Finished transferring output files
...
005 (17494396.001.000) 07/22 02:21:12 Job terminated.
	(1) Normal termination (return value 1)
		Usr 0 01:18:32, Sys 0 00:39:25  -  Run Remote Usage
		Usr 0 00:00:00, Sys 0 00:00:00  -  Run Local Usage
		Usr 0 04:59:48, Sys 0 02:14:47  -  Total Remote Usage
		Usr 0 00:00:00, Sys 0 00:00:00  -  Total Local Usage
	3116  -  Run Bytes Sent By Job
	209654  -  Run Bytes Received By Job
	12464  -  Total Bytes Sent By Job
	838616  -  Total Bytes Received By Job
	Partitionable Resources :      Usage  Request Allocated Assigned
	   Cpus                 :       2.63        8         8 
	   Disk (KB)            : 1364621     8388608   8389632 
	   GPUs                 :       0.55        1         1 "GPU-d2642622"
	   GpusMemory (MB)      :    2763                       
	   Memory (MB)          :    7325       24000     24000 
	   TimeExecute (s)      :    2854                       
	   TimeSlotBusy (s)     :    2854                       
...
