000 (17489705.002.000) 07/20 22:06:04 Job submitted from host: <188.185.114.121:9618?addrs=188.185.114.121-9618+[2001-1458-d00-a--100-273]-9618&alias=bigbird19.cern.ch&noUDP&sock=schedd_5837_4664>
...
040 (17489705.002.000) 07/20 22:18:43 Started transferring input files
	Transferring to host: <188.185.92.239:9618?addrs=188.185.92.239-9618+[2001-1458-d00-6c--100-17f]-9618&alias=b9g57n0920.cern.ch&noUDP&sock=slot1_1_23007_4341_384>
...
040 (17489705.002.000) 07/20 22:18:43 Finished transferring input files
...
001 (17489705.002.000) 07/20 22:18:43 Job executing on host: <188.185.92.239:9618?addrs=188.185.92.239-9618+[2001-1458-d00-6c--100-17f]-9618&alias=b9g57n0920.cern.ch&noUDP&sock=startd_22463_53fd>
	SlotName: slot1_1@b9g57n0920.cern.ch
	AvailableGPUs = { GPUs_GPU_8d43ad94 }
	CondorScratchDir = "/pool/condor/dir_108270"
	Cpus = 8
	Disk = 8389563
	GPUs = 1
	GPUs_GPU_8d43ad94 = [ Id = "GPU-8d43ad94"; ClockMhz = 1410.0; Capability = 8.0; CoresPerCU = 64; DeviceName = "NVIDIA A100-PCIE-40GB"; DeviceUuid = "8d43ad94-828d-2bc1-1e6a-26c0665e1e4d"; ECCEnabled = true; ComputeUnits = 108; NvidiaDriver = "610.43.02"; DriverVersion = 13.3; DevicePciBusId = "0000:06:00.0"; GlobalMemoryMb = 40465; MaxSupportedVersion = 13030 ]
	Memory = 24000
...
006 (17489705.002.000) 07/20 22:18:51 Image size of job updated: 194308
	190  -  MemoryUsage of job (MB)
	194308  -  ResidentSetSize of job (KB)
...
006 (17489705.002.000) 07/20 22:23:51 Image size of job updated: 4178192
	4081  -  MemoryUsage of job (MB)
	4178192  -  ResidentSetSize of job (KB)
...
006 (17489705.002.000) 07/20 22:28:52 Image size of job updated: 4415368
	4312  -  MemoryUsage of job (MB)
	4415368  -  ResidentSetSize of job (KB)
...
006 (17489705.002.000) 07/20 22:33:52 Image size of job updated: 4556340
	4424  -  MemoryUsage of job (MB)
	4529976  -  ResidentSetSize of job (KB)
...
006 (17489705.002.000) 07/20 22:38:53 Image size of job updated: 4673676
	4565  -  MemoryUsage of job (MB)
	4673676  -  ResidentSetSize of job (KB)
...
006 (17489705.002.000) 07/20 22:43:54 Image size of job updated: 4827788
	4715  -  MemoryUsage of job (MB)
	4827788  -  ResidentSetSize of job (KB)
...
006 (17489705.002.000) 07/20 22:48:54 Image size of job updated: 4961816
	4846  -  MemoryUsage of job (MB)
	4961816  -  ResidentSetSize of job (KB)
...
006 (17489705.002.000) 07/20 22:53:55 Image size of job updated: 5086376
	4968  -  MemoryUsage of job (MB)
	5086376  -  ResidentSetSize of job (KB)
...
006 (17489705.002.000) 07/20 22:58:56 Image size of job updated: 5223568
	5102  -  MemoryUsage of job (MB)
	5223568  -  ResidentSetSize of job (KB)
...
006 (17489705.002.000) 07/20 23:03:56 Image size of job updated: 5383708
	5249  -  MemoryUsage of job (MB)
	5374664  -  ResidentSetSize of job (KB)
...
006 (17489705.002.000) 07/20 23:08:57 Image size of job updated: 5534760
	5370  -  MemoryUsage of job (MB)
	5498692  -  ResidentSetSize of job (KB)
...
006 (17489705.002.000) 07/20 23:13:58 Image size of job updated: 5648836
	5508  -  MemoryUsage of job (MB)
	5639876  -  ResidentSetSize of job (KB)
...
006 (17489705.002.000) 07/20 23:18:58 Image size of job updated: 5773760
	5639  -  MemoryUsage of job (MB)
	5773760  -  ResidentSetSize of job (KB)
...
006 (17489705.002.000) 07/20 23:23:59 Image size of job updated: 5907828
	5767  -  MemoryUsage of job (MB)
	5904576  -  ResidentSetSize of job (KB)
...
006 (17489705.002.000) 07/20 23:25:18 Image size of job updated: 5920404
	5770  -  MemoryUsage of job (MB)
	5908120  -  ResidentSetSize of job (KB)
...
040 (17489705.002.000) 07/20 23:25:18 Started transferring output files
...
040 (17489705.002.000) 07/20 23:25:18 Finished transferring output files
...
004 (17489705.002.000) 07/20 23:25:18 Job was evicted.
	(0) Job terminated and was requeued
		Usr 0 02:13:09, Sys 0 00:51:52  -  Run Remote Usage
		Usr 0 00:00:00, Sys 0 00:00:00  -  Run Local Usage
	3144  -  Run Bytes Sent By Job
	208293  -  Run Bytes Received By Job
	(1) Normal termination (return value 1)
	The job attribute OnExitRemove expression 'NumJobCompletions > JobMaxRetries || ExitCode =?= 0' evaluated to FALSE
...
040 (17489705.002.000) 07/20 23:27:38 Started transferring input files
	Transferring to host: <188.185.92.239:9618?addrs=188.185.92.239-9618+[2001-1458-d00-6c--100-17f]-9618&alias=b9g57n0920.cern.ch&noUDP&sock=slot1_1_23007_4341_421>
...
040 (17489705.002.000) 07/20 23:27:38 Finished transferring input files
...
001 (17489705.002.000) 07/20 23:27:38 Job executing on host: <188.185.92.239:9618?addrs=188.185.92.239-9618+[2001-1458-d00-6c--100-17f]-9618&alias=b9g57n0920.cern.ch&noUDP&sock=startd_22463_53fd>
	SlotName: slot1_1@b9g57n0920.cern.ch
	AvailableGPUs = { GPUs_GPU_8d43ad94 }
	CondorScratchDir = "/pool/condor/dir_113316"
	Cpus = 8
	Disk = 8389759
	GPUs = 1
	GPUs_GPU_8d43ad94 = [ Id = "GPU-8d43ad94"; ClockMhz = 1410.0; Capability = 8.0; CoresPerCU = 64; DeviceName = "NVIDIA A100-PCIE-40GB"; DeviceUuid = "8d43ad94-828d-2bc1-1e6a-26c0665e1e4d"; ECCEnabled = true; ComputeUnits = 108; NvidiaDriver = "610.43.02"; DriverVersion = 13.3; DevicePciBusId = "0000:06:00.0"; GlobalMemoryMb = 40465; MaxSupportedVersion = 13030 ]
	Memory = 24000
...
040 (17489705.002.000) 07/21 00:34:18 Started transferring output files
...
040 (17489705.002.000) 07/21 00:34:18 Finished transferring output files
...
004 (17489705.002.000) 07/21 00:34:20 Job was evicted.
	(0) Job terminated and was requeued
		Usr 0 02:13:21, Sys 0 00:52:06  -  Run Remote Usage
		Usr 0 00:00:00, Sys 0 00:00:00  -  Run Local Usage
	3144  -  Run Bytes Sent By Job
	208293  -  Run Bytes Received By Job
	(1) Normal termination (return value 1)
	The job attribute OnExitRemove expression 'NumJobCompletions > JobMaxRetries || ExitCode =?= 0' evaluated to FALSE
...
040 (17489705.002.000) 07/21 00:43:08 Started transferring input files
	Transferring to host: <188.185.92.49:9618?addrs=188.185.92.49-9618+[2001-1458-d00-6c--100-1fe]-9618&alias=b9g57n2594.cern.ch&noUDP&sock=slot1_1_20420_7cb7_2430>
...
040 (17489705.002.000) 07/21 00:43:08 Finished transferring input files
...
001 (17489705.002.000) 07/21 00:43:09 Job executing on host: <188.185.92.49:9618?addrs=188.185.92.49-9618+[2001-1458-d00-6c--100-1fe]-9618&alias=b9g57n2594.cern.ch&noUDP&sock=startd_19746_b12b>
	SlotName: slot1_1@b9g57n2594.cern.ch
	AvailableGPUs = { GPUs_GPU_f9650dc5 }
	CondorScratchDir = "/pool/condor/dir_475302"
	Cpus = 8
	Disk = 8389634
	GPUs = 1
	GPUs_GPU_f9650dc5 = [ Id = "GPU-f9650dc5"; ClockMhz = 1410.0; Capability = 8.0; CoresPerCU = 64; DeviceName = "NVIDIA A100-PCIE-40GB"; DeviceUuid = "f9650dc5-3e28-19ee-e3e7-01f95cfb3164"; ECCEnabled = true; ComputeUnits = 108; NvidiaDriver = "610.43.02"; DriverVersion = 13.3; DevicePciBusId = "0000:06:00.0"; GlobalMemoryMb = 40465; MaxSupportedVersion = 13030 ]
	Memory = 24000
...
040 (17489705.002.000) 07/21 01:48:59 Started transferring output files
...
040 (17489705.002.000) 07/21 01:48:59 Finished transferring output files
...
004 (17489705.002.000) 07/21 01:49:00 Job was evicted.
	(0) Job terminated and was requeued
		Usr 0 02:09:02, Sys 0 00:54:27  -  Run Remote Usage
		Usr 0 00:00:00, Sys 0 00:00:00  -  Run Local Usage
	3144  -  Run Bytes Sent By Job
	208293  -  Run Bytes Received By Job
	(1) Normal termination (return value 1)
	The job attribute OnExitRemove expression 'NumJobCompletions > JobMaxRetries || ExitCode =?= 0' evaluated to FALSE
...
040 (17489705.002.000) 07/21 02:18:42 Started transferring input files
	Transferring to host: <188.185.93.208:9618?addrs=188.185.93.208-9618+[2001-1458-d00-6c--100-e9]-9618&alias=b9g57n3665.cern.ch&noUDP&sock=slot1_1_4258_e566_4434>
...
040 (17489705.002.000) 07/21 02:18:42 Finished transferring input files
...
001 (17489705.002.000) 07/21 02:18:42 Job executing on host: <188.185.93.208:9618?addrs=188.185.93.208-9618+[2001-1458-d00-6c--100-e9]-9618&alias=b9g57n3665.cern.ch&noUDP&sock=startd_3993_71c1>
	SlotName: slot1_1@b9g57n3665.cern.ch
	AvailableGPUs = { GPUs_GPU_836178fb }
	CondorScratchDir = "/pool/condor/dir_1085915"
	Cpus = 8
	Disk = 8389613
	GPUs = 1
	GPUs_GPU_836178fb = [ Id = "GPU-836178fb"; ClockMhz = 1410.0; Capability = 8.0; CoresPerCU = 64; DeviceName = "NVIDIA A100-PCIE-40GB"; DeviceUuid = "836178fb-b193-b354-8ad9-dc95f395b443"; ECCEnabled = true; ComputeUnits = 108; NvidiaDriver = "610.43.02"; DriverVersion = 13.3; DevicePciBusId = "0000:06:00.0"; GlobalMemoryMb = 40465; MaxSupportedVersion = 13030 ]
	Memory = 24000
...
040 (17489705.002.000) 07/21 03:32:10 Started transferring output files
...
040 (17489705.002.000) 07/21 03:32:10 Finished transferring output files
...
005 (17489705.002.000) 07/21 03:32:10 Job terminated.
	(1) Normal termination (return value 1)
		Usr 0 02:25:16, Sys 0 00:56:53  -  Run Remote Usage
		Usr 0 00:00:00, Sys 0 00:00:00  -  Run Local Usage
		Usr 0 09:00:48, Sys 0 03:35:18  -  Total Remote Usage
		Usr 0 00:00:00, Sys 0 00:00:00  -  Total Local Usage
	3151  -  Run Bytes Sent By Job
	208293  -  Run Bytes Received By Job
	12583  -  Total Bytes Sent By Job
	833172  -  Total Bytes Received By Job
	Partitionable Resources :      Usage  Request Allocated Assigned
	   Cpus                 :       2.77        8         8 
	   Disk (KB)            : 1230462     8388608   8389613 
	   GPUs                 :       0.44        1         1 "GPU-836178fb"
	   GpusMemory (MB)      :    2763                       
	   Memory (MB)          :    7325       24000     24000 
	   TimeExecute (s)      :    4408                       
	   TimeSlotBusy (s)     :    4409                       
...
