000 (17134929.001.000) 07/09 12:26:26 Job submitted from host: <188.185.114.121:9618?addrs=188.185.114.121-9618+[2001-1458-d00-a--100-273]-9618&alias=bigbird19.cern.ch&noUDP&sock=schedd_5103_cfe0>
...
040 (17134929.001.000) 07/09 19:12:25 Started transferring input files
	Transferring to host: <188.185.92.239:9618?addrs=188.185.92.239-9618+[2001-1458-d00-6c--100-17f]-9618&alias=b9g57n0920.cern.ch&noUDP&sock=slot1_1_9532_e7fd_19283>
...
040 (17134929.001.000) 07/09 19:12:26 Finished transferring input files
...
001 (17134929.001.000) 07/09 19:12:26 Job executing on host: <188.185.92.239:9618?addrs=188.185.92.239-9618+[2001-1458-d00-6c--100-17f]-9618&alias=b9g57n0920.cern.ch&noUDP&sock=startd_9486_2f7a>
	SlotName: slot1_1@b9g57n0920.cern.ch
	AvailableGPUs = { GPUs_GPU_8d43ad94 }
	CondorScratchDir = "/pool/condor/dir_3653168"
	Cpus = 8
	Disk = 8389632
	GPUs = 1
	GPUs_GPU_8d43ad94 = [ Id = "GPU-8d43ad94"; ClockMhz = 1410.0; Capability = 8.0; CoresPerCU = 64; DeviceName = "NVIDIA A100-PCIE-40GB"; DeviceUuid = "8d43ad94-828d-2bc1-1e6a-26c0665e1e4d"; ECCEnabled = true; ComputeUnits = 108; DriverVersion = 13.0; DevicePciBusId = "0000:06:00.0"; GlobalMemoryMb = 40441; MaxSupportedVersion = 13000 ]
	Memory = 24000
...
006 (17134929.001.000) 07/09 19:12:40 Image size of job updated: 165652
	162  -  MemoryUsage of job (MB)
	165652  -  ResidentSetSize of job (KB)
...
006 (17134929.001.000) 07/09 19:17:41 Image size of job updated: 3138608
	3017  -  MemoryUsage of job (MB)
	3089204  -  ResidentSetSize of job (KB)
...
006 (17134929.001.000) 07/09 19:22:41 Image size of job updated: 3366980
	3281  -  MemoryUsage of job (MB)
	3358924  -  ResidentSetSize of job (KB)
...
006 (17134929.001.000) 07/09 19:27:41 Image size of job updated: 3578940
	3380  -  MemoryUsage of job (MB)
	3461108  -  ResidentSetSize of job (KB)
...
006 (17134929.001.000) 07/09 19:32:42 Image size of job updated: 3584268
	3484  -  MemoryUsage of job (MB)
	3566760  -  ResidentSetSize of job (KB)
...
006 (17134929.001.000) 07/09 19:37:43 Image size of job updated: 3696932
	3523  -  MemoryUsage of job (MB)
	3606664  -  ResidentSetSize of job (KB)
...
006 (17134929.001.000) 07/09 19:42:43 Image size of job updated: 4024948
	3679  -  MemoryUsage of job (MB)
	3766324  -  ResidentSetSize of job (KB)
...
006 (17134929.001.000) 07/09 19:47:44 Image size of job updated: 5512976
	5009  -  MemoryUsage of job (MB)
	5128428  -  ResidentSetSize of job (KB)
...
006 (17134929.001.000) 07/09 19:52:45 Image size of job updated: 5512976
	5122  -  MemoryUsage of job (MB)
	5243948  -  ResidentSetSize of job (KB)
...
006 (17134929.001.000) 07/09 19:57:45 Image size of job updated: 5512976
	5227  -  MemoryUsage of job (MB)
	5351928  -  ResidentSetSize of job (KB)
...
006 (17134929.001.000) 07/09 20:07:47 Image size of job updated: 5512976
	5277  -  MemoryUsage of job (MB)
	5403332  -  ResidentSetSize of job (KB)
...
006 (17134929.001.000) 07/09 20:12:47 Image size of job updated: 5512976
	5297  -  MemoryUsage of job (MB)
	5423812  -  ResidentSetSize of job (KB)
...
006 (17134929.001.000) 07/09 20:17:47 Image size of job updated: 5971160
	5832  -  MemoryUsage of job (MB)
	5971160  -  ResidentSetSize of job (KB)
...
006 (17134929.001.000) 07/09 20:22:48 Image size of job updated: 6391400
	5835  -  MemoryUsage of job (MB)
	5974232  -  ResidentSetSize of job (KB)
...
006 (17134929.001.000) 07/09 21:32:56 Image size of job updated: 6391400
	6108  -  MemoryUsage of job (MB)
	6254096  -  ResidentSetSize of job (KB)
...
006 (17134929.001.000) 07/09 21:37:57 Image size of job updated: 6391400
	6111  -  MemoryUsage of job (MB)
	6257168  -  ResidentSetSize of job (KB)
...
006 (17134929.001.000) 07/09 22:13:02 Image size of job updated: 6391400
	6205  -  MemoryUsage of job (MB)
	6353776  -  ResidentSetSize of job (KB)
...
006 (17134929.001.000) 07/09 22:18:02 Image size of job updated: 6478984
	6208  -  MemoryUsage of job (MB)
	6356184  -  ResidentSetSize of job (KB)
...
006 (17134929.001.000) 07/09 22:58:05 Image size of job updated: 6505612
	6208  -  MemoryUsage of job (MB)
	6356184  -  ResidentSetSize of job (KB)
...
006 (17134929.001.000) 07/09 23:33:09 Image size of job updated: 6676412
	6475  -  MemoryUsage of job (MB)
	6629988  -  ResidentSetSize of job (KB)
...
006 (17134929.001.000) 07/09 23:38:09 Image size of job updated: 6685032
	6475  -  MemoryUsage of job (MB)
	6629988  -  ResidentSetSize of job (KB)
...
006 (17134929.001.000) 07/10 00:13:14 Image size of job updated: 6685032
	6510  -  MemoryUsage of job (MB)
	6665776  -  ResidentSetSize of job (KB)
...
006 (17134929.001.000) 07/10 00:18:14 Image size of job updated: 6720676
	6522  -  MemoryUsage of job (MB)
	6678112  -  ResidentSetSize of job (KB)
...
006 (17134929.001.000) 07/10 00:53:16 Image size of job updated: 6795960
	6540  -  MemoryUsage of job (MB)
	6696180  -  ResidentSetSize of job (KB)
...
006 (17134929.001.000) 07/10 00:58:17 Image size of job updated: 6825144
	6541  -  MemoryUsage of job (MB)
	6697608  -  ResidentSetSize of job (KB)
...
006 (17134929.001.000) 07/10 01:28:20 Image size of job updated: 6825144
	6559  -  MemoryUsage of job (MB)
	6715888  -  ResidentSetSize of job (KB)
...
006 (17134929.001.000) 07/10 02:13:23 Image size of job updated: 6883624
	6651  -  MemoryUsage of job (MB)
	6810320  -  ResidentSetSize of job (KB)
...
006 (17134929.001.000) 07/10 02:18:24 Image size of job updated: 6897676
	6651  -  MemoryUsage of job (MB)
	6810320  -  ResidentSetSize of job (KB)
...
006 (17134929.001.000) 07/10 02:58:28 Image size of job updated: 6941912
	6700  -  MemoryUsage of job (MB)
	6860700  -  ResidentSetSize of job (KB)
...
006 (17134929.001.000) 07/10 03:43:33 Image size of job updated: 7042896
	6700  -  MemoryUsage of job (MB)
	6860700  -  ResidentSetSize of job (KB)
...
006 (17134929.001.000) 07/10 04:28:36 Image size of job updated: 7135332
	6700  -  MemoryUsage of job (MB)
	6860700  -  ResidentSetSize of job (KB)
...
006 (17134929.001.000) 07/10 05:13:41 Image size of job updated: 7137648
	6700  -  MemoryUsage of job (MB)
	6860700  -  ResidentSetSize of job (KB)
...
006 (17134929.001.000) 07/10 05:53:47 Image size of job updated: 7264812
	6700  -  MemoryUsage of job (MB)
	6860700  -  ResidentSetSize of job (KB)
...
006 (17134929.001.000) 07/10 06:33:49 Image size of job updated: 7284060
	6700  -  MemoryUsage of job (MB)
	6860700  -  ResidentSetSize of job (KB)
...
006 (17134929.001.000) 07/10 06:53:52 Image size of job updated: 7328000
	6700  -  MemoryUsage of job (MB)
	6860700  -  ResidentSetSize of job (KB)
...
006 (17134929.001.000) 07/10 07:13:55 Image size of job updated: 7411100
	6700  -  MemoryUsage of job (MB)
	6860700  -  ResidentSetSize of job (KB)
...
006 (17134929.001.000) 07/10 07:58:59 Image size of job updated: 7429764
	6700  -  MemoryUsage of job (MB)
	6860700  -  ResidentSetSize of job (KB)
...
006 (17134929.001.000) 07/10 08:04:00 Image size of job updated: 7429764
	6737  -  MemoryUsage of job (MB)
	6898264  -  ResidentSetSize of job (KB)
...
006 (17134929.001.000) 07/10 08:09:00 Image size of job updated: 7429764
	6740  -  MemoryUsage of job (MB)
	6900788  -  ResidentSetSize of job (KB)
...
006 (17134929.001.000) 07/10 08:19:02 Image size of job updated: 7493916
	6740  -  MemoryUsage of job (MB)
	6900788  -  ResidentSetSize of job (KB)
...
006 (17134929.001.000) 07/10 08:39:04 Image size of job updated: 7493916
	7156  -  MemoryUsage of job (MB)
	7327088  -  ResidentSetSize of job (KB)
...
006 (17134929.001.000) 07/10 08:44:05 Image size of job updated: 7496272
	7156  -  MemoryUsage of job (MB)
	7327088  -  ResidentSetSize of job (KB)
...
006 (17134929.001.000) 07/10 09:24:10 Image size of job updated: 7566588
	7180  -  MemoryUsage of job (MB)
	7351412  -  ResidentSetSize of job (KB)
...
006 (17134929.001.000) 07/10 09:29:11 Image size of job updated: 7624416
	7182  -  MemoryUsage of job (MB)
	7354032  -  ResidentSetSize of job (KB)
...
006 (17134929.001.000) 07/10 10:09:16 Image size of job updated: 7624416
	7425  -  MemoryUsage of job (MB)
	7602464  -  ResidentSetSize of job (KB)
...
006 (17134929.001.000) 07/10 10:15:37 Image size of job updated: 7624416
	7428  -  MemoryUsage of job (MB)
	7605536  -  ResidentSetSize of job (KB)
...
006 (17134929.001.000) 07/10 10:54:40 Image size of job updated: 7760740
	7428  -  MemoryUsage of job (MB)
	7605536  -  ResidentSetSize of job (KB)
...
006 (17134929.001.000) 07/10 11:39:44 Image size of job updated: 7864376
	7428  -  MemoryUsage of job (MB)
	7605536  -  ResidentSetSize of job (KB)
...
006 (17134929.001.000) 07/10 12:14:46 Image size of job updated: 7894712
	7428  -  MemoryUsage of job (MB)
	7605536  -  ResidentSetSize of job (KB)
...
006 (17134929.001.000) 07/10 12:19:47 Image size of job updated: 7982744
	7666  -  MemoryUsage of job (MB)
	7849188  -  ResidentSetSize of job (KB)
...
006 (17134929.001.000) 07/10 12:59:52 Image size of job updated: 7982744
	7723  -  MemoryUsage of job (MB)
	7907660  -  ResidentSetSize of job (KB)
...
006 (17134929.001.000) 07/10 13:04:53 Image size of job updated: 7985640
	7723  -  MemoryUsage of job (MB)
	7907660  -  ResidentSetSize of job (KB)
...
006 (17134929.001.000) 07/10 13:59:58 Image size of job updated: 8018220
	7723  -  MemoryUsage of job (MB)
	7907660  -  ResidentSetSize of job (KB)
...
006 (17134929.001.000) 07/10 14:04:58 Image size of job updated: 8033748
	7723  -  MemoryUsage of job (MB)
	7907660  -  ResidentSetSize of job (KB)
...
006 (17134929.001.000) 07/10 14:15:00 Image size of job updated: 8033748
	7725  -  MemoryUsage of job (MB)
	7910136  -  ResidentSetSize of job (KB)
...
006 (17134929.001.000) 07/10 14:20:00 Image size of job updated: 8033748
	7747  -  MemoryUsage of job (MB)
	7932028  -  ResidentSetSize of job (KB)
...
006 (17134929.001.000) 07/10 14:40:03 Image size of job updated: 8081012
	7747  -  MemoryUsage of job (MB)
	7932028  -  ResidentSetSize of job (KB)
...
006 (17134929.001.000) 07/10 14:45:04 Image size of job updated: 8081012
	7879  -  MemoryUsage of job (MB)
	8067252  -  ResidentSetSize of job (KB)
...
006 (17134929.001.000) 07/10 14:50:04 Image size of job updated: 8081012
	7885  -  MemoryUsage of job (MB)
	8073396  -  ResidentSetSize of job (KB)
...
006 (17134929.001.000) 07/10 15:00:06 Image size of job updated: 8122252
	7885  -  MemoryUsage of job (MB)
	8073396  -  ResidentSetSize of job (KB)
...
006 (17134929.001.000) 07/10 15:20:07 Image size of job updated: 8129128
	7885  -  MemoryUsage of job (MB)
	8073396  -  ResidentSetSize of job (KB)
...
006 (17134929.001.000) 07/10 15:40:08 Image size of job updated: 8199612
	7885  -  MemoryUsage of job (MB)
	8073396  -  ResidentSetSize of job (KB)
...
006 (17134929.001.000) 07/10 16:10:10 Image size of job updated: 8246984
	7885  -  MemoryUsage of job (MB)
	8073396  -  ResidentSetSize of job (KB)
...
006 (17134929.001.000) 07/10 17:00:14 Image size of job updated: 8316484
	7885  -  MemoryUsage of job (MB)
	8073396  -  ResidentSetSize of job (KB)
...
006 (17134929.001.000) 07/10 17:05:14 Image size of job updated: 8373360
	7885  -  MemoryUsage of job (MB)
	8073396  -  ResidentSetSize of job (KB)
...
006 (17134929.001.000) 07/10 17:40:16 Image size of job updated: 8436644
	8142  -  MemoryUsage of job (MB)
	8337008  -  ResidentSetSize of job (KB)
...
006 (17134929.001.000) 07/10 18:30:21 Image size of job updated: 8440752
	8142  -  MemoryUsage of job (MB)
	8337008  -  ResidentSetSize of job (KB)
...
006 (17134929.001.000) 07/10 18:55:24 Image size of job updated: 8486228
	8210  -  MemoryUsage of job (MB)
	8406584  -  ResidentSetSize of job (KB)
...
006 (17134929.001.000) 07/10 19:30:28 Image size of job updated: 8507356
	8293  -  MemoryUsage of job (MB)
	8491448  -  ResidentSetSize of job (KB)
...
006 (17134929.001.000) 07/10 19:35:29 Image size of job updated: 8545852
	8293  -  MemoryUsage of job (MB)
	8491448  -  ResidentSetSize of job (KB)
...
006 (17134929.001.000) 07/10 20:05:32 Image size of job updated: 8676188
	8415  -  MemoryUsage of job (MB)
	8616560  -  ResidentSetSize of job (KB)
...
006 (17134929.001.000) 07/10 20:40:35 Image size of job updated: 8752716
	8415  -  MemoryUsage of job (MB)
	8616560  -  ResidentSetSize of job (KB)
...
006 (17134929.001.000) 07/10 21:05:38 Image size of job updated: 8773092
	8415  -  MemoryUsage of job (MB)
	8616560  -  ResidentSetSize of job (KB)
...
006 (17134929.001.000) 07/10 21:15:39 Image size of job updated: 8791116
	8415  -  MemoryUsage of job (MB)
	8616560  -  ResidentSetSize of job (KB)
...
006 (17134929.001.000) 07/10 21:30:40 Image size of job updated: 8830292
	8415  -  MemoryUsage of job (MB)
	8616560  -  ResidentSetSize of job (KB)
...
006 (17134929.001.000) 07/10 21:45:41 Image size of job updated: 8897760
	8530  -  MemoryUsage of job (MB)
	8734140  -  ResidentSetSize of job (KB)
...
006 (17134929.001.000) 07/10 21:50:42 Image size of job updated: 8897760
	8538  -  MemoryUsage of job (MB)
	8742752  -  ResidentSetSize of job (KB)
...
006 (17134929.001.000) 07/10 22:20:45 Image size of job updated: 8938012
	8646  -  MemoryUsage of job (MB)
	8853376  -  ResidentSetSize of job (KB)
...
006 (17134929.001.000) 07/10 22:25:45 Image size of job updated: 8938012
	8656  -  MemoryUsage of job (MB)
	8862844  -  ResidentSetSize of job (KB)
...
006 (17134929.001.000) 07/10 22:55:49 Image size of job updated: 8996260
	8656  -  MemoryUsage of job (MB)
	8862844  -  ResidentSetSize of job (KB)
...
006 (17134929.001.000) 07/10 23:30:52 Image size of job updated: 9093992
	8656  -  MemoryUsage of job (MB)
	8862844  -  ResidentSetSize of job (KB)
...
006 (17134929.001.000) 07/11 00:00:56 Image size of job updated: 9125368
	8765  -  MemoryUsage of job (MB)
	8974468  -  ResidentSetSize of job (KB)
...
006 (17134929.001.000) 07/11 00:05:56 Image size of job updated: 9139520
	8765  -  MemoryUsage of job (MB)
	8974468  -  ResidentSetSize of job (KB)
...
006 (17134929.001.000) 07/11 00:25:57 Image size of job updated: 9152832
	8765  -  MemoryUsage of job (MB)
	8974468  -  ResidentSetSize of job (KB)
...
006 (17134929.001.000) 07/11 00:35:58 Image size of job updated: 9181236
	8875  -  MemoryUsage of job (MB)
	9087016  -  ResidentSetSize of job (KB)
...
006 (17134929.001.000) 07/11 00:40:58 Image size of job updated: 9188668
	8877  -  MemoryUsage of job (MB)
	9089268  -  ResidentSetSize of job (KB)
...
006 (17134929.001.000) 07/11 01:01:01 Image size of job updated: 9204424
	8877  -  MemoryUsage of job (MB)
	9089268  -  ResidentSetSize of job (KB)
...
006 (17134929.001.000) 07/11 01:11:02 Image size of job updated: 9297964
	9031  -  MemoryUsage of job (MB)
	9247716  -  ResidentSetSize of job (KB)
...
006 (17134929.001.000) 07/11 01:36:05 Image size of job updated: 9297964
	9034  -  MemoryUsage of job (MB)
	9250428  -  ResidentSetSize of job (KB)
...
006 (17134929.001.000) 07/11 01:41:05 Image size of job updated: 9315080
	9036  -  MemoryUsage of job (MB)
	9251964  -  ResidentSetSize of job (KB)
...
006 (17134929.001.000) 07/11 02:21:09 Image size of job updated: 9382760
	9036  -  MemoryUsage of job (MB)
	9251964  -  ResidentSetSize of job (KB)
...
006 (17134929.001.000) 07/11 02:51:12 Image size of job updated: 9418068
	9173  -  MemoryUsage of job (MB)
	9392352  -  ResidentSetSize of job (KB)
...
006 (17134929.001.000) 07/11 02:56:13 Image size of job updated: 9461904
	9185  -  MemoryUsage of job (MB)
	9404712  -  ResidentSetSize of job (KB)
...
006 (17134929.001.000) 07/11 03:31:18 Image size of job updated: 10368584
	10126  -  MemoryUsage of job (MB)
	10368584  -  ResidentSetSize of job (KB)
...
006 (17134929.001.000) 07/11 03:35:19 Image size of job updated: 10503680
	10129  -  MemoryUsage of job (MB)
	10371656  -  ResidentSetSize of job (KB)
...
040 (17134929.001.000) 07/11 03:35:20 Started transferring output files
...
040 (17134929.001.000) 07/11 03:35:20 Finished transferring output files
...
005 (17134929.001.000) 07/11 03:35:23 Job terminated.
	(1) Normal termination (return value 0)
		Usr 3 09:11:12, Sys 2 00:58:55  -  Run Remote Usage
		Usr 0 00:00:00, Sys 0 00:00:00  -  Run Local Usage
		Usr 3 09:11:12, Sys 2 00:58:55  -  Total Remote Usage
		Usr 0 00:00:00, Sys 0 00:00:00  -  Total Local Usage
	5929  -  Run Bytes Sent By Job
	206660  -  Run Bytes Received By Job
	5929  -  Total Bytes Sent By Job
	206660  -  Total Bytes Received By Job
	Partitionable Resources :      Usage  Request Allocated Assigned
	   Cpus                 :       4.42        8         8 
	   Disk (KB)            : 1492668     8388608   8389632 
	   GPUs                 :       0.39        1         1 "GPU-8d43ad94"
	   GpusMemory (MB)      :    2776                       
	   Memory (MB)          :   10129       24000     24000 
	   TimeExecute (s)      :  116573                       
	   TimeSlotBusy (s)     :  116577                       
...
