000 (17494396.000.000) 07/21 22:41:57 Job submitted from host: <188.185.114.121:9618?addrs=188.185.114.121-9618+[2001-1458-d00-a--100-273]-9618&alias=bigbird19.cern.ch&noUDP&sock=schedd_5837_4664>
...
040 (17494396.000.000) 07/21 23:07:32 Started transferring input files
	Transferring to host: <188.185.93.132:9618?addrs=188.185.93.132-9618+[2001-1458-d00-6c--100-aa]-9618&alias=b9g57n0006.cern.ch&noUDP&sock=slot1_1_9573_cb5e_3658>
...
040 (17494396.000.000) 07/21 23:07:34 Finished transferring input files
...
001 (17494396.000.000) 07/21 23:07:39 Job executing on host: <188.185.93.132:9618?addrs=188.185.93.132-9618+[2001-1458-d00-6c--100-aa]-9618&alias=b9g57n0006.cern.ch&noUDP&sock=startd_9511_5558>
	SlotName: slot1_1@b9g57n0006.cern.ch
	AvailableGPUs = { GPUs_GPU_02690ba6 }
	CondorScratchDir = "/pool/condor/dir_1130170"
	Cpus = 8
	Disk = 8389643
	GPUs = 1
	GPUs_GPU_02690ba6 = [ Id = "GPU-02690ba6"; ClockMhz = 1410.0; Capability = 8.0; CoresPerCU = 64; DeviceName = "NVIDIA A100-PCIE-40GB"; DeviceUuid = "02690ba6-da8f-b9f3-f5f5-ed6909a5a343"; ECCEnabled = true; ComputeUnits = 108; NvidiaDriver = "610.43.02"; DriverVersion = 13.3; DevicePciBusId = "0000:06:00.0"; GlobalMemoryMb = 40465; MaxSupportedVersion = 13030 ]
	Memory = 24000
...
006 (17494396.000.000) 07/21 23:07:48 Image size of job updated: 69980
	69  -  MemoryUsage of job (MB)
	69948  -  ResidentSetSize of job (KB)
...
006 (17494396.000.000) 07/21 23:12:49 Image size of job updated: 4153388
	4057  -  MemoryUsage of job (MB)
	4153388  -  ResidentSetSize of job (KB)
...
006 (17494396.000.000) 07/21 23:17:49 Image size of job updated: 4367748
	4259  -  MemoryUsage of job (MB)
	4361104  -  ResidentSetSize of job (KB)
...
006 (17494396.000.000) 07/21 23:22:49 Image size of job updated: 4505808
	4396  -  MemoryUsage of job (MB)
	4500656  -  ResidentSetSize of job (KB)
...
006 (17494396.000.000) 07/21 23:27:50 Image size of job updated: 4660760
	4515  -  MemoryUsage of job (MB)
	4623340  -  ResidentSetSize of job (KB)
...
006 (17494396.000.000) 07/21 23:32:50 Image size of job updated: 4766840
	4656  -  MemoryUsage of job (MB)
	4766840  -  ResidentSetSize of job (KB)
...
006 (17494396.000.000) 07/21 23:37:50 Image size of job updated: 4880036
	4756  -  MemoryUsage of job (MB)
	4869816  -  ResidentSetSize of job (KB)
...
006 (17494396.000.000) 07/21 23:42:51 Image size of job updated: 4985804
	4869  -  MemoryUsage of job (MB)
	4985804  -  ResidentSetSize of job (KB)
...
006 (17494396.000.000) 07/21 23:47:51 Image size of job updated: 5113008
	4969  -  MemoryUsage of job (MB)
	5087372  -  ResidentSetSize of job (KB)
...
006 (17494396.000.000) 07/21 23:52:51 Image size of job updated: 5251224
	5116  -  MemoryUsage of job (MB)
	5238068  -  ResidentSetSize of job (KB)
...
006 (17494396.000.000) 07/21 23:57:52 Image size of job updated: 5378520
	5240  -  MemoryUsage of job (MB)
	5365456  -  ResidentSetSize of job (KB)
...
006 (17494396.000.000) 07/22 00:02:52 Image size of job updated: 5488652
	5352  -  MemoryUsage of job (MB)
	5480128  -  ResidentSetSize of job (KB)
...
006 (17494396.000.000) 07/22 00:07:52 Image size of job updated: 5630528
	5473  -  MemoryUsage of job (MB)
	5603860  -  ResidentSetSize of job (KB)
...
006 (17494396.000.000) 07/22 00:10:24 Image size of job updated: 5646024
	5473  -  MemoryUsage of job (MB)
	5603864  -  ResidentSetSize of job (KB)
...
040 (17494396.000.000) 07/22 00:10:24 Started transferring output files
...
040 (17494396.000.000) 07/22 00:10:24 Finished transferring output files
...
004 (17494396.000.000) 07/22 00:10:24 Job was evicted.
	(0) Job terminated and was requeued
		Usr 0 01:41:43, Sys 0 00:52:54  -  Run Remote Usage
		Usr 0 00:00:00, Sys 0 00:00:00  -  Run Local Usage
	3125  -  Run Bytes Sent By Job
	209654  -  Run Bytes Received By Job
	(1) Normal termination (return value 1)
	The job attribute OnExitRemove expression 'NumJobCompletions > JobMaxRetries || ExitCode =?= 0' evaluated to FALSE
...
040 (17494396.000.000) 07/22 00:11:19 Started transferring input files
	Transferring to host: <188.185.93.132:9618?addrs=188.185.93.132-9618+[2001-1458-d00-6c--100-aa]-9618&alias=b9g57n0006.cern.ch&noUDP&sock=slot1_1_9573_cb5e_3687>
...
040 (17494396.000.000) 07/22 00:11:19 Finished transferring input files
...
001 (17494396.000.000) 07/22 00:11:19 Job executing on host: <188.185.93.132:9618?addrs=188.185.93.132-9618+[2001-1458-d00-6c--100-aa]-9618&alias=b9g57n0006.cern.ch&noUDP&sock=startd_9511_5558>
	SlotName: slot1_1@b9g57n0006.cern.ch
	AvailableGPUs = { GPUs_GPU_02690ba6 }
	CondorScratchDir = "/pool/condor/dir_1134808"
	Cpus = 8
	Disk = 8389617
	GPUs = 1
	GPUs_GPU_02690ba6 = [ Id = "GPU-02690ba6"; ClockMhz = 1410.0; Capability = 8.0; CoresPerCU = 64; DeviceName = "NVIDIA A100-PCIE-40GB"; DeviceUuid = "02690ba6-da8f-b9f3-f5f5-ed6909a5a343"; ECCEnabled = true; ComputeUnits = 108; NvidiaDriver = "610.43.02"; DriverVersion = 13.3; DevicePciBusId = "0000:06:00.0"; GlobalMemoryMb = 40465; MaxSupportedVersion = 13030 ]
	Memory = 24000
...
040 (17494396.000.000) 07/22 01:15:21 Started transferring output files
...
040 (17494396.000.000) 07/22 01:15:21 Finished transferring output files
...
004 (17494396.000.000) 07/22 01:15:21 Job was evicted.
	(0) Job terminated and was requeued
		Usr 0 01:44:10, Sys 0 00:52:56  -  Run Remote Usage
		Usr 0 00:00:00, Sys 0 00:00:00  -  Run Local Usage
	3125  -  Run Bytes Sent By Job
	209654  -  Run Bytes Received By Job
	(1) Normal termination (return value 1)
	The job attribute OnExitRemove expression 'NumJobCompletions > JobMaxRetries || ExitCode =?= 0' evaluated to FALSE
...
040 (17494396.000.000) 07/22 01:16:30 Started transferring input files
	Transferring to host: <188.185.93.132:9618?addrs=188.185.93.132-9618+[2001-1458-d00-6c--100-aa]-9618&alias=b9g57n0006.cern.ch&noUDP&sock=slot1_1_9573_cb5e_3717>
...
040 (17494396.000.000) 07/22 01:16:30 Finished transferring input files
...
001 (17494396.000.000) 07/22 01:16:30 Job executing on host: <188.185.93.132:9618?addrs=188.185.93.132-9618+[2001-1458-d00-6c--100-aa]-9618&alias=b9g57n0006.cern.ch&noUDP&sock=startd_9511_5558>
	SlotName: slot1_1@b9g57n0006.cern.ch
	AvailableGPUs = { GPUs_GPU_02690ba6 }
	CondorScratchDir = "/pool/condor/dir_1141553"
	Cpus = 8
	Disk = 8389664
	GPUs = 1
	GPUs_GPU_02690ba6 = [ Id = "GPU-02690ba6"; ClockMhz = 1410.0; Capability = 8.0; CoresPerCU = 64; DeviceName = "NVIDIA A100-PCIE-40GB"; DeviceUuid = "02690ba6-da8f-b9f3-f5f5-ed6909a5a343"; ECCEnabled = true; ComputeUnits = 108; NvidiaDriver = "610.43.02"; DriverVersion = 13.3; DevicePciBusId = "0000:06:00.0"; GlobalMemoryMb = 40465; MaxSupportedVersion = 13030 ]
	Memory = 24000
...
040 (17494396.000.000) 07/22 02:19:18 Started transferring output files
...
040 (17494396.000.000) 07/22 02:19:18 Finished transferring output files
...
004 (17494396.000.000) 07/22 02:19:19 Job was evicted.
	(0) Job terminated and was requeued
		Usr 0 01:43:21, Sys 0 00:52:50  -  Run Remote Usage
		Usr 0 00:00:00, Sys 0 00:00:00  -  Run Local Usage
	3125  -  Run Bytes Sent By Job
	209654  -  Run Bytes Received By Job
	(1) Normal termination (return value 1)
	The job attribute OnExitRemove expression 'NumJobCompletions > JobMaxRetries || ExitCode =?= 0' evaluated to FALSE
...
040 (17494396.000.000) 07/22 02:19:36 Started transferring input files
	Transferring to host: <188.185.93.132:9618?addrs=188.185.93.132-9618+[2001-1458-d00-6c--100-aa]-9618&alias=b9g57n0006.cern.ch&noUDP&sock=slot1_1_9573_cb5e_3749>
...
040 (17494396.000.000) 07/22 02:19:36 Finished transferring input files
...
001 (17494396.000.000) 07/22 02:19:36 Job executing on host: <188.185.93.132:9618?addrs=188.185.93.132-9618+[2001-1458-d00-6c--100-aa]-9618&alias=b9g57n0006.cern.ch&noUDP&sock=startd_9511_5558>
	SlotName: slot1_1@b9g57n0006.cern.ch
	AvailableGPUs = { GPUs_GPU_02690ba6 }
	CondorScratchDir = "/pool/condor/dir_1146071"
	Cpus = 8
	Disk = 8389633
	GPUs = 1
	GPUs_GPU_02690ba6 = [ Id = "GPU-02690ba6"; ClockMhz = 1410.0; Capability = 8.0; CoresPerCU = 64; DeviceName = "NVIDIA A100-PCIE-40GB"; DeviceUuid = "02690ba6-da8f-b9f3-f5f5-ed6909a5a343"; ECCEnabled = true; ComputeUnits = 108; NvidiaDriver = "610.43.02"; DriverVersion = 13.3; DevicePciBusId = "0000:06:00.0"; GlobalMemoryMb = 40465; MaxSupportedVersion = 13030 ]
	Memory = 24000
...
040 (17494396.000.000) 07/22 03:22:24 Started transferring output files
...
040 (17494396.000.000) 07/22 03:22:24 Finished transferring output files
...
005 (17494396.000.000) 07/22 03:22:24 Job terminated.
	(1) Normal termination (return value 1)
		Usr 0 01:43:40, Sys 0 00:53:03  -  Run Remote Usage
		Usr 0 00:00:00, Sys 0 00:00:00  -  Run Local Usage
		Usr 0 06:52:54, Sys 0 03:31:43  -  Total Remote Usage
		Usr 0 00:00:00, Sys 0 00:00:00  -  Total Local Usage
	3125  -  Run Bytes Sent By Job
	209654  -  Run Bytes Received By Job
	12500  -  Total Bytes Sent By Job
	838616  -  Total Bytes Received By Job
	Partitionable Resources :      Usage  Request Allocated Assigned
	   Cpus                 :       2.74        8         8 
	   Disk (KB)            : 1534635     8388608   8389633 
	   GPUs                 :       0.50        1         1 "GPU-02690ba6"
	   GpusMemory (MB)      :    2763                       
	   Memory (MB)          :    7325       24000     24000 
	   TimeExecute (s)      :    3768                       
	   TimeSlotBusy (s)     :    3768                       
...
