[host] b9g57n0920.cern.ch
[args] train_fusion_cross_attention.py --detector ee --weight-h5 /eos/user/y/yeo/4l/weights/categories/AOD_eq1/category_weights.h5 --compact /eos/user/y/yeo/4l/compact/AOD_ee_eq1.h5 --output-dir /eos/user/y/yeo/4l/runs/cross_v1/cross_aod_ee_es_eq1 --track-types GenTrk --backbone resnet18 --epochs 50 --no-early-stopping --batch-size 16 --lr 1e-4 --num-workers 8
[stage-in] /eos/user/y/yeo/4l/compact/AOD_ee_eq1.h5 -> /pool/condor/dir_96234/AOD_ee_eq1.h5
[stage-in] /eos/user/y/yeo/4l/weights/categories/AOD_eq1/category_weights.h5 -> /pool/condor/dir_96234/weight_category_weights.h5
[gpu] True 1
[resume] no checkpoint on EOS; starting fresh

[start training]

Epoch 001 | train_loss=0.72585 train_auc=0.6781 | val_loss=0.48481 val_auc=0.8789 val_f1=0.7894
Epoch 002 | train_loss=0.55440 train_auc=0.8308 | val_loss=0.40005 val_auc=0.9026 val_f1=0.8299
Epoch 003 | train_loss=0.47616 train_auc=0.8730 | val_loss=0.47317 val_auc=0.9268 val_f1=0.8106
Epoch 004 | train_loss=0.48041 train_auc=0.8749 | val_loss=0.74229 val_auc=0.7255 val_f1=0.5628
Epoch 005 | train_loss=0.43503 train_auc=0.8933 | val_loss=0.40278 val_auc=0.9150 val_f1=0.8224
Epoch 006 | train_loss=0.42249 train_auc=0.9003 | val_loss=0.40435 val_auc=0.9305 val_f1=0.8321
Epoch 007 | train_loss=0.41921 train_auc=0.9035 | val_loss=0.41344 val_auc=0.9018 val_f1=0.8320
Epoch 008 | train_loss=0.44092 train_auc=0.8962 | val_loss=0.34897 val_auc=0.9272 val_f1=0.8358
Epoch 009 | train_loss=0.39977 train_auc=0.9092 | val_loss=0.46844 val_auc=0.9097 val_f1=0.8053
Epoch 010 | train_loss=0.36322 train_auc=0.9271 | val_loss=0.31128 val_auc=0.9446 val_f1=0.8769
Epoch 011 | train_loss=0.35046 train_auc=0.9307 | val_loss=0.32788 val_auc=0.9447 val_f1=0.8706
Epoch 012 | train_loss=0.38767 train_auc=0.9211 | val_loss=0.30747 val_auc=0.9495 val_f1=0.8781
Epoch 013 | train_loss=0.32156 train_auc=0.9406 | val_loss=0.29506 val_auc=0.9475 val_f1=0.8985
Epoch 014 | train_loss=0.33036 train_auc=0.9384 | val_loss=0.39833 val_auc=0.9359 val_f1=0.8358
Epoch 015 | train_loss=0.34322 train_auc=0.9337 | val_loss=0.29112 val_auc=0.9479 val_f1=0.8859
Epoch 016 | train_loss=0.29899 train_auc=0.9505 | val_loss=0.28088 val_auc=0.9528 val_f1=0.9025
Epoch 017 | train_loss=0.29749 train_auc=0.9510 | val_loss=0.27422 val_auc=0.9555 val_f1=0.8977
Epoch 018 | train_loss=0.29191 train_auc=0.9533 | val_loss=0.26485 val_auc=0.9573 val_f1=0.9002
Epoch 019 | train_loss=0.27268 train_auc=0.9578 | val_loss=0.28418 val_auc=0.9534 val_f1=0.9020
Epoch 020 | train_loss=0.29590 train_auc=0.9517 | val_loss=0.27935 val_auc=0.9519 val_f1=0.9048
Epoch 021 | train_loss=0.27410 train_auc=0.9581 | val_loss=0.27551 val_auc=0.9569 val_f1=0.9065
Epoch 022 | train_loss=0.27508 train_auc=0.9575 | val_loss=0.27784 val_auc=0.9559 val_f1=0.9027
Epoch 023 | train_loss=0.26155 train_auc=0.9615 | val_loss=0.28515 val_auc=0.9540 val_f1=0.8966
Epoch 024 | train_loss=0.24006 train_auc=0.9669 | val_loss=0.26553 val_auc=0.9586 val_f1=0.9108
Epoch 025 | train_loss=0.30351 train_auc=0.9530 | val_loss=0.27403 val_auc=0.9573 val_f1=0.9094
Epoch 026 | train_loss=0.25142 train_auc=0.9646 | val_loss=0.27383 val_auc=0.9569 val_f1=0.9094
Epoch 027 | train_loss=0.23295 train_auc=0.9688 | val_loss=0.28148 val_auc=0.9563 val_f1=0.8998
Epoch 028 | train_loss=0.24926 train_auc=0.9663 | val_loss=0.27518 val_auc=0.9561 val_f1=0.9087
Epoch 029 | train_loss=0.23125 train_auc=0.9703 | val_loss=0.27867 val_auc=0.9538 val_f1=0.9036
Epoch 030 | train_loss=0.24840 train_auc=0.9683 | val_loss=0.27656 val_auc=0.9559 val_f1=0.9090
Epoch 031 | train_loss=0.22439 train_auc=0.9709 | val_loss=0.28631 val_auc=0.9550 val_f1=0.9059
Epoch 032 | train_loss=0.21373 train_auc=0.9740 | val_loss=0.28844 val_auc=0.9559 val_f1=0.9058
Epoch 033 | train_loss=0.21455 train_auc=0.9731 | val_loss=0.29961 val_auc=0.9552 val_f1=0.8964
Epoch 034 | train_loss=0.21972 train_auc=0.9726 | val_loss=0.28589 val_auc=0.9559 val_f1=0.9010
Epoch 035 | train_loss=0.22880 train_auc=0.9710 | val_loss=0.29578 val_auc=0.9554 val_f1=0.9017
Epoch 036 | train_loss=0.21254 train_auc=0.9739 | val_loss=0.28682 val_auc=0.9545 val_f1=0.9110
Epoch 037 | train_loss=0.20245 train_auc=0.9764 | val_loss=0.28490 val_auc=0.9558 val_f1=0.9049
Epoch 038 | train_loss=0.20864 train_auc=0.9750 | val_loss=0.29704 val_auc=0.9564 val_f1=0.8976
Epoch 039 | train_loss=0.20161 train_auc=0.9772 | val_loss=0.30155 val_auc=0.9551 val_f1=0.8969
Epoch 040 | train_loss=0.21820 train_auc=0.9732 | val_loss=0.28712 val_auc=0.9543 val_f1=0.9058
Epoch 041 | train_loss=0.19949 train_auc=0.9772 | val_loss=0.29237 val_auc=0.9552 val_f1=0.9018
Epoch 042 | train_loss=0.22104 train_auc=0.9729 | val_loss=0.29702 val_auc=0.9548 val_f1=0.9004
Epoch 043 | train_loss=0.20447 train_auc=0.9761 | val_loss=0.29751 val_auc=0.9553 val_f1=0.9037
Epoch 044 | train_loss=0.19967 train_auc=0.9774 | val_loss=0.28926 val_auc=0.9546 val_f1=0.9047
Epoch 045 | train_loss=0.21299 train_auc=0.9739 | val_loss=0.30150 val_auc=0.9550 val_f1=0.8951
Epoch 046 | train_loss=0.19786 train_auc=0.9777 | val_loss=0.30959 val_auc=0.9548 val_f1=0.8910
Epoch 047 | train_loss=0.19829 train_auc=0.9778 | val_loss=0.29382 val_auc=0.9548 val_f1=0.9006
Epoch 048 | train_loss=0.21905 train_auc=0.9737 | val_loss=0.30244 val_auc=0.9550 val_f1=0.8942
Epoch 049 | train_loss=0.20495 train_auc=0.9761 | val_loss=0.28881 val_auc=0.9546 val_f1=0.9002
Epoch 050 | train_loss=0.20633 train_auc=0.9757 | val_loss=0.30678 val_auc=0.9551 val_f1=0.8932

[test] threshold=0.4380 auc=0.9542 f1=0.9098
[stage-out] /pool/condor/dir_96234/jobout -> root://eosuser.cern.ch//eos/user/y/yeo/4l/runs/cross_v1/cross_aod_ee_es_eq1
[stage-out] done
