[host] b9g57n0007.cern.ch
[args] train_fusion_cross_attention.py --detector ee --weight-h5 /eos/user/y/yeo/4l/weights/categories/MiniAOD_all/category_weights.h5 --compact /eos/user/y/yeo/4l/compact/MiniAOD_ee_all.h5 --output-dir /eos/user/y/yeo/4l/runs/cross_v1/cross_mini_ee_noes_all --track-types Lost,PF,GSF --backbone resnet18 --epochs 50 --no-early-stopping --batch-size 16 --lr 1e-4 --num-workers 8 --no-es
[stage-in] /eos/user/y/yeo/4l/compact/MiniAOD_ee_all.h5 -> /pool/condor/dir_9198/MiniAOD_ee_all.h5
[stage-in] /eos/user/y/yeo/4l/weights/categories/MiniAOD_all/category_weights.h5 -> /pool/condor/dir_9198/weight_category_weights.h5
[gpu] True 1
[resume] no checkpoint on EOS; starting fresh

[start training]

Epoch 001 | train_loss=0.58443 train_auc=0.8216 | val_loss=0.47177 val_auc=0.8755 val_f1=0.7891
Epoch 002 | train_loss=0.55383 train_auc=0.8504 | val_loss=0.43118 val_auc=0.8977 val_f1=0.8284
Epoch 003 | train_loss=0.47752 train_auc=0.8720 | val_loss=0.42418 val_auc=0.8863 val_f1=0.8439
Epoch 004 | train_loss=0.48591 train_auc=0.8699 | val_loss=0.39533 val_auc=0.8972 val_f1=0.8435
Epoch 005 | train_loss=0.53625 train_auc=0.8594 | val_loss=0.40723 val_auc=0.8988 val_f1=0.8429
Epoch 006 | train_loss=0.52803 train_auc=0.8600 | val_loss=0.41049 val_auc=0.9042 val_f1=0.8455
Epoch 007 | train_loss=0.53472 train_auc=0.8624 | val_loss=0.46434 val_auc=0.8833 val_f1=0.8249
Epoch 008 | train_loss=0.49963 train_auc=0.8728 | val_loss=0.39161 val_auc=0.8991 val_f1=0.8345
Epoch 009 | train_loss=0.52071 train_auc=0.8701 | val_loss=0.44296 val_auc=0.8960 val_f1=0.8350
Epoch 010 | train_loss=0.50267 train_auc=0.8757 | val_loss=0.41631 val_auc=0.8960 val_f1=0.8392
Epoch 011 | train_loss=0.52850 train_auc=0.8709 | val_loss=0.41826 val_auc=0.8991 val_f1=0.8473
Epoch 012 | train_loss=0.50183 train_auc=0.8776 | val_loss=0.44807 val_auc=0.8885 val_f1=0.8418
Epoch 013 | train_loss=0.47406 train_auc=0.8834 | val_loss=0.42500 val_auc=0.8929 val_f1=0.8369
Epoch 014 | train_loss=0.52883 train_auc=0.8744 | val_loss=0.41488 val_auc=0.8936 val_f1=0.8448
Epoch 015 | train_loss=0.50793 train_auc=0.8786 | val_loss=0.40553 val_auc=0.8999 val_f1=0.8469
Epoch 016 | train_loss=0.48963 train_auc=0.8835 | val_loss=0.42508 val_auc=0.8903 val_f1=0.8431
Epoch 017 | train_loss=0.51983 train_auc=0.8757 | val_loss=0.41633 val_auc=0.8970 val_f1=0.8460
Epoch 018 | train_loss=0.50910 train_auc=0.8811 | val_loss=0.40030 val_auc=0.8994 val_f1=0.8485
Epoch 019 | train_loss=0.53877 train_auc=0.8738 | val_loss=0.42249 val_auc=0.8933 val_f1=0.8482
Epoch 020 | train_loss=0.50759 train_auc=0.8815 | val_loss=0.42139 val_auc=0.8938 val_f1=0.8463
Epoch 021 | train_loss=0.55351 train_auc=0.8729 | val_loss=0.41048 val_auc=0.8987 val_f1=0.8473
Epoch 022 | train_loss=0.48542 train_auc=0.8869 | val_loss=0.41321 val_auc=0.8962 val_f1=0.8473
Epoch 023 | train_loss=0.55904 train_auc=0.8728 | val_loss=0.40157 val_auc=0.8991 val_f1=0.8521
Epoch 024 | train_loss=0.54024 train_auc=0.8749 | val_loss=0.40954 val_auc=0.8952 val_f1=0.8490
Epoch 025 | train_loss=0.53798 train_auc=0.8775 | val_loss=0.42085 val_auc=0.8928 val_f1=0.8503
Epoch 026 | train_loss=0.53589 train_auc=0.8759 | val_loss=0.41055 val_auc=0.8974 val_f1=0.8490
Epoch 027 | train_loss=0.51536 train_auc=0.8808 | val_loss=0.41540 val_auc=0.8971 val_f1=0.8490
Epoch 028 | train_loss=0.49198 train_auc=0.8855 | val_loss=0.40375 val_auc=0.8995 val_f1=0.8554
Epoch 029 | train_loss=0.51898 train_auc=0.8803 | val_loss=0.41127 val_auc=0.8976 val_f1=0.8490
Epoch 030 | train_loss=0.49710 train_auc=0.8840 | val_loss=0.40872 val_auc=0.8950 val_f1=0.8476
Epoch 031 | train_loss=0.49664 train_auc=0.8851 | val_loss=0.40905 val_auc=0.8960 val_f1=0.8477
Epoch 032 | train_loss=0.50911 train_auc=0.8838 | val_loss=0.41623 val_auc=0.8954 val_f1=0.8487
Epoch 033 | train_loss=0.50964 train_auc=0.8826 | val_loss=0.40752 val_auc=0.8977 val_f1=0.8492
Epoch 034 | train_loss=0.50406 train_auc=0.8834 | val_loss=0.40962 val_auc=0.8971 val_f1=0.8492
Epoch 035 | train_loss=0.53053 train_auc=0.8797 | val_loss=0.41027 val_auc=0.8966 val_f1=0.8490
Epoch 036 | train_loss=0.53041 train_auc=0.8789 | val_loss=0.40881 val_auc=0.8961 val_f1=0.8476
Epoch 037 | train_loss=0.49886 train_auc=0.8860 | val_loss=0.40938 val_auc=0.8957 val_f1=0.8476
Epoch 038 | train_loss=0.50536 train_auc=0.8839 | val_loss=0.40705 val_auc=0.8961 val_f1=0.8473
Epoch 039 | train_loss=0.50467 train_auc=0.8821 | val_loss=0.41218 val_auc=0.8953 val_f1=0.8492
Epoch 040 | train_loss=0.50895 train_auc=0.8827 | val_loss=0.40932 val_auc=0.8990 val_f1=0.8485
Epoch 041 | train_loss=0.50015 train_auc=0.8840 | val_loss=0.40904 val_auc=0.8971 val_f1=0.8492
Epoch 042 | train_loss=0.51080 train_auc=0.8831 | val_loss=0.41191 val_auc=0.8961 val_f1=0.8474
Epoch 043 | train_loss=0.47889 train_auc=0.8883 | val_loss=0.40809 val_auc=0.8996 val_f1=0.8489
Epoch 044 | train_loss=0.48438 train_auc=0.8876 | val_loss=0.40882 val_auc=0.8974 val_f1=0.8494
Epoch 045 | train_loss=0.47927 train_auc=0.8895 | val_loss=0.40908 val_auc=0.8964 val_f1=0.8476
Epoch 046 | train_loss=0.50010 train_auc=0.8834 | val_loss=0.40557 val_auc=0.8997 val_f1=0.8568
Epoch 047 | train_loss=0.52149 train_auc=0.8786 | val_loss=0.41106 val_auc=0.8987 val_f1=0.8498
Epoch 048 | train_loss=0.48031 train_auc=0.8875 | val_loss=0.41023 val_auc=0.8972 val_f1=0.8499
Epoch 049 | train_loss=0.49482 train_auc=0.8859 | val_loss=0.41030 val_auc=0.8961 val_f1=0.8492
Epoch 050 | train_loss=0.52743 train_auc=0.8784 | val_loss=0.40961 val_auc=0.8976 val_f1=0.8498

[test] threshold=0.5180 auc=0.9171 f1=0.8448
[stage-out] /pool/condor/dir_9198/jobout -> root://eosuser.cern.ch//eos/user/y/yeo/4l/runs/cross_v1/cross_mini_ee_noes_all
[stage-out] done
