000 (17489705.001.000) 07/20 22:06:04 Job submitted from host: <188.185.114.121:9618?addrs=188.185.114.121-9618+[2001-1458-d00-a--100-273]-9618&alias=bigbird19.cern.ch&noUDP&sock=schedd_5837_4664>
...
040 (17489705.001.000) 07/20 22:08:45 Started transferring input files
	Transferring to host: <188.185.93.208:9618?addrs=188.185.93.208-9618+[2001-1458-d00-6c--100-e9]-9618&alias=b9g57n3665.cern.ch&noUDP&sock=slot1_1_4258_e566_4309>
...
040 (17489705.001.000) 07/20 22:08:45 Finished transferring input files
...
001 (17489705.001.000) 07/20 22:08:45 Job executing on host: <188.185.93.208:9618?addrs=188.185.93.208-9618+[2001-1458-d00-6c--100-e9]-9618&alias=b9g57n3665.cern.ch&noUDP&sock=startd_3993_71c1>
	SlotName: slot1_1@b9g57n3665.cern.ch
	AvailableGPUs = { GPUs_GPU_836178fb }
	CondorScratchDir = "/pool/condor/dir_1027465"
	Cpus = 8
	Disk = 8389724
	GPUs = 1
	GPUs_GPU_836178fb = [ Id = "GPU-836178fb"; ClockMhz = 1410.0; Capability = 8.0; CoresPerCU = 64; DeviceName = "NVIDIA A100-PCIE-40GB"; DeviceUuid = "836178fb-b193-b354-8ad9-dc95f395b443"; ECCEnabled = true; ComputeUnits = 108; NvidiaDriver = "610.43.02"; DriverVersion = 13.3; DevicePciBusId = "0000:06:00.0"; GlobalMemoryMb = 40465; MaxSupportedVersion = 13030 ]
	Memory = 24000
...
006 (17489705.001.000) 07/20 22:08:53 Image size of job updated: 69992
	5  -  MemoryUsage of job (MB)
	4176  -  ResidentSetSize of job (KB)
...
006 (17489705.001.000) 07/20 22:13:53 Image size of job updated: 4180228
	4035  -  MemoryUsage of job (MB)
	4131660  -  ResidentSetSize of job (KB)
...
006 (17489705.001.000) 07/20 22:18:54 Image size of job updated: 4320756
	4205  -  MemoryUsage of job (MB)
	4305164  -  ResidentSetSize of job (KB)
...
006 (17489705.001.000) 07/20 22:23:54 Image size of job updated: 4448944
	4319  -  MemoryUsage of job (MB)
	4421996  -  ResidentSetSize of job (KB)
...
006 (17489705.001.000) 07/20 22:28:54 Image size of job updated: 4550040
	4444  -  MemoryUsage of job (MB)
	4550040  -  ResidentSetSize of job (KB)
...
006 (17489705.001.000) 07/20 22:33:55 Image size of job updated: 4697772
	4560  -  MemoryUsage of job (MB)
	4668900  -  ResidentSetSize of job (KB)
...
006 (17489705.001.000) 07/20 22:38:55 Image size of job updated: 4816552
	4704  -  MemoryUsage of job (MB)
	4816552  -  ResidentSetSize of job (KB)
...
006 (17489705.001.000) 07/20 22:43:55 Image size of job updated: 4947260
	4831  -  MemoryUsage of job (MB)
	4946000  -  ResidentSetSize of job (KB)
...
006 (17489705.001.000) 07/20 22:48:56 Image size of job updated: 5073468
	4955  -  MemoryUsage of job (MB)
	5073468  -  ResidentSetSize of job (KB)
...
006 (17489705.001.000) 07/20 22:53:56 Image size of job updated: 5228944
	5098  -  MemoryUsage of job (MB)
	5220184  -  ResidentSetSize of job (KB)
...
006 (17489705.001.000) 07/20 22:58:57 Image size of job updated: 5346868
	5222  -  MemoryUsage of job (MB)
	5346868  -  ResidentSetSize of job (KB)
...
006 (17489705.001.000) 07/20 23:02:10 Image size of job updated: 5410040
	5222  -  MemoryUsage of job (MB)
	5346868  -  ResidentSetSize of job (KB)
...
040 (17489705.001.000) 07/20 23:02:10 Started transferring output files
...
040 (17489705.001.000) 07/20 23:02:10 Finished transferring output files
...
004 (17489705.001.000) 07/20 23:02:10 Job was evicted.
	(0) Job terminated and was requeued
		Usr 0 01:25:00, Sys 0 00:44:46  -  Run Remote Usage
		Usr 0 00:00:00, Sys 0 00:00:00  -  Run Local Usage
	3123  -  Run Bytes Sent By Job
	208293  -  Run Bytes Received By Job
	(1) Normal termination (return value 1)
	The job attribute OnExitRemove expression 'NumJobCompletions > JobMaxRetries || ExitCode =?= 0' evaluated to FALSE
...
040 (17489705.001.000) 07/20 23:09:25 Started transferring input files
	Transferring to host: <188.185.92.49:9618?addrs=188.185.92.49-9618+[2001-1458-d00-6c--100-1fe]-9618&alias=b9g57n2594.cern.ch&noUDP&sock=slot1_1_20420_7cb7_2381>
...
040 (17489705.001.000) 07/20 23:09:25 Finished transferring input files
...
001 (17489705.001.000) 07/20 23:09:25 Job executing on host: <188.185.92.49:9618?addrs=188.185.92.49-9618+[2001-1458-d00-6c--100-1fe]-9618&alias=b9g57n2594.cern.ch&noUDP&sock=startd_19746_b12b>
	SlotName: slot1_1@b9g57n2594.cern.ch
	AvailableGPUs = { GPUs_GPU_f9650dc5 }
	CondorScratchDir = "/pool/condor/dir_449483"
	Cpus = 8
	Disk = 8389635
	GPUs = 1
	GPUs_GPU_f9650dc5 = [ Id = "GPU-f9650dc5"; ClockMhz = 1410.0; Capability = 8.0; CoresPerCU = 64; DeviceName = "NVIDIA A100-PCIE-40GB"; DeviceUuid = "f9650dc5-3e28-19ee-e3e7-01f95cfb3164"; ECCEnabled = true; ComputeUnits = 108; NvidiaDriver = "610.43.02"; DriverVersion = 13.3; DevicePciBusId = "0000:06:00.0"; GlobalMemoryMb = 40465; MaxSupportedVersion = 13030 ]
	Memory = 24000
...
040 (17489705.001.000) 07/21 00:00:53 Started transferring output files
...
040 (17489705.001.000) 07/21 00:00:53 Finished transferring output files
...
004 (17489705.001.000) 07/21 00:00:53 Job was evicted.
	(0) Job terminated and was requeued
		Usr 0 01:20:43, Sys 0 00:43:40  -  Run Remote Usage
		Usr 0 00:00:00, Sys 0 00:00:00  -  Run Local Usage
	3116  -  Run Bytes Sent By Job
	208293  -  Run Bytes Received By Job
	(1) Normal termination (return value 1)
	The job attribute OnExitRemove expression 'NumJobCompletions > JobMaxRetries || ExitCode =?= 0' evaluated to FALSE
...
040 (17489705.001.000) 07/21 00:03:03 Started transferring input files
	Transferring to host: <188.185.93.144:9618?addrs=188.185.93.144-9618&alias=b9g57n6415.cern.ch&noUDP&sock=slot1_1_3893_b877_4329>
...
040 (17489705.001.000) 07/21 00:03:03 Finished transferring input files
...
001 (17489705.001.000) 07/21 00:03:03 Job executing on host: <188.185.93.144:9618?addrs=188.185.93.144-9618&alias=b9g57n6415.cern.ch&noUDP&sock=startd_3497_3ac7>
	SlotName: slot1_1@b9g57n6415.cern.ch
	AvailableGPUs = { GPUs_GPU_b1587b5f }
	CondorScratchDir = "/pool/condor/dir_962019"
	Cpus = 8
	Disk = 8389621
	GPUs = 1
	GPUs_GPU_b1587b5f = [ Id = "GPU-b1587b5f"; ClockMhz = 1410.0; Capability = 8.0; CoresPerCU = 64; DeviceName = "NVIDIA A100-PCIE-40GB"; DeviceUuid = "b1587b5f-5c26-3004-6bcf-3ce828349df6"; ECCEnabled = true; ComputeUnits = 108; NvidiaDriver = "610.43.02"; DriverVersion = 13.3; DevicePciBusId = "0000:06:00.0"; GlobalMemoryMb = 40465; MaxSupportedVersion = 13030 ]
	Memory = 24000
...
040 (17489705.001.000) 07/21 00:57:59 Started transferring output files
...
040 (17489705.001.000) 07/21 00:57:59 Finished transferring output files
...
004 (17489705.001.000) 07/21 00:57:59 Job was evicted.
	(0) Job terminated and was requeued
		Usr 0 01:33:21, Sys 0 00:42:17  -  Run Remote Usage
		Usr 0 00:00:00, Sys 0 00:00:00  -  Run Local Usage
	3116  -  Run Bytes Sent By Job
	208293  -  Run Bytes Received By Job
	(1) Normal termination (return value 1)
	The job attribute OnExitRemove expression 'NumJobCompletions > JobMaxRetries || ExitCode =?= 0' evaluated to FALSE
...
040 (17489705.001.000) 07/21 01:16:21 Started transferring input files
	Transferring to host: <188.185.93.238:9618?addrs=188.185.93.238-9618+[2001-1458-d00-6c--100-16b]-9618&alias=b9g57n0012.cern.ch&noUDP&sock=slot1_1_4177_d303_987>
...
040 (17489705.001.000) 07/21 01:16:21 Finished transferring input files
...
001 (17489705.001.000) 07/21 01:16:21 Job executing on host: <188.185.93.238:9618?addrs=188.185.93.238-9618+[2001-1458-d00-6c--100-16b]-9618&alias=b9g57n0012.cern.ch&noUDP&sock=startd_3807_dd23>
	SlotName: slot1_1@b9g57n0012.cern.ch
	AvailableGPUs = { GPUs_GPU_a841436e }
	CondorScratchDir = "/pool/condor/dir_188182"
	Cpus = 8
	Disk = 8389599
	GPUs = 1
	GPUs_GPU_a841436e = [ Id = "GPU-a841436e"; ClockMhz = 1410.0; Capability = 8.0; CoresPerCU = 64; DeviceName = "NVIDIA A100-PCIE-40GB"; DeviceUuid = "a841436e-1cae-5da0-0a02-7b844fb8ca33"; ECCEnabled = true; ComputeUnits = 108; NvidiaDriver = "610.43.02"; DriverVersion = 13.3; DevicePciBusId = "0000:06:00.0"; GlobalMemoryMb = 40465; MaxSupportedVersion = 13030 ]
	Memory = 24000
...
040 (17489705.001.000) 07/21 02:10:01 Started transferring output files
...
040 (17489705.001.000) 07/21 02:10:01 Finished transferring output files
...
005 (17489705.001.000) 07/21 02:10:07 Job terminated.
	(1) Normal termination (return value 1)
		Usr 0 01:25:47, Sys 0 00:46:22  -  Run Remote Usage
		Usr 0 00:00:00, Sys 0 00:00:00  -  Run Local Usage
		Usr 0 05:44:51, Sys 0 02:57:05  -  Total Remote Usage
		Usr 0 00:00:00, Sys 0 00:00:00  -  Total Local Usage
	3116  -  Run Bytes Sent By Job
	208293  -  Run Bytes Received By Job
	12471  -  Total Bytes Sent By Job
	833172  -  Total Bytes Received By Job
	Partitionable Resources :      Usage  Request Allocated Assigned
	   Cpus                 :       2.63        8         8 
	   Disk (KB)            : 1364617     8388608   8389599 
	   GPUs                 :       0.49        1         1 "GPU-a841436e"
	   GpusMemory (MB)      :    2763                       
	   Memory (MB)          :    7325       24000     24000 
	   TimeExecute (s)      :    3219                       
	   TimeSlotBusy (s)     :    3221                       
...
