000 (17134929.005.000) 07/09 12:26:26 Job submitted from host: <188.185.114.121:9618?addrs=188.185.114.121-9618+[2001-1458-d00-a--100-273]-9618&alias=bigbird19.cern.ch&noUDP&sock=schedd_5103_cfe0>
...
040 (17134929.005.000) 07/09 20:35:28 Started transferring input files
	Transferring to host: <188.185.93.149:9618?addrs=188.185.93.149-9618+[2001-1458-d00-6c--100-373]-9618&alias=b9g57n0008.cern.ch&noUDP&sock=slot1_1_5362_c393_69042>
...
040 (17134929.005.000) 07/09 20:35:29 Finished transferring input files
...
001 (17134929.005.000) 07/09 20:35:29 Job executing on host: <188.185.93.149:9618?addrs=188.185.93.149-9618+[2001-1458-d00-6c--100-373]-9618&alias=b9g57n0008.cern.ch&noUDP&sock=startd_5299_4071>
	SlotName: slot1_1@b9g57n0008.cern.ch
	AvailableGPUs = { GPUs_GPU_d6dcba2f }
	CondorScratchDir = "/pool/condor/dir_1850275"
	Cpus = 8
	Disk = 8389386
	GPUs = 1
	GPUs_GPU_d6dcba2f = [ Id = "GPU-d6dcba2f"; ClockMhz = 1410.0; Capability = 8.0; CoresPerCU = 64; DeviceName = "NVIDIA A100-PCIE-40GB"; DeviceUuid = "d6dcba2f-3756-4d9f-9c9c-a19c162ffcfe"; ECCEnabled = true; ComputeUnits = 108; NvidiaDriver = "580.126.20"; DriverVersion = 13.0; DevicePciBusId = "0000:06:00.0"; GlobalMemoryMb = 40440; MaxSupportedVersion = 13000 ]
	Memory = 24000
...
006 (17134929.005.000) 07/09 20:35:38 Image size of job updated: 69976
	5  -  MemoryUsage of job (MB)
	4188  -  ResidentSetSize of job (KB)
...
006 (17134929.005.000) 07/09 20:40:39 Image size of job updated: 69976
	29  -  MemoryUsage of job (MB)
	29688  -  ResidentSetSize of job (KB)
...
006 (17134929.005.000) 07/09 20:45:39 Image size of job updated: 69976
	41  -  MemoryUsage of job (MB)
	41556  -  ResidentSetSize of job (KB)
...
006 (17134929.005.000) 07/09 20:50:40 Image size of job updated: 69976
	44  -  MemoryUsage of job (MB)
	44232  -  ResidentSetSize of job (KB)
...
006 (17134929.005.000) 07/09 20:55:40 Image size of job updated: 70244
	69  -  MemoryUsage of job (MB)
	70244  -  ResidentSetSize of job (KB)
...
006 (17134929.005.000) 07/09 21:00:41 Image size of job updated: 2466944
	2349  -  MemoryUsage of job (MB)
	2404624  -  ResidentSetSize of job (KB)
...
006 (17134929.005.000) 07/09 21:05:42 Image size of job updated: 2642896
	2573  -  MemoryUsage of job (MB)
	2634224  -  ResidentSetSize of job (KB)
...
006 (17134929.005.000) 07/09 21:10:42 Image size of job updated: 2778852
	2669  -  MemoryUsage of job (MB)
	2732492  -  ResidentSetSize of job (KB)
...
006 (17134929.005.000) 07/09 21:15:43 Image size of job updated: 2929356
	2789  -  MemoryUsage of job (MB)
	2855352  -  ResidentSetSize of job (KB)
...
006 (17134929.005.000) 07/09 21:20:44 Image size of job updated: 3012156
	2888  -  MemoryUsage of job (MB)
	2956660  -  ResidentSetSize of job (KB)
...
006 (17134929.005.000) 07/09 21:25:44 Image size of job updated: 5203784
	4491  -  MemoryUsage of job (MB)
	4598664  -  ResidentSetSize of job (KB)
...
006 (17134929.005.000) 07/09 21:30:45 Image size of job updated: 5203784
	4491  -  MemoryUsage of job (MB)
	4598696  -  ResidentSetSize of job (KB)
...
006 (17134929.005.000) 07/09 21:35:45 Image size of job updated: 5203784
	4581  -  MemoryUsage of job (MB)
	4690776  -  ResidentSetSize of job (KB)
...
006 (17134929.005.000) 07/09 21:40:45 Image size of job updated: 5203784
	4620  -  MemoryUsage of job (MB)
	4730824  -  ResidentSetSize of job (KB)
...
006 (17134929.005.000) 07/09 21:45:46 Image size of job updated: 5203784
	4647  -  MemoryUsage of job (MB)
	4758080  -  ResidentSetSize of job (KB)
...
006 (17134929.005.000) 07/09 21:50:46 Image size of job updated: 5294744
	4962  -  MemoryUsage of job (MB)
	5080264  -  ResidentSetSize of job (KB)
...
006 (17134929.005.000) 07/09 22:20:49 Image size of job updated: 5390996
	4962  -  MemoryUsage of job (MB)
	5080264  -  ResidentSetSize of job (KB)
...
006 (17134929.005.000) 07/09 22:30:50 Image size of job updated: 5390996
	4965  -  MemoryUsage of job (MB)
	5083144  -  ResidentSetSize of job (KB)
...
006 (17134929.005.000) 07/09 22:35:50 Image size of job updated: 5390996
	4973  -  MemoryUsage of job (MB)
	5092068  -  ResidentSetSize of job (KB)
...
006 (17134929.005.000) 07/09 22:40:51 Image size of job updated: 5390996
	5008  -  MemoryUsage of job (MB)
	5127476  -  ResidentSetSize of job (KB)
...
006 (17134929.005.000) 07/09 22:45:51 Image size of job updated: 5594040
	5008  -  MemoryUsage of job (MB)
	5127476  -  ResidentSetSize of job (KB)
...
006 (17134929.005.000) 07/09 23:10:55 Image size of job updated: 5594040
	5251  -  MemoryUsage of job (MB)
	5376036  -  ResidentSetSize of job (KB)
...
006 (17134929.005.000) 07/09 23:40:57 Image size of job updated: 5632604
	5251  -  MemoryUsage of job (MB)
	5376036  -  ResidentSetSize of job (KB)
...
006 (17134929.005.000) 07/10 00:06:05 Image size of job updated: 5900940
	5318  -  MemoryUsage of job (MB)
	5444772  -  ResidentSetSize of job (KB)
...
006 (17134929.005.000) 07/10 00:11:00 Image size of job updated: 5900940
	5322  -  MemoryUsage of job (MB)
	5449004  -  ResidentSetSize of job (KB)
...
006 (17134929.005.000) 07/10 00:16:01 Image size of job updated: 5900940
	5387  -  MemoryUsage of job (MB)
	5516080  -  ResidentSetSize of job (KB)
...
006 (17134929.005.000) 07/10 00:26:02 Image size of job updated: 5900940
	5415  -  MemoryUsage of job (MB)
	5544096  -  ResidentSetSize of job (KB)
...
006 (17134929.005.000) 07/10 00:31:03 Image size of job updated: 5900940
	5504  -  MemoryUsage of job (MB)
	5635188  -  ResidentSetSize of job (KB)
...
006 (17134929.005.000) 07/10 01:26:08 Image size of job updated: 6083692
	5504  -  MemoryUsage of job (MB)
	5635188  -  ResidentSetSize of job (KB)
...
006 (17134929.005.000) 07/10 01:51:10 Image size of job updated: 6141136
	5727  -  MemoryUsage of job (MB)
	5863772  -  ResidentSetSize of job (KB)
...
006 (17134929.005.000) 07/10 02:21:13 Image size of job updated: 6185544
	5727  -  MemoryUsage of job (MB)
	5863772  -  ResidentSetSize of job (KB)
...
006 (17134929.005.000) 07/10 02:46:16 Image size of job updated: 6232028
	5783  -  MemoryUsage of job (MB)
	5921496  -  ResidentSetSize of job (KB)
...
006 (17134929.005.000) 07/10 02:51:16 Image size of job updated: 6232028
	5799  -  MemoryUsage of job (MB)
	5937208  -  ResidentSetSize of job (KB)
...
006 (17134929.005.000) 07/10 02:56:16 Image size of job updated: 6232028
	5896  -  MemoryUsage of job (MB)
	6036740  -  ResidentSetSize of job (KB)
...
006 (17134929.005.000) 07/10 03:11:18 Image size of job updated: 6265404
	6119  -  MemoryUsage of job (MB)
	6265404  -  ResidentSetSize of job (KB)
...
006 (17134929.005.000) 07/10 04:06:26 Image size of job updated: 6480640
	6119  -  MemoryUsage of job (MB)
	6265404  -  ResidentSetSize of job (KB)
...
006 (17134929.005.000) 07/10 05:01:30 Image size of job updated: 6501812
	6119  -  MemoryUsage of job (MB)
	6265404  -  ResidentSetSize of job (KB)
...
006 (17134929.005.000) 07/10 05:26:31 Image size of job updated: 6623536
	6469  -  MemoryUsage of job (MB)
	6623536  -  ResidentSetSize of job (KB)
...
006 (17134929.005.000) 07/10 06:21:36 Image size of job updated: 6870520
	6469  -  MemoryUsage of job (MB)
	6623536  -  ResidentSetSize of job (KB)
...
006 (17134929.005.000) 07/10 06:46:39 Image size of job updated: 6870520
	6563  -  MemoryUsage of job (MB)
	6719608  -  ResidentSetSize of job (KB)
...
006 (17134929.005.000) 07/10 08:06:46 Image size of job updated: 6870520
	6680  -  MemoryUsage of job (MB)
	6839872  -  ResidentSetSize of job (KB)
...
006 (17134929.005.000) 07/10 08:36:50 Image size of job updated: 6904976
	6680  -  MemoryUsage of job (MB)
	6839872  -  ResidentSetSize of job (KB)
...
006 (17134929.005.000) 07/10 09:31:55 Image size of job updated: 7020236
	6680  -  MemoryUsage of job (MB)
	6839872  -  ResidentSetSize of job (KB)
...
006 (17134929.005.000) 07/10 09:56:57 Image size of job updated: 7244616
	6680  -  MemoryUsage of job (MB)
	6839872  -  ResidentSetSize of job (KB)
...
006 (17134929.005.000) 07/10 10:22:00 Image size of job updated: 7244616
	6799  -  MemoryUsage of job (MB)
	6962120  -  ResidentSetSize of job (KB)
...
006 (17134929.005.000) 07/10 10:27:00 Image size of job updated: 7244616
	6805  -  MemoryUsage of job (MB)
	6967740  -  ResidentSetSize of job (KB)
...
006 (17134929.005.000) 07/10 10:52:02 Image size of job updated: 7256028
	6805  -  MemoryUsage of job (MB)
	6967740  -  ResidentSetSize of job (KB)
...
006 (17134929.005.000) 07/10 11:17:06 Image size of job updated: 7256028
	6923  -  MemoryUsage of job (MB)
	7088668  -  ResidentSetSize of job (KB)
...
006 (17134929.005.000) 07/10 11:22:06 Image size of job updated: 7256028
	6937  -  MemoryUsage of job (MB)
	7103168  -  ResidentSetSize of job (KB)
...
006 (17134929.005.000) 07/10 11:47:08 Image size of job updated: 7393252
	6937  -  MemoryUsage of job (MB)
	7103168  -  ResidentSetSize of job (KB)
...
006 (17134929.005.000) 07/10 12:12:10 Image size of job updated: 7393252
	6953  -  MemoryUsage of job (MB)
	7119232  -  ResidentSetSize of job (KB)
...
006 (17134929.005.000) 07/10 12:42:12 Image size of job updated: 7416000
	6953  -  MemoryUsage of job (MB)
	7119232  -  ResidentSetSize of job (KB)
...
006 (17134929.005.000) 07/10 13:07:14 Image size of job updated: 7487904
	7010  -  MemoryUsage of job (MB)
	7177796  -  ResidentSetSize of job (KB)
...
006 (17134929.005.000) 07/10 13:12:15 Image size of job updated: 7487904
	7010  -  MemoryUsage of job (MB)
	7177832  -  ResidentSetSize of job (KB)
...
006 (17134929.005.000) 07/10 13:37:17 Image size of job updated: 7768488
	7039  -  MemoryUsage of job (MB)
	7207240  -  ResidentSetSize of job (KB)
...
006 (17134929.005.000) 07/10 13:47:18 Image size of job updated: 7768488
	7069  -  MemoryUsage of job (MB)
	7238316  -  ResidentSetSize of job (KB)
...
006 (17134929.005.000) 07/10 13:52:18 Image size of job updated: 7768488
	7086  -  MemoryUsage of job (MB)
	7255364  -  ResidentSetSize of job (KB)
...
006 (17134929.005.000) 07/10 13:57:19 Image size of job updated: 7768488
	7087  -  MemoryUsage of job (MB)
	7256188  -  ResidentSetSize of job (KB)
...
006 (17134929.005.000) 07/10 14:02:19 Image size of job updated: 7768488
	7264  -  MemoryUsage of job (MB)
	7437456  -  ResidentSetSize of job (KB)
...
006 (17134929.005.000) 07/10 14:57:25 Image size of job updated: 7768488
	7275  -  MemoryUsage of job (MB)
	7449596  -  ResidentSetSize of job (KB)
...
006 (17134929.005.000) 07/10 15:02:26 Image size of job updated: 7768488
	7276  -  MemoryUsage of job (MB)
	7449908  -  ResidentSetSize of job (KB)
...
006 (17134929.005.000) 07/10 15:52:30 Image size of job updated: 7890748
	7387  -  MemoryUsage of job (MB)
	7563480  -  ResidentSetSize of job (KB)
...
006 (17134929.005.000) 07/10 15:57:31 Image size of job updated: 7890748
	7403  -  MemoryUsage of job (MB)
	7579864  -  ResidentSetSize of job (KB)
...
006 (17134929.005.000) 07/10 16:22:33 Image size of job updated: 7931620
	7403  -  MemoryUsage of job (MB)
	7579864  -  ResidentSetSize of job (KB)
...
006 (17134929.005.000) 07/10 16:47:35 Image size of job updated: 8005056
	7760  -  MemoryUsage of job (MB)
	7945352  -  ResidentSetSize of job (KB)
...
006 (17134929.005.000) 07/10 17:17:38 Image size of job updated: 8288916
	7760  -  MemoryUsage of job (MB)
	7945352  -  ResidentSetSize of job (KB)
...
006 (17134929.005.000) 07/10 18:52:47 Image size of job updated: 8288916
	7777  -  MemoryUsage of job (MB)
	7963240  -  ResidentSetSize of job (KB)
...
006 (17134929.005.000) 07/10 18:57:47 Image size of job updated: 8288916
	7784  -  MemoryUsage of job (MB)
	7970324  -  ResidentSetSize of job (KB)
...
006 (17134929.005.000) 07/10 19:02:47 Image size of job updated: 8288916
	7828  -  MemoryUsage of job (MB)
	8015392  -  ResidentSetSize of job (KB)
...
006 (17134929.005.000) 07/10 19:32:51 Image size of job updated: 8455128
	7972  -  MemoryUsage of job (MB)
	8162744  -  ResidentSetSize of job (KB)
...
006 (17134929.005.000) 07/10 19:37:52 Image size of job updated: 10782212
	7972  -  MemoryUsage of job (MB)
	8162744  -  ResidentSetSize of job (KB)
...
040 (17134929.005.000) 07/10 19:38:35 Started transferring output files
...
040 (17134929.005.000) 07/10 19:38:35 Finished transferring output files
...
005 (17134929.005.000) 07/10 19:38:35 Job terminated.
	(1) Normal termination (return value 0)
		Usr 1 12:32:14, Sys 0 21:39:14  -  Run Remote Usage
		Usr 0 00:00:00, Sys 0 00:00:00  -  Run Local Usage
		Usr 1 12:32:14, Sys 0 21:39:14  -  Total Remote Usage
		Usr 0 00:00:00, Sys 0 00:00:00  -  Total Local Usage
	5941  -  Run Bytes Sent By Job
	206660  -  Run Bytes Received By Job
	5941  -  Total Bytes Sent By Job
	206660  -  Total Bytes Received By Job
	Partitionable Resources :      Usage  Request Allocated Assigned
	   Cpus                 :       2.56        8         8 
	   Disk (KB)            : 1407055     8388608   8389386 
	   GPUs                 :       0.49        1         1 "GPU-d6dcba2f"
	   GpusMemory (MB)      :    2701                       
	   Memory (MB)          :    7972       24000     24000 
	   TimeExecute (s)      :   82986                       
	   TimeSlotBusy (s)     :   82988                       
...
