[host] b9g57n5297.cern.ch
[args] train_resnet_image_classifier.py --detector eb --weight-h5 /eos/user/y/yeo/4l/weights/categories/MiniAOD_all/category_weights.h5 --compact /eos/user/y/yeo/4l/compact/MiniAOD_eb_all.h5 --output-dir /eos/user/y/yeo/4l/runs/canary_compact/image_mini_eb_all --track-types Lost,PF,GSF --model resnet50 --epochs 1 --batch-size 16 --lr 1e-4 --num-workers 8
[stage-in] /eos/user/y/yeo/4l/compact/MiniAOD_eb_all.h5 -> /pool/condor/dir_3269302/MiniAOD_eb_all.h5
[gpu] True 1
[detector] eb
[weight_h5] /eos/home-y/yeo/4l/weights/categories/MiniAOD_all/category_weights.h5
[weight_key] EB_weight_split
[output] /pool/condor/dir_3269302/jobout
[device] cuda
[num_workers] requested=8 effective=8
[torch_sharing_strategy] file_system
[compact] /pool/condor/dir_3269302/MiniAOD_eb_all.h5

[weight sums before training]
train background=1.00000000 signal=1.00000000 total=2.00000000 | before_rebalance background=0.77569082 signal=0.80709901
val   background=0.99999999 signal=1.00000000 total=1.99999999 | before_rebalance background=0.09680913 signal=0.09689014
test  background=1.00000000 signal=1.00000000 total=2.00000000 | before_rebalance background=0.12750005 signal=0.09601085

[start training]

Epoch 001 | train_loss=0.540141 train_auc=0.9052 train_f1@0.5=0.8671 | val_loss=0.620344 val_auc=0.8711 val_f1@0.5=0.8714

[test summary]
  threshold = 0.438000
  test_auc  = 0.699973
  test_f1   = 0.798085
