000 (17135018.006.000) 07/09 12:38:44 Job submitted from host: <188.185.114.121:9618?addrs=188.185.114.121-9618+[2001-1458-d00-a--100-273]-9618&alias=bigbird19.cern.ch&noUDP&sock=schedd_5103_cfe0>
...
040 (17135018.006.000) 07/15 07:28:21 Started transferring input files
	Transferring to host: <188.185.190.108:9618?addrs=188.185.190.108-9618+[2001-1458-d03-b--100-2ff]-9618&alias=b9pgpun015.cern.ch&noUDP&sock=slot1_4_24793_a949_91>
...
040 (17135018.006.000) 07/15 07:28:21 Finished transferring input files
...
001 (17135018.006.000) 07/15 07:28:21 Job executing on host: <188.185.190.108:9618?addrs=188.185.190.108-9618+[2001-1458-d03-b--100-2ff]-9618&alias=b9pgpun015.cern.ch&noUDP&sock=startd_23809_9277>
	SlotName: slot1_4@b9pgpun015.cern.ch
	AvailableGPUs = { GPUs_GPU_6c758778 }
	CondorScratchDir = "/pool/condor/dir_50217"
	Cpus = 8
	Disk = 8394795
	GPUs = 1
	GPUs_GPU_6c758778 = [ Id = "GPU-6c758778"; ClockMhz = 1785.0; Capability = 9.0; CoresPerCU = 128; DeviceName = "NVIDIA H100 NVL"; DeviceUuid = "6c758778-f190-832d-194b-c3fac08a8c33"; ECCEnabled = true; ComputeUnits = 132; NvidiaDriver = "610.43.02"; DriverVersion = 13.3; DevicePciBusId = "0000:AE:00.0"; GlobalMemoryMb = 95312; MaxSupportedVersion = 13030 ]
	Memory = 24000
...
006 (17135018.006.000) 07/15 07:28:29 Image size of job updated: 189912
	186  -  MemoryUsage of job (MB)
	189912  -  ResidentSetSize of job (KB)
...
006 (17135018.006.000) 07/15 07:33:23 Image size of job updated: 3458328
	186  -  MemoryUsage of job (MB)
	189928  -  ResidentSetSize of job (KB)
...
040 (17135018.006.000) 07/15 07:33:23 Started transferring output files
...
040 (17135018.006.000) 07/15 07:33:23 Finished transferring output files
...
005 (17135018.006.000) 07/15 07:33:23 Job terminated.
	(1) Normal termination (return value 0)
		Usr 0 00:16:18, Sys 0 00:00:38  -  Run Remote Usage
		Usr 0 00:00:00, Sys 0 00:00:00  -  Run Local Usage
		Usr 0 00:16:18, Sys 0 00:00:38  -  Total Remote Usage
		Usr 0 00:00:00, Sys 0 00:00:00  -  Total Local Usage
	2043  -  Run Bytes Sent By Job
	185565  -  Run Bytes Received By Job
	2043  -  Total Bytes Sent By Job
	185565  -  Total Bytes Received By Job
	Partitionable Resources :    Usage  Request Allocated Assigned
	   Cpus                 :                 8         8 
	   Disk (KB)            :  1029385  8388608   8394795 
	   GPUs                 :                 1         1 "GPU-6c758778"
	   Memory (MB)          :      186    24000     24000 
	   TimeExecute (s)      :      302                    
	   TimeSlotBusy (s)     :      303                    
...
