[host] b9pgpun015.cern.ch
[args] train_resnet_image_classifier.py --detector ee --weight-h5 /eos/user/y/yeo/4l/weights/categories/MiniAOD_all/category_weights.h5 --compact /eos/user/y/yeo/4l/compact/MiniAOD_ee_all.h5 --output-dir /eos/user/y/yeo/4l/runs/v6/image_mini_ee_noes_all --track-types Lost,PF,GSF --model resnet50 --no-track-channels --epochs 50 --no-early-stopping --num-workers 8 --batch-size 16 --lr 1e-4 --no-es
[stage-in] /eos/user/y/yeo/4l/compact/MiniAOD_ee_all.h5 -> /pool/condor/dir_61404/MiniAOD_ee_all.h5
[stage-in] /eos/user/y/yeo/4l/weights/categories/MiniAOD_all/category_weights.h5 -> /pool/condor/dir_61404/weight_category_weights.h5
[gpu] True 1
[detector] ee
[weight_h5] /pool/condor/dir_61404/weight_category_weights.h5
[weight_key] EE_weight_split
[output] /pool/condor/dir_61404/jobout
[device] cuda
[num_workers] requested=8 effective=8
[torch_sharing_strategy] file_system
[compact] /pool/condor/dir_61404/MiniAOD_ee_all.h5
[resume] loaded last.pt @epoch=45 best=0.8755 -> resuming at epoch 46

[weight sums before training]
train background=1.00000000 signal=1.00000000 total=2.00000000 | before_rebalance background=0.81872117 signal=0.79922158
val   background=1.00000000 signal=1.00000000 total=2.00000001 | before_rebalance background=0.08479377 signal=0.09900056
test  background=1.00000001 signal=1.00000000 total=2.00000001 | before_rebalance background=0.09648506 signal=0.10177786

[start training]

Epoch 046 | train_loss=0.518413 train_auc=0.8695 train_f1@0.5=0.8022 | val_loss=0.461451 val_auc=0.8721 val_f1@0.5=0.8102
Epoch 047 | train_loss=0.524945 train_auc=0.8672 train_f1@0.5=0.7992 | val_loss=0.461363 val_auc=0.8717 val_f1@0.5=0.8113
Epoch 048 | train_loss=0.533945 train_auc=0.8644 train_f1@0.5=0.8009 | val_loss=0.460525 val_auc=0.8714 val_f1@0.5=0.8103
Epoch 049 | train_loss=0.519391 train_auc=0.8694 train_f1@0.5=0.8006 | val_loss=0.465309 val_auc=0.8720 val_f1@0.5=0.8121
Epoch 050 | train_loss=0.507132 train_auc=0.8721 train_f1@0.5=0.7998 | val_loss=0.460763 val_auc=0.8708 val_f1@0.5=0.8099

[test summary]
  threshold = 0.466000
  test_auc  = 0.898480
  test_f1   = 0.792727
[stage-out] /pool/condor/dir_61404/jobout -> root://eosuser.cern.ch//eos/user/y/yeo/4l/runs/v6/image_mini_ee_noes_all
[stage-out] done
