000 (17368461.004.000) 07/12 22:04:20 Job submitted from host: <188.185.114.121:9618?addrs=188.185.114.121-9618+[2001-1458-d00-a--100-273]-9618&alias=bigbird19.cern.ch&noUDP&sock=schedd_5103_cfe0>
...
040 (17368461.004.000) 07/15 08:19:52 Started transferring input files
	Transferring to host: <188.185.190.108:9618?addrs=188.185.190.108-9618+[2001-1458-d03-b--100-2ff]-9618&alias=b9pgpun015.cern.ch&noUDP&sock=slot1_2_24793_a949_118>
...
040 (17368461.004.000) 07/15 08:19:53 Finished transferring input files
...
001 (17368461.004.000) 07/15 08:19:53 Job executing on host: <188.185.190.108:9618?addrs=188.185.190.108-9618+[2001-1458-d03-b--100-2ff]-9618&alias=b9pgpun015.cern.ch&noUDP&sock=startd_23809_9277>
	SlotName: slot1_2@b9pgpun015.cern.ch
	AvailableGPUs = { GPUs_GPU_8419873c }
	CondorScratchDir = "/pool/condor/dir_61404"
	Cpus = 8
	Disk = 8394420
	GPUs = 1
	GPUs_GPU_8419873c = [ Id = "GPU-8419873c"; ClockMhz = 1785.0; Capability = 9.0; CoresPerCU = 128; DeviceName = "NVIDIA H100 NVL"; DeviceUuid = "8419873c-22dc-83cd-5a57-5735ab9510a1"; ECCEnabled = true; ComputeUnits = 132; NvidiaDriver = "610.43.02"; DriverVersion = 13.3; DevicePciBusId = "0000:3B:00.0"; GlobalMemoryMb = 95312; MaxSupportedVersion = 13030 ]
	Memory = 24000
...
006 (17368461.004.000) 07/15 08:20:01 Image size of job updated: 4092
	4  -  MemoryUsage of job (MB)
	4092  -  ResidentSetSize of job (KB)
...
006 (17368461.004.000) 07/15 08:25:01 Image size of job updated: 3198384
	3124  -  MemoryUsage of job (MB)
	3198384  -  ResidentSetSize of job (KB)
...
006 (17368461.004.000) 07/15 08:30:01 Image size of job updated: 3364048
	3277  -  MemoryUsage of job (MB)
	3355064  -  ResidentSetSize of job (KB)
...
006 (17368461.004.000) 07/15 08:35:02 Image size of job updated: 3530512
	3437  -  MemoryUsage of job (MB)
	3519468  -  ResidentSetSize of job (KB)
...
006 (17368461.004.000) 07/15 08:40:02 Image size of job updated: 4806192
	4694  -  MemoryUsage of job (MB)
	4806192  -  ResidentSetSize of job (KB)
...
006 (17368461.004.000) 07/15 08:45:03 Image size of job updated: 4921404
	4807  -  MemoryUsage of job (MB)
	4921404  -  ResidentSetSize of job (KB)
...
006 (17368461.004.000) 07/15 08:50:04 Image size of job updated: 4932732
	4818  -  MemoryUsage of job (MB)
	4932732  -  ResidentSetSize of job (KB)
...
006 (17368461.004.000) 07/15 08:55:04 Image size of job updated: 4943796
	4828  -  MemoryUsage of job (MB)
	4943796  -  ResidentSetSize of job (KB)
...
006 (17368461.004.000) 07/15 09:00:06 Image size of job updated: 4981988
	4847  -  MemoryUsage of job (MB)
	4963184  -  ResidentSetSize of job (KB)
...
006 (17368461.004.000) 07/15 09:05:06 Image size of job updated: 4989340
	4858  -  MemoryUsage of job (MB)
	4974056  -  ResidentSetSize of job (KB)
...
006 (17368461.004.000) 07/15 09:10:06 Image size of job updated: 5001008
	4869  -  MemoryUsage of job (MB)
	4984980  -  ResidentSetSize of job (KB)
...
006 (17368461.004.000) 07/15 09:15:07 Image size of job updated: 5007728
	4869  -  MemoryUsage of job (MB)
	4984980  -  ResidentSetSize of job (KB)
...
006 (17368461.004.000) 07/15 09:40:08 Image size of job updated: 5007728
	4870  -  MemoryUsage of job (MB)
	4986120  -  ResidentSetSize of job (KB)
...
006 (17368461.004.000) 07/15 09:45:09 Image size of job updated: 5012488
	4880  -  MemoryUsage of job (MB)
	4996832  -  ResidentSetSize of job (KB)
...
006 (17368461.004.000) 07/15 09:50:09 Image size of job updated: 5894296
	5757  -  MemoryUsage of job (MB)
	5894296  -  ResidentSetSize of job (KB)
...
006 (17368461.004.000) 07/15 09:52:26 Image size of job updated: 5996124
	5766  -  MemoryUsage of job (MB)
	5903836  -  ResidentSetSize of job (KB)
...
040 (17368461.004.000) 07/15 09:52:26 Started transferring output files
...
040 (17368461.004.000) 07/15 09:52:26 Finished transferring output files
...
005 (17368461.004.000) 07/15 09:52:26 Job terminated.
	(1) Normal termination (return value 0)
		Usr 0 02:12:39, Sys 0 00:29:37  -  Run Remote Usage
		Usr 0 00:00:00, Sys 0 00:00:00  -  Run Local Usage
		Usr 0 02:12:39, Sys 0 00:29:37  -  Total Remote Usage
		Usr 0 00:00:00, Sys 0 00:00:00  -  Total Local Usage
	2272  -  Run Bytes Sent By Job
	185565  -  Run Bytes Received By Job
	2272  -  Total Bytes Sent By Job
	185565  -  Total Bytes Received By Job
	Partitionable Resources :      Usage  Request Allocated Assigned
	   Cpus                 :       1.74        8         8 
	   Disk (KB)            : 1350650     8388608   8394420 
	   GPUs                 :       0.88        1         1 "GPU-8419873c"
	   GpusMemory (MB)      :    5908                       
	   Memory (MB)          :    5766       24000     24000 
	   TimeExecute (s)      :    5553                       
	   TimeSlotBusy (s)     :    5554                       
...
