[host] b9pgpun015.cern.ch
[args] train_resnet_image_classifier.py --detector ee --weight-h5 /eos/user/y/yeo/4l/weights/categories/MiniAOD_all/category_weights.h5 --compact /eos/user/y/yeo/4l/compact/MiniAOD_ee_all.h5 --output-dir /eos/user/y/yeo/4l/runs/v6/image_mini_ee_es_all --track-types Lost,PF,GSF --model resnet50 --no-track-channels --epochs 50 --no-early-stopping --num-workers 8 --batch-size 16 --lr 1e-4
[stage-in] /eos/user/y/yeo/4l/compact/MiniAOD_ee_all.h5 -> /pool/condor/dir_53735/MiniAOD_ee_all.h5
[stage-in] /eos/user/y/yeo/4l/weights/categories/MiniAOD_all/category_weights.h5 -> /pool/condor/dir_53735/weight_category_weights.h5
[gpu] True 1
[detector] ee
[weight_h5] /pool/condor/dir_53735/weight_category_weights.h5
[weight_key] EE_weight_split
[output] /pool/condor/dir_53735/jobout
[device] cuda
[num_workers] requested=8 effective=8
[torch_sharing_strategy] file_system
[compact] /pool/condor/dir_53735/MiniAOD_ee_all.h5
[resume] loaded last.pt @epoch=49 best=0.8792 -> resuming at epoch 50

[weight sums before training]
train background=1.00000000 signal=1.00000000 total=2.00000000 | before_rebalance background=0.81872117 signal=0.79922158
val   background=1.00000000 signal=1.00000000 total=2.00000001 | before_rebalance background=0.08479377 signal=0.09900056
test  background=1.00000001 signal=1.00000000 total=2.00000001 | before_rebalance background=0.09648506 signal=0.10177786

[start training]

Epoch 050 | train_loss=0.523921 train_auc=0.8680 train_f1@0.5=0.7976 | val_loss=0.450690 val_auc=0.8757 val_f1@0.5=0.8177

[test summary]
  threshold = 0.398000
  test_auc  = 0.900580
  test_f1   = 0.808850
[stage-out] /pool/condor/dir_53735/jobout -> root://eosuser.cern.ch//eos/user/y/yeo/4l/runs/v6/image_mini_ee_es_all
[stage-out] done
