000 (17115982.003.000) 07/08 08:20:08 Job submitted from host: <188.185.114.121:9618?addrs=188.185.114.121-9618+[2001-1458-d00-a--100-273]-9618&alias=bigbird19.cern.ch&noUDP&sock=schedd_5103_cfe0>
...
040 (17115982.003.000) 07/08 08:39:02 Started transferring input files
	Transferring to host: <188.185.92.157:9618?addrs=188.185.92.157-9618+[2001-1458-d00-6c--100-379]-9618&alias=b9g57n1695.cern.ch&noUDP&sock=slot1_1_5389_c9b4_167114>
...
040 (17115982.003.000) 07/08 08:39:02 Finished transferring input files
...
001 (17115982.003.000) 07/08 08:39:02 Job executing on host: <188.185.92.157:9618?addrs=188.185.92.157-9618+[2001-1458-d00-6c--100-379]-9618&alias=b9g57n1695.cern.ch&noUDP&sock=startd_5342_bf03>
	SlotName: slot1_1@b9g57n1695.cern.ch
	AvailableGPUs = { GPUs_GPU_837d59ba }
	CondorScratchDir = "/pool/condor/dir_1568152"
	Cpus = 8
	Disk = 8389631
	GPUs = 1
	GPUs_GPU_837d59ba = [ Id = "GPU-837d59ba"; ClockMhz = 1410.0; Capability = 8.0; CoresPerCU = 64; DeviceName = "NVIDIA A100-PCIE-40GB"; DeviceUuid = "837d59ba-8828-f50d-eac6-78cf9176c415"; ECCEnabled = true; ComputeUnits = 108; DriverVersion = 13.0; DevicePciBusId = "0000:06:00.0"; GlobalMemoryMb = 40441; MaxSupportedVersion = 13000 ]
	Memory = 24000
...
006 (17115982.003.000) 07/08 08:39:15 Image size of job updated: 188996
	185  -  MemoryUsage of job (MB)
	188996  -  ResidentSetSize of job (KB)
...
006 (17115982.003.000) 07/08 08:44:15 Image size of job updated: 3105608
	3033  -  MemoryUsage of job (MB)
	3105608  -  ResidentSetSize of job (KB)
...
006 (17115982.003.000) 07/08 08:49:16 Image size of job updated: 3271536
	3195  -  MemoryUsage of job (MB)
	3271536  -  ResidentSetSize of job (KB)
...
006 (17115982.003.000) 07/08 08:54:17 Image size of job updated: 3416784
	3335  -  MemoryUsage of job (MB)
	3414288  -  ResidentSetSize of job (KB)
...
006 (17115982.003.000) 07/08 08:59:17 Image size of job updated: 3545212
	3463  -  MemoryUsage of job (MB)
	3545212  -  ResidentSetSize of job (KB)
...
006 (17115982.003.000) 07/08 09:04:18 Image size of job updated: 3679476
	3593  -  MemoryUsage of job (MB)
	3678652  -  ResidentSetSize of job (KB)
...
006 (17115982.003.000) 07/08 09:09:19 Image size of job updated: 3797252
	3709  -  MemoryUsage of job (MB)
	3797252  -  ResidentSetSize of job (KB)
...
006 (17115982.003.000) 07/08 09:14:19 Image size of job updated: 3915116
	3824  -  MemoryUsage of job (MB)
	3915116  -  ResidentSetSize of job (KB)
...
006 (17115982.003.000) 07/08 09:19:20 Image size of job updated: 4044512
	3950  -  MemoryUsage of job (MB)
	4044512  -  ResidentSetSize of job (KB)
...
006 (17115982.003.000) 07/08 09:24:21 Image size of job updated: 4172404
	4075  -  MemoryUsage of job (MB)
	4172404  -  ResidentSetSize of job (KB)
...
006 (17115982.003.000) 07/08 09:29:21 Image size of job updated: 4301816
	4201  -  MemoryUsage of job (MB)
	4301816  -  ResidentSetSize of job (KB)
...
006 (17115982.003.000) 07/08 09:34:22 Image size of job updated: 4436032
	4333  -  MemoryUsage of job (MB)
	4436032  -  ResidentSetSize of job (KB)
...
006 (17115982.003.000) 07/08 09:39:23 Image size of job updated: 4566508
	4460  -  MemoryUsage of job (MB)
	4566508  -  ResidentSetSize of job (KB)
...
006 (17115982.003.000) 07/08 09:44:23 Image size of job updated: 4714716
	4605  -  MemoryUsage of job (MB)
	4714716  -  ResidentSetSize of job (KB)
...
006 (17115982.003.000) 07/08 09:49:23 Image size of job updated: 4855100
	4742  -  MemoryUsage of job (MB)
	4855100  -  ResidentSetSize of job (KB)
...
006 (17115982.003.000) 07/08 09:54:24 Image size of job updated: 4973884
	4858  -  MemoryUsage of job (MB)
	4973884  -  ResidentSetSize of job (KB)
...
006 (17115982.003.000) 07/08 09:59:24 Image size of job updated: 5123840
	5004  -  MemoryUsage of job (MB)
	5123840  -  ResidentSetSize of job (KB)
...
006 (17115982.003.000) 07/08 10:04:24 Image size of job updated: 5258528
	5136  -  MemoryUsage of job (MB)
	5258528  -  ResidentSetSize of job (KB)
...
006 (17115982.003.000) 07/08 10:09:25 Image size of job updated: 5385008
	5259  -  MemoryUsage of job (MB)
	5385008  -  ResidentSetSize of job (KB)
...
006 (17115982.003.000) 07/08 10:14:26 Image size of job updated: 5549404
	5420  -  MemoryUsage of job (MB)
	5549404  -  ResidentSetSize of job (KB)
...
006 (17115982.003.000) 07/08 10:19:26 Image size of job updated: 5682700
	5550  -  MemoryUsage of job (MB)
	5682700  -  ResidentSetSize of job (KB)
...
006 (17115982.003.000) 07/08 10:24:27 Image size of job updated: 5816708
	5681  -  MemoryUsage of job (MB)
	5816708  -  ResidentSetSize of job (KB)
...
006 (17115982.003.000) 07/08 10:29:28 Image size of job updated: 5973336
	5834  -  MemoryUsage of job (MB)
	5973336  -  ResidentSetSize of job (KB)
...
006 (17115982.003.000) 07/08 10:34:28 Image size of job updated: 6126572
	5983  -  MemoryUsage of job (MB)
	6126572  -  ResidentSetSize of job (KB)
...
006 (17115982.003.000) 07/08 10:39:29 Image size of job updated: 6275636
	6129  -  MemoryUsage of job (MB)
	6275636  -  ResidentSetSize of job (KB)
...
006 (17115982.003.000) 07/08 10:44:30 Image size of job updated: 6418728
	6269  -  MemoryUsage of job (MB)
	6418728  -  ResidentSetSize of job (KB)
...
006 (17115982.003.000) 07/08 10:49:30 Image size of job updated: 6588704
	6435  -  MemoryUsage of job (MB)
	6588704  -  ResidentSetSize of job (KB)
...
006 (17115982.003.000) 07/08 10:51:52 Image size of job updated: 6921948
	6435  -  MemoryUsage of job (MB)
	6588704  -  ResidentSetSize of job (KB)
...
040 (17115982.003.000) 07/08 10:51:52 Started transferring output files
...
040 (17115982.003.000) 07/08 10:51:52 Finished transferring output files
...
005 (17115982.003.000) 07/08 10:51:52 Job terminated.
	(1) Normal termination (return value 0)
		Usr 0 08:52:39, Sys 0 01:15:37  -  Run Remote Usage
		Usr 0 00:00:00, Sys 0 00:00:00  -  Run Local Usage
		Usr 0 08:52:39, Sys 0 01:15:37  -  Total Remote Usage
		Usr 0 00:00:00, Sys 0 00:00:00  -  Total Local Usage
	7893  -  Run Bytes Sent By Job
	184975  -  Run Bytes Received By Job
	7893  -  Total Bytes Sent By Job
	184975  -  Total Bytes Received By Job
	Partitionable Resources :     Usage  Request Allocated Assigned
	   Cpus                 :      5.84        8         8 
	   Disk (KB)            : 899033     8388608   8389631 
	   GPUs                 :      0.19        1         1 "GPU-837d59ba"
	   GpusMemory (MB)      :   1130                       
	   Memory (MB)          :   6435       24000     24000 
	   TimeExecute (s)      :   7970                       
	   TimeSlotBusy (s)     :   7972                       
...
