[host] b9g57n7827.cern.ch
[args] train_point_transformer_track_classifier.py --detector ee --weight-h5 /eos/user/y/yeo/4l/weights/categories/MiniAOD_eq1/category_weights.h5 --compact /eos/user/y/yeo/4l/compact/MiniAOD_ee_eq1.h5 --output-dir /eos/user/y/yeo/4l/runs/v6/track_mini_ee_eq1 --track-types Lost,PF,GSF --epochs 50 --no-early-stopping --num-workers 8 --batch-size 64 --lr 1e-4 --max-points 16 --embed-dim 128 --depth 4 --num-heads 4 --mlp-ratio 4.0 --dropout 0.1
[stage-in] /eos/user/y/yeo/4l/compact/MiniAOD_ee_eq1.h5 -> /pool/condor/dir_695064/MiniAOD_ee_eq1.h5
[gpu] True 1
[detector] ee
[weight_h5] /eos/home-y/yeo/4l/weights/categories/MiniAOD_eq1/category_weights.h5
[weight_key] EE_weight_split
[output] /pool/condor/dir_695064/jobout
[device] cuda
[num_workers] requested=8 effective=8
[torch_sharing_strategy] file_system
[compact] /pool/condor/dir_695064/MiniAOD_ee_eq1.h5
[resume] no checkpoint on EOS; starting fresh

[weight sums before training]
train background=1.00000001 signal=1.00000000 total=2.00000001 | before_rebalance background=0.80581552 signal=0.79773397
val   background=1.00000000 signal=1.00000000 total=2.00000000 | before_rebalance background=0.09233030 signal=0.10346968
test  background=1.00000000 signal=0.99999999 total=2.00000000 | before_rebalance background=0.10185419 signal=0.09879634

[start training]

Epoch 001 | train_loss=0.743525 train_auc=0.5183 train_f1@0.5=0.6272 | val_loss=0.718620 val_auc=0.5440 val_f1@0.5=0.6674
Epoch 002 | train_loss=0.679134 train_auc=0.6224 train_f1@0.5=0.6784 | val_loss=0.626738 val_auc=0.7039 val_f1@0.5=0.6676
Epoch 003 | train_loss=0.601908 train_auc=0.7524 train_f1@0.5=0.7390 | val_loss=0.634493 val_auc=0.7480 val_f1@0.5=0.7066
Epoch 004 | train_loss=0.589572 train_auc=0.7659 train_f1@0.5=0.7275 | val_loss=0.717453 val_auc=0.6674 val_f1@0.5=0.7063
Epoch 005 | train_loss=0.565054 train_auc=0.7911 train_f1@0.5=0.7551 | val_loss=0.562509 val_auc=0.8053 val_f1@0.5=0.7534
Epoch 006 | train_loss=0.531184 train_auc=0.8212 train_f1@0.5=0.7675 | val_loss=0.589680 val_auc=0.7959 val_f1@0.5=0.7303
Epoch 007 | train_loss=0.493167 train_auc=0.8518 train_f1@0.5=0.7907 | val_loss=0.569986 val_auc=0.8213 val_f1@0.5=0.7592
Epoch 008 | train_loss=0.460070 train_auc=0.8706 train_f1@0.5=0.8201 | val_loss=0.519667 val_auc=0.8459 val_f1@0.5=0.7549
Epoch 009 | train_loss=0.455384 train_auc=0.8737 train_f1@0.5=0.8152 | val_loss=0.518948 val_auc=0.8466 val_f1@0.5=0.7590
Epoch 010 | train_loss=0.444983 train_auc=0.8822 train_f1@0.5=0.8157 | val_loss=0.458904 val_auc=0.8722 val_f1@0.5=0.7701
Epoch 011 | train_loss=0.417544 train_auc=0.8918 train_f1@0.5=0.8289 | val_loss=0.495373 val_auc=0.8858 val_f1@0.5=0.8010
Epoch 012 | train_loss=0.399318 train_auc=0.9024 train_f1@0.5=0.8362 | val_loss=0.473850 val_auc=0.8755 val_f1@0.5=0.8052
Epoch 013 | train_loss=0.381564 train_auc=0.9122 train_f1@0.5=0.8528 | val_loss=0.429110 val_auc=0.8927 val_f1@0.5=0.8144
Epoch 014 | train_loss=0.385448 train_auc=0.9066 train_f1@0.5=0.8444 | val_loss=0.525177 val_auc=0.8844 val_f1@0.5=0.8037
Epoch 015 | train_loss=0.422465 train_auc=0.8934 train_f1@0.5=0.8240 | val_loss=0.444623 val_auc=0.8986 val_f1@0.5=0.8073
Epoch 016 | train_loss=0.366721 train_auc=0.9179 train_f1@0.5=0.8715 | val_loss=0.388906 val_auc=0.9101 val_f1@0.5=0.8288
Epoch 017 | train_loss=0.378322 train_auc=0.9112 train_f1@0.5=0.8522 | val_loss=0.463455 val_auc=0.8969 val_f1@0.5=0.8086
Epoch 018 | train_loss=0.377044 train_auc=0.9147 train_f1@0.5=0.8407 | val_loss=0.384791 val_auc=0.9114 val_f1@0.5=0.8114
Epoch 019 | train_loss=0.372040 train_auc=0.9149 train_f1@0.5=0.8477 | val_loss=0.401640 val_auc=0.9149 val_f1@0.5=0.8098
Epoch 020 | train_loss=0.335194 train_auc=0.9310 train_f1@0.5=0.8755 | val_loss=0.353289 val_auc=0.9239 val_f1@0.5=0.8278
Epoch 021 | train_loss=0.333383 train_auc=0.9340 train_f1@0.5=0.8726 | val_loss=0.478782 val_auc=0.9262 val_f1@0.5=0.8298
Epoch 022 | train_loss=0.363106 train_auc=0.9207 train_f1@0.5=0.8575 | val_loss=0.402225 val_auc=0.9109 val_f1@0.5=0.8100
Epoch 023 | train_loss=0.343413 train_auc=0.9282 train_f1@0.5=0.8624 | val_loss=0.408573 val_auc=0.9141 val_f1@0.5=0.8121
Epoch 024 | train_loss=0.336993 train_auc=0.9315 train_f1@0.5=0.8663 | val_loss=0.378278 val_auc=0.9251 val_f1@0.5=0.8444
Epoch 025 | train_loss=0.310099 train_auc=0.9405 train_f1@0.5=0.8826 | val_loss=0.399490 val_auc=0.9269 val_f1@0.5=0.8515
Epoch 026 | train_loss=0.291364 train_auc=0.9477 train_f1@0.5=0.8849 | val_loss=0.371970 val_auc=0.9332 val_f1@0.5=0.8618
Epoch 027 | train_loss=0.284329 train_auc=0.9499 train_f1@0.5=0.8914 | val_loss=0.362142 val_auc=0.9272 val_f1@0.5=0.8364
Epoch 028 | train_loss=0.292102 train_auc=0.9477 train_f1@0.5=0.8786 | val_loss=0.340391 val_auc=0.9317 val_f1@0.5=0.8577
Epoch 029 | train_loss=0.290076 train_auc=0.9469 train_f1@0.5=0.8853 | val_loss=0.370450 val_auc=0.9222 val_f1@0.5=0.8568
Epoch 030 | train_loss=0.273859 train_auc=0.9544 train_f1@0.5=0.8902 | val_loss=0.340574 val_auc=0.9312 val_f1@0.5=0.8690
Epoch 031 | train_loss=0.277771 train_auc=0.9524 train_f1@0.5=0.8883 | val_loss=0.351010 val_auc=0.9322 val_f1@0.5=0.8697
Epoch 032 | train_loss=0.266640 train_auc=0.9554 train_f1@0.5=0.8986 | val_loss=0.343712 val_auc=0.9303 val_f1@0.5=0.8790
Epoch 033 | train_loss=0.259845 train_auc=0.9575 train_f1@0.5=0.8974 | val_loss=0.345267 val_auc=0.9326 val_f1@0.5=0.8686
Epoch 034 | train_loss=0.262451 train_auc=0.9565 train_f1@0.5=0.8994 | val_loss=0.353012 val_auc=0.9325 val_f1@0.5=0.8679
Epoch 035 | train_loss=0.269046 train_auc=0.9547 train_f1@0.5=0.8948 | val_loss=0.349050 val_auc=0.9349 val_f1@0.5=0.8685
Epoch 036 | train_loss=0.259259 train_auc=0.9588 train_f1@0.5=0.8969 | val_loss=0.350007 val_auc=0.9333 val_f1@0.5=0.8566
Epoch 037 | train_loss=0.259377 train_auc=0.9588 train_f1@0.5=0.8986 | val_loss=0.331979 val_auc=0.9371 val_f1@0.5=0.8783
Epoch 038 | train_loss=0.250303 train_auc=0.9616 train_f1@0.5=0.9017 | val_loss=0.339934 val_auc=0.9357 val_f1@0.5=0.8744
Epoch 039 | train_loss=0.252446 train_auc=0.9614 train_f1@0.5=0.9000 | val_loss=0.342403 val_auc=0.9345 val_f1@0.5=0.8728
Epoch 040 | train_loss=0.242888 train_auc=0.9640 train_f1@0.5=0.9057 | val_loss=0.367544 val_auc=0.9334 val_f1@0.5=0.8549
Epoch 041 | train_loss=0.248995 train_auc=0.9619 train_f1@0.5=0.9093 | val_loss=0.339566 val_auc=0.9343 val_f1@0.5=0.8750
Epoch 042 | train_loss=0.252678 train_auc=0.9600 train_f1@0.5=0.9041 | val_loss=0.348722 val_auc=0.9342 val_f1@0.5=0.8682
Epoch 043 | train_loss=0.248220 train_auc=0.9623 train_f1@0.5=0.9098 | val_loss=0.343568 val_auc=0.9328 val_f1@0.5=0.8698
Epoch 044 | train_loss=0.239840 train_auc=0.9650 train_f1@0.5=0.9053 | val_loss=0.350304 val_auc=0.9345 val_f1@0.5=0.8695
Epoch 045 | train_loss=0.239121 train_auc=0.9646 train_f1@0.5=0.9124 | val_loss=0.344128 val_auc=0.9346 val_f1@0.5=0.8689
Epoch 046 | train_loss=0.241998 train_auc=0.9646 train_f1@0.5=0.9047 | val_loss=0.357714 val_auc=0.9333 val_f1@0.5=0.8678
Epoch 047 | train_loss=0.232822 train_auc=0.9676 train_f1@0.5=0.9066 | val_loss=0.356510 val_auc=0.9333 val_f1@0.5=0.8688
Epoch 048 | train_loss=0.243145 train_auc=0.9636 train_f1@0.5=0.9106 | val_loss=0.350358 val_auc=0.9334 val_f1@0.5=0.8692
Epoch 049 | train_loss=0.243620 train_auc=0.9627 train_f1@0.5=0.9079 | val_loss=0.351272 val_auc=0.9340 val_f1@0.5=0.8694
Epoch 050 | train_loss=0.238471 train_auc=0.9648 train_f1@0.5=0.9076 | val_loss=0.351370 val_auc=0.9340 val_f1@0.5=0.8691

[test summary]
  threshold = 0.484000
  test_auc  = 0.915337
  test_f1   = 0.854053
[stage-out] /pool/condor/dir_695064/jobout -> root://eosuser.cern.ch//eos/user/y/yeo/4l/runs/v6/track_mini_ee_eq1
[stage-out] done
