000 (17115983.016.000) 07/08 08:20:09 Job submitted from host: <188.185.114.121:9618?addrs=188.185.114.121-9618+[2001-1458-d00-a--100-273]-9618&alias=bigbird19.cern.ch&noUDP&sock=schedd_5103_cfe0>
...
040 (17115983.016.000) 07/08 14:40:07 Started transferring input files
	Transferring to host: <188.185.92.184:9618?addrs=188.185.92.184-9618+[2001-1458-d00-6c--100-192]-9618&alias=b9g57n4080.cern.ch&noUDP&sock=slot1_1_8965_6746_18697>
...
040 (17115983.016.000) 07/08 14:40:07 Finished transferring input files
...
001 (17115983.016.000) 07/08 14:40:07 Job executing on host: <188.185.92.184:9618?addrs=188.185.92.184-9618+[2001-1458-d00-6c--100-192]-9618&alias=b9g57n4080.cern.ch&noUDP&sock=startd_8919_4547>
	SlotName: slot1_1@b9g57n4080.cern.ch
	AvailableGPUs = { GPUs_GPU_a841436e }
	CondorScratchDir = "/pool/condor/dir_2535655"
	Cpus = 8
	Disk = 8389583
	GPUs = 1
	GPUs_GPU_a841436e = [ Id = "GPU-a841436e"; ClockMhz = 1410.0; Capability = 8.0; CoresPerCU = 64; DeviceName = "NVIDIA A100-PCIE-40GB"; DeviceUuid = "a841436e-1cae-5da0-0a02-7b844fb8ca33"; ECCEnabled = true; ComputeUnits = 108; DriverVersion = 13.0; DevicePciBusId = "0000:06:00.0"; GlobalMemoryMb = 40441; MaxSupportedVersion = 13000 ]
	Memory = 24000
...
006 (17115983.016.000) 07/08 14:40:21 Image size of job updated: 221424
	217  -  MemoryUsage of job (MB)
	221424  -  ResidentSetSize of job (KB)
...
006 (17115983.016.000) 07/08 14:45:22 Image size of job updated: 3333252
	3008  -  MemoryUsage of job (MB)
	3079368  -  ResidentSetSize of job (KB)
...
006 (17115983.016.000) 07/08 14:50:23 Image size of job updated: 3457684
	3096  -  MemoryUsage of job (MB)
	3169364  -  ResidentSetSize of job (KB)
...
006 (17115983.016.000) 07/08 14:55:23 Image size of job updated: 3466860
	3170  -  MemoryUsage of job (MB)
	3245788  -  ResidentSetSize of job (KB)
...
006 (17115983.016.000) 07/08 15:00:24 Image size of job updated: 3533260
	3400  -  MemoryUsage of job (MB)
	3481356  -  ResidentSetSize of job (KB)
...
006 (17115983.016.000) 07/08 15:15:26 Image size of job updated: 3589556
	3400  -  MemoryUsage of job (MB)
	3481356  -  ResidentSetSize of job (KB)
...
006 (17115983.016.000) 07/08 15:20:27 Image size of job updated: 3653668
	3400  -  MemoryUsage of job (MB)
	3481356  -  ResidentSetSize of job (KB)
...
006 (17115983.016.000) 07/08 16:00:31 Image size of job updated: 3673308
	3400  -  MemoryUsage of job (MB)
	3481356  -  ResidentSetSize of job (KB)
...
006 (17115983.016.000) 07/08 16:05:32 Image size of job updated: 3996532
	3400  -  MemoryUsage of job (MB)
	3481356  -  ResidentSetSize of job (KB)
...
006 (17115983.016.000) 07/08 16:10:32 Image size of job updated: 3996532
	3543  -  MemoryUsage of job (MB)
	3627780  -  ResidentSetSize of job (KB)
...
006 (17115983.016.000) 07/08 16:29:22 Image size of job updated: 4386752
	3543  -  MemoryUsage of job (MB)
	3627780  -  ResidentSetSize of job (KB)
...
040 (17115983.016.000) 07/08 16:29:22 Started transferring output files
...
040 (17115983.016.000) 07/08 16:29:22 Finished transferring output files
...
005 (17115983.016.000) 07/08 16:29:22 Job terminated.
	(1) Normal termination (return value 0)
		Usr 0 03:39:24, Sys 0 02:50:12  -  Run Remote Usage
		Usr 0 00:00:00, Sys 0 00:00:00  -  Run Local Usage
		Usr 0 03:39:24, Sys 0 02:50:12  -  Total Remote Usage
		Usr 0 00:00:00, Sys 0 00:00:00  -  Total Local Usage
	7620  -  Run Bytes Sent By Job
	184975  -  Run Bytes Received By Job
	7620  -  Total Bytes Sent By Job
	184975  -  Total Bytes Received By Job
	Partitionable Resources :     Usage  Request Allocated Assigned
	   Cpus                 :      4.86        8         8 
	   Disk (KB)            : 604276     8388608   8389583 
	   GPUs                 :      0.83        1         1 "GPU-a841436e"
	   GpusMemory (MB)      :   5600                       
	   Memory (MB)          :   3543       24000     24000 
	   TimeExecute (s)      :   6555                       
	   TimeSlotBusy (s)     :   6555                       
...
