[host] b9g57n5297.cern.ch
[args] train_point_transformer_track_classifier.py --detector eb --weight-h5 /eos/user/y/yeo/4l/weights/categories/AOD_eq1/category_weights.h5 --compact /eos/user/y/yeo/4l/compact/AOD_eb_eq1.h5 --output-dir /eos/user/y/yeo/4l/runs/v6/track_aod_eb_eq1 --track-types GenTrk --epochs 50 --no-early-stopping --num-workers 8 --batch-size 64 --lr 1e-4 --max-points 16 --embed-dim 128 --depth 4 --num-heads 4 --mlp-ratio 4.0 --dropout 0.1
[stage-in] /eos/user/y/yeo/4l/compact/AOD_eb_eq1.h5 -> /pool/condor/dir_62546/AOD_eb_eq1.h5
[gpu] True 1
[detector] eb
[weight_h5] /eos/home-y/yeo/4l/weights/categories/AOD_eq1/category_weights.h5
[weight_key] EB_weight_split
[output] /pool/condor/dir_62546/jobout
[device] cuda
[num_workers] requested=8 effective=8
[torch_sharing_strategy] file_system
[compact] /pool/condor/dir_62546/AOD_eb_eq1.h5
[resume] no checkpoint on EOS; starting fresh

[weight sums before training]
train background=0.99999999 signal=1.00000000 total=1.99999999 | before_rebalance background=0.81187702 signal=0.79348161
val   background=1.00000000 signal=1.00000000 total=2.00000000 | before_rebalance background=0.09727935 signal=0.09325798
test  background=1.00000000 signal=1.00000000 total=2.00000000 | before_rebalance background=0.09084364 signal=0.11326041

[start training]

Epoch 001 | train_loss=0.547374 train_auc=0.8158 train_f1@0.5=0.8024 | val_loss=0.397251 val_auc=0.8976 val_f1@0.5=0.8752
Epoch 002 | train_loss=0.489242 train_auc=0.8589 train_f1@0.5=0.8236 | val_loss=0.366366 val_auc=0.9099 val_f1@0.5=0.8756
Epoch 003 | train_loss=0.468689 train_auc=0.8680 train_f1@0.5=0.8313 | val_loss=0.411846 val_auc=0.9060 val_f1@0.5=0.8701
Epoch 004 | train_loss=0.491812 train_auc=0.8503 train_f1@0.5=0.8376 | val_loss=0.367395 val_auc=0.9218 val_f1@0.5=0.8781
Epoch 005 | train_loss=0.422314 train_auc=0.8919 train_f1@0.5=0.8404 | val_loss=0.339609 val_auc=0.9264 val_f1@0.5=0.8795
Epoch 006 | train_loss=0.417432 train_auc=0.9023 train_f1@0.5=0.8417 | val_loss=0.360612 val_auc=0.9294 val_f1@0.5=0.8719
Epoch 007 | train_loss=0.434966 train_auc=0.8934 train_f1@0.5=0.8418 | val_loss=0.287240 val_auc=0.9474 val_f1@0.5=0.8982
Epoch 008 | train_loss=0.431806 train_auc=0.8892 train_f1@0.5=0.8543 | val_loss=0.331089 val_auc=0.9401 val_f1@0.5=0.8762
Epoch 009 | train_loss=0.412025 train_auc=0.9051 train_f1@0.5=0.8552 | val_loss=0.283279 val_auc=0.9504 val_f1@0.5=0.8944
Epoch 010 | train_loss=0.391220 train_auc=0.9105 train_f1@0.5=0.8525 | val_loss=0.345311 val_auc=0.9393 val_f1@0.5=0.8784
Epoch 011 | train_loss=0.373516 train_auc=0.9170 train_f1@0.5=0.8567 | val_loss=0.276107 val_auc=0.9534 val_f1@0.5=0.9022
Epoch 012 | train_loss=0.379988 train_auc=0.9173 train_f1@0.5=0.8580 | val_loss=0.269986 val_auc=0.9532 val_f1@0.5=0.9039
Epoch 013 | train_loss=0.340497 train_auc=0.9286 train_f1@0.5=0.8724 | val_loss=0.266326 val_auc=0.9541 val_f1@0.5=0.9092
Epoch 014 | train_loss=0.348517 train_auc=0.9236 train_f1@0.5=0.8745 | val_loss=0.280513 val_auc=0.9537 val_f1@0.5=0.9026
Epoch 015 | train_loss=0.378791 train_auc=0.9119 train_f1@0.5=0.8733 | val_loss=0.302832 val_auc=0.9537 val_f1@0.5=0.8966
Epoch 016 | train_loss=0.325223 train_auc=0.9334 train_f1@0.5=0.8786 | val_loss=0.252974 val_auc=0.9587 val_f1@0.5=0.9129
Epoch 017 | train_loss=0.406296 train_auc=0.9077 train_f1@0.5=0.8598 | val_loss=0.278967 val_auc=0.9532 val_f1@0.5=0.9031
Epoch 018 | train_loss=0.294035 train_auc=0.9429 train_f1@0.5=0.8854 | val_loss=0.266574 val_auc=0.9519 val_f1@0.5=0.9136
Epoch 019 | train_loss=0.289860 train_auc=0.9434 train_f1@0.5=0.8957 | val_loss=0.262171 val_auc=0.9562 val_f1@0.5=0.9081
Epoch 020 | train_loss=0.263348 train_auc=0.9542 train_f1@0.5=0.9012 | val_loss=0.250293 val_auc=0.9577 val_f1@0.5=0.9168
Epoch 021 | train_loss=0.265824 train_auc=0.9511 train_f1@0.5=0.9019 | val_loss=0.273793 val_auc=0.9560 val_f1@0.5=0.9031
Epoch 022 | train_loss=0.272654 train_auc=0.9509 train_f1@0.5=0.8901 | val_loss=0.251907 val_auc=0.9587 val_f1@0.5=0.9114
Epoch 023 | train_loss=0.259216 train_auc=0.9553 train_f1@0.5=0.9017 | val_loss=0.239691 val_auc=0.9620 val_f1@0.5=0.9212
Epoch 024 | train_loss=0.250098 train_auc=0.9579 train_f1@0.5=0.9093 | val_loss=0.262546 val_auc=0.9581 val_f1@0.5=0.9089
Epoch 025 | train_loss=0.252789 train_auc=0.9576 train_f1@0.5=0.9066 | val_loss=0.240442 val_auc=0.9624 val_f1@0.5=0.9145
Epoch 026 | train_loss=0.259255 train_auc=0.9560 train_f1@0.5=0.8993 | val_loss=0.243043 val_auc=0.9619 val_f1@0.5=0.9180
Epoch 027 | train_loss=0.258720 train_auc=0.9553 train_f1@0.5=0.8896 | val_loss=0.249468 val_auc=0.9616 val_f1@0.5=0.9115
Epoch 028 | train_loss=0.248933 train_auc=0.9572 train_f1@0.5=0.9122 | val_loss=0.241895 val_auc=0.9626 val_f1@0.5=0.9176
Epoch 029 | train_loss=0.237899 train_auc=0.9609 train_f1@0.5=0.9134 | val_loss=0.240961 val_auc=0.9637 val_f1@0.5=0.9097
Epoch 030 | train_loss=0.241339 train_auc=0.9593 train_f1@0.5=0.9150 | val_loss=0.242332 val_auc=0.9629 val_f1@0.5=0.9048
Epoch 031 | train_loss=0.240460 train_auc=0.9609 train_f1@0.5=0.9128 | val_loss=0.261273 val_auc=0.9603 val_f1@0.5=0.9084
Epoch 032 | train_loss=0.302638 train_auc=0.9456 train_f1@0.5=0.8980 | val_loss=0.239087 val_auc=0.9619 val_f1@0.5=0.9183
Epoch 033 | train_loss=0.235702 train_auc=0.9613 train_f1@0.5=0.9166 | val_loss=0.240150 val_auc=0.9631 val_f1@0.5=0.9056
Epoch 034 | train_loss=0.233637 train_auc=0.9616 train_f1@0.5=0.9162 | val_loss=0.249018 val_auc=0.9624 val_f1@0.5=0.9163
Epoch 035 | train_loss=0.235556 train_auc=0.9615 train_f1@0.5=0.9160 | val_loss=0.244899 val_auc=0.9633 val_f1@0.5=0.9109
Epoch 036 | train_loss=0.230282 train_auc=0.9643 train_f1@0.5=0.9165 | val_loss=0.241522 val_auc=0.9635 val_f1@0.5=0.9098
Epoch 037 | train_loss=0.235559 train_auc=0.9623 train_f1@0.5=0.9113 | val_loss=0.237477 val_auc=0.9638 val_f1@0.5=0.9163
Epoch 038 | train_loss=0.227958 train_auc=0.9642 train_f1@0.5=0.9174 | val_loss=0.254145 val_auc=0.9622 val_f1@0.5=0.9102
Epoch 039 | train_loss=0.230302 train_auc=0.9624 train_f1@0.5=0.9183 | val_loss=0.243514 val_auc=0.9633 val_f1@0.5=0.9086
Epoch 040 | train_loss=0.226157 train_auc=0.9653 train_f1@0.5=0.9180 | val_loss=0.246914 val_auc=0.9631 val_f1@0.5=0.9083
Epoch 041 | train_loss=0.230880 train_auc=0.9636 train_f1@0.5=0.9110 | val_loss=0.248050 val_auc=0.9627 val_f1@0.5=0.9092
Epoch 042 | train_loss=0.226409 train_auc=0.9656 train_f1@0.5=0.9182 | val_loss=0.246837 val_auc=0.9630 val_f1@0.5=0.9091
Epoch 043 | train_loss=0.229776 train_auc=0.9639 train_f1@0.5=0.9164 | val_loss=0.248141 val_auc=0.9629 val_f1@0.5=0.9097
Epoch 044 | train_loss=0.225556 train_auc=0.9656 train_f1@0.5=0.9178 | val_loss=0.246382 val_auc=0.9631 val_f1@0.5=0.9157
Epoch 045 | train_loss=0.230578 train_auc=0.9636 train_f1@0.5=0.9112 | val_loss=0.244400 val_auc=0.9632 val_f1@0.5=0.9154
Epoch 046 | train_loss=0.232640 train_auc=0.9620 train_f1@0.5=0.9116 | val_loss=0.244500 val_auc=0.9632 val_f1@0.5=0.9160
Epoch 047 | train_loss=0.228937 train_auc=0.9640 train_f1@0.5=0.9180 | val_loss=0.243425 val_auc=0.9633 val_f1@0.5=0.9160
Epoch 048 | train_loss=0.227490 train_auc=0.9642 train_f1@0.5=0.9197 | val_loss=0.244148 val_auc=0.9633 val_f1@0.5=0.9159
Epoch 049 | train_loss=0.229790 train_auc=0.9645 train_f1@0.5=0.9155 | val_loss=0.243935 val_auc=0.9633 val_f1@0.5=0.9162
Epoch 050 | train_loss=0.231506 train_auc=0.9634 train_f1@0.5=0.9153 | val_loss=0.244313 val_auc=0.9633 val_f1@0.5=0.9160

[test summary]
  threshold = 0.612000
  test_auc  = 0.909902
  test_f1   = 0.860927
[stage-out] /pool/condor/dir_62546/jobout -> root://eosuser.cern.ch//eos/user/y/yeo/4l/runs/v6/track_aod_eb_eq1
[stage-out] done
