[host] b9g57n5454.cern.ch
[args] train_point_transformer_track_classifier.py --detector ee --weight-h5 /eos/user/y/yeo/4l/weights/categories/AOD_eq0/category_weights.h5 --compact /eos/user/y/yeo/4l/compact/AOD_ee_eq0.h5 --output-dir /eos/user/y/yeo/4l/runs/v6/track_aod_ee_eq0 --track-types GenTrk --epochs 50 --no-early-stopping --num-workers 8 --batch-size 64 --lr 1e-4 --max-points 16 --embed-dim 128 --depth 4 --num-heads 4 --mlp-ratio 4.0 --dropout 0.1
[stage-in] /eos/user/y/yeo/4l/compact/AOD_ee_eq0.h5 -> /pool/condor/dir_1560056/AOD_ee_eq0.h5
[gpu] True 1
[detector] ee
[weight_h5] /eos/home-y/yeo/4l/weights/categories/AOD_eq0/category_weights.h5
[weight_key] EE_weight_split
[output] /pool/condor/dir_1560056/jobout
[device] cuda
[num_workers] requested=8 effective=8
[torch_sharing_strategy] file_system
[compact] /pool/condor/dir_1560056/AOD_ee_eq0.h5
[resume] no checkpoint on EOS; starting fresh

[weight sums before training]
train background=1.00000000 signal=1.00000000 total=2.00000000 | before_rebalance background=0.81035376 signal=0.79738309
val   background=0.99999999 signal=0.99999999 total=1.99999999 | before_rebalance background=0.09874646 signal=0.10148044
test  background=1.00000001 signal=1.00000000 total=2.00000000 | before_rebalance background=0.09089978 signal=0.10113648

[start training]

Epoch 001 | train_loss=0.585488 train_auc=0.7625 train_f1@0.5=0.7047 | val_loss=0.623418 val_auc=0.7363 val_f1@0.5=0.7399
Epoch 002 | train_loss=0.570063 train_auc=0.7677 train_f1@0.5=0.7345 | val_loss=0.715427 val_auc=0.7033 val_f1@0.5=0.6585
Epoch 003 | train_loss=0.555266 train_auc=0.7913 train_f1@0.5=0.7310 | val_loss=0.674983 val_auc=0.7378 val_f1@0.5=0.7140
Epoch 004 | train_loss=0.555391 train_auc=0.7811 train_f1@0.5=0.7344 | val_loss=0.728742 val_auc=0.7260 val_f1@0.5=0.6862
Epoch 005 | train_loss=0.553981 train_auc=0.7824 train_f1@0.5=0.7275 | val_loss=0.700841 val_auc=0.7413 val_f1@0.5=0.6873
Epoch 006 | train_loss=0.547954 train_auc=0.7910 train_f1@0.5=0.7360 | val_loss=0.644792 val_auc=0.7453 val_f1@0.5=0.7130
Epoch 007 | train_loss=0.547523 train_auc=0.7938 train_f1@0.5=0.7385 | val_loss=0.662354 val_auc=0.7464 val_f1@0.5=0.6904
Epoch 008 | train_loss=0.549348 train_auc=0.7870 train_f1@0.5=0.7414 | val_loss=0.702520 val_auc=0.7327 val_f1@0.5=0.6836
Epoch 009 | train_loss=0.537111 train_auc=0.7905 train_f1@0.5=0.7365 | val_loss=0.735577 val_auc=0.7325 val_f1@0.5=0.6823
Epoch 010 | train_loss=0.543389 train_auc=0.7891 train_f1@0.5=0.7462 | val_loss=0.671151 val_auc=0.7506 val_f1@0.5=0.7173
Epoch 011 | train_loss=0.537302 train_auc=0.7925 train_f1@0.5=0.7466 | val_loss=0.714465 val_auc=0.7369 val_f1@0.5=0.6925
Epoch 012 | train_loss=0.540244 train_auc=0.7910 train_f1@0.5=0.7445 | val_loss=0.614355 val_auc=0.7528 val_f1@0.5=0.6946
Epoch 013 | train_loss=0.532253 train_auc=0.7989 train_f1@0.5=0.7408 | val_loss=0.680996 val_auc=0.7461 val_f1@0.5=0.7151
Epoch 014 | train_loss=0.528462 train_auc=0.7990 train_f1@0.5=0.7511 | val_loss=0.684914 val_auc=0.7359 val_f1@0.5=0.7153
Epoch 015 | train_loss=0.528750 train_auc=0.8000 train_f1@0.5=0.7462 | val_loss=0.725205 val_auc=0.7283 val_f1@0.5=0.6857
Epoch 016 | train_loss=0.527931 train_auc=0.7997 train_f1@0.5=0.7544 | val_loss=0.714420 val_auc=0.7431 val_f1@0.5=0.6954
Epoch 017 | train_loss=0.536262 train_auc=0.7919 train_f1@0.5=0.7481 | val_loss=0.730067 val_auc=0.7356 val_f1@0.5=0.6770
Epoch 018 | train_loss=0.535898 train_auc=0.7925 train_f1@0.5=0.7531 | val_loss=0.690219 val_auc=0.7389 val_f1@0.5=0.6978
Epoch 019 | train_loss=0.527228 train_auc=0.8014 train_f1@0.5=0.7558 | val_loss=0.707048 val_auc=0.7451 val_f1@0.5=0.6914
Epoch 020 | train_loss=0.531411 train_auc=0.7971 train_f1@0.5=0.7553 | val_loss=0.716646 val_auc=0.7341 val_f1@0.5=0.6804
Epoch 021 | train_loss=0.542161 train_auc=0.7928 train_f1@0.5=0.7500 | val_loss=0.705143 val_auc=0.7373 val_f1@0.5=0.6813
Epoch 022 | train_loss=0.529544 train_auc=0.7969 train_f1@0.5=0.7540 | val_loss=0.697519 val_auc=0.7408 val_f1@0.5=0.6833
Epoch 023 | train_loss=0.518873 train_auc=0.8012 train_f1@0.5=0.7606 | val_loss=0.721366 val_auc=0.7381 val_f1@0.5=0.6782
Epoch 024 | train_loss=0.523082 train_auc=0.8035 train_f1@0.5=0.7571 | val_loss=0.713342 val_auc=0.7374 val_f1@0.5=0.6831
Epoch 025 | train_loss=0.528906 train_auc=0.8026 train_f1@0.5=0.7559 | val_loss=0.716227 val_auc=0.7376 val_f1@0.5=0.6806
Epoch 026 | train_loss=0.523374 train_auc=0.8057 train_f1@0.5=0.7536 | val_loss=0.728526 val_auc=0.7302 val_f1@0.5=0.6802
Epoch 027 | train_loss=0.524428 train_auc=0.8009 train_f1@0.5=0.7605 | val_loss=0.717331 val_auc=0.7356 val_f1@0.5=0.6780
Epoch 028 | train_loss=0.525675 train_auc=0.8021 train_f1@0.5=0.7574 | val_loss=0.721862 val_auc=0.7325 val_f1@0.5=0.6827
Epoch 029 | train_loss=0.526286 train_auc=0.8005 train_f1@0.5=0.7544 | val_loss=0.720922 val_auc=0.7344 val_f1@0.5=0.6828
Epoch 030 | train_loss=0.522294 train_auc=0.8057 train_f1@0.5=0.7551 | val_loss=0.726119 val_auc=0.7327 val_f1@0.5=0.6800
Epoch 031 | train_loss=0.522607 train_auc=0.8064 train_f1@0.5=0.7546 | val_loss=0.730641 val_auc=0.7296 val_f1@0.5=0.6763
Epoch 032 | train_loss=0.526244 train_auc=0.8040 train_f1@0.5=0.7527 | val_loss=0.729880 val_auc=0.7312 val_f1@0.5=0.6805
Epoch 033 | train_loss=0.526541 train_auc=0.8014 train_f1@0.5=0.7516 | val_loss=0.725319 val_auc=0.7299 val_f1@0.5=0.6819
Epoch 034 | train_loss=0.517849 train_auc=0.8073 train_f1@0.5=0.7568 | val_loss=0.726778 val_auc=0.7314 val_f1@0.5=0.6797
Epoch 035 | train_loss=0.519511 train_auc=0.8041 train_f1@0.5=0.7574 | val_loss=0.728823 val_auc=0.7322 val_f1@0.5=0.6794
Epoch 036 | train_loss=0.523026 train_auc=0.8032 train_f1@0.5=0.7518 | val_loss=0.727688 val_auc=0.7315 val_f1@0.5=0.6820
Epoch 037 | train_loss=0.524220 train_auc=0.8030 train_f1@0.5=0.7554 | val_loss=0.728535 val_auc=0.7315 val_f1@0.5=0.6801
Epoch 038 | train_loss=0.521341 train_auc=0.8055 train_f1@0.5=0.7553 | val_loss=0.729783 val_auc=0.7314 val_f1@0.5=0.6800
Epoch 039 | train_loss=0.527500 train_auc=0.8022 train_f1@0.5=0.7532 | val_loss=0.729366 val_auc=0.7313 val_f1@0.5=0.6803
Epoch 040 | train_loss=0.525236 train_auc=0.8046 train_f1@0.5=0.7548 | val_loss=0.729488 val_auc=0.7313 val_f1@0.5=0.6804
Epoch 041 | train_loss=0.520548 train_auc=0.8068 train_f1@0.5=0.7557 | val_loss=0.729488 val_auc=0.7314 val_f1@0.5=0.6797
Epoch 042 | train_loss=0.520275 train_auc=0.8036 train_f1@0.5=0.7561 | val_loss=0.729273 val_auc=0.7314 val_f1@0.5=0.6796
Epoch 043 | train_loss=0.525385 train_auc=0.8009 train_f1@0.5=0.7600 | val_loss=0.728937 val_auc=0.7314 val_f1@0.5=0.6803
Epoch 044 | train_loss=0.520074 train_auc=0.8048 train_f1@0.5=0.7575 | val_loss=0.728861 val_auc=0.7313 val_f1@0.5=0.6803
Epoch 045 | train_loss=0.517748 train_auc=0.8072 train_f1@0.5=0.7556 | val_loss=0.728750 val_auc=0.7315 val_f1@0.5=0.6803
Epoch 046 | train_loss=0.528122 train_auc=0.8048 train_f1@0.5=0.7558 | val_loss=0.728701 val_auc=0.7315 val_f1@0.5=0.6803
Epoch 047 | train_loss=0.520854 train_auc=0.8029 train_f1@0.5=0.7561 | val_loss=0.728732 val_auc=0.7314 val_f1@0.5=0.6803
Epoch 048 | train_loss=0.529366 train_auc=0.8035 train_f1@0.5=0.7542 | val_loss=0.728688 val_auc=0.7315 val_f1@0.5=0.6804
Epoch 049 | train_loss=0.526288 train_auc=0.8024 train_f1@0.5=0.7493 | val_loss=0.728686 val_auc=0.7315 val_f1@0.5=0.6804
Epoch 050 | train_loss=0.523311 train_auc=0.8026 train_f1@0.5=0.7535 | val_loss=0.728693 val_auc=0.7314 val_f1@0.5=0.6804

[test summary]
  threshold = 0.186000
  test_auc  = 0.741369
  test_f1   = 0.700636
[stage-out] /pool/condor/dir_1560056/jobout -> root://eosuser.cern.ch//eos/user/y/yeo/4l/runs/v6/track_aod_ee_eq0
[stage-out] done
