[host] b9g57n5389.cern.ch
[args] train_resnet_image_classifier.py --detector ee --weight-h5 /eos/user/y/yeo/4l/weights/categories/AOD_eq1/category_weights.h5 --compact /eos/user/y/yeo/4l/compact/AOD_ee_eq1.h5 --output-dir /eos/user/y/yeo/4l/runs/v6/image_aod_ee_noes_eq1 --track-types GenTrk --model resnet50 --no-track-channels --epochs 50 --no-early-stopping --num-workers 8 --batch-size 16 --lr 1e-4 --no-es
[stage-in] /eos/user/y/yeo/4l/compact/AOD_ee_eq1.h5 -> /pool/condor/dir_2102583/AOD_ee_eq1.h5
[gpu] True 1
[detector] ee
[weight_h5] /eos/home-y/yeo/4l/weights/categories/AOD_eq1/category_weights.h5
[weight_key] EE_weight_split
[output] /pool/condor/dir_2102583/jobout
[device] cuda
[num_workers] requested=8 effective=8
[torch_sharing_strategy] file_system
[compact] /pool/condor/dir_2102583/AOD_ee_eq1.h5
[resume] no checkpoint on EOS; starting fresh

[weight sums before training]
train background=0.99999999 signal=1.00000000 total=1.99999999 | before_rebalance background=0.82869823 signal=0.80853029
val   background=1.00000000 signal=1.00000001 total=2.00000001 | before_rebalance background=0.08730292 signal=0.09544328
test  background=1.00000000 signal=1.00000000 total=2.00000000 | before_rebalance background=0.08399885 signal=0.09602643

[start training]

Epoch 001 | train_loss=0.865129 train_auc=0.6353 train_f1@0.5=0.6830 | val_loss=0.509761 val_auc=0.8550 val_f1@0.5=0.7883
Epoch 002 | train_loss=0.731935 train_auc=0.7347 train_f1@0.5=0.7092 | val_loss=0.550835 val_auc=0.8288 val_f1@0.5=0.7814
Epoch 003 | train_loss=0.915619 train_auc=0.6920 train_f1@0.5=0.7141 | val_loss=0.560055 val_auc=0.8660 val_f1@0.5=0.6525
Epoch 004 | train_loss=0.760632 train_auc=0.7464 train_f1@0.5=0.7215 | val_loss=0.551689 val_auc=0.8419 val_f1@0.5=0.7723
Epoch 005 | train_loss=0.792817 train_auc=0.7224 train_f1@0.5=0.7363 | val_loss=0.560886 val_auc=0.8520 val_f1@0.5=0.7834
Epoch 006 | train_loss=0.712719 train_auc=0.7610 train_f1@0.5=0.7349 | val_loss=0.727934 val_auc=0.8433 val_f1@0.5=0.7250
Epoch 007 | train_loss=0.553542 train_auc=0.8404 train_f1@0.5=0.7790 | val_loss=0.576131 val_auc=0.8743 val_f1@0.5=0.7908
Epoch 008 | train_loss=0.736001 train_auc=0.7740 train_f1@0.5=0.7620 | val_loss=0.416676 val_auc=0.9006 val_f1@0.5=0.8130
Epoch 009 | train_loss=0.612696 train_auc=0.8264 train_f1@0.5=0.7763 | val_loss=0.467992 val_auc=0.8911 val_f1@0.5=0.8140
Epoch 010 | train_loss=0.707195 train_auc=0.8093 train_f1@0.5=0.7833 | val_loss=0.531298 val_auc=0.9014 val_f1@0.5=0.8045
Epoch 011 | train_loss=0.510247 train_auc=0.8704 train_f1@0.5=0.7976 | val_loss=0.438058 val_auc=0.8983 val_f1@0.5=0.8067
Epoch 012 | train_loss=0.571275 train_auc=0.8612 train_f1@0.5=0.8260 | val_loss=0.385357 val_auc=0.9085 val_f1@0.5=0.8205
Epoch 013 | train_loss=0.409333 train_auc=0.9140 train_f1@0.5=0.8169 | val_loss=0.379978 val_auc=0.9148 val_f1@0.5=0.8440
Epoch 014 | train_loss=0.383192 train_auc=0.9263 train_f1@0.5=0.8367 | val_loss=0.597143 val_auc=0.8810 val_f1@0.5=0.7974
Epoch 015 | train_loss=0.295764 train_auc=0.9523 train_f1@0.5=0.8747 | val_loss=0.599699 val_auc=0.8651 val_f1@0.5=0.8241
Epoch 016 | train_loss=0.323873 train_auc=0.9445 train_f1@0.5=0.8722 | val_loss=0.431197 val_auc=0.8978 val_f1@0.5=0.7752
Epoch 017 | train_loss=0.193623 train_auc=0.9791 train_f1@0.5=0.9319 | val_loss=0.701698 val_auc=0.8623 val_f1@0.5=0.7958
Epoch 018 | train_loss=0.142049 train_auc=0.9883 train_f1@0.5=0.9523 | val_loss=0.683055 val_auc=0.8860 val_f1@0.5=0.8150
Epoch 019 | train_loss=0.116750 train_auc=0.9920 train_f1@0.5=0.9622 | val_loss=0.700894 val_auc=0.8840 val_f1@0.5=0.8046
Epoch 020 | train_loss=0.083546 train_auc=0.9960 train_f1@0.5=0.9731 | val_loss=0.993483 val_auc=0.8438 val_f1@0.5=0.7953
Epoch 021 | train_loss=0.072912 train_auc=0.9970 train_f1@0.5=0.9766 | val_loss=1.023318 val_auc=0.8518 val_f1@0.5=0.7902
Epoch 022 | train_loss=0.053389 train_auc=0.9983 train_f1@0.5=0.9857 | val_loss=1.053038 val_auc=0.8423 val_f1@0.5=0.7936
Epoch 023 | train_loss=0.046938 train_auc=0.9988 train_f1@0.5=0.9909 | val_loss=1.340083 val_auc=0.8424 val_f1@0.5=0.7829
Epoch 024 | train_loss=0.038577 train_auc=0.9991 train_f1@0.5=0.9894 | val_loss=1.238320 val_auc=0.8407 val_f1@0.5=0.7851
Epoch 025 | train_loss=0.028016 train_auc=0.9995 train_f1@0.5=0.9938 | val_loss=1.217027 val_auc=0.8396 val_f1@0.5=0.7841
Epoch 026 | train_loss=0.021001 train_auc=0.9997 train_f1@0.5=0.9955 | val_loss=1.364906 val_auc=0.8292 val_f1@0.5=0.7774
Epoch 027 | train_loss=0.018769 train_auc=0.9998 train_f1@0.5=0.9965 | val_loss=1.444556 val_auc=0.8352 val_f1@0.5=0.7757
Epoch 028 | train_loss=0.018161 train_auc=0.9998 train_f1@0.5=0.9971 | val_loss=1.489684 val_auc=0.8287 val_f1@0.5=0.7815
Epoch 029 | train_loss=0.015701 train_auc=0.9998 train_f1@0.5=0.9970 | val_loss=1.432732 val_auc=0.8277 val_f1@0.5=0.7843
Epoch 030 | train_loss=0.013291 train_auc=0.9999 train_f1@0.5=0.9979 | val_loss=1.559555 val_auc=0.8287 val_f1@0.5=0.7788
Epoch 031 | train_loss=0.015163 train_auc=0.9999 train_f1@0.5=0.9960 | val_loss=1.789960 val_auc=0.8219 val_f1@0.5=0.7578
Epoch 032 | train_loss=0.012669 train_auc=0.9999 train_f1@0.5=0.9980 | val_loss=1.646195 val_auc=0.8293 val_f1@0.5=0.7753
Epoch 033 | train_loss=0.010646 train_auc=0.9999 train_f1@0.5=0.9986 | val_loss=1.716224 val_auc=0.8243 val_f1@0.5=0.7687
Epoch 034 | train_loss=0.011862 train_auc=0.9999 train_f1@0.5=0.9979 | val_loss=1.940213 val_auc=0.8148 val_f1@0.5=0.7586
Epoch 035 | train_loss=0.015307 train_auc=0.9999 train_f1@0.5=0.9956 | val_loss=1.522157 val_auc=0.8236 val_f1@0.5=0.7794
Epoch 036 | train_loss=0.009942 train_auc=0.9999 train_f1@0.5=0.9985 | val_loss=1.781472 val_auc=0.8219 val_f1@0.5=0.7636
Epoch 037 | train_loss=0.010287 train_auc=0.9999 train_f1@0.5=0.9986 | val_loss=1.648099 val_auc=0.8199 val_f1@0.5=0.7582
Epoch 038 | train_loss=0.016929 train_auc=0.9998 train_f1@0.5=0.9971 | val_loss=1.870025 val_auc=0.8125 val_f1@0.5=0.7653
Epoch 039 | train_loss=0.009596 train_auc=0.9999 train_f1@0.5=0.9986 | val_loss=1.824947 val_auc=0.8177 val_f1@0.5=0.7657
Epoch 040 | train_loss=0.010671 train_auc=0.9999 train_f1@0.5=0.9982 | val_loss=1.633422 val_auc=0.8195 val_f1@0.5=0.7677
Epoch 041 | train_loss=0.009117 train_auc=0.9999 train_f1@0.5=0.9989 | val_loss=1.782697 val_auc=0.8171 val_f1@0.5=0.7622
Epoch 042 | train_loss=0.010425 train_auc=0.9999 train_f1@0.5=0.9982 | val_loss=1.695723 val_auc=0.8207 val_f1@0.5=0.7613
Epoch 043 | train_loss=0.010213 train_auc=0.9999 train_f1@0.5=0.9980 | val_loss=1.700515 val_auc=0.8209 val_f1@0.5=0.7642
Epoch 044 | train_loss=0.009716 train_auc=0.9999 train_f1@0.5=0.9989 | val_loss=1.651780 val_auc=0.8193 val_f1@0.5=0.7604
Epoch 045 | train_loss=0.011540 train_auc=0.9999 train_f1@0.5=0.9967 | val_loss=1.638632 val_auc=0.8225 val_f1@0.5=0.7649
Epoch 046 | train_loss=0.009901 train_auc=0.9999 train_f1@0.5=0.9983 | val_loss=1.718201 val_auc=0.8171 val_f1@0.5=0.7633
Epoch 047 | train_loss=0.009197 train_auc=0.9999 train_f1@0.5=0.9988 | val_loss=1.822824 val_auc=0.8136 val_f1@0.5=0.7608
Epoch 048 | train_loss=0.010347 train_auc=0.9999 train_f1@0.5=0.9989 | val_loss=1.721787 val_auc=0.8180 val_f1@0.5=0.7603
Epoch 049 | train_loss=0.010413 train_auc=0.9999 train_f1@0.5=0.9978 | val_loss=1.739050 val_auc=0.8196 val_f1@0.5=0.7670
Epoch 050 | train_loss=0.009743 train_auc=0.9999 train_f1@0.5=0.9989 | val_loss=1.985115 val_auc=0.8130 val_f1@0.5=0.7636

[test summary]
  threshold = 0.432000
  test_auc  = 0.928933
  test_f1   = 0.857290
[stage-out] /pool/condor/dir_2102583/jobout -> root://eosuser.cern.ch//eos/user/y/yeo/4l/runs/v6/image_aod_ee_noes_eq1
[stage-out] done
