000 (17115983.001.000) 07/08 08:20:09 Job submitted from host: <188.185.114.121:9618?addrs=188.185.114.121-9618+[2001-1458-d00-a--100-273]-9618&alias=bigbird19.cern.ch&noUDP&sock=schedd_5103_cfe0>
...
040 (17115983.001.000) 07/08 09:43:07 Started transferring input files
	Transferring to host: <188.185.93.206:9618?addrs=188.185.93.206-9618+[2001-1458-d00-6c--100-374]-9618&alias=b9g57n0002.cern.ch&noUDP&sock=slot1_1_8915_2c84_146828>
...
040 (17115983.001.000) 07/08 09:43:07 Finished transferring input files
...
001 (17115983.001.000) 07/08 09:43:07 Job executing on host: <188.185.93.206:9618?addrs=188.185.93.206-9618+[2001-1458-d00-6c--100-374]-9618&alias=b9g57n0002.cern.ch&noUDP&sock=startd_8870_a923>
	SlotName: slot1_1@b9g57n0002.cern.ch
	AvailableGPUs = { GPUs_GPU_4ca02207 }
	CondorScratchDir = "/pool/condor/dir_7607"
	Cpus = 8
	Disk = 8389625
	GPUs = 1
	GPUs_GPU_4ca02207 = [ Id = "GPU-4ca02207"; ClockMhz = 1410.0; Capability = 8.0; CoresPerCU = 64; DeviceName = "NVIDIA A100-PCIE-40GB"; DeviceUuid = "4ca02207-8182-9204-3632-c61ce0e64416"; ECCEnabled = true; ComputeUnits = 108; DriverVersion = 13.0; DevicePciBusId = "0000:06:00.0"; GlobalMemoryMb = 40441; MaxSupportedVersion = 13000 ]
	Memory = 24000
...
006 (17115983.001.000) 07/08 09:43:21 Image size of job updated: 69984
	69  -  MemoryUsage of job (MB)
	69984  -  ResidentSetSize of job (KB)
...
006 (17115983.001.000) 07/08 09:48:22 Image size of job updated: 2972856
	2880  -  MemoryUsage of job (MB)
	2949080  -  ResidentSetSize of job (KB)
...
006 (17115983.001.000) 07/08 09:53:22 Image size of job updated: 3156568
	3078  -  MemoryUsage of job (MB)
	3151428  -  ResidentSetSize of job (KB)
...
006 (17115983.001.000) 07/08 09:58:23 Image size of job updated: 3267256
	3183  -  MemoryUsage of job (MB)
	3258604  -  ResidentSetSize of job (KB)
...
006 (17115983.001.000) 07/08 10:03:24 Image size of job updated: 3369328
	3277  -  MemoryUsage of job (MB)
	3355036  -  ResidentSetSize of job (KB)
...
006 (17115983.001.000) 07/08 10:08:24 Image size of job updated: 3494132
	3369  -  MemoryUsage of job (MB)
	3449756  -  ResidentSetSize of job (KB)
...
006 (17115983.001.000) 07/08 10:13:25 Image size of job updated: 3589736
	3467  -  MemoryUsage of job (MB)
	3549760  -  ResidentSetSize of job (KB)
...
006 (17115983.001.000) 07/08 10:18:26 Image size of job updated: 4927432
	4720  -  MemoryUsage of job (MB)
	4833156  -  ResidentSetSize of job (KB)
...
006 (17115983.001.000) 07/08 10:23:26 Image size of job updated: 4976192
	4840  -  MemoryUsage of job (MB)
	4956052  -  ResidentSetSize of job (KB)
...
006 (17115983.001.000) 07/08 10:28:27 Image size of job updated: 5006900
	4848  -  MemoryUsage of job (MB)
	4963596  -  ResidentSetSize of job (KB)
...
006 (17115983.001.000) 07/08 10:33:28 Image size of job updated: 5020500
	4851  -  MemoryUsage of job (MB)
	4966612  -  ResidentSetSize of job (KB)
...
006 (17115983.001.000) 07/08 10:38:28 Image size of job updated: 5037804
	4920  -  MemoryUsage of job (MB)
	5037804  -  ResidentSetSize of job (KB)
...
006 (17115983.001.000) 07/08 10:43:29 Image size of job updated: 5054756
	4920  -  MemoryUsage of job (MB)
	5037804  -  ResidentSetSize of job (KB)
...
006 (17115983.001.000) 07/08 10:48:30 Image size of job updated: 5065032
	4920  -  MemoryUsage of job (MB)
	5037804  -  ResidentSetSize of job (KB)
...
006 (17115983.001.000) 07/08 10:53:30 Image size of job updated: 5300108
	4920  -  MemoryUsage of job (MB)
	5037804  -  ResidentSetSize of job (KB)
...
006 (17115983.001.000) 07/08 10:58:31 Image size of job updated: 5300108
	4922  -  MemoryUsage of job (MB)
	5039268  -  ResidentSetSize of job (KB)
...
006 (17115983.001.000) 07/08 11:13:32 Image size of job updated: 5300108
	4965  -  MemoryUsage of job (MB)
	5084024  -  ResidentSetSize of job (KB)
...
006 (17115983.001.000) 07/08 11:18:33 Image size of job updated: 5300108
	4992  -  MemoryUsage of job (MB)
	5111476  -  ResidentSetSize of job (KB)
...
006 (17115983.001.000) 07/08 11:23:33 Image size of job updated: 5312488
	5188  -  MemoryUsage of job (MB)
	5312488  -  ResidentSetSize of job (KB)
...
006 (17115983.001.000) 07/08 11:28:33 Image size of job updated: 5391032
	5188  -  MemoryUsage of job (MB)
	5312488  -  ResidentSetSize of job (KB)
...
006 (17115983.001.000) 07/08 11:58:35 Image size of job updated: 5447240
	5228  -  MemoryUsage of job (MB)
	5352752  -  ResidentSetSize of job (KB)
...
006 (17115983.001.000) 07/08 12:03:36 Image size of job updated: 5447240
	5233  -  MemoryUsage of job (MB)
	5358452  -  ResidentSetSize of job (KB)
...
006 (17115983.001.000) 07/08 12:33:38 Image size of job updated: 5472084
	5233  -  MemoryUsage of job (MB)
	5358452  -  ResidentSetSize of job (KB)
...
006 (17115983.001.000) 07/08 13:08:43 Image size of job updated: 5529860
	5233  -  MemoryUsage of job (MB)
	5358452  -  ResidentSetSize of job (KB)
...
006 (17115983.001.000) 07/08 13:43:46 Image size of job updated: 5549320
	5233  -  MemoryUsage of job (MB)
	5358452  -  ResidentSetSize of job (KB)
...
006 (17115983.001.000) 07/08 15:18:56 Image size of job updated: 5549320
	5329  -  MemoryUsage of job (MB)
	5456368  -  ResidentSetSize of job (KB)
...
006 (17115983.001.000) 07/08 16:29:04 Image size of job updated: 5566368
	5329  -  MemoryUsage of job (MB)
	5456368  -  ResidentSetSize of job (KB)
...
006 (17115983.001.000) 07/08 17:34:13 Image size of job updated: 5648112
	5329  -  MemoryUsage of job (MB)
	5456368  -  ResidentSetSize of job (KB)
...
006 (17115983.001.000) 07/08 18:39:20 Image size of job updated: 5648112
	5398  -  MemoryUsage of job (MB)
	5527524  -  ResidentSetSize of job (KB)
...
006 (17115983.001.000) 07/08 18:44:20 Image size of job updated: 5648112
	5403  -  MemoryUsage of job (MB)
	5532560  -  ResidentSetSize of job (KB)
...
006 (17115983.001.000) 07/08 20:54:33 Image size of job updated: 5648112
	5403  -  MemoryUsage of job (MB)
	5532612  -  ResidentSetSize of job (KB)
...
006 (17115983.001.000) 07/08 23:14:48 Image size of job updated: 5648112
	5409  -  MemoryUsage of job (MB)
	5538412  -  ResidentSetSize of job (KB)
...
006 (17115983.001.000) 07/08 23:44:52 Image size of job updated: 5706304
	5409  -  MemoryUsage of job (MB)
	5538412  -  ResidentSetSize of job (KB)
...
006 (17115983.001.000) 07/09 00:49:59 Image size of job updated: 5706304
	5415  -  MemoryUsage of job (MB)
	5544432  -  ResidentSetSize of job (KB)
...
040 (17115983.001.000) 07/09 09:43:56 Started transferring output files
...
040 (17115983.001.000) 07/09 09:43:56 Finished transferring output files
...
009 (17115983.001.000) 07/09 09:43:56 Job was aborted.
	Job removed by SYSTEM_PERIODIC_REMOVE due to wall time exceeded allowed max.
...
