[host] b9g57n3815.cern.ch
[args] train_fusion_cross_attention.py --detector eb --weight-h5 /eos/user/y/yeo/4l/weights/categories_pt50/MiniAOD_eq1/category_weights.h5 --compact /eos/user/y/yeo/4l/compact_pt50/MiniAOD_eb_eq1.h5 --output-dir /eos/user/y/yeo/4l/runs/cross_v2/cross_mini_eb_eq1 --track-types Lost,PF,GSF --backbone resnet18 --epochs 50 --no-early-stopping --batch-size 16 --lr 1e-4 --num-workers 8
[stage-in] /eos/user/y/yeo/4l/compact_pt50/MiniAOD_eb_eq1.h5 -> /pool/condor/dir_12993/MiniAOD_eb_eq1.h5
[stage-in] /eos/user/y/yeo/4l/weights/categories_pt50/MiniAOD_eq1/category_weights.h5 -> /pool/condor/dir_12993/weight_category_weights.h5
[gpu] True 1
[resume] no checkpoint on EOS; starting fresh

[start training]

Epoch 001 | train_loss=0.41528 train_auc=0.8988 | val_loss=0.90503 val_auc=0.8539 val_f1=0.7235
Epoch 002 | train_loss=0.28471 train_auc=0.9531 | val_loss=0.47017 val_auc=0.9448 val_f1=0.7431
Epoch 003 | train_loss=0.26467 train_auc=0.9590 | val_loss=0.89385 val_auc=0.8467 val_f1=0.7402
Epoch 004 | train_loss=0.26819 train_auc=0.9579 | val_loss=0.23802 val_auc=0.9736 val_f1=0.9359
Epoch 005 | train_loss=0.23271 train_auc=0.9670 | val_loss=1.07045 val_auc=0.8273 val_f1=0.7274
Epoch 006 | train_loss=0.24628 train_auc=0.9629 | val_loss=0.63658 val_auc=0.9426 val_f1=0.7426
Epoch 007 | train_loss=0.30522 train_auc=0.9490 | val_loss=0.16155 val_auc=0.9823 val_f1=0.9353
Epoch 008 | train_loss=0.19552 train_auc=0.9761 | val_loss=0.35287 val_auc=0.9664 val_f1=0.7492
Epoch 009 | train_loss=0.18560 train_auc=0.9789 | val_loss=0.52229 val_auc=0.9397 val_f1=0.7459
Epoch 010 | train_loss=0.19035 train_auc=0.9768 | val_loss=0.84473 val_auc=0.8619 val_f1=0.7404
Epoch 011 | train_loss=0.27458 train_auc=0.9565 | val_loss=0.47431 val_auc=0.9567 val_f1=0.7480
Epoch 012 | train_loss=0.20120 train_auc=0.9749 | val_loss=0.85563 val_auc=0.8890 val_f1=0.7478
Epoch 013 | train_loss=0.18671 train_auc=0.9796 | val_loss=0.84874 val_auc=0.8805 val_f1=0.7448
Epoch 014 | train_loss=0.17088 train_auc=0.9813 | val_loss=0.27007 val_auc=0.9730 val_f1=0.7493
Epoch 015 | train_loss=0.18707 train_auc=0.9781 | val_loss=0.12344 val_auc=0.9900 val_f1=0.9513
Epoch 016 | train_loss=0.19708 train_auc=0.9772 | val_loss=0.18035 val_auc=0.9817 val_f1=0.9484
Epoch 017 | train_loss=0.17716 train_auc=0.9798 | val_loss=0.17898 val_auc=0.9793 val_f1=0.9491
Epoch 018 | train_loss=0.17399 train_auc=0.9814 | val_loss=0.14861 val_auc=0.9820 val_f1=0.9499
Epoch 019 | train_loss=0.16766 train_auc=0.9825 | val_loss=0.18263 val_auc=0.9780 val_f1=0.9518
Epoch 020 | train_loss=0.16037 train_auc=0.9843 | val_loss=0.13556 val_auc=0.9848 val_f1=0.9525
Epoch 021 | train_loss=0.15771 train_auc=0.9854 | val_loss=0.13334 val_auc=0.9876 val_f1=0.9523
Epoch 022 | train_loss=0.15116 train_auc=0.9858 | val_loss=0.21517 val_auc=0.9761 val_f1=0.9541
Epoch 023 | train_loss=0.15901 train_auc=0.9851 | val_loss=0.16774 val_auc=0.9782 val_f1=0.9519
Epoch 024 | train_loss=0.16431 train_auc=0.9835 | val_loss=0.38458 val_auc=0.9646 val_f1=0.7501
Epoch 025 | train_loss=0.17150 train_auc=0.9798 | val_loss=0.18764 val_auc=0.9777 val_f1=0.9521
Epoch 026 | train_loss=0.16479 train_auc=0.9828 | val_loss=0.21714 val_auc=0.9748 val_f1=0.9513
Epoch 027 | train_loss=0.16072 train_auc=0.9838 | val_loss=0.21207 val_auc=0.9765 val_f1=0.9519
Epoch 028 | train_loss=0.15320 train_auc=0.9859 | val_loss=0.18021 val_auc=0.9779 val_f1=0.9520
Epoch 029 | train_loss=0.15235 train_auc=0.9852 | val_loss=0.16759 val_auc=0.9793 val_f1=0.9533
Epoch 030 | train_loss=0.16018 train_auc=0.9848 | val_loss=0.16979 val_auc=0.9816 val_f1=0.9516
Epoch 031 | train_loss=0.16877 train_auc=0.9805 | val_loss=0.15946 val_auc=0.9790 val_f1=0.9517
Epoch 032 | train_loss=0.15744 train_auc=0.9845 | val_loss=0.20087 val_auc=0.9769 val_f1=0.9510
Epoch 033 | train_loss=0.14689 train_auc=0.9869 | val_loss=0.19327 val_auc=0.9769 val_f1=0.9513
Epoch 034 | train_loss=0.15536 train_auc=0.9850 | val_loss=0.20403 val_auc=0.9760 val_f1=0.9514
Epoch 035 | train_loss=0.15602 train_auc=0.9840 | val_loss=0.20521 val_auc=0.9750 val_f1=0.9513
Epoch 036 | train_loss=0.14925 train_auc=0.9864 | val_loss=0.17170 val_auc=0.9785 val_f1=0.9515
Epoch 037 | train_loss=0.15145 train_auc=0.9862 | val_loss=0.19715 val_auc=0.9767 val_f1=0.9517
Epoch 038 | train_loss=0.15159 train_auc=0.9860 | val_loss=0.20064 val_auc=0.9768 val_f1=0.9518
Epoch 039 | train_loss=0.15054 train_auc=0.9860 | val_loss=0.18981 val_auc=0.9775 val_f1=0.9515
Epoch 040 | train_loss=0.15919 train_auc=0.9824 | val_loss=0.19526 val_auc=0.9766 val_f1=0.9517
Epoch 041 | train_loss=0.15460 train_auc=0.9857 | val_loss=0.17687 val_auc=0.9780 val_f1=0.9520
Epoch 042 | train_loss=0.15663 train_auc=0.9837 | val_loss=0.17984 val_auc=0.9774 val_f1=0.9512
Epoch 043 | train_loss=0.15467 train_auc=0.9852 | val_loss=0.19601 val_auc=0.9777 val_f1=0.9523
Epoch 044 | train_loss=0.17120 train_auc=0.9805 | val_loss=0.20032 val_auc=0.9775 val_f1=0.9517
Epoch 045 | train_loss=0.15486 train_auc=0.9841 | val_loss=0.18483 val_auc=0.9786 val_f1=0.9519
Epoch 046 | train_loss=0.15566 train_auc=0.9847 | val_loss=0.17569 val_auc=0.9781 val_f1=0.9513
Epoch 047 | train_loss=0.17242 train_auc=0.9814 | val_loss=0.19363 val_auc=0.9770 val_f1=0.9516
Epoch 048 | train_loss=0.15314 train_auc=0.9854 | val_loss=0.20074 val_auc=0.9769 val_f1=0.9513
Epoch 049 | train_loss=0.15134 train_auc=0.9862 | val_loss=0.19028 val_auc=0.9766 val_f1=0.9517
Epoch 050 | train_loss=0.16075 train_auc=0.9840 | val_loss=0.17849 val_auc=0.9798 val_f1=0.9520

[test] threshold=0.5860 auc=0.9888 f1=0.9500
[stage-out] /pool/condor/dir_12993/jobout -> root://eosuser.cern.ch//eos/user/y/yeo/4l/runs/cross_v2/cross_mini_eb_eq1
[stage-out] done
