000 (17502481.011.000) 07/23 21:46:08 Job submitted from host: <188.185.114.121:9618?addrs=188.185.114.121-9618+[2001-1458-d00-a--100-273]-9618&alias=bigbird19.cern.ch&noUDP&sock=schedd_5810_c156>
...
040 (17502481.011.000) 07/24 07:31:59 Started transferring input files
	Transferring to host: <188.185.93.144:9618?addrs=188.185.93.144-9618&alias=b9g57n6415.cern.ch&noUDP&sock=slot1_1_3893_b877_6704>
...
040 (17502481.011.000) 07/24 07:31:59 Finished transferring input files
...
001 (17502481.011.000) 07/24 07:32:00 Job executing on host: <188.185.93.144:9618?addrs=188.185.93.144-9618&alias=b9g57n6415.cern.ch&noUDP&sock=startd_3497_3ac7>
	SlotName: slot1_1@b9g57n6415.cern.ch
	AvailableGPUs = { GPUs_GPU_b1587b5f }
	CondorScratchDir = "/pool/condor/dir_1956347"
	Cpus = 8
	Disk = 8389011
	GPUs = 1
	GPUs_GPU_b1587b5f = [ Id = "GPU-b1587b5f"; ClockMhz = 1410.0; Capability = 8.0; CoresPerCU = 64; DeviceName = "NVIDIA A100-PCIE-40GB"; DeviceUuid = "b1587b5f-5c26-3004-6bcf-3ce828349df6"; ECCEnabled = true; ComputeUnits = 108; NvidiaDriver = "610.43.02"; DriverVersion = 13.3; DevicePciBusId = "0000:06:00.0"; GlobalMemoryMb = 40465; MaxSupportedVersion = 13030 ]
	Memory = 24000
...
006 (17502481.011.000) 07/24 07:32:08 Image size of job updated: 70000
	55  -  MemoryUsage of job (MB)
	55632  -  ResidentSetSize of job (KB)
...
006 (17502481.011.000) 07/24 07:37:08 Image size of job updated: 2760236
	2589  -  MemoryUsage of job (MB)
	2650944  -  ResidentSetSize of job (KB)
...
006 (17502481.011.000) 07/24 07:42:08 Image size of job updated: 3039864
	2860  -  MemoryUsage of job (MB)
	2928240  -  ResidentSetSize of job (KB)
...
006 (17502481.011.000) 07/24 07:47:09 Image size of job updated: 3361620
	2978  -  MemoryUsage of job (MB)
	3048744  -  ResidentSetSize of job (KB)
...
006 (17502481.011.000) 07/24 07:52:09 Image size of job updated: 3361620
	3146  -  MemoryUsage of job (MB)
	3221132  -  ResidentSetSize of job (KB)
...
006 (17502481.011.000) 07/24 07:57:09 Image size of job updated: 3751304
	3281  -  MemoryUsage of job (MB)
	3359620  -  ResidentSetSize of job (KB)
...
006 (17502481.011.000) 07/24 08:02:10 Image size of job updated: 3787476
	3423  -  MemoryUsage of job (MB)
	3504448  -  ResidentSetSize of job (KB)
...
006 (17502481.011.000) 07/24 08:07:10 Image size of job updated: 3885892
	3570  -  MemoryUsage of job (MB)
	3655256  -  ResidentSetSize of job (KB)
...
006 (17502481.011.000) 07/24 08:12:11 Image size of job updated: 3998508
	3772  -  MemoryUsage of job (MB)
	3862232  -  ResidentSetSize of job (KB)
...
006 (17502481.011.000) 07/24 08:17:12 Image size of job updated: 4059756
	3915  -  MemoryUsage of job (MB)
	4008944  -  ResidentSetSize of job (KB)
...
006 (17502481.011.000) 07/24 08:22:12 Image size of job updated: 7036344
	6736  -  MemoryUsage of job (MB)
	6897400  -  ResidentSetSize of job (KB)
...
006 (17502481.011.000) 07/24 08:27:13 Image size of job updated: 7634392
	7234  -  MemoryUsage of job (MB)
	7406732  -  ResidentSetSize of job (KB)
...
006 (17502481.011.000) 07/24 08:32:14 Image size of job updated: 7764160
	7281  -  MemoryUsage of job (MB)
	7455380  -  ResidentSetSize of job (KB)
...
006 (17502481.011.000) 07/24 08:37:14 Image size of job updated: 7764160
	7407  -  MemoryUsage of job (MB)
	7584720  -  ResidentSetSize of job (KB)
...
006 (17502481.011.000) 07/24 08:42:15 Image size of job updated: 7870268
	7413  -  MemoryUsage of job (MB)
	7590696  -  ResidentSetSize of job (KB)
...
006 (17502481.011.000) 07/24 08:47:16 Image size of job updated: 7887392
	7598  -  MemoryUsage of job (MB)
	7779780  -  ResidentSetSize of job (KB)
...
006 (17502481.011.000) 07/24 08:57:17 Image size of job updated: 8069016
	7598  -  MemoryUsage of job (MB)
	7779780  -  ResidentSetSize of job (KB)
...
006 (17502481.011.000) 07/24 09:02:18 Image size of job updated: 8069016
	7627  -  MemoryUsage of job (MB)
	7809324  -  ResidentSetSize of job (KB)
...
006 (17502481.011.000) 07/24 09:07:18 Image size of job updated: 8080628
	7699  -  MemoryUsage of job (MB)
	7883272  -  ResidentSetSize of job (KB)
...
006 (17502481.011.000) 07/24 09:12:19 Image size of job updated: 8258496
	7738  -  MemoryUsage of job (MB)
	7923108  -  ResidentSetSize of job (KB)
...
006 (17502481.011.000) 07/24 09:17:19 Image size of job updated: 8258496
	7805  -  MemoryUsage of job (MB)
	7991588  -  ResidentSetSize of job (KB)
...
006 (17502481.011.000) 07/24 09:22:19 Image size of job updated: 8371560
	7929  -  MemoryUsage of job (MB)
	8118808  -  ResidentSetSize of job (KB)
...
006 (17502481.011.000) 07/24 09:27:20 Image size of job updated: 8526588
	7945  -  MemoryUsage of job (MB)
	8135232  -  ResidentSetSize of job (KB)
...
006 (17502481.011.000) 07/24 09:32:20 Image size of job updated: 8526588
	7947  -  MemoryUsage of job (MB)
	8137092  -  ResidentSetSize of job (KB)
...
006 (17502481.011.000) 07/24 09:37:20 Image size of job updated: 8526588
	7980  -  MemoryUsage of job (MB)
	8171248  -  ResidentSetSize of job (KB)
...
006 (17502481.011.000) 07/24 09:42:21 Image size of job updated: 8526588
	8063  -  MemoryUsage of job (MB)
	8255972  -  ResidentSetSize of job (KB)
...
006 (17502481.011.000) 07/24 09:47:21 Image size of job updated: 8526588
	8088  -  MemoryUsage of job (MB)
	8281128  -  ResidentSetSize of job (KB)
...
006 (17502481.011.000) 07/24 09:52:21 Image size of job updated: 8646840
	8150  -  MemoryUsage of job (MB)
	8344980  -  ResidentSetSize of job (KB)
...
006 (17502481.011.000) 07/24 09:57:22 Image size of job updated: 8646840
	8304  -  MemoryUsage of job (MB)
	8503180  -  ResidentSetSize of job (KB)
...
006 (17502481.011.000) 07/24 10:02:22 Image size of job updated: 8808740
	8421  -  MemoryUsage of job (MB)
	8622416  -  ResidentSetSize of job (KB)
...
006 (17502481.011.000) 07/24 10:07:22 Image size of job updated: 8955880
	8746  -  MemoryUsage of job (MB)
	8955880  -  ResidentSetSize of job (KB)
...
006 (17502481.011.000) 07/24 10:12:23 Image size of job updated: 8955884
	8746  -  MemoryUsage of job (MB)
	8955884  -  ResidentSetSize of job (KB)
...
006 (17502481.011.000) 07/24 10:32:25 Image size of job updated: 9009112
	8746  -  MemoryUsage of job (MB)
	8955884  -  ResidentSetSize of job (KB)
...
006 (17502481.011.000) 07/24 10:52:28 Image size of job updated: 9031716
	8746  -  MemoryUsage of job (MB)
	8955884  -  ResidentSetSize of job (KB)
...
006 (17502481.011.000) 07/24 10:57:29 Image size of job updated: 9166452
	8912  -  MemoryUsage of job (MB)
	9125064  -  ResidentSetSize of job (KB)
...
006 (17502481.011.000) 07/24 11:07:30 Image size of job updated: 9202656
	8912  -  MemoryUsage of job (MB)
	9125064  -  ResidentSetSize of job (KB)
...
006 (17502481.011.000) 07/24 11:12:31 Image size of job updated: 9386316
	8986  -  MemoryUsage of job (MB)
	9200876  -  ResidentSetSize of job (KB)
...
006 (17502481.011.000) 07/24 11:17:31 Image size of job updated: 9386316
	8986  -  MemoryUsage of job (MB)
	9200904  -  ResidentSetSize of job (KB)
...
006 (17502481.011.000) 07/24 11:22:32 Image size of job updated: 9428356
	8986  -  MemoryUsage of job (MB)
	9200904  -  ResidentSetSize of job (KB)
...
006 (17502481.011.000) 07/24 11:27:32 Image size of job updated: 9430036
	9116  -  MemoryUsage of job (MB)
	9334664  -  ResidentSetSize of job (KB)
...
006 (17502481.011.000) 07/24 11:32:32 Image size of job updated: 9430036
	9116  -  MemoryUsage of job (MB)
	9334668  -  ResidentSetSize of job (KB)
...
006 (17502481.011.000) 07/24 11:37:33 Image size of job updated: 9474444
	9210  -  MemoryUsage of job (MB)
	9431004  -  ResidentSetSize of job (KB)
...
006 (17502481.011.000) 07/24 11:42:33 Image size of job updated: 9625424
	9210  -  MemoryUsage of job (MB)
	9431004  -  ResidentSetSize of job (KB)
...
006 (17502481.011.000) 07/24 11:47:33 Image size of job updated: 9673852
	9210  -  MemoryUsage of job (MB)
	9431004  -  ResidentSetSize of job (KB)
...
006 (17502481.011.000) 07/24 11:52:34 Image size of job updated: 9674344
	9329  -  MemoryUsage of job (MB)
	9552312  -  ResidentSetSize of job (KB)
...
006 (17502481.011.000) 07/24 12:02:34 Image size of job updated: 9920640
	9329  -  MemoryUsage of job (MB)
	9552312  -  ResidentSetSize of job (KB)
...
006 (17502481.011.000) 07/24 12:07:35 Image size of job updated: 9920640
	9397  -  MemoryUsage of job (MB)
	9621728  -  ResidentSetSize of job (KB)
...
006 (17502481.011.000) 07/24 12:27:37 Image size of job updated: 9924832
	9477  -  MemoryUsage of job (MB)
	9703432  -  ResidentSetSize of job (KB)
...
006 (17502481.011.000) 07/24 12:32:38 Image size of job updated: 10103600
	9477  -  MemoryUsage of job (MB)
	9703432  -  ResidentSetSize of job (KB)
...
006 (17502481.011.000) 07/24 12:37:39 Image size of job updated: 10111304
	9477  -  MemoryUsage of job (MB)
	9703432  -  ResidentSetSize of job (KB)
...
006 (17502481.011.000) 07/24 12:42:39 Image size of job updated: 10111304
	9641  -  MemoryUsage of job (MB)
	9871788  -  ResidentSetSize of job (KB)
...
006 (17502481.011.000) 07/24 12:47:40 Image size of job updated: 10162660
	9641  -  MemoryUsage of job (MB)
	9871788  -  ResidentSetSize of job (KB)
...
006 (17502481.011.000) 07/24 12:52:41 Image size of job updated: 10162660
	9651  -  MemoryUsage of job (MB)
	9882120  -  ResidentSetSize of job (KB)
...
006 (17502481.011.000) 07/24 13:02:42 Image size of job updated: 10162660
	9731  -  MemoryUsage of job (MB)
	9963736  -  ResidentSetSize of job (KB)
...
006 (17502481.011.000) 07/24 13:07:43 Image size of job updated: 10184584
	9851  -  MemoryUsage of job (MB)
	10086504  -  ResidentSetSize of job (KB)
...
006 (17502481.011.000) 07/24 13:12:43 Image size of job updated: 10207096
	9851  -  MemoryUsage of job (MB)
	10086504  -  ResidentSetSize of job (KB)
...
006 (17502481.011.000) 07/24 13:17:44 Image size of job updated: 10332116
	9851  -  MemoryUsage of job (MB)
	10086504  -  ResidentSetSize of job (KB)
...
006 (17502481.011.000) 07/24 13:27:45 Image size of job updated: 10383988
	9851  -  MemoryUsage of job (MB)
	10086504  -  ResidentSetSize of job (KB)
...
006 (17502481.011.000) 07/24 13:32:46 Image size of job updated: 10394464
	9986  -  MemoryUsage of job (MB)
	10225600  -  ResidentSetSize of job (KB)
...
006 (17502481.011.000) 07/24 13:37:47 Image size of job updated: 10459132
	9986  -  MemoryUsage of job (MB)
	10225600  -  ResidentSetSize of job (KB)
...
006 (17502481.011.000) 07/24 13:42:47 Image size of job updated: 10571408
	10025  -  MemoryUsage of job (MB)
	10264672  -  ResidentSetSize of job (KB)
...
006 (17502481.011.000) 07/24 13:52:48 Image size of job updated: 10648676
	10104  -  MemoryUsage of job (MB)
	10345540  -  ResidentSetSize of job (KB)
...
006 (17502481.011.000) 07/24 13:57:48 Image size of job updated: 10648676
	10111  -  MemoryUsage of job (MB)
	10352892  -  ResidentSetSize of job (KB)
...
006 (17502481.011.000) 07/24 14:02:49 Image size of job updated: 10737068
	10486  -  MemoryUsage of job (MB)
	10737068  -  ResidentSetSize of job (KB)
...
006 (17502481.011.000) 07/24 14:12:49 Image size of job updated: 10757312
	10486  -  MemoryUsage of job (MB)
	10737068  -  ResidentSetSize of job (KB)
...
006 (17502481.011.000) 07/24 14:22:50 Image size of job updated: 10848372
	10550  -  MemoryUsage of job (MB)
	10802436  -  ResidentSetSize of job (KB)
...
006 (17502481.011.000) 07/24 14:27:50 Image size of job updated: 10924368
	10590  -  MemoryUsage of job (MB)
	10843312  -  ResidentSetSize of job (KB)
...
006 (17502481.011.000) 07/24 15:02:55 Image size of job updated: 11057972
	10590  -  MemoryUsage of job (MB)
	10843312  -  ResidentSetSize of job (KB)
...
006 (17502481.011.000) 07/24 15:12:56 Image size of job updated: 11057972
	10684  -  MemoryUsage of job (MB)
	10939576  -  ResidentSetSize of job (KB)
...
006 (17502481.011.000) 07/24 15:17:57 Image size of job updated: 11057972
	10684  -  MemoryUsage of job (MB)
	10939580  -  ResidentSetSize of job (KB)
...
006 (17502481.011.000) 07/24 15:22:57 Image size of job updated: 11274696
	10701  -  MemoryUsage of job (MB)
	10957140  -  ResidentSetSize of job (KB)
...
006 (17502481.011.000) 07/24 15:53:01 Image size of job updated: 11274696
	10711  -  MemoryUsage of job (MB)
	10967476  -  ResidentSetSize of job (KB)
...
006 (17502481.011.000) 07/24 15:58:02 Image size of job updated: 11324700
	10797  -  MemoryUsage of job (MB)
	11055960  -  ResidentSetSize of job (KB)
...
006 (17502481.011.000) 07/24 16:03:02 Image size of job updated: 11368628
	10797  -  MemoryUsage of job (MB)
	11055960  -  ResidentSetSize of job (KB)
...
006 (17502481.011.000) 07/24 16:08:03 Image size of job updated: 11368628
	10810  -  MemoryUsage of job (MB)
	11069296  -  ResidentSetSize of job (KB)
...
006 (17502481.011.000) 07/24 16:13:04 Image size of job updated: 11389580
	10993  -  MemoryUsage of job (MB)
	11256088  -  ResidentSetSize of job (KB)
...
006 (17502481.011.000) 07/24 16:18:04 Image size of job updated: 11670660
	11265  -  MemoryUsage of job (MB)
	11535180  -  ResidentSetSize of job (KB)
...
006 (17502481.011.000) 07/24 16:23:05 Image size of job updated: 11684964
	11265  -  MemoryUsage of job (MB)
	11535180  -  ResidentSetSize of job (KB)
...
006 (17502481.011.000) 07/24 16:28:05 Image size of job updated: 11701852
	11265  -  MemoryUsage of job (MB)
	11535180  -  ResidentSetSize of job (KB)
...
006 (17502481.011.000) 07/24 16:38:06 Image size of job updated: 11803864
	11420  -  MemoryUsage of job (MB)
	11693624  -  ResidentSetSize of job (KB)
...
006 (17502481.011.000) 07/24 16:53:07 Image size of job updated: 11811392
	11420  -  MemoryUsage of job (MB)
	11693624  -  ResidentSetSize of job (KB)
...
006 (17502481.011.000) 07/24 16:58:07 Image size of job updated: 11819028
	11420  -  MemoryUsage of job (MB)
	11693624  -  ResidentSetSize of job (KB)
...
006 (17502481.011.000) 07/24 17:03:07 Image size of job updated: 11819464
	11420  -  MemoryUsage of job (MB)
	11693624  -  ResidentSetSize of job (KB)
...
006 (17502481.011.000) 07/24 17:08:08 Image size of job updated: 11963584
	11497  -  MemoryUsage of job (MB)
	11772884  -  ResidentSetSize of job (KB)
...
006 (17502481.011.000) 07/24 17:13:08 Image size of job updated: 12052448
	11497  -  MemoryUsage of job (MB)
	11772888  -  ResidentSetSize of job (KB)
...
006 (17502481.011.000) 07/24 17:33:10 Image size of job updated: 12052448
	11554  -  MemoryUsage of job (MB)
	11830736  -  ResidentSetSize of job (KB)
...
006 (17502481.011.000) 07/24 17:53:13 Image size of job updated: 12052448
	11663  -  MemoryUsage of job (MB)
	11942264  -  ResidentSetSize of job (KB)
...
006 (17502481.011.000) 07/24 17:58:13 Image size of job updated: 12177952
	11663  -  MemoryUsage of job (MB)
	11942268  -  ResidentSetSize of job (KB)
...
006 (17502481.011.000) 07/24 18:08:15 Image size of job updated: 12272480
	11771  -  MemoryUsage of job (MB)
	12052856  -  ResidentSetSize of job (KB)
...
006 (17502481.011.000) 07/24 18:13:15 Image size of job updated: 12294028
	11778  -  MemoryUsage of job (MB)
	12059984  -  ResidentSetSize of job (KB)
...
006 (17502481.011.000) 07/24 18:18:16 Image size of job updated: 12297632
	11784  -  MemoryUsage of job (MB)
	12066648  -  ResidentSetSize of job (KB)
...
006 (17502481.011.000) 07/24 18:28:17 Image size of job updated: 12354400
	11784  -  MemoryUsage of job (MB)
	12066648  -  ResidentSetSize of job (KB)
...
006 (17502481.011.000) 07/24 18:33:18 Image size of job updated: 12393944
	11947  -  MemoryUsage of job (MB)
	12233396  -  ResidentSetSize of job (KB)
...
006 (17502481.011.000) 07/24 18:38:19 Image size of job updated: 12410568
	11950  -  MemoryUsage of job (MB)
	12236200  -  ResidentSetSize of job (KB)
...
006 (17502481.011.000) 07/24 18:43:19 Image size of job updated: 12410568
	12045  -  MemoryUsage of job (MB)
	12333128  -  ResidentSetSize of job (KB)
...
006 (17502481.011.000) 07/24 18:48:20 Image size of job updated: 12528180
	12045  -  MemoryUsage of job (MB)
	12333128  -  ResidentSetSize of job (KB)
...
006 (17502481.011.000) 07/24 18:53:20 Image size of job updated: 12528180
	12156  -  MemoryUsage of job (MB)
	12446740  -  ResidentSetSize of job (KB)
...
006 (17502481.011.000) 07/24 19:03:21 Image size of job updated: 12830192
	12229  -  MemoryUsage of job (MB)
	12521816  -  ResidentSetSize of job (KB)
...
006 (17502481.011.000) 07/24 19:13:21 Image size of job updated: 12830192
	12290  -  MemoryUsage of job (MB)
	12584528  -  ResidentSetSize of job (KB)
...
006 (17502481.011.000) 07/24 19:18:22 Image size of job updated: 12868408
	12290  -  MemoryUsage of job (MB)
	12584528  -  ResidentSetSize of job (KB)
...
006 (17502481.011.000) 07/24 19:23:22 Image size of job updated: 12886444
	12290  -  MemoryUsage of job (MB)
	12584528  -  ResidentSetSize of job (KB)
...
006 (17502481.011.000) 07/24 19:28:22 Image size of job updated: 12886444
	12296  -  MemoryUsage of job (MB)
	12590572  -  ResidentSetSize of job (KB)
...
006 (17502481.011.000) 07/24 19:33:23 Image size of job updated: 12956508
	12336  -  MemoryUsage of job (MB)
	12631540  -  ResidentSetSize of job (KB)
...
006 (17502481.011.000) 07/24 19:38:23 Image size of job updated: 12956508
	12439  -  MemoryUsage of job (MB)
	12737112  -  ResidentSetSize of job (KB)
...
006 (17502481.011.000) 07/24 19:43:24 Image size of job updated: 13065408
	12439  -  MemoryUsage of job (MB)
	12737112  -  ResidentSetSize of job (KB)
...
006 (17502481.011.000) 07/24 19:48:25 Image size of job updated: 13065408
	12584  -  MemoryUsage of job (MB)
	12885208  -  ResidentSetSize of job (KB)
...
006 (17502481.011.000) 07/24 19:53:25 Image size of job updated: 13065408
	12647  -  MemoryUsage of job (MB)
	12949668  -  ResidentSetSize of job (KB)
...
006 (17502481.011.000) 07/24 19:58:26 Image size of job updated: 13065408
	12647  -  MemoryUsage of job (MB)
	12949672  -  ResidentSetSize of job (KB)
...
006 (17502481.011.000) 07/24 20:08:27 Image size of job updated: 13107864
	12647  -  MemoryUsage of job (MB)
	12949672  -  ResidentSetSize of job (KB)
...
006 (17502481.011.000) 07/24 20:13:28 Image size of job updated: 13347516
	12727  -  MemoryUsage of job (MB)
	13032416  -  ResidentSetSize of job (KB)
...
006 (17502481.011.000) 07/24 20:38:29 Image size of job updated: 13347516
	12957  -  MemoryUsage of job (MB)
	13267288  -  ResidentSetSize of job (KB)
...
006 (17502481.011.000) 07/24 20:43:30 Image size of job updated: 13409912
	12957  -  MemoryUsage of job (MB)
	13267288  -  ResidentSetSize of job (KB)
...
006 (17502481.011.000) 07/24 20:48:30 Image size of job updated: 13459516
	12963  -  MemoryUsage of job (MB)
	13274004  -  ResidentSetSize of job (KB)
...
006 (17502481.011.000) 07/24 20:53:30 Image size of job updated: 13535032
	12987  -  MemoryUsage of job (MB)
	13298076  -  ResidentSetSize of job (KB)
...
006 (17502481.011.000) 07/24 20:58:31 Image size of job updated: 13535032
	13131  -  MemoryUsage of job (MB)
	13445872  -  ResidentSetSize of job (KB)
...
006 (17502481.011.000) 07/24 21:03:31 Image size of job updated: 13740536
	13393  -  MemoryUsage of job (MB)
	13713596  -  ResidentSetSize of job (KB)
...
006 (17502481.011.000) 07/24 21:08:31 Image size of job updated: 13801956
	13393  -  MemoryUsage of job (MB)
	13713596  -  ResidentSetSize of job (KB)
...
006 (17502481.011.000) 07/24 21:28:33 Image size of job updated: 13848752
	13413  -  MemoryUsage of job (MB)
	13734800  -  ResidentSetSize of job (KB)
...
006 (17502481.011.000) 07/24 21:33:33 Image size of job updated: 13878700
	13413  -  MemoryUsage of job (MB)
	13734804  -  ResidentSetSize of job (KB)
...
006 (17502481.011.000) 07/24 21:38:33 Image size of job updated: 13878700
	13482  -  MemoryUsage of job (MB)
	13805360  -  ResidentSetSize of job (KB)
...
006 (17502481.011.000) 07/24 21:43:34 Image size of job updated: 13878700
	13492  -  MemoryUsage of job (MB)
	13814800  -  ResidentSetSize of job (KB)
...
006 (17502481.011.000) 07/24 21:48:34 Image size of job updated: 13976160
	13492  -  MemoryUsage of job (MB)
	13814800  -  ResidentSetSize of job (KB)
...
006 (17502481.011.000) 07/24 21:53:35 Image size of job updated: 14106320
	13492  -  MemoryUsage of job (MB)
	13814800  -  ResidentSetSize of job (KB)
...
006 (17502481.011.000) 07/24 22:08:37 Image size of job updated: 14200220
	13508  -  MemoryUsage of job (MB)
	13831372  -  ResidentSetSize of job (KB)
...
006 (17502481.011.000) 07/24 22:13:38 Image size of job updated: 14393544
	13564  -  MemoryUsage of job (MB)
	13889068  -  ResidentSetSize of job (KB)
...
006 (17502481.011.000) 07/24 22:18:38 Image size of job updated: 14393544
	13587  -  MemoryUsage of job (MB)
	13913064  -  ResidentSetSize of job (KB)
...
006 (17502481.011.000) 07/24 22:23:39 Image size of job updated: 14393544
	13707  -  MemoryUsage of job (MB)
	14035828  -  ResidentSetSize of job (KB)
...
006 (17502481.011.000) 07/24 22:28:40 Image size of job updated: 14393544
	13715  -  MemoryUsage of job (MB)
	14044108  -  ResidentSetSize of job (KB)
...
006 (17502481.011.000) 07/24 22:33:40 Image size of job updated: 14393544
	13739  -  MemoryUsage of job (MB)
	14068728  -  ResidentSetSize of job (KB)
...
006 (17502481.011.000) 07/24 22:38:41 Image size of job updated: 14528368
	13739  -  MemoryUsage of job (MB)
	14068728  -  ResidentSetSize of job (KB)
...
006 (17502481.011.000) 07/24 22:58:42 Image size of job updated: 14528368
	13801  -  MemoryUsage of job (MB)
	14132000  -  ResidentSetSize of job (KB)
...
006 (17502481.011.000) 07/24 23:13:43 Image size of job updated: 14528368
	13889  -  MemoryUsage of job (MB)
	14221548  -  ResidentSetSize of job (KB)
...
006 (17502481.011.000) 07/24 23:28:44 Image size of job updated: 14572300
	14206  -  MemoryUsage of job (MB)
	14546892  -  ResidentSetSize of job (KB)
...
006 (17502481.011.000) 07/24 23:33:45 Image size of job updated: 14669960
	14209  -  MemoryUsage of job (MB)
	14549268  -  ResidentSetSize of job (KB)
...
006 (17502481.011.000) 07/24 23:48:47 Image size of job updated: 14695956
	14209  -  MemoryUsage of job (MB)
	14549268  -  ResidentSetSize of job (KB)
...
006 (17502481.011.000) 07/24 23:58:47 Image size of job updated: 14710644
	14219  -  MemoryUsage of job (MB)
	14559352  -  ResidentSetSize of job (KB)
...
006 (17502481.011.000) 07/25 00:03:48 Image size of job updated: 14769064
	14221  -  MemoryUsage of job (MB)
	14561288  -  ResidentSetSize of job (KB)
...
006 (17502481.011.000) 07/25 00:08:48 Image size of job updated: 14783840
	14284  -  MemoryUsage of job (MB)
	14626600  -  ResidentSetSize of job (KB)
...
006 (17502481.011.000) 07/25 00:13:48 Image size of job updated: 14876076
	14284  -  MemoryUsage of job (MB)
	14626600  -  ResidentSetSize of job (KB)
...
006 (17502481.011.000) 07/25 00:18:49 Image size of job updated: 14882508
	14365  -  MemoryUsage of job (MB)
	14708808  -  ResidentSetSize of job (KB)
...
006 (17502481.011.000) 07/25 00:23:49 Image size of job updated: 15221040
	14727  -  MemoryUsage of job (MB)
	15079612  -  ResidentSetSize of job (KB)
...
006 (17502481.011.000) 07/25 01:03:53 Image size of job updated: 15221040
	14730  -  MemoryUsage of job (MB)
	15083228  -  ResidentSetSize of job (KB)
...
006 (17502481.011.000) 07/25 01:08:53 Image size of job updated: 15226368
	14730  -  MemoryUsage of job (MB)
	15083228  -  ResidentSetSize of job (KB)
...
006 (17502481.011.000) 07/25 01:13:54 Image size of job updated: 15274696
	14730  -  MemoryUsage of job (MB)
	15083228  -  ResidentSetSize of job (KB)
...
006 (17502481.011.000) 07/25 01:18:55 Image size of job updated: 15408932
	15048  -  MemoryUsage of job (MB)
	15408932  -  ResidentSetSize of job (KB)
...
006 (17502481.011.000) 07/25 01:23:55 Image size of job updated: 15435692
	15056  -  MemoryUsage of job (MB)
	15416776  -  ResidentSetSize of job (KB)
...
006 (17502481.011.000) 07/25 01:28:56 Image size of job updated: 15542532
	15056  -  MemoryUsage of job (MB)
	15416776  -  ResidentSetSize of job (KB)
...
006 (17502481.011.000) 07/25 01:33:56 Image size of job updated: 15837340
	15056  -  MemoryUsage of job (MB)
	15416776  -  ResidentSetSize of job (KB)
...
006 (17502481.011.000) 07/25 01:43:57 Image size of job updated: 15837340
	15217  -  MemoryUsage of job (MB)
	15581796  -  ResidentSetSize of job (KB)
...
006 (17502481.011.000) 07/25 01:48:57 Image size of job updated: 15837340
	15225  -  MemoryUsage of job (MB)
	15590240  -  ResidentSetSize of job (KB)
...
006 (17502481.011.000) 07/25 02:19:01 Image size of job updated: 15935772
	15225  -  MemoryUsage of job (MB)
	15590240  -  ResidentSetSize of job (KB)
...
006 (17502481.011.000) 07/25 02:24:02 Image size of job updated: 15989460
	15497  -  MemoryUsage of job (MB)
	15868268  -  ResidentSetSize of job (KB)
...
006 (17502481.011.000) 07/25 02:39:04 Image size of job updated: 16047640
	15497  -  MemoryUsage of job (MB)
	15868268  -  ResidentSetSize of job (KB)
...
006 (17502481.011.000) 07/25 02:44:05 Image size of job updated: 16122356
	15497  -  MemoryUsage of job (MB)
	15868268  -  ResidentSetSize of job (KB)
...
006 (17502481.011.000) 07/25 02:49:05 Image size of job updated: 16135236
	15497  -  MemoryUsage of job (MB)
	15868268  -  ResidentSetSize of job (KB)
...
006 (17502481.011.000) 07/25 02:54:06 Image size of job updated: 16135236
	15591  -  MemoryUsage of job (MB)
	15965148  -  ResidentSetSize of job (KB)
...
006 (17502481.011.000) 07/25 02:59:06 Image size of job updated: 16135236
	15669  -  MemoryUsage of job (MB)
	16045028  -  ResidentSetSize of job (KB)
...
006 (17502481.011.000) 07/25 03:04:06 Image size of job updated: 16135236
	15679  -  MemoryUsage of job (MB)
	16054556  -  ResidentSetSize of job (KB)
...
006 (17502481.011.000) 07/25 03:24:08 Image size of job updated: 16186676
	15679  -  MemoryUsage of job (MB)
	16054556  -  ResidentSetSize of job (KB)
...
006 (17502481.011.000) 07/25 03:34:08 Image size of job updated: 16238012
	15679  -  MemoryUsage of job (MB)
	16054556  -  ResidentSetSize of job (KB)
...
006 (17502481.011.000) 07/25 03:39:09 Image size of job updated: 16285340
	15679  -  MemoryUsage of job (MB)
	16054556  -  ResidentSetSize of job (KB)
...
006 (17502481.011.000) 07/25 03:49:09 Image size of job updated: 16285340
	15697  -  MemoryUsage of job (MB)
	16073476  -  ResidentSetSize of job (KB)
...
006 (17502481.011.000) 07/25 03:54:10 Image size of job updated: 16557332
	15980  -  MemoryUsage of job (MB)
	16362956  -  ResidentSetSize of job (KB)
...
006 (17502481.011.000) 07/25 04:19:12 Image size of job updated: 16629764
	15980  -  MemoryUsage of job (MB)
	16362956  -  ResidentSetSize of job (KB)
...
006 (17502481.011.000) 07/25 04:29:13 Image size of job updated: 16786496
	16394  -  MemoryUsage of job (MB)
	16786496  -  ResidentSetSize of job (KB)
...
006 (17502481.011.000) 07/25 04:44:15 Image size of job updated: 17133780
	16606  -  MemoryUsage of job (MB)
	17004096  -  ResidentSetSize of job (KB)
...
006 (17502481.011.000) 07/25 04:49:16 Image size of job updated: 17182308
	16606  -  MemoryUsage of job (MB)
	17004096  -  ResidentSetSize of job (KB)
...
006 (17502481.011.000) 07/25 05:14:18 Image size of job updated: 17203068
	16606  -  MemoryUsage of job (MB)
	17004096  -  ResidentSetSize of job (KB)
...
006 (17502481.011.000) 07/25 05:39:20 Image size of job updated: 17277688
	16754  -  MemoryUsage of job (MB)
	17155092  -  ResidentSetSize of job (KB)
...
006 (17502481.011.000) 07/25 05:44:20 Image size of job updated: 17295764
	16754  -  MemoryUsage of job (MB)
	17155092  -  ResidentSetSize of job (KB)
...
006 (17502481.011.000) 07/25 05:49:21 Image size of job updated: 17459020
	16754  -  MemoryUsage of job (MB)
	17155092  -  ResidentSetSize of job (KB)
...
006 (17502481.011.000) 07/25 05:59:22 Image size of job updated: 17478584
	16782  -  MemoryUsage of job (MB)
	17184188  -  ResidentSetSize of job (KB)
...
006 (17502481.011.000) 07/25 06:04:23 Image size of job updated: 17585536
	16805  -  MemoryUsage of job (MB)
	17207996  -  ResidentSetSize of job (KB)
...
006 (17502481.011.000) 07/25 06:09:23 Image size of job updated: 17602916
	16989  -  MemoryUsage of job (MB)
	17395928  -  ResidentSetSize of job (KB)
...
006 (17502481.011.000) 07/25 06:14:24 Image size of job updated: 17602916
	16989  -  MemoryUsage of job (MB)
	17395932  -  ResidentSetSize of job (KB)
...
006 (17502481.011.000) 07/25 06:19:25 Image size of job updated: 17602916
	16989  -  MemoryUsage of job (MB)
	17395956  -  ResidentSetSize of job (KB)
...
006 (17502481.011.000) 07/25 06:24:25 Image size of job updated: 17641188
	17109  -  MemoryUsage of job (MB)
	17519160  -  ResidentSetSize of job (KB)
...
006 (17502481.011.000) 07/25 06:29:26 Image size of job updated: 17686288
	17109  -  MemoryUsage of job (MB)
	17519160  -  ResidentSetSize of job (KB)
...
006 (17502481.011.000) 07/25 06:34:26 Image size of job updated: 17781280
	17109  -  MemoryUsage of job (MB)
	17519160  -  ResidentSetSize of job (KB)
...
006 (17502481.011.000) 07/25 06:49:27 Image size of job updated: 17781280
	17119  -  MemoryUsage of job (MB)
	17529268  -  ResidentSetSize of job (KB)
...
006 (17502481.011.000) 07/25 06:54:27 Image size of job updated: 17781280
	17239  -  MemoryUsage of job (MB)
	17651964  -  ResidentSetSize of job (KB)
...
006 (17502481.011.000) 07/25 06:59:28 Image size of job updated: 17781280
	17239  -  MemoryUsage of job (MB)
	17651984  -  ResidentSetSize of job (KB)
...
006 (17502481.011.000) 07/25 07:04:28 Image size of job updated: 17952652
	17286  -  MemoryUsage of job (MB)
	17700784  -  ResidentSetSize of job (KB)
...
006 (17502481.011.000) 07/25 07:14:29 Image size of job updated: 18028356
	17606  -  MemoryUsage of job (MB)
	18028356  -  ResidentSetSize of job (KB)
...
006 (17502481.011.000) 07/25 07:44:32 Image size of job updated: 18111088
	17606  -  MemoryUsage of job (MB)
	18028356  -  ResidentSetSize of job (KB)
...
006 (17502481.011.000) 07/25 08:04:33 Image size of job updated: 18134220
	17606  -  MemoryUsage of job (MB)
	18028356  -  ResidentSetSize of job (KB)
...
006 (17502481.011.000) 07/25 08:14:34 Image size of job updated: 18344316
	17737  -  MemoryUsage of job (MB)
	18162392  -  ResidentSetSize of job (KB)
...
006 (17502481.011.000) 07/25 08:19:35 Image size of job updated: 18415360
	17739  -  MemoryUsage of job (MB)
	18164508  -  ResidentSetSize of job (KB)
...
006 (17502481.011.000) 07/25 08:24:36 Image size of job updated: 18475508
	17755  -  MemoryUsage of job (MB)
	18180168  -  ResidentSetSize of job (KB)
...
006 (17502481.011.000) 07/25 08:29:36 Image size of job updated: 18475508
	17763  -  MemoryUsage of job (MB)
	18188528  -  ResidentSetSize of job (KB)
...
006 (17502481.011.000) 07/25 08:34:37 Image size of job updated: 18612936
	17932  -  MemoryUsage of job (MB)
	18361416  -  ResidentSetSize of job (KB)
...
006 (17502481.011.000) 07/25 08:49:39 Image size of job updated: 18612936
	18120  -  MemoryUsage of job (MB)
	18554756  -  ResidentSetSize of job (KB)
...
006 (17502481.011.000) 07/25 08:54:40 Image size of job updated: 18842332
	18120  -  MemoryUsage of job (MB)
	18554756  -  ResidentSetSize of job (KB)
...
006 (17502481.011.000) 07/25 09:24:42 Image size of job updated: 18842332
	18176  -  MemoryUsage of job (MB)
	18611400  -  ResidentSetSize of job (KB)
...
006 (17502481.011.000) 07/25 09:39:43 Image size of job updated: 18982812
	18176  -  MemoryUsage of job (MB)
	18611400  -  ResidentSetSize of job (KB)
...
006 (17502481.011.000) 07/25 09:44:43 Image size of job updated: 18996964
	18277  -  MemoryUsage of job (MB)
	18715580  -  ResidentSetSize of job (KB)
...
006 (17502481.011.000) 07/25 09:54:44 Image size of job updated: 19034008
	18277  -  MemoryUsage of job (MB)
	18715580  -  ResidentSetSize of job (KB)
...
006 (17502481.011.000) 07/25 09:59:44 Image size of job updated: 19178252
	18466  -  MemoryUsage of job (MB)
	18909036  -  ResidentSetSize of job (KB)
...
006 (17502481.011.000) 07/25 10:04:45 Image size of job updated: 19264936
	18471  -  MemoryUsage of job (MB)
	18913472  -  ResidentSetSize of job (KB)
...
006 (17502481.011.000) 07/25 10:09:45 Image size of job updated: 19307992
	18471  -  MemoryUsage of job (MB)
	18913472  -  ResidentSetSize of job (KB)
...
006 (17502481.011.000) 07/25 10:14:46 Image size of job updated: 19307992
	18640  -  MemoryUsage of job (MB)
	19086516  -  ResidentSetSize of job (KB)
...
006 (17502481.011.000) 07/25 10:19:47 Image size of job updated: 19307992
	18702  -  MemoryUsage of job (MB)
	19150712  -  ResidentSetSize of job (KB)
...
006 (17502481.011.000) 07/25 10:24:47 Image size of job updated: 19415768
	18961  -  MemoryUsage of job (MB)
	19415768  -  ResidentSetSize of job (KB)
...
006 (17502481.011.000) 07/25 10:44:50 Image size of job updated: 19475168
	18961  -  MemoryUsage of job (MB)
	19415768  -  ResidentSetSize of job (KB)
...
006 (17502481.011.000) 07/25 10:49:51 Image size of job updated: 19494824
	18961  -  MemoryUsage of job (MB)
	19415768  -  ResidentSetSize of job (KB)
...
006 (17502481.011.000) 07/25 10:54:51 Image size of job updated: 19562976
	19029  -  MemoryUsage of job (MB)
	19485636  -  ResidentSetSize of job (KB)
...
006 (17502481.011.000) 07/25 11:04:53 Image size of job updated: 19700144
	19029  -  MemoryUsage of job (MB)
	19485636  -  ResidentSetSize of job (KB)
...
006 (17502481.011.000) 07/25 11:19:55 Image size of job updated: 19759956
	19029  -  MemoryUsage of job (MB)
	19485636  -  ResidentSetSize of job (KB)
...
006 (17502481.011.000) 07/25 11:24:55 Image size of job updated: 19759956
	19150  -  MemoryUsage of job (MB)
	19609572  -  ResidentSetSize of job (KB)
...
006 (17502481.011.000) 07/25 11:29:56 Image size of job updated: 19891748
	19320  -  MemoryUsage of job (MB)
	19783328  -  ResidentSetSize of job (KB)
...
006 (17502481.011.000) 07/25 11:34:57 Image size of job updated: 19898668
	19320  -  MemoryUsage of job (MB)
	19783328  -  ResidentSetSize of job (KB)
...
006 (17502481.011.000) 07/25 11:39:57 Image size of job updated: 19986108
	19320  -  MemoryUsage of job (MB)
	19783328  -  ResidentSetSize of job (KB)
...
006 (17502481.011.000) 07/25 12:05:01 Image size of job updated: 19986108
	19322  -  MemoryUsage of job (MB)
	19785440  -  ResidentSetSize of job (KB)
...
006 (17502481.011.000) 07/25 12:10:01 Image size of job updated: 19990228
	19322  -  MemoryUsage of job (MB)
	19785464  -  ResidentSetSize of job (KB)
...
006 (17502481.011.000) 07/25 12:15:02 Image size of job updated: 20130456
	19517  -  MemoryUsage of job (MB)
	19984788  -  ResidentSetSize of job (KB)
...
006 (17502481.011.000) 07/25 12:25:03 Image size of job updated: 20151468
	19680  -  MemoryUsage of job (MB)
	20151468  -  ResidentSetSize of job (KB)
...
006 (17502481.011.000) 07/25 12:40:05 Image size of job updated: 20249436
	19680  -  MemoryUsage of job (MB)
	20151468  -  ResidentSetSize of job (KB)
...
006 (17502481.011.000) 07/25 12:50:06 Image size of job updated: 20400344
	19680  -  MemoryUsage of job (MB)
	20151468  -  ResidentSetSize of job (KB)
...
006 (17502481.011.000) 07/25 12:55:06 Image size of job updated: 20442764
	19851  -  MemoryUsage of job (MB)
	20326484  -  ResidentSetSize of job (KB)
...
006 (17502481.011.000) 07/25 13:00:07 Image size of job updated: 20453816
	19851  -  MemoryUsage of job (MB)
	20326484  -  ResidentSetSize of job (KB)
...
006 (17502481.011.000) 07/25 13:05:07 Image size of job updated: 20453816
	19898  -  MemoryUsage of job (MB)
	20375292  -  ResidentSetSize of job (KB)
...
006 (17502481.011.000) 07/25 13:10:07 Image size of job updated: 20628976
	19898  -  MemoryUsage of job (MB)
	20375292  -  ResidentSetSize of job (KB)
...
006 (17502481.011.000) 07/25 13:20:08 Image size of job updated: 20691248
	20065  -  MemoryUsage of job (MB)
	20546216  -  ResidentSetSize of job (KB)
...
006 (17502481.011.000) 07/25 14:10:13 Image size of job updated: 20816180
	20065  -  MemoryUsage of job (MB)
	20546216  -  ResidentSetSize of job (KB)
...
006 (17502481.011.000) 07/25 14:15:14 Image size of job updated: 20816180
	20139  -  MemoryUsage of job (MB)
	20622200  -  ResidentSetSize of job (KB)
...
006 (17502481.011.000) 07/25 14:20:14 Image size of job updated: 20992600
	20297  -  MemoryUsage of job (MB)
	20784048  -  ResidentSetSize of job (KB)
...
006 (17502481.011.000) 07/25 14:25:15 Image size of job updated: 20992600
	20297  -  MemoryUsage of job (MB)
	20784088  -  ResidentSetSize of job (KB)
...
006 (17502481.011.000) 07/25 14:30:16 Image size of job updated: 20992600
	20374  -  MemoryUsage of job (MB)
	20862092  -  ResidentSetSize of job (KB)
...
006 (17502481.011.000) 07/25 14:40:17 Image size of job updated: 20999528
	20390  -  MemoryUsage of job (MB)
	20879208  -  ResidentSetSize of job (KB)
...
006 (17502481.011.000) 07/25 14:45:17 Image size of job updated: 21102600
	20390  -  MemoryUsage of job (MB)
	20879208  -  ResidentSetSize of job (KB)
...
006 (17502481.011.000) 07/25 14:50:17 Image size of job updated: 21113312
	20390  -  MemoryUsage of job (MB)
	20879208  -  ResidentSetSize of job (KB)
...
006 (17502481.011.000) 07/25 14:55:18 Image size of job updated: 21234076
	20390  -  MemoryUsage of job (MB)
	20879208  -  ResidentSetSize of job (KB)
...
006 (17502481.011.000) 07/25 15:00:18 Image size of job updated: 21234076
	20480  -  MemoryUsage of job (MB)
	20970956  -  ResidentSetSize of job (KB)
...
006 (17502481.011.000) 07/25 15:05:18 Image size of job updated: 21234076
	20568  -  MemoryUsage of job (MB)
	21060656  -  ResidentSetSize of job (KB)
...
006 (17502481.011.000) 07/25 15:10:19 Image size of job updated: 21619624
	20871  -  MemoryUsage of job (MB)
	21371888  -  ResidentSetSize of job (KB)
...
006 (17502481.011.000) 07/25 15:15:19 Image size of job updated: 21619624
	20882  -  MemoryUsage of job (MB)
	21382828  -  ResidentSetSize of job (KB)
...
006 (17502481.011.000) 07/25 15:35:20 Image size of job updated: 21619624
	20899  -  MemoryUsage of job (MB)
	21399824  -  ResidentSetSize of job (KB)
...
006 (17502481.011.000) 07/25 15:45:21 Image size of job updated: 21663604
	20899  -  MemoryUsage of job (MB)
	21399824  -  ResidentSetSize of job (KB)
...
006 (17502481.011.000) 07/25 15:50:22 Image size of job updated: 21714080
	20899  -  MemoryUsage of job (MB)
	21399824  -  ResidentSetSize of job (KB)
...
006 (17502481.011.000) 07/25 16:00:22 Image size of job updated: 21717352
	20993  -  MemoryUsage of job (MB)
	21495948  -  ResidentSetSize of job (KB)
...
006 (17502481.011.000) 07/25 16:25:24 Image size of job updated: 21717352
	21095  -  MemoryUsage of job (MB)
	21600972  -  ResidentSetSize of job (KB)
...
006 (17502481.011.000) 07/25 16:30:24 Image size of job updated: 21901728
	21152  -  MemoryUsage of job (MB)
	21659420  -  ResidentSetSize of job (KB)
...
006 (17502481.011.000) 07/25 16:35:25 Image size of job updated: 21901728
	21152  -  MemoryUsage of job (MB)
	21659456  -  ResidentSetSize of job (KB)
...
006 (17502481.011.000) 07/25 16:45:25 Image size of job updated: 21968324
	21397  -  MemoryUsage of job (MB)
	21910488  -  ResidentSetSize of job (KB)
...
006 (17502481.011.000) 07/25 16:55:26 Image size of job updated: 22034644
	21397  -  MemoryUsage of job (MB)
	21910488  -  ResidentSetSize of job (KB)
...
006 (17502481.011.000) 07/25 17:00:26 Image size of job updated: 22034644
	21400  -  MemoryUsage of job (MB)
	21912816  -  ResidentSetSize of job (KB)
...
006 (17502481.011.000) 07/25 17:05:27 Image size of job updated: 22040572
	21400  -  MemoryUsage of job (MB)
	21912816  -  ResidentSetSize of job (KB)
...
006 (17502481.011.000) 07/25 17:10:27 Image size of job updated: 22128348
	21400  -  MemoryUsage of job (MB)
	21912816  -  ResidentSetSize of job (KB)
...
006 (17502481.011.000) 07/25 17:15:27 Image size of job updated: 22159448
	21400  -  MemoryUsage of job (MB)
	21912816  -  ResidentSetSize of job (KB)
...
006 (17502481.011.000) 07/25 17:20:28 Image size of job updated: 22306432
	21408  -  MemoryUsage of job (MB)
	21921736  -  ResidentSetSize of job (KB)
...
006 (17502481.011.000) 07/25 17:25:28 Image size of job updated: 22332848
	21467  -  MemoryUsage of job (MB)
	21981572  -  ResidentSetSize of job (KB)
...
006 (17502481.011.000) 07/25 17:30:29 Image size of job updated: 22373020
	21556  -  MemoryUsage of job (MB)
	22072756  -  ResidentSetSize of job (KB)
...
006 (17502481.011.000) 07/25 17:40:30 Image size of job updated: 22515560
	21940  -  MemoryUsage of job (MB)
	22466424  -  ResidentSetSize of job (KB)
...
006 (17502481.011.000) 07/25 18:00:32 Image size of job updated: 22583532
	21940  -  MemoryUsage of job (MB)
	22466424  -  ResidentSetSize of job (KB)
...
006 (17502481.011.000) 07/25 18:05:33 Image size of job updated: 22583532
	22022  -  MemoryUsage of job (MB)
	22550056  -  ResidentSetSize of job (KB)
...
006 (17502481.011.000) 07/25 18:10:33 Image size of job updated: 22583532
	22022  -  MemoryUsage of job (MB)
	22550092  -  ResidentSetSize of job (KB)
...
006 (17502481.011.000) 07/25 18:20:34 Image size of job updated: 22634812
	22022  -  MemoryUsage of job (MB)
	22550092  -  ResidentSetSize of job (KB)
...
006 (17502481.011.000) 07/25 18:30:35 Image size of job updated: 22754684
	22022  -  MemoryUsage of job (MB)
	22550092  -  ResidentSetSize of job (KB)
...
006 (17502481.011.000) 07/25 18:40:35 Image size of job updated: 22824628
	22124  -  MemoryUsage of job (MB)
	22654016  -  ResidentSetSize of job (KB)
...
006 (17502481.011.000) 07/25 18:45:36 Image size of job updated: 22842924
	22187  -  MemoryUsage of job (MB)
	22719076  -  ResidentSetSize of job (KB)
...
006 (17502481.011.000) 07/25 18:50:36 Image size of job updated: 22842924
	22189  -  MemoryUsage of job (MB)
	22721356  -  ResidentSetSize of job (KB)
...
006 (17502481.011.000) 07/25 18:55:36 Image size of job updated: 22933848
	22222  -  MemoryUsage of job (MB)
	22755204  -  ResidentSetSize of job (KB)
...
006 (17502481.011.000) 07/25 19:10:37 Image size of job updated: 22960912
	22312  -  MemoryUsage of job (MB)
	22846624  -  ResidentSetSize of job (KB)
...
006 (17502481.011.000) 07/25 19:15:38 Image size of job updated: 23090772
	22321  -  MemoryUsage of job (MB)
	22856176  -  ResidentSetSize of job (KB)
...
006 (17502481.011.000) 07/25 19:20:38 Image size of job updated: 23090772
	22321  -  MemoryUsage of job (MB)
	22856180  -  ResidentSetSize of job (KB)
...
006 (17502481.011.000) 07/25 19:25:39 Image size of job updated: 23219324
	22321  -  MemoryUsage of job (MB)
	22856180  -  ResidentSetSize of job (KB)
...
006 (17502481.011.000) 07/25 19:30:40 Image size of job updated: 23222004
	22378  -  MemoryUsage of job (MB)
	22914968  -  ResidentSetSize of job (KB)
...
006 (17502481.011.000) 07/25 19:35:40 Image size of job updated: 23231932
	22615  -  MemoryUsage of job (MB)
	23157520  -  ResidentSetSize of job (KB)
...
006 (17502481.011.000) 07/25 19:40:41 Image size of job updated: 23253888
	22615  -  MemoryUsage of job (MB)
	23157520  -  ResidentSetSize of job (KB)
...
006 (17502481.011.000) 07/25 20:05:44 Image size of job updated: 23355596
	22615  -  MemoryUsage of job (MB)
	23157520  -  ResidentSetSize of job (KB)
...
006 (17502481.011.000) 07/25 20:10:45 Image size of job updated: 23355596
	22729  -  MemoryUsage of job (MB)
	23274040  -  ResidentSetSize of job (KB)
...
006 (17502481.011.000) 07/25 20:15:45 Image size of job updated: 23378968
	22729  -  MemoryUsage of job (MB)
	23274040  -  ResidentSetSize of job (KB)
...
006 (17502481.011.000) 07/25 20:25:46 Image size of job updated: 23468516
	22756  -  MemoryUsage of job (MB)
	23301348  -  ResidentSetSize of job (KB)
...
006 (17502481.011.000) 07/25 20:30:46 Image size of job updated: 23508900
	22789  -  MemoryUsage of job (MB)
	23335760  -  ResidentSetSize of job (KB)
...
006 (17502481.011.000) 07/25 20:35:46 Image size of job updated: 23644296
	22925  -  MemoryUsage of job (MB)
	23474944  -  ResidentSetSize of job (KB)
...
006 (17502481.011.000) 07/25 20:40:47 Image size of job updated: 23708616
	22934  -  MemoryUsage of job (MB)
	23483504  -  ResidentSetSize of job (KB)
...
006 (17502481.011.000) 07/25 20:45:47 Image size of job updated: 23869612
	23038  -  MemoryUsage of job (MB)
	23589904  -  ResidentSetSize of job (KB)
...
006 (17502481.011.000) 07/25 20:50:47 Image size of job updated: 23869612
	23038  -  MemoryUsage of job (MB)
	23589908  -  ResidentSetSize of job (KB)
...
006 (17502481.011.000) 07/25 21:00:48 Image size of job updated: 23869612
	23061  -  MemoryUsage of job (MB)
	23613980  -  ResidentSetSize of job (KB)
...
006 (17502481.011.000) 07/25 21:05:48 Image size of job updated: 23981220
	23105  -  MemoryUsage of job (MB)
	23658976  -  ResidentSetSize of job (KB)
...
006 (17502481.011.000) 07/25 21:10:49 Image size of job updated: 23981220
	23116  -  MemoryUsage of job (MB)
	23670544  -  ResidentSetSize of job (KB)
...
006 (17502481.011.000) 07/25 21:15:49 Image size of job updated: 24054860
	23213  -  MemoryUsage of job (MB)
	23769988  -  ResidentSetSize of job (KB)
...
006 (17502481.011.000) 07/25 21:40:52 Image size of job updated: 24054860
	23222  -  MemoryUsage of job (MB)
	23779180  -  ResidentSetSize of job (KB)
...
006 (17502481.011.000) 07/25 21:50:53 Image size of job updated: 24104408
	23238  -  MemoryUsage of job (MB)
	23795072  -  ResidentSetSize of job (KB)
...
006 (17502481.011.000) 07/25 21:55:54 Image size of job updated: 24156564
	23389  -  MemoryUsage of job (MB)
	23950272  -  ResidentSetSize of job (KB)
...
006 (17502481.011.000) 07/25 22:00:54 Image size of job updated: 24262420
	23389  -  MemoryUsage of job (MB)
	23950272  -  ResidentSetSize of job (KB)
...
006 (17502481.011.000) 07/25 22:10:56 Image size of job updated: 24264080
	23389  -  MemoryUsage of job (MB)
	23950272  -  ResidentSetSize of job (KB)
...
006 (17502481.011.000) 07/25 22:15:56 Image size of job updated: 24309012
	23573  -  MemoryUsage of job (MB)
	24138276  -  ResidentSetSize of job (KB)
...
006 (17502481.011.000) 07/25 22:25:57 Image size of job updated: 24435588
	23573  -  MemoryUsage of job (MB)
	24138276  -  ResidentSetSize of job (KB)
...
006 (17502481.011.000) 07/25 22:45:58 Image size of job updated: 24538640
	23573  -  MemoryUsage of job (MB)
	24138276  -  ResidentSetSize of job (KB)
...
006 (17502481.011.000) 07/25 22:50:59 Image size of job updated: 24538640
	23742  -  MemoryUsage of job (MB)
	24310968  -  ResidentSetSize of job (KB)
...
006 (17502481.011.000) 07/25 23:06:00 Image size of job updated: 24538640
	23781  -  MemoryUsage of job (MB)
	24351536  -  ResidentSetSize of job (KB)
...
006 (17502481.011.000) 07/25 23:11:00 Image size of job updated: 24643160
	23806  -  MemoryUsage of job (MB)
	24377180  -  ResidentSetSize of job (KB)
...
006 (17502481.011.000) 07/25 23:16:00 Image size of job updated: 24766468
	23878  -  MemoryUsage of job (MB)
	24450704  -  ResidentSetSize of job (KB)
...
006 (17502481.011.000) 07/25 23:21:01 Image size of job updated: 24797012
	23887  -  MemoryUsage of job (MB)
	24459452  -  ResidentSetSize of job (KB)
...
006 (17502481.011.000) 07/25 23:26:01 Image size of job updated: 24814076
	23974  -  MemoryUsage of job (MB)
	24549360  -  ResidentSetSize of job (KB)
...
006 (17502481.011.000) 07/25 23:31:02 Image size of job updated: 24814076
	23998  -  MemoryUsage of job (MB)
	24573900  -  ResidentSetSize of job (KB)
...
006 (17502481.011.000) 07/25 23:36:03 Image size of job updated: 24822696
	24023  -  MemoryUsage of job (MB)
	24598632  -  ResidentSetSize of job (KB)
...
006 (17502481.011.000) 07/25 23:41:03 Image size of job updated: 24994196
	24240  -  MemoryUsage of job (MB)
	24821204  -  ResidentSetSize of job (KB)
...
006 (17502481.011.000) 07/25 23:46:04 Image size of job updated: 24994196
	24251  -  MemoryUsage of job (MB)
	24832884  -  ResidentSetSize of job (KB)
...
006 (17502481.011.000) 07/25 23:51:04 Image size of job updated: 25079808
	24251  -  MemoryUsage of job (MB)
	24832884  -  ResidentSetSize of job (KB)
...
006 (17502481.011.000) 07/25 23:56:04 Image size of job updated: 25254780
	24262  -  MemoryUsage of job (MB)
	24844176  -  ResidentSetSize of job (KB)
...
006 (17502481.011.000) 07/26 00:01:05 Image size of job updated: 25254780
	24323  -  MemoryUsage of job (MB)
	24906176  -  ResidentSetSize of job (KB)
...
006 (17502481.011.000) 07/26 00:06:05 Image size of job updated: 25254780
	24333  -  MemoryUsage of job (MB)
	24916676  -  ResidentSetSize of job (KB)
...
006 (17502481.011.000) 07/26 00:36:07 Image size of job updated: 25254780
	24395  -  MemoryUsage of job (MB)
	24979612  -  ResidentSetSize of job (KB)
...
006 (17502481.011.000) 07/26 00:41:08 Image size of job updated: 25254780
	24611  -  MemoryUsage of job (MB)
	25201256  -  ResidentSetSize of job (KB)
...
006 (17502481.011.000) 07/26 00:46:09 Image size of job updated: 25326240
	24635  -  MemoryUsage of job (MB)
	25226176  -  ResidentSetSize of job (KB)
...
006 (17502481.011.000) 07/26 00:51:09 Image size of job updated: 25346100
	24635  -  MemoryUsage of job (MB)
	25226184  -  ResidentSetSize of job (KB)
...
006 (17502481.011.000) 07/26 00:56:10 Image size of job updated: 25780496
	24635  -  MemoryUsage of job (MB)
	25226184  -  ResidentSetSize of job (KB)
...
006 (17502481.011.000) 07/26 01:06:11 Image size of job updated: 25780496
	24732  -  MemoryUsage of job (MB)
	25325444  -  ResidentSetSize of job (KB)
...
006 (17502481.011.000) 07/26 01:16:13 Image size of job updated: 25780496
	24844  -  MemoryUsage of job (MB)
	25439820  -  ResidentSetSize of job (KB)
...
006 (17502481.011.000) 07/26 01:21:13 Image size of job updated: 25780496
	24860  -  MemoryUsage of job (MB)
	25456204  -  ResidentSetSize of job (KB)
...
006 (17502481.011.000) 07/26 01:41:16 Image size of job updated: 25780496
	24868  -  MemoryUsage of job (MB)
	25464600  -  ResidentSetSize of job (KB)
...
006 (17502481.011.000) 07/26 01:46:16 Image size of job updated: 25780496
	24989  -  MemoryUsage of job (MB)
	25588624  -  ResidentSetSize of job (KB)
...
006 (17502481.011.000) 07/26 01:51:16 Image size of job updated: 25780496
	25002  -  MemoryUsage of job (MB)
	25601140  -  ResidentSetSize of job (KB)
...
006 (17502481.011.000) 07/26 02:06:17 Image size of job updated: 25780496
	25038  -  MemoryUsage of job (MB)
	25638296  -  ResidentSetSize of job (KB)
...
006 (17502481.011.000) 07/26 02:11:18 Image size of job updated: 25780496
	25038  -  MemoryUsage of job (MB)
	25638300  -  ResidentSetSize of job (KB)
...
006 (17502481.011.000) 07/26 02:16:18 Image size of job updated: 25815500
	25083  -  MemoryUsage of job (MB)
	25684528  -  ResidentSetSize of job (KB)
...
006 (17502481.011.000) 07/26 02:21:19 Image size of job updated: 25908524
	25083  -  MemoryUsage of job (MB)
	25684528  -  ResidentSetSize of job (KB)
...
006 (17502481.011.000) 07/26 02:26:20 Image size of job updated: 25908524
	25112  -  MemoryUsage of job (MB)
	25714496  -  ResidentSetSize of job (KB)
...
006 (17502481.011.000) 07/26 02:41:22 Image size of job updated: 26222772
	25577  -  MemoryUsage of job (MB)
	26190804  -  ResidentSetSize of job (KB)
...
006 (17502481.011.000) 07/26 02:46:22 Image size of job updated: 26252428
	25577  -  MemoryUsage of job (MB)
	26190804  -  ResidentSetSize of job (KB)
...
006 (17502481.011.000) 07/26 03:11:25 Image size of job updated: 26318092
	25577  -  MemoryUsage of job (MB)
	26190804  -  ResidentSetSize of job (KB)
...
006 (17502481.011.000) 07/26 03:16:25 Image size of job updated: 26332752
	25577  -  MemoryUsage of job (MB)
	26190804  -  ResidentSetSize of job (KB)
...
006 (17502481.011.000) 07/26 03:26:26 Image size of job updated: 26368600
	25589  -  MemoryUsage of job (MB)
	26202684  -  ResidentSetSize of job (KB)
...
006 (17502481.011.000) 07/26 03:31:26 Image size of job updated: 26384304
	25589  -  MemoryUsage of job (MB)
	26202684  -  ResidentSetSize of job (KB)
...
006 (17502481.011.000) 07/26 03:36:27 Image size of job updated: 26733020
	25894  -  MemoryUsage of job (MB)
	26514884  -  ResidentSetSize of job (KB)
...
006 (17502481.011.000) 07/26 03:46:27 Image size of job updated: 29887300
	29187  -  MemoryUsage of job (MB)
	29887300  -  ResidentSetSize of job (KB)
...
006 (17502481.011.000) 07/26 03:48:56 Image size of job updated: 29939004
	29187  -  MemoryUsage of job (MB)
	29887364  -  ResidentSetSize of job (KB)
...
040 (17502481.011.000) 07/26 03:48:56 Started transferring output files
...
040 (17502481.011.000) 07/26 03:48:56 Finished transferring output files
...
005 (17502481.011.000) 07/26 03:48:57 Job terminated.
	(1) Normal termination (return value 0)
		Usr 3 22:03:55, Sys 1 16:31:28  -  Run Remote Usage
		Usr 0 00:00:00, Sys 0 00:00:00  -  Run Local Usage
		Usr 3 22:03:55, Sys 1 16:31:28  -  Total Remote Usage
		Usr 0 00:00:00, Sys 0 00:00:00  -  Total Local Usage
	6984  -  Run Bytes Sent By Job
	213393  -  Run Bytes Received By Job
	6984  -  Total Bytes Sent By Job
	213393  -  Total Bytes Received By Job
	Partitionable Resources :      Usage  Request Allocated Assigned
	   Cpus                 :       3.68        8         8 
	   Disk (KB)            : 1777209     8388608   8389011 
	   GPUs                 :       0.51        1         1 "GPU-b1587b5f"
	   GpusMemory (MB)      :    2711                       
	   Memory (MB)          :   29187       24000     24000 
	   TimeExecute (s)      :  159417                       
	   TimeSlotBusy (s)     :  159417                       
...
