000 (17502481.003.000) 07/23 21:46:08 Job submitted from host: <188.185.114.121:9618?addrs=188.185.114.121-9618+[2001-1458-d00-a--100-273]-9618&alias=bigbird19.cern.ch&noUDP&sock=schedd_5810_c156>
...
040 (17502481.003.000) 07/24 04:20:20 Started transferring input files
	Transferring to host: <188.185.92.84:9618?addrs=188.185.92.84-9618+[2001-1458-d00-6c--100-1a7]-9618&alias=b9g57n0011.cern.ch&noUDP&sock=slot1_1_9822_3cc8_2591>
...
040 (17502481.003.000) 07/24 04:20:20 Finished transferring input files
...
001 (17502481.003.000) 07/24 04:20:20 Job executing on host: <188.185.92.84:9618?addrs=188.185.92.84-9618+[2001-1458-d00-6c--100-1a7]-9618&alias=b9g57n0011.cern.ch&noUDP&sock=startd_9346_2838>
	SlotName: slot1_1@b9g57n0011.cern.ch
	AvailableGPUs = { GPUs_GPU_4ca02207 }
	CondorScratchDir = "/pool/condor/dir_726138"
	Cpus = 8
	Disk = 8389634
	GPUs = 1
	GPUs_GPU_4ca02207 = [ Id = "GPU-4ca02207"; ClockMhz = 1410.0; Capability = 8.0; CoresPerCU = 64; DeviceName = "NVIDIA A100-PCIE-40GB"; DeviceUuid = "4ca02207-8182-9204-3632-c61ce0e64416"; ECCEnabled = true; ComputeUnits = 108; NvidiaDriver = "610.43.02"; DriverVersion = 13.3; DevicePciBusId = "0000:06:00.0"; GlobalMemoryMb = 40465; MaxSupportedVersion = 13030 ]
	Memory = 24000
...
006 (17502481.003.000) 07/24 04:20:29 Image size of job updated: 69956
	69  -  MemoryUsage of job (MB)
	69912  -  ResidentSetSize of job (KB)
...
006 (17502481.003.000) 07/24 04:25:30 Image size of job updated: 3344168
	2671  -  MemoryUsage of job (MB)
	2734500  -  ResidentSetSize of job (KB)
...
006 (17502481.003.000) 07/24 04:30:30 Image size of job updated: 3619496
	3351  -  MemoryUsage of job (MB)
	3430900  -  ResidentSetSize of job (KB)
...
006 (17502481.003.000) 07/24 04:35:31 Image size of job updated: 3619496
	3351  -  MemoryUsage of job (MB)
	3430932  -  ResidentSetSize of job (KB)
...
006 (17502481.003.000) 07/24 04:40:32 Image size of job updated: 3701284
	3396  -  MemoryUsage of job (MB)
	3476516  -  ResidentSetSize of job (KB)
...
006 (17502481.003.000) 07/24 04:45:32 Image size of job updated: 3856748
	3396  -  MemoryUsage of job (MB)
	3476516  -  ResidentSetSize of job (KB)
...
006 (17502481.003.000) 07/24 04:50:33 Image size of job updated: 3999320
	3594  -  MemoryUsage of job (MB)
	3679664  -  ResidentSetSize of job (KB)
...
006 (17502481.003.000) 07/24 04:55:34 Image size of job updated: 4340272
	3594  -  MemoryUsage of job (MB)
	3679664  -  ResidentSetSize of job (KB)
...
006 (17502481.003.000) 07/24 05:00:34 Image size of job updated: 4340272
	3906  -  MemoryUsage of job (MB)
	3998896  -  ResidentSetSize of job (KB)
...
006 (17502481.003.000) 07/24 05:05:36 Image size of job updated: 4532148
	4294  -  MemoryUsage of job (MB)
	4396808  -  ResidentSetSize of job (KB)
...
006 (17502481.003.000) 07/24 05:10:36 Image size of job updated: 4532148
	4301  -  MemoryUsage of job (MB)
	4403836  -  ResidentSetSize of job (KB)
...
006 (17502481.003.000) 07/24 05:15:36 Image size of job updated: 4536004
	4301  -  MemoryUsage of job (MB)
	4403836  -  ResidentSetSize of job (KB)
...
006 (17502481.003.000) 07/24 05:20:37 Image size of job updated: 7729788
	6856  -  MemoryUsage of job (MB)
	7019968  -  ResidentSetSize of job (KB)
...
006 (17502481.003.000) 07/24 05:25:37 Image size of job updated: 7729788
	7365  -  MemoryUsage of job (MB)
	7541260  -  ResidentSetSize of job (KB)
...
006 (17502481.003.000) 07/24 05:30:37 Image size of job updated: 7786724
	7365  -  MemoryUsage of job (MB)
	7541260  -  ResidentSetSize of job (KB)
...
006 (17502481.003.000) 07/24 05:40:38 Image size of job updated: 7816852
	7440  -  MemoryUsage of job (MB)
	7618308  -  ResidentSetSize of job (KB)
...
006 (17502481.003.000) 07/24 05:50:39 Image size of job updated: 7868696
	7440  -  MemoryUsage of job (MB)
	7618308  -  ResidentSetSize of job (KB)
...
006 (17502481.003.000) 07/24 06:10:40 Image size of job updated: 7946760
	7440  -  MemoryUsage of job (MB)
	7618308  -  ResidentSetSize of job (KB)
...
006 (17502481.003.000) 07/24 06:15:41 Image size of job updated: 7996616
	7440  -  MemoryUsage of job (MB)
	7618308  -  ResidentSetSize of job (KB)
...
006 (17502481.003.000) 07/24 06:20:42 Image size of job updated: 8043572
	7440  -  MemoryUsage of job (MB)
	7618308  -  ResidentSetSize of job (KB)
...
006 (17502481.003.000) 07/24 07:05:47 Image size of job updated: 8059728
	7440  -  MemoryUsage of job (MB)
	7618308  -  ResidentSetSize of job (KB)
...
006 (17502481.003.000) 07/24 07:10:47 Image size of job updated: 8136372
	7443  -  MemoryUsage of job (MB)
	7621608  -  ResidentSetSize of job (KB)
...
006 (17502481.003.000) 07/24 07:20:48 Image size of job updated: 8175088
	7647  -  MemoryUsage of job (MB)
	7829748  -  ResidentSetSize of job (KB)
...
006 (17502481.003.000) 07/24 07:25:49 Image size of job updated: 8195644
	7647  -  MemoryUsage of job (MB)
	7829748  -  ResidentSetSize of job (KB)
...
006 (17502481.003.000) 07/24 07:30:50 Image size of job updated: 8336300
	7647  -  MemoryUsage of job (MB)
	7829748  -  ResidentSetSize of job (KB)
...
006 (17502481.003.000) 07/24 07:40:51 Image size of job updated: 8336300
	7655  -  MemoryUsage of job (MB)
	7838372  -  ResidentSetSize of job (KB)
...
006 (17502481.003.000) 07/24 07:50:52 Image size of job updated: 8572220
	7655  -  MemoryUsage of job (MB)
	7838372  -  ResidentSetSize of job (KB)
...
006 (17502481.003.000) 07/24 07:55:53 Image size of job updated: 8572220
	7763  -  MemoryUsage of job (MB)
	7949080  -  ResidentSetSize of job (KB)
...
006 (17502481.003.000) 07/24 08:00:53 Image size of job updated: 8572220
	7856  -  MemoryUsage of job (MB)
	8043596  -  ResidentSetSize of job (KB)
...
006 (17502481.003.000) 07/24 08:05:53 Image size of job updated: 8572220
	7871  -  MemoryUsage of job (MB)
	8059000  -  ResidentSetSize of job (KB)
...
006 (17502481.003.000) 07/24 08:25:55 Image size of job updated: 8572220
	7951  -  MemoryUsage of job (MB)
	8141308  -  ResidentSetSize of job (KB)
...
006 (17502481.003.000) 07/24 08:30:55 Image size of job updated: 8588056
	8299  -  MemoryUsage of job (MB)
	8497972  -  ResidentSetSize of job (KB)
...
006 (17502481.003.000) 07/24 08:40:56 Image size of job updated: 8681708
	8322  -  MemoryUsage of job (MB)
	8521724  -  ResidentSetSize of job (KB)
...
006 (17502481.003.000) 07/24 08:45:56 Image size of job updated: 8725172
	8422  -  MemoryUsage of job (MB)
	8623540  -  ResidentSetSize of job (KB)
...
006 (17502481.003.000) 07/24 08:50:57 Image size of job updated: 9125896
	8432  -  MemoryUsage of job (MB)
	8634220  -  ResidentSetSize of job (KB)
...
006 (17502481.003.000) 07/24 11:06:12 Image size of job updated: 9125896
	8480  -  MemoryUsage of job (MB)
	8682800  -  ResidentSetSize of job (KB)
...
006 (17502481.003.000) 07/24 12:16:18 Image size of job updated: 9125896
	8495  -  MemoryUsage of job (MB)
	8698664  -  ResidentSetSize of job (KB)
...
006 (17502481.003.000) 07/24 12:31:19 Image size of job updated: 9125896
	8692  -  MemoryUsage of job (MB)
	8900080  -  ResidentSetSize of job (KB)
...
006 (17502481.003.000) 07/24 13:06:24 Image size of job updated: 9160756
	8692  -  MemoryUsage of job (MB)
	8900080  -  ResidentSetSize of job (KB)
...
006 (17502481.003.000) 07/24 13:16:24 Image size of job updated: 9319368
	8692  -  MemoryUsage of job (MB)
	8900080  -  ResidentSetSize of job (KB)
...
006 (17502481.003.000) 07/24 13:21:25 Image size of job updated: 9485024
	8692  -  MemoryUsage of job (MB)
	8900080  -  ResidentSetSize of job (KB)
...
006 (17502481.003.000) 07/24 13:31:25 Image size of job updated: 9485024
	8930  -  MemoryUsage of job (MB)
	9144292  -  ResidentSetSize of job (KB)
...
006 (17502481.003.000) 07/24 13:36:26 Image size of job updated: 9485024
	8940  -  MemoryUsage of job (MB)
	9154328  -  ResidentSetSize of job (KB)
...
006 (17502481.003.000) 07/24 14:16:30 Image size of job updated: 9485024
	9125  -  MemoryUsage of job (MB)
	9343720  -  ResidentSetSize of job (KB)
...
006 (17502481.003.000) 07/24 14:21:31 Image size of job updated: 9619548
	9319  -  MemoryUsage of job (MB)
	9541776  -  ResidentSetSize of job (KB)
...
006 (17502481.003.000) 07/24 14:36:32 Image size of job updated: 9737956
	9319  -  MemoryUsage of job (MB)
	9541776  -  ResidentSetSize of job (KB)
...
006 (17502481.003.000) 07/24 15:21:37 Image size of job updated: 9737956
	9390  -  MemoryUsage of job (MB)
	9614384  -  ResidentSetSize of job (KB)
...
006 (17502481.003.000) 07/24 15:26:38 Image size of job updated: 9813020
	9399  -  MemoryUsage of job (MB)
	9624376  -  ResidentSetSize of job (KB)
...
006 (17502481.003.000) 07/24 15:36:39 Image size of job updated: 9827780
	9399  -  MemoryUsage of job (MB)
	9624376  -  ResidentSetSize of job (KB)
...
006 (17502481.003.000) 07/24 15:46:40 Image size of job updated: 9846896
	9399  -  MemoryUsage of job (MB)
	9624376  -  ResidentSetSize of job (KB)
...
006 (17502481.003.000) 07/24 16:06:41 Image size of job updated: 9921228
	9399  -  MemoryUsage of job (MB)
	9624376  -  ResidentSetSize of job (KB)
...
006 (17502481.003.000) 07/24 16:56:47 Image size of job updated: 10080964
	9845  -  MemoryUsage of job (MB)
	10080964  -  ResidentSetSize of job (KB)
...
006 (17502481.003.000) 07/24 17:01:47 Image size of job updated: 10162940
	9845  -  MemoryUsage of job (MB)
	10080964  -  ResidentSetSize of job (KB)
...
006 (17502481.003.000) 07/24 18:11:55 Image size of job updated: 10163040
	9845  -  MemoryUsage of job (MB)
	10080964  -  ResidentSetSize of job (KB)
...
006 (17502481.003.000) 07/24 19:07:01 Image size of job updated: 10163040
	9918  -  MemoryUsage of job (MB)
	10155428  -  ResidentSetSize of job (KB)
...
006 (17502481.003.000) 07/24 19:12:02 Image size of job updated: 10253176
	9918  -  MemoryUsage of job (MB)
	10155428  -  ResidentSetSize of job (KB)
...
006 (17502481.003.000) 07/24 19:17:03 Image size of job updated: 10307968
	9918  -  MemoryUsage of job (MB)
	10155428  -  ResidentSetSize of job (KB)
...
006 (17502481.003.000) 07/24 20:32:09 Image size of job updated: 10345728
	9918  -  MemoryUsage of job (MB)
	10155428  -  ResidentSetSize of job (KB)
...
006 (17502481.003.000) 07/24 20:37:11 Image size of job updated: 10365808
	9978  -  MemoryUsage of job (MB)
	10216556  -  ResidentSetSize of job (KB)
...
006 (17502481.003.000) 07/24 20:42:11 Image size of job updated: 10365884
	9985  -  MemoryUsage of job (MB)
	10224320  -  ResidentSetSize of job (KB)
...
006 (17502481.003.000) 07/24 20:52:12 Image size of job updated: 10371008
	9985  -  MemoryUsage of job (MB)
	10224320  -  ResidentSetSize of job (KB)
...
006 (17502481.003.000) 07/24 20:57:12 Image size of job updated: 10573768
	10326  -  MemoryUsage of job (MB)
	10573768  -  ResidentSetSize of job (KB)
...
006 (17502481.003.000) 07/24 22:12:17 Image size of job updated: 10575228
	10326  -  MemoryUsage of job (MB)
	10573768  -  ResidentSetSize of job (KB)
...
006 (17502481.003.000) 07/24 22:22:19 Image size of job updated: 10763340
	10372  -  MemoryUsage of job (MB)
	10620540  -  ResidentSetSize of job (KB)
...
006 (17502481.003.000) 07/24 23:27:26 Image size of job updated: 10763340
	10390  -  MemoryUsage of job (MB)
	10639256  -  ResidentSetSize of job (KB)
...
006 (17502481.003.000) 07/24 23:37:27 Image size of job updated: 10768596
	10390  -  MemoryUsage of job (MB)
	10639256  -  ResidentSetSize of job (KB)
...
006 (17502481.003.000) 07/24 23:42:27 Image size of job updated: 10938048
	10390  -  MemoryUsage of job (MB)
	10639256  -  ResidentSetSize of job (KB)
...
006 (17502481.003.000) 07/24 23:52:28 Image size of job updated: 11073312
	10390  -  MemoryUsage of job (MB)
	10639256  -  ResidentSetSize of job (KB)
...
006 (17502481.003.000) 07/24 23:57:28 Image size of job updated: 11073312
	10438  -  MemoryUsage of job (MB)
	10688212  -  ResidentSetSize of job (KB)
...
006 (17502481.003.000) 07/25 01:17:38 Image size of job updated: 11073312
	10483  -  MemoryUsage of job (MB)
	10733980  -  ResidentSetSize of job (KB)
...
006 (17502481.003.000) 07/25 01:22:38 Image size of job updated: 11094040
	10585  -  MemoryUsage of job (MB)
	10838316  -  ResidentSetSize of job (KB)
...
006 (17502481.003.000) 07/25 01:27:39 Image size of job updated: 11214204
	10807  -  MemoryUsage of job (MB)
	11065784  -  ResidentSetSize of job (KB)
...
006 (17502481.003.000) 07/25 02:27:45 Image size of job updated: 11248540
	10807  -  MemoryUsage of job (MB)
	11065784  -  ResidentSetSize of job (KB)
...
006 (17502481.003.000) 07/25 03:12:50 Image size of job updated: 11316560
	10854  -  MemoryUsage of job (MB)
	11113552  -  ResidentSetSize of job (KB)
...
006 (17502481.003.000) 07/25 03:17:50 Image size of job updated: 11418448
	10854  -  MemoryUsage of job (MB)
	11113588  -  ResidentSetSize of job (KB)
...
006 (17502481.003.000) 07/25 03:37:52 Image size of job updated: 11418448
	10956  -  MemoryUsage of job (MB)
	11218768  -  ResidentSetSize of job (KB)
...
006 (17502481.003.000) 07/25 04:02:54 Image size of job updated: 11429628
	10956  -  MemoryUsage of job (MB)
	11218768  -  ResidentSetSize of job (KB)
...
006 (17502481.003.000) 07/25 04:42:58 Image size of job updated: 11429628
	10967  -  MemoryUsage of job (MB)
	11230044  -  ResidentSetSize of job (KB)
...
006 (17502481.003.000) 07/25 04:47:59 Image size of job updated: 11451224
	10967  -  MemoryUsage of job (MB)
	11230044  -  ResidentSetSize of job (KB)
...
006 (17502481.003.000) 07/25 04:57:59 Image size of job updated: 11543712
	10967  -  MemoryUsage of job (MB)
	11230044  -  ResidentSetSize of job (KB)
...
006 (17502481.003.000) 07/25 05:13:00 Image size of job updated: 11621888
	10967  -  MemoryUsage of job (MB)
	11230044  -  ResidentSetSize of job (KB)
...
006 (17502481.003.000) 07/25 05:28:02 Image size of job updated: 11728448
	11101  -  MemoryUsage of job (MB)
	11366556  -  ResidentSetSize of job (KB)
...
006 (17502481.003.000) 07/25 05:43:04 Image size of job updated: 11728448
	11194  -  MemoryUsage of job (MB)
	11461832  -  ResidentSetSize of job (KB)
...
006 (17502481.003.000) 07/25 05:48:05 Image size of job updated: 11842744
	11194  -  MemoryUsage of job (MB)
	11461832  -  ResidentSetSize of job (KB)
...
006 (17502481.003.000) 07/25 05:53:05 Image size of job updated: 11984652
	11194  -  MemoryUsage of job (MB)
	11461832  -  ResidentSetSize of job (KB)
...
006 (17502481.003.000) 07/25 06:03:07 Image size of job updated: 11984652
	11339  -  MemoryUsage of job (MB)
	11610232  -  ResidentSetSize of job (KB)
...
006 (17502481.003.000) 07/25 06:23:08 Image size of job updated: 11984652
	11460  -  MemoryUsage of job (MB)
	11734352  -  ResidentSetSize of job (KB)
...
006 (17502481.003.000) 07/25 06:33:09 Image size of job updated: 11984652
	11480  -  MemoryUsage of job (MB)
	11755256  -  ResidentSetSize of job (KB)
...
006 (17502481.003.000) 07/25 07:03:11 Image size of job updated: 12051432
	11480  -  MemoryUsage of job (MB)
	11755256  -  ResidentSetSize of job (KB)
...
006 (17502481.003.000) 07/25 07:23:14 Image size of job updated: 12231692
	11480  -  MemoryUsage of job (MB)
	11755256  -  ResidentSetSize of job (KB)
...
006 (17502481.003.000) 07/25 08:33:20 Image size of job updated: 12231692
	11617  -  MemoryUsage of job (MB)
	11894988  -  ResidentSetSize of job (KB)
...
006 (17502481.003.000) 07/25 08:38:21 Image size of job updated: 12231692
	11617  -  MemoryUsage of job (MB)
	11895004  -  ResidentSetSize of job (KB)
...
006 (17502481.003.000) 07/25 09:08:24 Image size of job updated: 12231692
	11702  -  MemoryUsage of job (MB)
	11981964  -  ResidentSetSize of job (KB)
...
006 (17502481.003.000) 07/25 09:48:28 Image size of job updated: 12255336
	11702  -  MemoryUsage of job (MB)
	11981964  -  ResidentSetSize of job (KB)
...
006 (17502481.003.000) 07/25 09:53:28 Image size of job updated: 12450664
	11820  -  MemoryUsage of job (MB)
	12102708  -  ResidentSetSize of job (KB)
...
006 (17502481.003.000) 07/25 10:38:32 Image size of job updated: 12507424
	11820  -  MemoryUsage of job (MB)
	12102708  -  ResidentSetSize of job (KB)
...
006 (17502481.003.000) 07/25 10:48:34 Image size of job updated: 12507424
	11891  -  MemoryUsage of job (MB)
	12175468  -  ResidentSetSize of job (KB)
...
006 (17502481.003.000) 07/25 10:58:35 Image size of job updated: 12507424
	11894  -  MemoryUsage of job (MB)
	12179340  -  ResidentSetSize of job (KB)
...
006 (17502481.003.000) 07/25 11:13:37 Image size of job updated: 12508096
	11894  -  MemoryUsage of job (MB)
	12179340  -  ResidentSetSize of job (KB)
...
006 (17502481.003.000) 07/25 11:38:38 Image size of job updated: 12508096
	11972  -  MemoryUsage of job (MB)
	12259036  -  ResidentSetSize of job (KB)
...
006 (17502481.003.000) 07/25 11:43:39 Image size of job updated: 12521200
	11972  -  MemoryUsage of job (MB)
	12259036  -  ResidentSetSize of job (KB)
...
006 (17502481.003.000) 07/25 11:58:40 Image size of job updated: 12693628
	11972  -  MemoryUsage of job (MB)
	12259036  -  ResidentSetSize of job (KB)
...
006 (17502481.003.000) 07/25 12:18:41 Image size of job updated: 12693628
	12036  -  MemoryUsage of job (MB)
	12324340  -  ResidentSetSize of job (KB)
...
006 (17502481.003.000) 07/25 12:48:44 Image size of job updated: 12693628
	12154  -  MemoryUsage of job (MB)
	12445188  -  ResidentSetSize of job (KB)
...
006 (17502481.003.000) 07/25 12:53:45 Image size of job updated: 12791516
	12158  -  MemoryUsage of job (MB)
	12449296  -  ResidentSetSize of job (KB)
...
006 (17502481.003.000) 07/25 13:08:46 Image size of job updated: 12859008
	12158  -  MemoryUsage of job (MB)
	12449296  -  ResidentSetSize of job (KB)
...
006 (17502481.003.000) 07/25 13:43:49 Image size of job updated: 12889788
	12158  -  MemoryUsage of job (MB)
	12449296  -  ResidentSetSize of job (KB)
...
006 (17502481.003.000) 07/25 13:53:51 Image size of job updated: 12930028
	12158  -  MemoryUsage of job (MB)
	12449296  -  ResidentSetSize of job (KB)
...
006 (17502481.003.000) 07/25 14:03:53 Image size of job updated: 13017756
	12158  -  MemoryUsage of job (MB)
	12449296  -  ResidentSetSize of job (KB)
...
006 (17502481.003.000) 07/25 14:08:53 Image size of job updated: 13017756
	12286  -  MemoryUsage of job (MB)
	12580116  -  ResidentSetSize of job (KB)
...
006 (17502481.003.000) 07/25 14:13:53 Image size of job updated: 13017756
	12295  -  MemoryUsage of job (MB)
	12589788  -  ResidentSetSize of job (KB)
...
006 (17502481.003.000) 07/25 14:33:55 Image size of job updated: 13017756
	12444  -  MemoryUsage of job (MB)
	12742148  -  ResidentSetSize of job (KB)
...
006 (17502481.003.000) 07/25 14:58:56 Image size of job updated: 13080676
	12567  -  MemoryUsage of job (MB)
	12868108  -  ResidentSetSize of job (KB)
...
006 (17502481.003.000) 07/25 15:03:57 Image size of job updated: 13085300
	12567  -  MemoryUsage of job (MB)
	12868108  -  ResidentSetSize of job (KB)
...
006 (17502481.003.000) 07/25 15:08:57 Image size of job updated: 13114376
	12567  -  MemoryUsage of job (MB)
	12868108  -  ResidentSetSize of job (KB)
...
006 (17502481.003.000) 07/25 15:49:02 Image size of job updated: 13114376
	12616  -  MemoryUsage of job (MB)
	12918008  -  ResidentSetSize of job (KB)
...
006 (17502481.003.000) 07/25 16:14:04 Image size of job updated: 13168204
	12860  -  MemoryUsage of job (MB)
	13168204  -  ResidentSetSize of job (KB)
...
006 (17502481.003.000) 07/25 16:19:04 Image size of job updated: 13197616
	12867  -  MemoryUsage of job (MB)
	13175460  -  ResidentSetSize of job (KB)
...
006 (17502481.003.000) 07/25 16:29:05 Image size of job updated: 13546292
	12867  -  MemoryUsage of job (MB)
	13175460  -  ResidentSetSize of job (KB)
...
006 (17502481.003.000) 07/25 16:44:06 Image size of job updated: 13656744
	12867  -  MemoryUsage of job (MB)
	13175460  -  ResidentSetSize of job (KB)
...
006 (17502481.003.000) 07/25 17:09:09 Image size of job updated: 13656744
	13127  -  MemoryUsage of job (MB)
	13441652  -  ResidentSetSize of job (KB)
...
006 (17502481.003.000) 07/25 17:14:10 Image size of job updated: 13656744
	13127  -  MemoryUsage of job (MB)
	13441656  -  ResidentSetSize of job (KB)
...
006 (17502481.003.000) 07/25 17:39:13 Image size of job updated: 13875392
	13127  -  MemoryUsage of job (MB)
	13441656  -  ResidentSetSize of job (KB)
...
006 (17502481.003.000) 07/25 17:44:13 Image size of job updated: 13875392
	13144  -  MemoryUsage of job (MB)
	13458464  -  ResidentSetSize of job (KB)
...
006 (17502481.003.000) 07/25 18:49:20 Image size of job updated: 13947028
	13144  -  MemoryUsage of job (MB)
	13458464  -  ResidentSetSize of job (KB)
...
006 (17502481.003.000) 07/25 19:14:22 Image size of job updated: 13987780
	13144  -  MemoryUsage of job (MB)
	13458464  -  ResidentSetSize of job (KB)
...
006 (17502481.003.000) 07/25 19:19:23 Image size of job updated: 14239000
	13144  -  MemoryUsage of job (MB)
	13458464  -  ResidentSetSize of job (KB)
...
006 (17502481.003.000) 07/25 19:49:26 Image size of job updated: 14239000
	13250  -  MemoryUsage of job (MB)
	13567584  -  ResidentSetSize of job (KB)
...
006 (17502481.003.000) 07/25 20:04:27 Image size of job updated: 14239000
	13366  -  MemoryUsage of job (MB)
	13686624  -  ResidentSetSize of job (KB)
...
006 (17502481.003.000) 07/25 20:09:27 Image size of job updated: 14239000
	13369  -  MemoryUsage of job (MB)
	13689856  -  ResidentSetSize of job (KB)
...
006 (17502481.003.000) 07/25 20:14:28 Image size of job updated: 14239000
	13381  -  MemoryUsage of job (MB)
	13701352  -  ResidentSetSize of job (KB)
...
006 (17502481.003.000) 07/25 20:19:28 Image size of job updated: 14239000
	13432  -  MemoryUsage of job (MB)
	13754328  -  ResidentSetSize of job (KB)
...
006 (17502481.003.000) 07/25 20:24:28 Image size of job updated: 14239000
	13444  -  MemoryUsage of job (MB)
	13766460  -  ResidentSetSize of job (KB)
...
006 (17502481.003.000) 07/25 20:34:29 Image size of job updated: 14239000
	13449  -  MemoryUsage of job (MB)
	13771160  -  ResidentSetSize of job (KB)
...
006 (17502481.003.000) 07/25 20:39:29 Image size of job updated: 14239000
	13452  -  MemoryUsage of job (MB)
	13774344  -  ResidentSetSize of job (KB)
...
006 (17502481.003.000) 07/25 20:59:31 Image size of job updated: 14288168
	13452  -  MemoryUsage of job (MB)
	13774344  -  ResidentSetSize of job (KB)
...
006 (17502481.003.000) 07/25 21:24:33 Image size of job updated: 14288168
	13705  -  MemoryUsage of job (MB)
	14033864  -  ResidentSetSize of job (KB)
...
006 (17502481.003.000) 07/25 23:39:47 Image size of job updated: 14317484
	13705  -  MemoryUsage of job (MB)
	14033864  -  ResidentSetSize of job (KB)
...
006 (17502481.003.000) 07/25 23:49:48 Image size of job updated: 14535276
	13705  -  MemoryUsage of job (MB)
	14033864  -  ResidentSetSize of job (KB)
...
006 (17502481.003.000) 07/26 00:39:52 Image size of job updated: 14654568
	13705  -  MemoryUsage of job (MB)
	14033864  -  ResidentSetSize of job (KB)
...
006 (17502481.003.000) 07/26 00:44:53 Image size of job updated: 14654568
	13859  -  MemoryUsage of job (MB)
	14191188  -  ResidentSetSize of job (KB)
...
006 (17502481.003.000) 07/26 00:54:54 Image size of job updated: 14654568
	13969  -  MemoryUsage of job (MB)
	14304052  -  ResidentSetSize of job (KB)
...
006 (17502481.003.000) 07/26 00:59:54 Image size of job updated: 14654568
	13969  -  MemoryUsage of job (MB)
	14304088  -  ResidentSetSize of job (KB)
...
006 (17502481.003.000) 07/26 01:04:54 Image size of job updated: 14654568
	14023  -  MemoryUsage of job (MB)
	14358640  -  ResidentSetSize of job (KB)
...
006 (17502481.003.000) 07/26 01:34:56 Image size of job updated: 14654568
	14166  -  MemoryUsage of job (MB)
	14505172  -  ResidentSetSize of job (KB)
...
006 (17502481.003.000) 07/26 01:39:57 Image size of job updated: 14687676
	14344  -  MemoryUsage of job (MB)
	14687676  -  ResidentSetSize of job (KB)
...
006 (17502481.003.000) 07/26 01:44:57 Image size of job updated: 14716808
	14344  -  MemoryUsage of job (MB)
	14687676  -  ResidentSetSize of job (KB)
...
006 (17502481.003.000) 07/26 02:45:03 Image size of job updated: 14855608
	14344  -  MemoryUsage of job (MB)
	14687676  -  ResidentSetSize of job (KB)
...
006 (17502481.003.000) 07/26 04:05:13 Image size of job updated: 14899916
	14344  -  MemoryUsage of job (MB)
	14687676  -  ResidentSetSize of job (KB)
...
006 (17502481.003.000) 07/26 04:20:14 Image size of job updated: 14899916
	14440  -  MemoryUsage of job (MB)
	14786532  -  ResidentSetSize of job (KB)
...
006 (17502481.003.000) 07/26 04:40:16 Image size of job updated: 15045204
	14440  -  MemoryUsage of job (MB)
	14786532  -  ResidentSetSize of job (KB)
...
006 (17502481.003.000) 07/26 04:55:18 Image size of job updated: 15087180
	14440  -  MemoryUsage of job (MB)
	14786532  -  ResidentSetSize of job (KB)
...
006 (17502481.003.000) 07/26 05:05:18 Image size of job updated: 15087180
	14462  -  MemoryUsage of job (MB)
	14808748  -  ResidentSetSize of job (KB)
...
006 (17502481.003.000) 07/26 05:20:19 Image size of job updated: 15087180
	14564  -  MemoryUsage of job (MB)
	14912708  -  ResidentSetSize of job (KB)
...
006 (17502481.003.000) 07/26 05:35:20 Image size of job updated: 15087180
	14583  -  MemoryUsage of job (MB)
	14932820  -  ResidentSetSize of job (KB)
...
006 (17502481.003.000) 07/26 05:45:21 Image size of job updated: 15087896
	14583  -  MemoryUsage of job (MB)
	14932820  -  ResidentSetSize of job (KB)
...
006 (17502481.003.000) 07/26 05:50:22 Image size of job updated: 15124024
	14583  -  MemoryUsage of job (MB)
	14932820  -  ResidentSetSize of job (KB)
...
006 (17502481.003.000) 07/26 06:00:23 Image size of job updated: 15318136
	14583  -  MemoryUsage of job (MB)
	14932820  -  ResidentSetSize of job (KB)
...
006 (17502481.003.000) 07/26 07:05:30 Image size of job updated: 15318136
	14648  -  MemoryUsage of job (MB)
	14998644  -  ResidentSetSize of job (KB)
...
006 (17502481.003.000) 07/26 07:10:30 Image size of job updated: 15318136
	14648  -  MemoryUsage of job (MB)
	14998668  -  ResidentSetSize of job (KB)
...
006 (17502481.003.000) 07/26 07:20:31 Image size of job updated: 15436108
	14922  -  MemoryUsage of job (MB)
	15279688  -  ResidentSetSize of job (KB)
...
006 (17502481.003.000) 07/26 08:35:38 Image size of job updated: 15533468
	14922  -  MemoryUsage of job (MB)
	15279688  -  ResidentSetSize of job (KB)
...
006 (17502481.003.000) 07/26 08:45:40 Image size of job updated: 15533468
	15064  -  MemoryUsage of job (MB)
	15425308  -  ResidentSetSize of job (KB)
...
006 (17502481.003.000) 07/26 08:50:40 Image size of job updated: 15533468
	15076  -  MemoryUsage of job (MB)
	15437428  -  ResidentSetSize of job (KB)
...
006 (17502481.003.000) 07/26 09:15:42 Image size of job updated: 15551928
	15076  -  MemoryUsage of job (MB)
	15437428  -  ResidentSetSize of job (KB)
...
006 (17502481.003.000) 07/26 09:25:43 Image size of job updated: 15620988
	15076  -  MemoryUsage of job (MB)
	15437428  -  ResidentSetSize of job (KB)
...
006 (17502481.003.000) 07/26 09:35:43 Image size of job updated: 17039784
	16561  -  MemoryUsage of job (MB)
	16958220  -  ResidentSetSize of job (KB)
...
006 (17502481.003.000) 07/26 09:40:17 Image size of job updated: 18039204
	16561  -  MemoryUsage of job (MB)
	16958276  -  ResidentSetSize of job (KB)
...
040 (17502481.003.000) 07/26 09:40:17 Started transferring output files
...
040 (17502481.003.000) 07/26 09:40:17 Finished transferring output files
...
005 (17502481.003.000) 07/26 09:40:18 Job terminated.
	(1) Normal termination (return value 0)
		Usr 3 18:20:41, Sys 1 22:47:15  -  Run Remote Usage
		Usr 0 00:00:00, Sys 0 00:00:00  -  Run Local Usage
		Usr 3 18:20:41, Sys 1 22:47:15  -  Total Remote Usage
		Usr 0 00:00:00, Sys 0 00:00:00  -  Total Local Usage
	6935  -  Run Bytes Sent By Job
	212456  -  Run Bytes Received By Job
	6935  -  Total Bytes Sent By Job
	212456  -  Total Bytes Received By Job
	Partitionable Resources :      Usage  Request Allocated Assigned
	   Cpus                 :       3.44        8         8 
	   Disk (KB)            : 1513878     8388608   8389634 
	   GPUs                 :       0.52        1         1 "GPU-4ca02207"
	   GpusMemory (MB)      :    2675                       
	   Memory (MB)          :   16561       24000     24000 
	   TimeExecute (s)      :  191997                       
	   TimeSlotBusy (s)     :  191997                       
...
