000 (17502481.014.000) 07/23 21:46:08 Job submitted from host: <188.185.114.121:9618?addrs=188.185.114.121-9618+[2001-1458-d00-a--100-273]-9618&alias=bigbird19.cern.ch&noUDP&sock=schedd_5810_c156>
...
040 (17502481.014.000) 07/24 08:07:00 Started transferring input files
	Transferring to host: <188.185.92.187:9618?addrs=188.185.92.187-9618+[2001-1458-d00-6c--100-187]-9618&alias=b9g57n1627.cern.ch&noUDP&sock=slot1_1_22588_0a10_5626>
...
040 (17502481.014.000) 07/24 08:07:00 Finished transferring input files
...
001 (17502481.014.000) 07/24 08:07:00 Job executing on host: <188.185.92.187:9618?addrs=188.185.92.187-9618+[2001-1458-d00-6c--100-187]-9618&alias=b9g57n1627.cern.ch&noUDP&sock=startd_22182_95e0>
	SlotName: slot1_1@b9g57n1627.cern.ch
	AvailableGPUs = { GPUs_GPU_17f035a0 }
	CondorScratchDir = "/pool/condor/dir_1233401"
	Cpus = 8
	Disk = 8389628
	GPUs = 1
	GPUs_GPU_17f035a0 = [ Id = "GPU-17f035a0"; ClockMhz = 1410.0; Capability = 8.0; CoresPerCU = 64; DeviceName = "NVIDIA A100-PCIE-40GB"; DeviceUuid = "17f035a0-2803-bbec-2357-4944e9cca222"; ECCEnabled = true; ComputeUnits = 108; NvidiaDriver = "610.43.02"; DriverVersion = 13.3; DevicePciBusId = "0000:06:00.0"; GlobalMemoryMb = 40465; MaxSupportedVersion = 13030 ]
	Memory = 24000
...
006 (17502481.014.000) 07/24 08:07:08 Image size of job updated: 69964
	69  -  MemoryUsage of job (MB)
	69964  -  ResidentSetSize of job (KB)
...
006 (17502481.014.000) 07/24 08:12:08 Image size of job updated: 2801676
	2545  -  MemoryUsage of job (MB)
	2605236  -  ResidentSetSize of job (KB)
...
006 (17502481.014.000) 07/24 08:17:09 Image size of job updated: 3094008
	2896  -  MemoryUsage of job (MB)
	2965076  -  ResidentSetSize of job (KB)
...
006 (17502481.014.000) 07/24 08:22:10 Image size of job updated: 3336704
	2920  -  MemoryUsage of job (MB)
	2989660  -  ResidentSetSize of job (KB)
...
006 (17502481.014.000) 07/24 08:27:10 Image size of job updated: 3336704
	3187  -  MemoryUsage of job (MB)
	3262724  -  ResidentSetSize of job (KB)
...
006 (17502481.014.000) 07/24 08:32:11 Image size of job updated: 3677368
	3277  -  MemoryUsage of job (MB)
	3355484  -  ResidentSetSize of job (KB)
...
006 (17502481.014.000) 07/24 08:37:11 Image size of job updated: 3819148
	3509  -  MemoryUsage of job (MB)
	3593032  -  ResidentSetSize of job (KB)
...
006 (17502481.014.000) 07/24 08:42:11 Image size of job updated: 3828356
	3567  -  MemoryUsage of job (MB)
	3651960  -  ResidentSetSize of job (KB)
...
006 (17502481.014.000) 07/24 08:47:12 Image size of job updated: 4049300
	3861  -  MemoryUsage of job (MB)
	3952812  -  ResidentSetSize of job (KB)
...
006 (17502481.014.000) 07/24 08:52:12 Image size of job updated: 4151748
	3861  -  MemoryUsage of job (MB)
	3952812  -  ResidentSetSize of job (KB)
...
006 (17502481.014.000) 07/24 08:57:12 Image size of job updated: 6142356
	5883  -  MemoryUsage of job (MB)
	6024132  -  ResidentSetSize of job (KB)
...
006 (17502481.014.000) 07/24 09:02:13 Image size of job updated: 6751560
	6378  -  MemoryUsage of job (MB)
	6530896  -  ResidentSetSize of job (KB)
...
006 (17502481.014.000) 07/24 09:12:14 Image size of job updated: 6751560
	6387  -  MemoryUsage of job (MB)
	6539960  -  ResidentSetSize of job (KB)
...
006 (17502481.014.000) 07/24 09:17:15 Image size of job updated: 6778824
	6462  -  MemoryUsage of job (MB)
	6616168  -  ResidentSetSize of job (KB)
...
006 (17502481.014.000) 07/24 09:22:15 Image size of job updated: 6875432
	6462  -  MemoryUsage of job (MB)
	6616172  -  ResidentSetSize of job (KB)
...
006 (17502481.014.000) 07/24 09:27:16 Image size of job updated: 6875432
	6580  -  MemoryUsage of job (MB)
	6737208  -  ResidentSetSize of job (KB)
...
006 (17502481.014.000) 07/24 09:32:16 Image size of job updated: 6999196
	6580  -  MemoryUsage of job (MB)
	6737692  -  ResidentSetSize of job (KB)
...
006 (17502481.014.000) 07/24 09:37:16 Image size of job updated: 6999196
	6726  -  MemoryUsage of job (MB)
	6887308  -  ResidentSetSize of job (KB)
...
006 (17502481.014.000) 07/24 09:42:17 Image size of job updated: 7138848
	6726  -  MemoryUsage of job (MB)
	6887308  -  ResidentSetSize of job (KB)
...
006 (17502481.014.000) 07/24 09:47:17 Image size of job updated: 7435208
	7261  -  MemoryUsage of job (MB)
	7435208  -  ResidentSetSize of job (KB)
...
006 (17502481.014.000) 07/24 09:52:17 Image size of job updated: 7437144
	7261  -  MemoryUsage of job (MB)
	7435212  -  ResidentSetSize of job (KB)
...
006 (17502481.014.000) 07/24 09:57:18 Image size of job updated: 7571596
	7261  -  MemoryUsage of job (MB)
	7435212  -  ResidentSetSize of job (KB)
...
006 (17502481.014.000) 07/24 10:07:19 Image size of job updated: 7684248
	7261  -  MemoryUsage of job (MB)
	7435212  -  ResidentSetSize of job (KB)
...
006 (17502481.014.000) 07/24 10:22:22 Image size of job updated: 7765556
	7341  -  MemoryUsage of job (MB)
	7516440  -  ResidentSetSize of job (KB)
...
006 (17502481.014.000) 07/24 10:27:22 Image size of job updated: 7765556
	7352  -  MemoryUsage of job (MB)
	7528188  -  ResidentSetSize of job (KB)
...
006 (17502481.014.000) 07/24 10:32:22 Image size of job updated: 7786996
	7432  -  MemoryUsage of job (MB)
	7609420  -  ResidentSetSize of job (KB)
...
006 (17502481.014.000) 07/24 10:37:23 Image size of job updated: 7825384
	7432  -  MemoryUsage of job (MB)
	7609420  -  ResidentSetSize of job (KB)
...
006 (17502481.014.000) 07/24 11:02:25 Image size of job updated: 7825384
	7451  -  MemoryUsage of job (MB)
	7628864  -  ResidentSetSize of job (KB)
...
006 (17502481.014.000) 07/24 11:12:26 Image size of job updated: 7951084
	7451  -  MemoryUsage of job (MB)
	7628864  -  ResidentSetSize of job (KB)
...
006 (17502481.014.000) 07/24 11:17:27 Image size of job updated: 8001004
	7500  -  MemoryUsage of job (MB)
	7679364  -  ResidentSetSize of job (KB)
...
006 (17502481.014.000) 07/24 11:22:27 Image size of job updated: 8001004
	7738  -  MemoryUsage of job (MB)
	7922768  -  ResidentSetSize of job (KB)
...
006 (17502481.014.000) 07/24 11:32:28 Image size of job updated: 8131588
	7738  -  MemoryUsage of job (MB)
	7922768  -  ResidentSetSize of job (KB)
...
006 (17502481.014.000) 07/24 11:37:28 Image size of job updated: 8131588
	7779  -  MemoryUsage of job (MB)
	7965348  -  ResidentSetSize of job (KB)
...
006 (17502481.014.000) 07/24 11:42:28 Image size of job updated: 8205100
	7779  -  MemoryUsage of job (MB)
	7965352  -  ResidentSetSize of job (KB)
...
006 (17502481.014.000) 07/24 11:52:29 Image size of job updated: 8205100
	7810  -  MemoryUsage of job (MB)
	7997340  -  ResidentSetSize of job (KB)
...
006 (17502481.014.000) 07/24 11:57:30 Image size of job updated: 8388704
	7900  -  MemoryUsage of job (MB)
	8089572  -  ResidentSetSize of job (KB)
...
006 (17502481.014.000) 07/24 12:02:31 Image size of job updated: 8413180
	7960  -  MemoryUsage of job (MB)
	8150772  -  ResidentSetSize of job (KB)
...
006 (17502481.014.000) 07/24 12:07:31 Image size of job updated: 8422808
	8226  -  MemoryUsage of job (MB)
	8422808  -  ResidentSetSize of job (KB)
...
006 (17502481.014.000) 07/24 12:12:32 Image size of job updated: 8494820
	8226  -  MemoryUsage of job (MB)
	8422836  -  ResidentSetSize of job (KB)
...
006 (17502481.014.000) 07/24 12:22:32 Image size of job updated: 8600852
	8226  -  MemoryUsage of job (MB)
	8422836  -  ResidentSetSize of job (KB)
...
006 (17502481.014.000) 07/24 12:27:33 Image size of job updated: 8600852
	8250  -  MemoryUsage of job (MB)
	8447828  -  ResidentSetSize of job (KB)
...
006 (17502481.014.000) 07/24 12:32:33 Image size of job updated: 8686560
	8251  -  MemoryUsage of job (MB)
	8448376  -  ResidentSetSize of job (KB)
...
006 (17502481.014.000) 07/24 12:42:35 Image size of job updated: 8767456
	8251  -  MemoryUsage of job (MB)
	8448376  -  ResidentSetSize of job (KB)
...
006 (17502481.014.000) 07/24 12:57:36 Image size of job updated: 8767456
	8476  -  MemoryUsage of job (MB)
	8678460  -  ResidentSetSize of job (KB)
...
006 (17502481.014.000) 07/24 13:02:36 Image size of job updated: 8825300
	8476  -  MemoryUsage of job (MB)
	8678460  -  ResidentSetSize of job (KB)
...
006 (17502481.014.000) 07/24 13:07:37 Image size of job updated: 8850492
	8476  -  MemoryUsage of job (MB)
	8678460  -  ResidentSetSize of job (KB)
...
006 (17502481.014.000) 07/24 13:12:37 Image size of job updated: 8995676
	8678  -  MemoryUsage of job (MB)
	8885604  -  ResidentSetSize of job (KB)
...
006 (17502481.014.000) 07/24 13:17:38 Image size of job updated: 9016712
	8678  -  MemoryUsage of job (MB)
	8885604  -  ResidentSetSize of job (KB)
...
006 (17502481.014.000) 07/24 13:27:39 Image size of job updated: 9089628
	8678  -  MemoryUsage of job (MB)
	8885604  -  ResidentSetSize of job (KB)
...
006 (17502481.014.000) 07/24 13:37:41 Image size of job updated: 9098272
	8678  -  MemoryUsage of job (MB)
	8885604  -  ResidentSetSize of job (KB)
...
006 (17502481.014.000) 07/24 13:42:41 Image size of job updated: 9098272
	8714  -  MemoryUsage of job (MB)
	8922872  -  ResidentSetSize of job (KB)
...
006 (17502481.014.000) 07/24 13:47:42 Image size of job updated: 9260032
	8851  -  MemoryUsage of job (MB)
	9062648  -  ResidentSetSize of job (KB)
...
006 (17502481.014.000) 07/24 13:52:42 Image size of job updated: 9265044
	8851  -  MemoryUsage of job (MB)
	9062648  -  ResidentSetSize of job (KB)
...
006 (17502481.014.000) 07/24 13:57:42 Image size of job updated: 9265044
	8868  -  MemoryUsage of job (MB)
	9080528  -  ResidentSetSize of job (KB)
...
006 (17502481.014.000) 07/24 14:02:43 Image size of job updated: 9285812
	8868  -  MemoryUsage of job (MB)
	9080544  -  ResidentSetSize of job (KB)
...
006 (17502481.014.000) 07/24 14:07:43 Image size of job updated: 9427064
	8868  -  MemoryUsage of job (MB)
	9080544  -  ResidentSetSize of job (KB)
...
006 (17502481.014.000) 07/24 14:17:45 Image size of job updated: 9427064
	8980  -  MemoryUsage of job (MB)
	9194652  -  ResidentSetSize of job (KB)
...
006 (17502481.014.000) 07/24 14:22:45 Image size of job updated: 9427064
	9100  -  MemoryUsage of job (MB)
	9318088  -  ResidentSetSize of job (KB)
...
006 (17502481.014.000) 07/24 14:27:46 Image size of job updated: 9427064
	9109  -  MemoryUsage of job (MB)
	9326932  -  ResidentSetSize of job (KB)
...
006 (17502481.014.000) 07/24 14:32:46 Image size of job updated: 9607752
	9109  -  MemoryUsage of job (MB)
	9326932  -  ResidentSetSize of job (KB)
...
006 (17502481.014.000) 07/24 14:37:46 Image size of job updated: 9607752
	9174  -  MemoryUsage of job (MB)
	9393504  -  ResidentSetSize of job (KB)
...
006 (17502481.014.000) 07/24 14:42:47 Image size of job updated: 9627064
	9174  -  MemoryUsage of job (MB)
	9393504  -  ResidentSetSize of job (KB)
...
006 (17502481.014.000) 07/24 14:47:47 Image size of job updated: 9671016
	9255  -  MemoryUsage of job (MB)
	9476884  -  ResidentSetSize of job (KB)
...
006 (17502481.014.000) 07/24 15:02:48 Image size of job updated: 9817416
	9255  -  MemoryUsage of job (MB)
	9476884  -  ResidentSetSize of job (KB)
...
006 (17502481.014.000) 07/24 15:07:49 Image size of job updated: 9817416
	9301  -  MemoryUsage of job (MB)
	9523488  -  ResidentSetSize of job (KB)
...
006 (17502481.014.000) 07/24 15:12:50 Image size of job updated: 9817416
	9301  -  MemoryUsage of job (MB)
	9523492  -  ResidentSetSize of job (KB)
...
006 (17502481.014.000) 07/24 15:17:50 Image size of job updated: 9817416
	9350  -  MemoryUsage of job (MB)
	9573440  -  ResidentSetSize of job (KB)
...
006 (17502481.014.000) 07/24 15:22:51 Image size of job updated: 9854540
	9358  -  MemoryUsage of job (MB)
	9581872  -  ResidentSetSize of job (KB)
...
006 (17502481.014.000) 07/24 15:27:51 Image size of job updated: 9875912
	9398  -  MemoryUsage of job (MB)
	9623352  -  ResidentSetSize of job (KB)
...
006 (17502481.014.000) 07/24 15:32:51 Image size of job updated: 10039260
	9504  -  MemoryUsage of job (MB)
	9731216  -  ResidentSetSize of job (KB)
...
006 (17502481.014.000) 07/24 15:37:52 Image size of job updated: 10039260
	9560  -  MemoryUsage of job (MB)
	9788636  -  ResidentSetSize of job (KB)
...
006 (17502481.014.000) 07/24 15:42:52 Image size of job updated: 10039260
	9579  -  MemoryUsage of job (MB)
	9807924  -  ResidentSetSize of job (KB)
...
006 (17502481.014.000) 07/24 15:47:52 Image size of job updated: 10048972
	9579  -  MemoryUsage of job (MB)
	9807924  -  ResidentSetSize of job (KB)
...
006 (17502481.014.000) 07/24 15:52:53 Image size of job updated: 10048972
	9579  -  MemoryUsage of job (MB)
	9807944  -  ResidentSetSize of job (KB)
...
006 (17502481.014.000) 07/24 15:57:53 Image size of job updated: 10048972
	9618  -  MemoryUsage of job (MB)
	9848568  -  ResidentSetSize of job (KB)
...
006 (17502481.014.000) 07/24 16:02:54 Image size of job updated: 10104136
	9618  -  MemoryUsage of job (MB)
	9848568  -  ResidentSetSize of job (KB)
...
006 (17502481.014.000) 07/24 16:07:55 Image size of job updated: 10104136
	9731  -  MemoryUsage of job (MB)
	9963724  -  ResidentSetSize of job (KB)
...
006 (17502481.014.000) 07/24 16:12:55 Image size of job updated: 10213316
	9731  -  MemoryUsage of job (MB)
	9963724  -  ResidentSetSize of job (KB)
...
006 (17502481.014.000) 07/24 16:17:56 Image size of job updated: 10236416
	9731  -  MemoryUsage of job (MB)
	9963724  -  ResidentSetSize of job (KB)
...
006 (17502481.014.000) 07/24 16:22:56 Image size of job updated: 10304228
	9731  -  MemoryUsage of job (MB)
	9963724  -  ResidentSetSize of job (KB)
...
006 (17502481.014.000) 07/24 16:27:57 Image size of job updated: 10335400
	9925  -  MemoryUsage of job (MB)
	10162888  -  ResidentSetSize of job (KB)
...
006 (17502481.014.000) 07/24 16:32:58 Image size of job updated: 10383520
	9936  -  MemoryUsage of job (MB)
	10174444  -  ResidentSetSize of job (KB)
...
006 (17502481.014.000) 07/24 16:47:59 Image size of job updated: 10442168
	9936  -  MemoryUsage of job (MB)
	10174444  -  ResidentSetSize of job (KB)
...
006 (17502481.014.000) 07/24 16:52:59 Image size of job updated: 10442168
	10083  -  MemoryUsage of job (MB)
	10324708  -  ResidentSetSize of job (KB)
...
006 (17502481.014.000) 07/24 16:58:00 Image size of job updated: 10657316
	10083  -  MemoryUsage of job (MB)
	10324712  -  ResidentSetSize of job (KB)
...
006 (17502481.014.000) 07/24 17:03:00 Image size of job updated: 10657316
	10213  -  MemoryUsage of job (MB)
	10457616  -  ResidentSetSize of job (KB)
...
006 (17502481.014.000) 07/24 17:23:03 Image size of job updated: 11001504
	10213  -  MemoryUsage of job (MB)
	10457616  -  ResidentSetSize of job (KB)
...
006 (17502481.014.000) 07/24 17:33:04 Image size of job updated: 11001504
	10267  -  MemoryUsage of job (MB)
	10512868  -  ResidentSetSize of job (KB)
...
006 (17502481.014.000) 07/24 17:38:05 Image size of job updated: 11001504
	10280  -  MemoryUsage of job (MB)
	10525784  -  ResidentSetSize of job (KB)
...
006 (17502481.014.000) 07/24 17:43:05 Image size of job updated: 11001504
	10459  -  MemoryUsage of job (MB)
	10709156  -  ResidentSetSize of job (KB)
...
006 (17502481.014.000) 07/24 17:48:05 Image size of job updated: 11001504
	10547  -  MemoryUsage of job (MB)
	10799828  -  ResidentSetSize of job (KB)
...
006 (17502481.014.000) 07/24 18:03:07 Image size of job updated: 11001504
	10607  -  MemoryUsage of job (MB)
	10860924  -  ResidentSetSize of job (KB)
...
006 (17502481.014.000) 07/24 18:13:08 Image size of job updated: 11087224
	10607  -  MemoryUsage of job (MB)
	10860924  -  ResidentSetSize of job (KB)
...
006 (17502481.014.000) 07/24 18:18:09 Image size of job updated: 11113180
	10674  -  MemoryUsage of job (MB)
	10930068  -  ResidentSetSize of job (KB)
...
006 (17502481.014.000) 07/24 18:23:10 Image size of job updated: 11118624
	10752  -  MemoryUsage of job (MB)
	11009564  -  ResidentSetSize of job (KB)
...
006 (17502481.014.000) 07/24 18:28:10 Image size of job updated: 11275488
	10764  -  MemoryUsage of job (MB)
	11021748  -  ResidentSetSize of job (KB)
...
006 (17502481.014.000) 07/24 18:33:11 Image size of job updated: 11345688
	10764  -  MemoryUsage of job (MB)
	11021748  -  ResidentSetSize of job (KB)
...
006 (17502481.014.000) 07/24 18:38:11 Image size of job updated: 11345688
	10776  -  MemoryUsage of job (MB)
	11034056  -  ResidentSetSize of job (KB)
...
006 (17502481.014.000) 07/24 18:43:11 Image size of job updated: 11375596
	10833  -  MemoryUsage of job (MB)
	11092368  -  ResidentSetSize of job (KB)
...
006 (17502481.014.000) 07/24 18:48:12 Image size of job updated: 11375596
	10970  -  MemoryUsage of job (MB)
	11232340  -  ResidentSetSize of job (KB)
...
006 (17502481.014.000) 07/24 18:53:12 Image size of job updated: 11375596
	11027  -  MemoryUsage of job (MB)
	11290744  -  ResidentSetSize of job (KB)
...
006 (17502481.014.000) 07/24 18:58:12 Image size of job updated: 11414312
	11101  -  MemoryUsage of job (MB)
	11366904  -  ResidentSetSize of job (KB)
...
006 (17502481.014.000) 07/24 19:03:13 Image size of job updated: 11435572
	11108  -  MemoryUsage of job (MB)
	11373600  -  ResidentSetSize of job (KB)
...
006 (17502481.014.000) 07/24 19:08:13 Image size of job updated: 11502368
	11108  -  MemoryUsage of job (MB)
	11373600  -  ResidentSetSize of job (KB)
...
006 (17502481.014.000) 07/24 19:13:14 Image size of job updated: 11554172
	11108  -  MemoryUsage of job (MB)
	11373600  -  ResidentSetSize of job (KB)
...
006 (17502481.014.000) 07/24 19:23:15 Image size of job updated: 11554172
	11112  -  MemoryUsage of job (MB)
	11378144  -  ResidentSetSize of job (KB)
...
006 (17502481.014.000) 07/24 19:28:16 Image size of job updated: 11560020
	11261  -  MemoryUsage of job (MB)
	11530344  -  ResidentSetSize of job (KB)
...
006 (17502481.014.000) 07/24 19:33:16 Image size of job updated: 11695200
	11301  -  MemoryUsage of job (MB)
	11571904  -  ResidentSetSize of job (KB)
...
006 (17502481.014.000) 07/24 19:38:16 Image size of job updated: 11713176
	11301  -  MemoryUsage of job (MB)
	11571904  -  ResidentSetSize of job (KB)
...
006 (17502481.014.000) 07/24 19:43:17 Image size of job updated: 11856112
	11301  -  MemoryUsage of job (MB)
	11571904  -  ResidentSetSize of job (KB)
...
006 (17502481.014.000) 07/24 19:48:17 Image size of job updated: 11875760
	11594  -  MemoryUsage of job (MB)
	11871380  -  ResidentSetSize of job (KB)
...
006 (17502481.014.000) 07/24 19:53:18 Image size of job updated: 11899628
	11594  -  MemoryUsage of job (MB)
	11871380  -  ResidentSetSize of job (KB)
...
006 (17502481.014.000) 07/24 20:13:20 Image size of job updated: 11958756
	11594  -  MemoryUsage of job (MB)
	11871380  -  ResidentSetSize of job (KB)
...
006 (17502481.014.000) 07/24 20:23:21 Image size of job updated: 12141540
	11594  -  MemoryUsage of job (MB)
	11871380  -  ResidentSetSize of job (KB)
...
006 (17502481.014.000) 07/24 20:33:22 Image size of job updated: 12141540
	11638  -  MemoryUsage of job (MB)
	11916996  -  ResidentSetSize of job (KB)
...
006 (17502481.014.000) 07/24 20:38:23 Image size of job updated: 12141540
	11710  -  MemoryUsage of job (MB)
	11990444  -  ResidentSetSize of job (KB)
...
006 (17502481.014.000) 07/24 20:43:23 Image size of job updated: 12233060
	11711  -  MemoryUsage of job (MB)
	11991540  -  ResidentSetSize of job (KB)
...
006 (17502481.014.000) 07/24 20:48:25 Image size of job updated: 12467076
	11800  -  MemoryUsage of job (MB)
	12082852  -  ResidentSetSize of job (KB)
...
006 (17502481.014.000) 07/24 20:53:25 Image size of job updated: 12467076
	11824  -  MemoryUsage of job (MB)
	12107500  -  ResidentSetSize of job (KB)
...
006 (17502481.014.000) 07/24 20:58:25 Image size of job updated: 12467076
	11913  -  MemoryUsage of job (MB)
	12197948  -  ResidentSetSize of job (KB)
...
006 (17502481.014.000) 07/24 21:08:26 Image size of job updated: 12467076
	11946  -  MemoryUsage of job (MB)
	12232480  -  ResidentSetSize of job (KB)
...
006 (17502481.014.000) 07/24 21:18:27 Image size of job updated: 12555792
	11961  -  MemoryUsage of job (MB)
	12247500  -  ResidentSetSize of job (KB)
...
006 (17502481.014.000) 07/24 21:23:27 Image size of job updated: 12555792
	11985  -  MemoryUsage of job (MB)
	12271628  -  ResidentSetSize of job (KB)
...
006 (17502481.014.000) 07/24 21:28:28 Image size of job updated: 12577144
	12040  -  MemoryUsage of job (MB)
	12328576  -  ResidentSetSize of job (KB)
...
006 (17502481.014.000) 07/24 21:43:30 Image size of job updated: 12624732
	12131  -  MemoryUsage of job (MB)
	12421172  -  ResidentSetSize of job (KB)
...
006 (17502481.014.000) 07/24 21:48:30 Image size of job updated: 12716652
	12131  -  MemoryUsage of job (MB)
	12421172  -  ResidentSetSize of job (KB)
...
006 (17502481.014.000) 07/24 21:53:30 Image size of job updated: 12716652
	12314  -  MemoryUsage of job (MB)
	12608544  -  ResidentSetSize of job (KB)
...
006 (17502481.014.000) 07/24 22:13:32 Image size of job updated: 12884588
	12314  -  MemoryUsage of job (MB)
	12608544  -  ResidentSetSize of job (KB)
...
006 (17502481.014.000) 07/24 22:23:33 Image size of job updated: 12884588
	12564  -  MemoryUsage of job (MB)
	12865068  -  ResidentSetSize of job (KB)
...
006 (17502481.014.000) 07/24 22:33:34 Image size of job updated: 12889912
	12564  -  MemoryUsage of job (MB)
	12865068  -  ResidentSetSize of job (KB)
...
006 (17502481.014.000) 07/24 22:38:35 Image size of job updated: 12955948
	12564  -  MemoryUsage of job (MB)
	12865068  -  ResidentSetSize of job (KB)
...
006 (17502481.014.000) 07/24 22:43:35 Image size of job updated: 13062652
	12564  -  MemoryUsage of job (MB)
	12865068  -  ResidentSetSize of job (KB)
...
006 (17502481.014.000) 07/24 22:48:35 Image size of job updated: 13140112
	12564  -  MemoryUsage of job (MB)
	12865068  -  ResidentSetSize of job (KB)
...
006 (17502481.014.000) 07/24 22:53:36 Image size of job updated: 13157476
	12564  -  MemoryUsage of job (MB)
	12865068  -  ResidentSetSize of job (KB)
...
006 (17502481.014.000) 07/24 22:58:36 Image size of job updated: 13363676
	12784  -  MemoryUsage of job (MB)
	13090416  -  ResidentSetSize of job (KB)
...
006 (17502481.014.000) 07/24 23:18:39 Image size of job updated: 13390716
	12784  -  MemoryUsage of job (MB)
	13090416  -  ResidentSetSize of job (KB)
...
006 (17502481.014.000) 07/24 23:28:40 Image size of job updated: 13432164
	12786  -  MemoryUsage of job (MB)
	13092620  -  ResidentSetSize of job (KB)
...
006 (17502481.014.000) 07/24 23:33:41 Image size of job updated: 13432164
	12800  -  MemoryUsage of job (MB)
	13107060  -  ResidentSetSize of job (KB)
...
006 (17502481.014.000) 07/24 23:38:41 Image size of job updated: 13432164
	12802  -  MemoryUsage of job (MB)
	13109064  -  ResidentSetSize of job (KB)
...
006 (17502481.014.000) 07/24 23:43:41 Image size of job updated: 13432164
	12834  -  MemoryUsage of job (MB)
	13141828  -  ResidentSetSize of job (KB)
...
006 (17502481.014.000) 07/24 23:48:42 Image size of job updated: 13579500
	12955  -  MemoryUsage of job (MB)
	13265092  -  ResidentSetSize of job (KB)
...
006 (17502481.014.000) 07/24 23:58:43 Image size of job updated: 13579500
	13020  -  MemoryUsage of job (MB)
	13332120  -  ResidentSetSize of job (KB)
...
006 (17502481.014.000) 07/25 00:03:44 Image size of job updated: 13670656
	13045  -  MemoryUsage of job (MB)
	13357520  -  ResidentSetSize of job (KB)
...
006 (17502481.014.000) 07/25 00:08:44 Image size of job updated: 13670656
	13070  -  MemoryUsage of job (MB)
	13383172  -  ResidentSetSize of job (KB)
...
006 (17502481.014.000) 07/25 00:13:45 Image size of job updated: 13670656
	13095  -  MemoryUsage of job (MB)
	13408416  -  ResidentSetSize of job (KB)
...
006 (17502481.014.000) 07/25 00:18:45 Image size of job updated: 13731912
	13120  -  MemoryUsage of job (MB)
	13434032  -  ResidentSetSize of job (KB)
...
006 (17502481.014.000) 07/25 00:23:46 Image size of job updated: 13731912
	13268  -  MemoryUsage of job (MB)
	13586376  -  ResidentSetSize of job (KB)
...
006 (17502481.014.000) 07/25 00:28:47 Image size of job updated: 13789128
	13272  -  MemoryUsage of job (MB)
	13589924  -  ResidentSetSize of job (KB)
...
006 (17502481.014.000) 07/25 00:33:47 Image size of job updated: 13798084
	13306  -  MemoryUsage of job (MB)
	13624664  -  ResidentSetSize of job (KB)
...
006 (17502481.014.000) 07/25 00:38:48 Image size of job updated: 13872652
	13362  -  MemoryUsage of job (MB)
	13682424  -  ResidentSetSize of job (KB)
...
006 (17502481.014.000) 07/25 00:48:48 Image size of job updated: 14000620
	13673  -  MemoryUsage of job (MB)
	14000620  -  ResidentSetSize of job (KB)
...
006 (17502481.014.000) 07/25 00:53:49 Image size of job updated: 14060492
	13686  -  MemoryUsage of job (MB)
	14013560  -  ResidentSetSize of job (KB)
...
006 (17502481.014.000) 07/25 01:03:49 Image size of job updated: 14106560
	13686  -  MemoryUsage of job (MB)
	14013560  -  ResidentSetSize of job (KB)
...
006 (17502481.014.000) 07/25 01:08:50 Image size of job updated: 14133476
	13686  -  MemoryUsage of job (MB)
	14013560  -  ResidentSetSize of job (KB)
...
006 (17502481.014.000) 07/25 01:18:51 Image size of job updated: 14182632
	13686  -  MemoryUsage of job (MB)
	14013560  -  ResidentSetSize of job (KB)
...
006 (17502481.014.000) 07/25 01:23:52 Image size of job updated: 14233248
	13900  -  MemoryUsage of job (MB)
	14233248  -  ResidentSetSize of job (KB)
...
006 (17502481.014.000) 07/25 01:28:52 Image size of job updated: 14341432
	13900  -  MemoryUsage of job (MB)
	14233248  -  ResidentSetSize of job (KB)
...
006 (17502481.014.000) 07/25 01:38:53 Image size of job updated: 14484144
	14059  -  MemoryUsage of job (MB)
	14395700  -  ResidentSetSize of job (KB)
...
006 (17502481.014.000) 07/25 01:43:53 Image size of job updated: 14484144
	14067  -  MemoryUsage of job (MB)
	14404364  -  ResidentSetSize of job (KB)
...
006 (17502481.014.000) 07/25 01:53:54 Image size of job updated: 14559132
	14067  -  MemoryUsage of job (MB)
	14404364  -  ResidentSetSize of job (KB)
...
006 (17502481.014.000) 07/25 02:13:57 Image size of job updated: 14631444
	14067  -  MemoryUsage of job (MB)
	14404364  -  ResidentSetSize of job (KB)
...
006 (17502481.014.000) 07/25 02:18:57 Image size of job updated: 14682224
	14204  -  MemoryUsage of job (MB)
	14544404  -  ResidentSetSize of job (KB)
...
006 (17502481.014.000) 07/25 02:23:57 Image size of job updated: 14726900
	14211  -  MemoryUsage of job (MB)
	14551672  -  ResidentSetSize of job (KB)
...
006 (17502481.014.000) 07/25 02:28:58 Image size of job updated: 14811112
	14385  -  MemoryUsage of job (MB)
	14729564  -  ResidentSetSize of job (KB)
...
006 (17502481.014.000) 07/25 02:33:58 Image size of job updated: 14811112
	14396  -  MemoryUsage of job (MB)
	14741256  -  ResidentSetSize of job (KB)
...
006 (17502481.014.000) 07/25 02:48:59 Image size of job updated: 14849516
	14396  -  MemoryUsage of job (MB)
	14741256  -  ResidentSetSize of job (KB)
...
006 (17502481.014.000) 07/25 02:54:00 Image size of job updated: 14864000
	14396  -  MemoryUsage of job (MB)
	14741256  -  ResidentSetSize of job (KB)
...
006 (17502481.014.000) 07/25 02:59:01 Image size of job updated: 14875732
	14396  -  MemoryUsage of job (MB)
	14741256  -  ResidentSetSize of job (KB)
...
006 (17502481.014.000) 07/25 03:04:01 Image size of job updated: 14948336
	14508  -  MemoryUsage of job (MB)
	14855448  -  ResidentSetSize of job (KB)
...
006 (17502481.014.000) 07/25 03:09:02 Image size of job updated: 15046188
	14508  -  MemoryUsage of job (MB)
	14855448  -  ResidentSetSize of job (KB)
...
006 (17502481.014.000) 07/25 03:14:02 Image size of job updated: 15089584
	14508  -  MemoryUsage of job (MB)
	14855448  -  ResidentSetSize of job (KB)
...
006 (17502481.014.000) 07/25 03:19:02 Image size of job updated: 15194292
	14665  -  MemoryUsage of job (MB)
	15016740  -  ResidentSetSize of job (KB)
...
006 (17502481.014.000) 07/25 03:24:03 Image size of job updated: 15194292
	14677  -  MemoryUsage of job (MB)
	15028616  -  ResidentSetSize of job (KB)
...
006 (17502481.014.000) 07/25 03:44:04 Image size of job updated: 15348348
	14677  -  MemoryUsage of job (MB)
	15028616  -  ResidentSetSize of job (KB)
...
006 (17502481.014.000) 07/25 03:49:05 Image size of job updated: 15348348
	14870  -  MemoryUsage of job (MB)
	15225932  -  ResidentSetSize of job (KB)
...
006 (17502481.014.000) 07/25 03:54:06 Image size of job updated: 15348348
	14876  -  MemoryUsage of job (MB)
	15232208  -  ResidentSetSize of job (KB)
...
006 (17502481.014.000) 07/25 04:04:07 Image size of job updated: 15357884
	14876  -  MemoryUsage of job (MB)
	15232208  -  ResidentSetSize of job (KB)
...
006 (17502481.014.000) 07/25 04:09:07 Image size of job updated: 15589332
	14876  -  MemoryUsage of job (MB)
	15232208  -  ResidentSetSize of job (KB)
...
006 (17502481.014.000) 07/25 04:14:07 Image size of job updated: 15589332
	14882  -  MemoryUsage of job (MB)
	15239148  -  ResidentSetSize of job (KB)
...
006 (17502481.014.000) 07/25 04:19:08 Image size of job updated: 15626020
	14908  -  MemoryUsage of job (MB)
	15265520  -  ResidentSetSize of job (KB)
...
006 (17502481.014.000) 07/25 04:24:08 Image size of job updated: 15709852
	15061  -  MemoryUsage of job (MB)
	15422272  -  ResidentSetSize of job (KB)
...
006 (17502481.014.000) 07/25 04:39:10 Image size of job updated: 15709852
	15090  -  MemoryUsage of job (MB)
	15451384  -  ResidentSetSize of job (KB)
...
006 (17502481.014.000) 07/25 04:44:11 Image size of job updated: 15726532
	15211  -  MemoryUsage of job (MB)
	15575172  -  ResidentSetSize of job (KB)
...
006 (17502481.014.000) 07/25 04:49:11 Image size of job updated: 15726532
	15224  -  MemoryUsage of job (MB)
	15588896  -  ResidentSetSize of job (KB)
...
006 (17502481.014.000) 07/25 04:54:11 Image size of job updated: 15871572
	15237  -  MemoryUsage of job (MB)
	15601840  -  ResidentSetSize of job (KB)
...
006 (17502481.014.000) 07/25 04:59:12 Image size of job updated: 16096652
	15442  -  MemoryUsage of job (MB)
	15812236  -  ResidentSetSize of job (KB)
...
006 (17502481.014.000) 07/25 05:14:13 Image size of job updated: 16096652
	15533  -  MemoryUsage of job (MB)
	15905104  -  ResidentSetSize of job (KB)
...
006 (17502481.014.000) 07/25 05:19:13 Image size of job updated: 16098348
	15533  -  MemoryUsage of job (MB)
	15905104  -  ResidentSetSize of job (KB)
...
006 (17502481.014.000) 07/25 05:24:14 Image size of job updated: 16100488
	15533  -  MemoryUsage of job (MB)
	15905104  -  ResidentSetSize of job (KB)
...
006 (17502481.014.000) 07/25 05:34:15 Image size of job updated: 16150444
	15558  -  MemoryUsage of job (MB)
	15930556  -  ResidentSetSize of job (KB)
...
006 (17502481.014.000) 07/25 05:44:16 Image size of job updated: 16231376
	15558  -  MemoryUsage of job (MB)
	15930556  -  ResidentSetSize of job (KB)
...
006 (17502481.014.000) 07/25 05:49:16 Image size of job updated: 16231376
	15697  -  MemoryUsage of job (MB)
	16072740  -  ResidentSetSize of job (KB)
...
006 (17502481.014.000) 07/25 06:04:17 Image size of job updated: 16251792
	15697  -  MemoryUsage of job (MB)
	16072740  -  ResidentSetSize of job (KB)
...
006 (17502481.014.000) 07/25 06:14:18 Image size of job updated: 16414232
	15823  -  MemoryUsage of job (MB)
	16202624  -  ResidentSetSize of job (KB)
...
006 (17502481.014.000) 07/25 06:19:19 Image size of job updated: 16501568
	16036  -  MemoryUsage of job (MB)
	16420784  -  ResidentSetSize of job (KB)
...
006 (17502481.014.000) 07/25 06:34:21 Image size of job updated: 16730748
	16036  -  MemoryUsage of job (MB)
	16420784  -  ResidentSetSize of job (KB)
...
006 (17502481.014.000) 07/25 06:39:21 Image size of job updated: 16730748
	16075  -  MemoryUsage of job (MB)
	16460552  -  ResidentSetSize of job (KB)
...
006 (17502481.014.000) 07/25 06:44:21 Image size of job updated: 16730748
	16097  -  MemoryUsage of job (MB)
	16482892  -  ResidentSetSize of job (KB)
...
006 (17502481.014.000) 07/25 07:04:24 Image size of job updated: 16799296
	16215  -  MemoryUsage of job (MB)
	16603872  -  ResidentSetSize of job (KB)
...
006 (17502481.014.000) 07/25 07:09:24 Image size of job updated: 16799296
	16215  -  MemoryUsage of job (MB)
	16603908  -  ResidentSetSize of job (KB)
...
006 (17502481.014.000) 07/25 07:14:26 Image size of job updated: 16968424
	16215  -  MemoryUsage of job (MB)
	16603908  -  ResidentSetSize of job (KB)
...
006 (17502481.014.000) 07/25 07:19:26 Image size of job updated: 16968424
	16221  -  MemoryUsage of job (MB)
	16609452  -  ResidentSetSize of job (KB)
...
006 (17502481.014.000) 07/25 07:24:26 Image size of job updated: 16968424
	16233  -  MemoryUsage of job (MB)
	16622304  -  ResidentSetSize of job (KB)
...
006 (17502481.014.000) 07/25 07:29:27 Image size of job updated: 16982676
	16314  -  MemoryUsage of job (MB)
	16704556  -  ResidentSetSize of job (KB)
...
006 (17502481.014.000) 07/25 07:34:27 Image size of job updated: 16982676
	16319  -  MemoryUsage of job (MB)
	16710020  -  ResidentSetSize of job (KB)
...
006 (17502481.014.000) 07/25 07:39:27 Image size of job updated: 16982676
	16334  -  MemoryUsage of job (MB)
	16725848  -  ResidentSetSize of job (KB)
...
006 (17502481.014.000) 07/25 07:49:28 Image size of job updated: 17206844
	16334  -  MemoryUsage of job (MB)
	16725848  -  ResidentSetSize of job (KB)
...
006 (17502481.014.000) 07/25 07:54:29 Image size of job updated: 17206844
	16468  -  MemoryUsage of job (MB)
	16862260  -  ResidentSetSize of job (KB)
...
006 (17502481.014.000) 07/25 08:04:30 Image size of job updated: 17206844
	16569  -  MemoryUsage of job (MB)
	16966004  -  ResidentSetSize of job (KB)
...
006 (17502481.014.000) 07/25 08:09:31 Image size of job updated: 17206844
	16573  -  MemoryUsage of job (MB)
	16970028  -  ResidentSetSize of job (KB)
...
006 (17502481.014.000) 07/25 08:19:31 Image size of job updated: 17341240
	16610  -  MemoryUsage of job (MB)
	17007708  -  ResidentSetSize of job (KB)
...
006 (17502481.014.000) 07/25 08:24:32 Image size of job updated: 17363360
	16617  -  MemoryUsage of job (MB)
	17015524  -  ResidentSetSize of job (KB)
...
006 (17502481.014.000) 07/25 08:29:32 Image size of job updated: 17363360
	16780  -  MemoryUsage of job (MB)
	17182480  -  ResidentSetSize of job (KB)
...
006 (17502481.014.000) 07/25 08:34:33 Image size of job updated: 17363360
	16780  -  MemoryUsage of job (MB)
	17182516  -  ResidentSetSize of job (KB)
...
006 (17502481.014.000) 07/25 08:39:33 Image size of job updated: 17378576
	16944  -  MemoryUsage of job (MB)
	17350188  -  ResidentSetSize of job (KB)
...
006 (17502481.014.000) 07/25 08:44:33 Image size of job updated: 17425392
	17017  -  MemoryUsage of job (MB)
	17425392  -  ResidentSetSize of job (KB)
...
006 (17502481.014.000) 07/25 08:49:34 Image size of job updated: 17556064
	17018  -  MemoryUsage of job (MB)
	17425428  -  ResidentSetSize of job (KB)
...
006 (17502481.014.000) 07/25 08:54:34 Image size of job updated: 17559768
	17149  -  MemoryUsage of job (MB)
	17559768  -  ResidentSetSize of job (KB)
...
006 (17502481.014.000) 07/25 08:59:34 Image size of job updated: 17559772
	17149  -  MemoryUsage of job (MB)
	17559772  -  ResidentSetSize of job (KB)
...
006 (17502481.014.000) 07/25 09:09:35 Image size of job updated: 17718876
	17304  -  MemoryUsage of job (MB)
	17718876  -  ResidentSetSize of job (KB)
...
006 (17502481.014.000) 07/25 09:14:36 Image size of job updated: 17799044
	17304  -  MemoryUsage of job (MB)
	17718912  -  ResidentSetSize of job (KB)
...
006 (17502481.014.000) 07/25 09:29:38 Image size of job updated: 17822092
	17304  -  MemoryUsage of job (MB)
	17718912  -  ResidentSetSize of job (KB)
...
006 (17502481.014.000) 07/25 09:49:39 Image size of job updated: 17911848
	17304  -  MemoryUsage of job (MB)
	17718912  -  ResidentSetSize of job (KB)
...
006 (17502481.014.000) 07/25 09:59:41 Image size of job updated: 17964016
	17521  -  MemoryUsage of job (MB)
	17941228  -  ResidentSetSize of job (KB)
...
006 (17502481.014.000) 07/25 10:04:41 Image size of job updated: 18078620
	17531  -  MemoryUsage of job (MB)
	17950780  -  ResidentSetSize of job (KB)
...
006 (17502481.014.000) 07/25 10:09:42 Image size of job updated: 18078620
	17547  -  MemoryUsage of job (MB)
	17967856  -  ResidentSetSize of job (KB)
...
006 (17502481.014.000) 07/25 10:14:42 Image size of job updated: 18078620
	17548  -  MemoryUsage of job (MB)
	17968952  -  ResidentSetSize of job (KB)
...
006 (17502481.014.000) 07/25 10:24:43 Image size of job updated: 18196232
	17707  -  MemoryUsage of job (MB)
	18131580  -  ResidentSetSize of job (KB)
...
006 (17502481.014.000) 07/25 10:34:43 Image size of job updated: 18200836
	17707  -  MemoryUsage of job (MB)
	18131580  -  ResidentSetSize of job (KB)
...
006 (17502481.014.000) 07/25 10:39:44 Image size of job updated: 18268948
	17707  -  MemoryUsage of job (MB)
	18131580  -  ResidentSetSize of job (KB)
...
006 (17502481.014.000) 07/25 10:49:45 Image size of job updated: 18396384
	17707  -  MemoryUsage of job (MB)
	18131580  -  ResidentSetSize of job (KB)
...
006 (17502481.014.000) 07/25 10:54:46 Image size of job updated: 18429956
	17707  -  MemoryUsage of job (MB)
	18131580  -  ResidentSetSize of job (KB)
...
006 (17502481.014.000) 07/25 10:59:46 Image size of job updated: 18476368
	17870  -  MemoryUsage of job (MB)
	18298108  -  ResidentSetSize of job (KB)
...
006 (17502481.014.000) 07/25 11:04:47 Image size of job updated: 18488544
	17896  -  MemoryUsage of job (MB)
	18324896  -  ResidentSetSize of job (KB)
...
006 (17502481.014.000) 07/25 11:09:47 Image size of job updated: 18619952
	17896  -  MemoryUsage of job (MB)
	18324932  -  ResidentSetSize of job (KB)
...
006 (17502481.014.000) 07/25 11:14:47 Image size of job updated: 18632728
	17896  -  MemoryUsage of job (MB)
	18324932  -  ResidentSetSize of job (KB)
...
006 (17502481.014.000) 07/25 11:24:48 Image size of job updated: 18632728
	17934  -  MemoryUsage of job (MB)
	18363772  -  ResidentSetSize of job (KB)
...
006 (17502481.014.000) 07/25 11:29:49 Image size of job updated: 18725404
	17944  -  MemoryUsage of job (MB)
	18373688  -  ResidentSetSize of job (KB)
...
006 (17502481.014.000) 07/25 11:34:50 Image size of job updated: 18725404
	18146  -  MemoryUsage of job (MB)
	18580500  -  ResidentSetSize of job (KB)
...
006 (17502481.014.000) 07/25 11:39:50 Image size of job updated: 18811848
	18146  -  MemoryUsage of job (MB)
	18580500  -  ResidentSetSize of job (KB)
...
006 (17502481.014.000) 07/25 11:49:51 Image size of job updated: 18834736
	18146  -  MemoryUsage of job (MB)
	18580500  -  ResidentSetSize of job (KB)
...
006 (17502481.014.000) 07/25 11:59:52 Image size of job updated: 18856668
	18248  -  MemoryUsage of job (MB)
	18685248  -  ResidentSetSize of job (KB)
...
006 (17502481.014.000) 07/25 12:04:52 Image size of job updated: 18900072
	18248  -  MemoryUsage of job (MB)
	18685248  -  ResidentSetSize of job (KB)
...
006 (17502481.014.000) 07/25 12:09:52 Image size of job updated: 18900072
	18427  -  MemoryUsage of job (MB)
	18868756  -  ResidentSetSize of job (KB)
...
006 (17502481.014.000) 07/25 12:14:53 Image size of job updated: 19038892
	18427  -  MemoryUsage of job (MB)
	18868756  -  ResidentSetSize of job (KB)
...
006 (17502481.014.000) 07/25 12:19:53 Image size of job updated: 19038892
	18428  -  MemoryUsage of job (MB)
	18870128  -  ResidentSetSize of job (KB)
...
006 (17502481.014.000) 07/25 12:24:54 Image size of job updated: 19038892
	18525  -  MemoryUsage of job (MB)
	18969124  -  ResidentSetSize of job (KB)
...
006 (17502481.014.000) 07/25 12:29:55 Image size of job updated: 19069044
	18541  -  MemoryUsage of job (MB)
	18985776  -  ResidentSetSize of job (KB)
...
006 (17502481.014.000) 07/25 12:34:55 Image size of job updated: 19184100
	18541  -  MemoryUsage of job (MB)
	18985776  -  ResidentSetSize of job (KB)
...
006 (17502481.014.000) 07/25 12:39:56 Image size of job updated: 19229608
	18541  -  MemoryUsage of job (MB)
	18985776  -  ResidentSetSize of job (KB)
...
006 (17502481.014.000) 07/25 12:44:56 Image size of job updated: 19247828
	18585  -  MemoryUsage of job (MB)
	19030952  -  ResidentSetSize of job (KB)
...
006 (17502481.014.000) 07/25 12:49:56 Image size of job updated: 19305392
	18585  -  MemoryUsage of job (MB)
	19030952  -  ResidentSetSize of job (KB)
...
006 (17502481.014.000) 07/25 12:54:57 Image size of job updated: 19305392
	18699  -  MemoryUsage of job (MB)
	19147560  -  ResidentSetSize of job (KB)
...
006 (17502481.014.000) 07/25 12:59:57 Image size of job updated: 19367684
	18699  -  MemoryUsage of job (MB)
	19147560  -  ResidentSetSize of job (KB)
...
006 (17502481.014.000) 07/25 13:04:58 Image size of job updated: 19550460
	18734  -  MemoryUsage of job (MB)
	19182816  -  ResidentSetSize of job (KB)
...
006 (17502481.014.000) 07/25 13:14:59 Image size of job updated: 19659008
	19078  -  MemoryUsage of job (MB)
	19535580  -  ResidentSetSize of job (KB)
...
006 (17502481.014.000) 07/25 13:20:00 Image size of job updated: 19659008
	19081  -  MemoryUsage of job (MB)
	19538040  -  ResidentSetSize of job (KB)
...
006 (17502481.014.000) 07/25 13:45:01 Image size of job updated: 19660312
	19081  -  MemoryUsage of job (MB)
	19538040  -  ResidentSetSize of job (KB)
...
006 (17502481.014.000) 07/25 13:55:02 Image size of job updated: 19821324
	19081  -  MemoryUsage of job (MB)
	19538040  -  ResidentSetSize of job (KB)
...
006 (17502481.014.000) 07/25 14:00:03 Image size of job updated: 19821324
	19133  -  MemoryUsage of job (MB)
	19592008  -  ResidentSetSize of job (KB)
...
006 (17502481.014.000) 07/25 14:05:04 Image size of job updated: 19821324
	19350  -  MemoryUsage of job (MB)
	19813984  -  ResidentSetSize of job (KB)
...
006 (17502481.014.000) 07/25 14:10:04 Image size of job updated: 19888428
	19351  -  MemoryUsage of job (MB)
	19814428  -  ResidentSetSize of job (KB)
...
006 (17502481.014.000) 07/25 14:20:05 Image size of job updated: 20109532
	19351  -  MemoryUsage of job (MB)
	19814428  -  ResidentSetSize of job (KB)
...
006 (17502481.014.000) 07/25 14:35:06 Image size of job updated: 20109532
	19463  -  MemoryUsage of job (MB)
	19929744  -  ResidentSetSize of job (KB)
...
006 (17502481.014.000) 07/25 14:45:08 Image size of job updated: 20175312
	19595  -  MemoryUsage of job (MB)
	20064272  -  ResidentSetSize of job (KB)
...
006 (17502481.014.000) 07/25 14:55:09 Image size of job updated: 20414204
	19873  -  MemoryUsage of job (MB)
	20349784  -  ResidentSetSize of job (KB)
...
006 (17502481.014.000) 07/25 15:00:09 Image size of job updated: 20414204
	19873  -  MemoryUsage of job (MB)
	20349788  -  ResidentSetSize of job (KB)
...
006 (17502481.014.000) 07/25 15:30:12 Image size of job updated: 20503388
	19873  -  MemoryUsage of job (MB)
	20349788  -  ResidentSetSize of job (KB)
...
006 (17502481.014.000) 07/25 15:40:13 Image size of job updated: 20546552
	19873  -  MemoryUsage of job (MB)
	20349788  -  ResidentSetSize of job (KB)
...
006 (17502481.014.000) 07/25 15:45:13 Image size of job updated: 20546552
	19902  -  MemoryUsage of job (MB)
	20379016  -  ResidentSetSize of job (KB)
...
006 (17502481.014.000) 07/25 15:50:14 Image size of job updated: 20546552
	19902  -  MemoryUsage of job (MB)
	20379020  -  ResidentSetSize of job (KB)
...
006 (17502481.014.000) 07/25 15:55:14 Image size of job updated: 20553592
	19902  -  MemoryUsage of job (MB)
	20379020  -  ResidentSetSize of job (KB)
...
006 (17502481.014.000) 07/25 16:00:15 Image size of job updated: 20610412
	19902  -  MemoryUsage of job (MB)
	20379020  -  ResidentSetSize of job (KB)
...
006 (17502481.014.000) 07/25 16:10:16 Image size of job updated: 20788028
	20084  -  MemoryUsage of job (MB)
	20565408  -  ResidentSetSize of job (KB)
...
006 (17502481.014.000) 07/25 16:15:17 Image size of job updated: 20788028
	20086  -  MemoryUsage of job (MB)
	20567188  -  ResidentSetSize of job (KB)
...
006 (17502481.014.000) 07/25 16:20:18 Image size of job updated: 20788028
	20191  -  MemoryUsage of job (MB)
	20675360  -  ResidentSetSize of job (KB)
...
006 (17502481.014.000) 07/25 16:25:18 Image size of job updated: 20843748
	20199  -  MemoryUsage of job (MB)
	20683120  -  ResidentSetSize of job (KB)
...
006 (17502481.014.000) 07/25 16:30:19 Image size of job updated: 20883448
	20200  -  MemoryUsage of job (MB)
	20684068  -  ResidentSetSize of job (KB)
...
006 (17502481.014.000) 07/25 16:35:19 Image size of job updated: 21071340
	20211  -  MemoryUsage of job (MB)
	20695072  -  ResidentSetSize of job (KB)
...
006 (17502481.014.000) 07/25 16:40:20 Image size of job updated: 21071340
	20306  -  MemoryUsage of job (MB)
	20792640  -  ResidentSetSize of job (KB)
...
006 (17502481.014.000) 07/25 16:55:23 Image size of job updated: 21071340
	20318  -  MemoryUsage of job (MB)
	20804728  -  ResidentSetSize of job (KB)
...
006 (17502481.014.000) 07/25 17:00:23 Image size of job updated: 21071340
	20358  -  MemoryUsage of job (MB)
	20845892  -  ResidentSetSize of job (KB)
...
006 (17502481.014.000) 07/25 17:05:23 Image size of job updated: 21105528
	20358  -  MemoryUsage of job (MB)
	20845928  -  ResidentSetSize of job (KB)
...
006 (17502481.014.000) 07/25 17:10:24 Image size of job updated: 21105528
	20391  -  MemoryUsage of job (MB)
	20879540  -  ResidentSetSize of job (KB)
...
006 (17502481.014.000) 07/25 17:15:24 Image size of job updated: 21244456
	20479  -  MemoryUsage of job (MB)
	20970404  -  ResidentSetSize of job (KB)
...
006 (17502481.014.000) 07/25 17:25:24 Image size of job updated: 21270232
	20717  -  MemoryUsage of job (MB)
	21213268  -  ResidentSetSize of job (KB)
...
006 (17502481.014.000) 07/25 17:30:24 Image size of job updated: 21312820
	20717  -  MemoryUsage of job (MB)
	21213268  -  ResidentSetSize of job (KB)
...
006 (17502481.014.000) 07/25 17:50:27 Image size of job updated: 21333924
	20717  -  MemoryUsage of job (MB)
	21213268  -  ResidentSetSize of job (KB)
...
006 (17502481.014.000) 07/25 17:55:27 Image size of job updated: 21401456
	20717  -  MemoryUsage of job (MB)
	21213268  -  ResidentSetSize of job (KB)
...
006 (17502481.014.000) 07/25 18:00:28 Image size of job updated: 21462208
	20795  -  MemoryUsage of job (MB)
	21293836  -  ResidentSetSize of job (KB)
...
006 (17502481.014.000) 07/25 18:05:29 Image size of job updated: 21490660
	20901  -  MemoryUsage of job (MB)
	21401768  -  ResidentSetSize of job (KB)
...
006 (17502481.014.000) 07/25 18:10:29 Image size of job updated: 21553536
	20901  -  MemoryUsage of job (MB)
	21401768  -  ResidentSetSize of job (KB)
...
006 (17502481.014.000) 07/25 18:15:30 Image size of job updated: 21837124
	20901  -  MemoryUsage of job (MB)
	21401768  -  ResidentSetSize of job (KB)
...
006 (17502481.014.000) 07/25 18:25:30 Image size of job updated: 21837124
	21101  -  MemoryUsage of job (MB)
	21607104  -  ResidentSetSize of job (KB)
...
006 (17502481.014.000) 07/25 18:35:31 Image size of job updated: 21868264
	21101  -  MemoryUsage of job (MB)
	21607104  -  ResidentSetSize of job (KB)
...
006 (17502481.014.000) 07/25 18:45:33 Image size of job updated: 21868264
	21186  -  MemoryUsage of job (MB)
	21693936  -  ResidentSetSize of job (KB)
...
006 (17502481.014.000) 07/25 18:50:33 Image size of job updated: 21868264
	21243  -  MemoryUsage of job (MB)
	21752080  -  ResidentSetSize of job (KB)
...
006 (17502481.014.000) 07/25 19:00:34 Image size of job updated: 21912720
	21243  -  MemoryUsage of job (MB)
	21752080  -  ResidentSetSize of job (KB)
...
006 (17502481.014.000) 07/25 19:10:35 Image size of job updated: 21997424
	21243  -  MemoryUsage of job (MB)
	21752080  -  ResidentSetSize of job (KB)
...
006 (17502481.014.000) 07/25 19:15:35 Image size of job updated: 22129820
	21243  -  MemoryUsage of job (MB)
	21752080  -  ResidentSetSize of job (KB)
...
006 (17502481.014.000) 07/25 19:20:35 Image size of job updated: 22129820
	21280  -  MemoryUsage of job (MB)
	21790220  -  ResidentSetSize of job (KB)
...
006 (17502481.014.000) 07/25 19:25:36 Image size of job updated: 22129820
	21426  -  MemoryUsage of job (MB)
	21940104  -  ResidentSetSize of job (KB)
...
006 (17502481.014.000) 07/25 19:30:36 Image size of job updated: 22129820
	21433  -  MemoryUsage of job (MB)
	21947228  -  ResidentSetSize of job (KB)
...
006 (17502481.014.000) 07/25 19:35:37 Image size of job updated: 22129820
	21532  -  MemoryUsage of job (MB)
	22047784  -  ResidentSetSize of job (KB)
...
006 (17502481.014.000) 07/25 19:40:38 Image size of job updated: 22246776
	21557  -  MemoryUsage of job (MB)
	22073800  -  ResidentSetSize of job (KB)
...
006 (17502481.014.000) 07/25 19:50:39 Image size of job updated: 22337792
	21687  -  MemoryUsage of job (MB)
	22207300  -  ResidentSetSize of job (KB)
...
006 (17502481.014.000) 07/25 19:55:39 Image size of job updated: 22429236
	21687  -  MemoryUsage of job (MB)
	22207300  -  ResidentSetSize of job (KB)
...
006 (17502481.014.000) 07/25 20:05:40 Image size of job updated: 22429236
	21751  -  MemoryUsage of job (MB)
	22272420  -  ResidentSetSize of job (KB)
...
006 (17502481.014.000) 07/25 20:10:40 Image size of job updated: 22496144
	21751  -  MemoryUsage of job (MB)
	22272420  -  ResidentSetSize of job (KB)
...
006 (17502481.014.000) 07/25 20:15:40 Image size of job updated: 22496144
	21768  -  MemoryUsage of job (MB)
	22290296  -  ResidentSetSize of job (KB)
...
006 (17502481.014.000) 07/25 20:20:41 Image size of job updated: 22496144
	21768  -  MemoryUsage of job (MB)
	22290332  -  ResidentSetSize of job (KB)
...
006 (17502481.014.000) 07/25 20:25:41 Image size of job updated: 22520772
	21912  -  MemoryUsage of job (MB)
	22437540  -  ResidentSetSize of job (KB)
...
006 (17502481.014.000) 07/25 20:30:42 Image size of job updated: 22584568
	21936  -  MemoryUsage of job (MB)
	22462092  -  ResidentSetSize of job (KB)
...
006 (17502481.014.000) 07/25 20:40:43 Image size of job updated: 22707144
	21936  -  MemoryUsage of job (MB)
	22462092  -  ResidentSetSize of job (KB)
...
006 (17502481.014.000) 07/25 21:00:45 Image size of job updated: 22707144
	21959  -  MemoryUsage of job (MB)
	22485584  -  ResidentSetSize of job (KB)
...
006 (17502481.014.000) 07/25 21:05:45 Image size of job updated: 22729864
	21959  -  MemoryUsage of job (MB)
	22485584  -  ResidentSetSize of job (KB)
...
006 (17502481.014.000) 07/25 21:10:46 Image size of job updated: 22800040
	22039  -  MemoryUsage of job (MB)
	22567784  -  ResidentSetSize of job (KB)
...
006 (17502481.014.000) 07/25 21:15:47 Image size of job updated: 22800040
	22127  -  MemoryUsage of job (MB)
	22657384  -  ResidentSetSize of job (KB)
...
006 (17502481.014.000) 07/25 21:20:47 Image size of job updated: 22939988
	22199  -  MemoryUsage of job (MB)
	22731264  -  ResidentSetSize of job (KB)
...
006 (17502481.014.000) 07/25 21:30:48 Image size of job updated: 22992924
	22199  -  MemoryUsage of job (MB)
	22731264  -  ResidentSetSize of job (KB)
...
006 (17502481.014.000) 07/25 21:35:48 Image size of job updated: 23072600
	22212  -  MemoryUsage of job (MB)
	22744932  -  ResidentSetSize of job (KB)
...
006 (17502481.014.000) 07/25 21:40:49 Image size of job updated: 23072600
	22228  -  MemoryUsage of job (MB)
	22761344  -  ResidentSetSize of job (KB)
...
006 (17502481.014.000) 07/25 21:45:49 Image size of job updated: 23072600
	22268  -  MemoryUsage of job (MB)
	22802384  -  ResidentSetSize of job (KB)
...
006 (17502481.014.000) 07/25 21:50:49 Image size of job updated: 23072600
	22325  -  MemoryUsage of job (MB)
	22860008  -  ResidentSetSize of job (KB)
...
006 (17502481.014.000) 07/25 21:55:50 Image size of job updated: 23136184
	22349  -  MemoryUsage of job (MB)
	22884784  -  ResidentSetSize of job (KB)
...
006 (17502481.014.000) 07/25 22:00:50 Image size of job updated: 23136184
	22389  -  MemoryUsage of job (MB)
	22925776  -  ResidentSetSize of job (KB)
...
006 (17502481.014.000) 07/25 22:05:51 Image size of job updated: 23264208
	22445  -  MemoryUsage of job (MB)
	22983276  -  ResidentSetSize of job (KB)
...
006 (17502481.014.000) 07/25 22:10:52 Image size of job updated: 23264208
	22485  -  MemoryUsage of job (MB)
	23023816  -  ResidentSetSize of job (KB)
...
006 (17502481.014.000) 07/25 22:15:52 Image size of job updated: 23335544
	22589  -  MemoryUsage of job (MB)
	23130400  -  ResidentSetSize of job (KB)
...
006 (17502481.014.000) 07/25 22:20:53 Image size of job updated: 23402020
	22613  -  MemoryUsage of job (MB)
	23155028  -  ResidentSetSize of job (KB)
...
006 (17502481.014.000) 07/25 22:25:53 Image size of job updated: 23402020
	22719  -  MemoryUsage of job (MB)
	23263384  -  ResidentSetSize of job (KB)
...
006 (17502481.014.000) 07/25 22:30:53 Image size of job updated: 23426912
	22719  -  MemoryUsage of job (MB)
	23263384  -  ResidentSetSize of job (KB)
...
006 (17502481.014.000) 07/25 22:40:54 Image size of job updated: 23497168
	22719  -  MemoryUsage of job (MB)
	23263384  -  ResidentSetSize of job (KB)
...
006 (17502481.014.000) 07/25 22:50:56 Image size of job updated: 23545556
	22719  -  MemoryUsage of job (MB)
	23263384  -  ResidentSetSize of job (KB)
...
006 (17502481.014.000) 07/25 22:55:56 Image size of job updated: 23545556
	22834  -  MemoryUsage of job (MB)
	23381192  -  ResidentSetSize of job (KB)
...
006 (17502481.014.000) 07/25 23:00:57 Image size of job updated: 23582340
	22842  -  MemoryUsage of job (MB)
	23389508  -  ResidentSetSize of job (KB)
...
006 (17502481.014.000) 07/25 23:05:57 Image size of job updated: 23708536
	23153  -  MemoryUsage of job (MB)
	23708536  -  ResidentSetSize of job (KB)
...
006 (17502481.014.000) 07/25 23:10:57 Image size of job updated: 23733424
	23153  -  MemoryUsage of job (MB)
	23708536  -  ResidentSetSize of job (KB)
...
006 (17502481.014.000) 07/25 23:15:58 Image size of job updated: 23777092
	23153  -  MemoryUsage of job (MB)
	23708536  -  ResidentSetSize of job (KB)
...
006 (17502481.014.000) 07/25 23:20:58 Image size of job updated: 23793200
	23153  -  MemoryUsage of job (MB)
	23708536  -  ResidentSetSize of job (KB)
...
006 (17502481.014.000) 07/25 23:31:00 Image size of job updated: 23799612
	23153  -  MemoryUsage of job (MB)
	23708536  -  ResidentSetSize of job (KB)
...
006 (17502481.014.000) 07/25 23:36:00 Image size of job updated: 23826768
	23153  -  MemoryUsage of job (MB)
	23708536  -  ResidentSetSize of job (KB)
...
006 (17502481.014.000) 07/25 23:41:01 Image size of job updated: 23915400
	23153  -  MemoryUsage of job (MB)
	23708536  -  ResidentSetSize of job (KB)
...
006 (17502481.014.000) 07/25 23:46:02 Image size of job updated: 23948688
	23153  -  MemoryUsage of job (MB)
	23708536  -  ResidentSetSize of job (KB)
...
006 (17502481.014.000) 07/25 23:51:02 Image size of job updated: 23954588
	23252  -  MemoryUsage of job (MB)
	23809576  -  ResidentSetSize of job (KB)
...
006 (17502481.014.000) 07/25 23:56:03 Image size of job updated: 24044832
	23252  -  MemoryUsage of job (MB)
	23809576  -  ResidentSetSize of job (KB)
...
006 (17502481.014.000) 07/26 00:01:03 Image size of job updated: 24149744
	23268  -  MemoryUsage of job (MB)
	23825528  -  ResidentSetSize of job (KB)
...
006 (17502481.014.000) 07/26 00:06:03 Image size of job updated: 24149744
	23457  -  MemoryUsage of job (MB)
	24019248  -  ResidentSetSize of job (KB)
...
006 (17502481.014.000) 07/26 00:11:04 Image size of job updated: 24182808
	23457  -  MemoryUsage of job (MB)
	24019248  -  ResidentSetSize of job (KB)
...
006 (17502481.014.000) 07/26 00:31:06 Image size of job updated: 24182808
	23458  -  MemoryUsage of job (MB)
	24020072  -  ResidentSetSize of job (KB)
...
006 (17502481.014.000) 07/26 00:36:07 Image size of job updated: 24245564
	23466  -  MemoryUsage of job (MB)
	24028336  -  ResidentSetSize of job (KB)
...
006 (17502481.014.000) 07/26 00:41:07 Image size of job updated: 24245564
	23574  -  MemoryUsage of job (MB)
	24139708  -  ResidentSetSize of job (KB)
...
006 (17502481.014.000) 07/26 00:46:08 Image size of job updated: 24300808
	23584  -  MemoryUsage of job (MB)
	24149644  -  ResidentSetSize of job (KB)
...
006 (17502481.014.000) 07/26 00:51:09 Image size of job updated: 24370304
	23800  -  MemoryUsage of job (MB)
	24370304  -  ResidentSetSize of job (KB)
...
006 (17502481.014.000) 07/26 00:56:09 Image size of job updated: 24454776
	23800  -  MemoryUsage of job (MB)
	24370304  -  ResidentSetSize of job (KB)
...
006 (17502481.014.000) 07/26 01:01:10 Image size of job updated: 24479044
	23800  -  MemoryUsage of job (MB)
	24370304  -  ResidentSetSize of job (KB)
...
006 (17502481.014.000) 07/26 01:06:10 Image size of job updated: 24596768
	24021  -  MemoryUsage of job (MB)
	24596768  -  ResidentSetSize of job (KB)
...
006 (17502481.014.000) 07/26 01:11:10 Image size of job updated: 24602984
	24027  -  MemoryUsage of job (MB)
	24602984  -  ResidentSetSize of job (KB)
...
006 (17502481.014.000) 07/26 01:16:11 Image size of job updated: 24605052
	24027  -  MemoryUsage of job (MB)
	24602984  -  ResidentSetSize of job (KB)
...
006 (17502481.014.000) 07/26 01:21:11 Image size of job updated: 24745828
	24027  -  MemoryUsage of job (MB)
	24602984  -  ResidentSetSize of job (KB)
...
006 (17502481.014.000) 07/26 01:31:13 Image size of job updated: 24798396
	24027  -  MemoryUsage of job (MB)
	24602984  -  ResidentSetSize of job (KB)
...
006 (17502481.014.000) 07/26 01:36:13 Image size of job updated: 24798396
	24062  -  MemoryUsage of job (MB)
	24638604  -  ResidentSetSize of job (KB)
...
006 (17502481.014.000) 07/26 01:41:14 Image size of job updated: 24804748
	24062  -  MemoryUsage of job (MB)
	24638604  -  ResidentSetSize of job (KB)
...
006 (17502481.014.000) 07/26 01:46:15 Image size of job updated: 24899548
	24238  -  MemoryUsage of job (MB)
	24818820  -  ResidentSetSize of job (KB)
...
006 (17502481.014.000) 07/26 01:51:15 Image size of job updated: 24899548
	24238  -  MemoryUsage of job (MB)
	24818856  -  ResidentSetSize of job (KB)
...
006 (17502481.014.000) 07/26 01:56:16 Image size of job updated: 27706136
	27057  -  MemoryUsage of job (MB)
	27706136  -  ResidentSetSize of job (KB)
...
006 (17502481.014.000) 07/26 02:00:29 Image size of job updated: 27961740
	27057  -  MemoryUsage of job (MB)
	27706136  -  ResidentSetSize of job (KB)
...
040 (17502481.014.000) 07/26 02:00:29 Started transferring output files
...
040 (17502481.014.000) 07/26 02:00:29 Finished transferring output files
...
005 (17502481.014.000) 07/26 02:00:30 Job terminated.
	(1) Normal termination (return value 0)
		Usr 3 21:21:20, Sys 1 12:29:44  -  Run Remote Usage
		Usr 0 00:00:00, Sys 0 00:00:00  -  Run Local Usage
		Usr 3 21:21:20, Sys 1 12:29:44  -  Total Remote Usage
		Usr 0 00:00:00, Sys 0 00:00:00  -  Total Local Usage
	6984  -  Run Bytes Sent By Job
	213393  -  Run Bytes Received By Job
	6984  -  Total Bytes Sent By Job
	213393  -  Total Bytes Received By Job
	Partitionable Resources :      Usage  Request Allocated Assigned
	   Cpus                 :       4.14        8         8 
	   Disk (KB)            : 1719067     8388608   8389628 
	   GPUs                 :       0.53        1         1 "GPU-17f035a0"
	   GpusMemory (MB)      :    2643                       
	   Memory (MB)          :   27057       24000     24000 
	   TimeExecute (s)      :  150809                       
	   TimeSlotBusy (s)     :  150810                       
...
