000 (17502481.013.000) 07/23 21:46:08 Job submitted from host: <188.185.114.121:9618?addrs=188.185.114.121-9618+[2001-1458-d00-a--100-273]-9618&alias=bigbird19.cern.ch&noUDP&sock=schedd_5810_c156>
...
040 (17502481.013.000) 07/24 08:06:08 Started transferring input files
	Transferring to host: <188.185.238.11:9618?addrs=188.185.238.11-9618+[2001-1458-303-28--100-7]-9618&alias=b9pgpun003.cern.ch&noUDP&sock=slot1_4_27440_b655_5464>
...
040 (17502481.013.000) 07/24 08:06:08 Finished transferring input files
...
001 (17502481.013.000) 07/24 08:06:08 Job executing on host: <188.185.238.11:9618?addrs=188.185.238.11-9618+[2001-1458-303-28--100-7]-9618&alias=b9pgpun003.cern.ch&noUDP&sock=startd_25853_960b>
	SlotName: slot1_4@b9pgpun003.cern.ch
	AvailableGPUs = { GPUs_GPU_961f99a9 }
	CondorScratchDir = "/pool/condor/dir_2243535"
	Cpus = 8
	Disk = 8394846
	GPUs = 1
	GPUs_GPU_961f99a9 = [ Id = "GPU-961f99a9"; ClockMhz = 1785.0; Capability = 9.0; CoresPerCU = 128; DeviceName = "NVIDIA H100 NVL"; DeviceUuid = "961f99a9-cffc-9470-1648-488d58df1923"; ECCEnabled = true; ComputeUnits = 132; NvidiaDriver = "610.43.02"; DriverVersion = 13.3; DevicePciBusId = "0000:3B:00.0"; GlobalMemoryMb = 95312; MaxSupportedVersion = 13030 ]
	Memory = 24000
...
006 (17502481.013.000) 07/24 08:06:16 Image size of job updated: 69952
	69  -  MemoryUsage of job (MB)
	69952  -  ResidentSetSize of job (KB)
...
006 (17502481.013.000) 07/24 08:11:16 Image size of job updated: 3946332
	3854  -  MemoryUsage of job (MB)
	3946332  -  ResidentSetSize of job (KB)
...
006 (17502481.013.000) 07/24 08:16:17 Image size of job updated: 4176040
	4079  -  MemoryUsage of job (MB)
	4176040  -  ResidentSetSize of job (KB)
...
006 (17502481.013.000) 07/24 08:21:17 Image size of job updated: 4503572
	4375  -  MemoryUsage of job (MB)
	4479488  -  ResidentSetSize of job (KB)
...
006 (17502481.013.000) 07/24 08:26:18 Image size of job updated: 4719828
	4505  -  MemoryUsage of job (MB)
	4613096  -  ResidentSetSize of job (KB)
...
006 (17502481.013.000) 07/24 08:31:19 Image size of job updated: 4985152
	4869  -  MemoryUsage of job (MB)
	4985152  -  ResidentSetSize of job (KB)
...
006 (17502481.013.000) 07/24 08:36:19 Image size of job updated: 7226208
	6948  -  MemoryUsage of job (MB)
	7114312  -  ResidentSetSize of job (KB)
...
006 (17502481.013.000) 07/24 08:41:20 Image size of job updated: 7332776
	7106  -  MemoryUsage of job (MB)
	7276120  -  ResidentSetSize of job (KB)
...
006 (17502481.013.000) 07/24 08:46:20 Image size of job updated: 7423200
	7222  -  MemoryUsage of job (MB)
	7395232  -  ResidentSetSize of job (KB)
...
006 (17502481.013.000) 07/24 08:51:20 Image size of job updated: 7479840
	7294  -  MemoryUsage of job (MB)
	7468620  -  ResidentSetSize of job (KB)
...
006 (17502481.013.000) 07/24 08:56:21 Image size of job updated: 7565620
	7377  -  MemoryUsage of job (MB)
	7553796  -  ResidentSetSize of job (KB)
...
006 (17502481.013.000) 07/24 09:01:21 Image size of job updated: 8162688
	7968  -  MemoryUsage of job (MB)
	8158660  -  ResidentSetSize of job (KB)
...
006 (17502481.013.000) 07/24 09:06:21 Image size of job updated: 8220996
	7968  -  MemoryUsage of job (MB)
	8158660  -  ResidentSetSize of job (KB)
...
006 (17502481.013.000) 07/24 09:31:24 Image size of job updated: 8600216
	7968  -  MemoryUsage of job (MB)
	8158660  -  ResidentSetSize of job (KB)
...
006 (17502481.013.000) 07/24 09:41:26 Image size of job updated: 8600216
	8001  -  MemoryUsage of job (MB)
	8192524  -  ResidentSetSize of job (KB)
...
006 (17502481.013.000) 07/24 09:46:26 Image size of job updated: 8600216
	8088  -  MemoryUsage of job (MB)
	8281532  -  ResidentSetSize of job (KB)
...
006 (17502481.013.000) 07/24 09:51:27 Image size of job updated: 8600216
	8111  -  MemoryUsage of job (MB)
	8304828  -  ResidentSetSize of job (KB)
...
006 (17502481.013.000) 07/24 09:56:27 Image size of job updated: 8600216
	8213  -  MemoryUsage of job (MB)
	8409692  -  ResidentSetSize of job (KB)
...
006 (17502481.013.000) 07/24 10:01:27 Image size of job updated: 8957012
	8216  -  MemoryUsage of job (MB)
	8412764  -  ResidentSetSize of job (KB)
...
006 (17502481.013.000) 07/24 10:06:28 Image size of job updated: 8957012
	8311  -  MemoryUsage of job (MB)
	8509712  -  ResidentSetSize of job (KB)
...
006 (17502481.013.000) 07/24 10:11:28 Image size of job updated: 8957012
	8351  -  MemoryUsage of job (MB)
	8550408  -  ResidentSetSize of job (KB)
...
006 (17502481.013.000) 07/24 10:16:29 Image size of job updated: 8957012
	8379  -  MemoryUsage of job (MB)
	8579672  -  ResidentSetSize of job (KB)
...
006 (17502481.013.000) 07/24 10:21:30 Image size of job updated: 8957012
	8450  -  MemoryUsage of job (MB)
	8652392  -  ResidentSetSize of job (KB)
...
006 (17502481.013.000) 07/24 10:26:30 Image size of job updated: 9273280
	9056  -  MemoryUsage of job (MB)
	9273280  -  ResidentSetSize of job (KB)
...
006 (17502481.013.000) 07/24 10:31:31 Image size of job updated: 9347112
	9056  -  MemoryUsage of job (MB)
	9273280  -  ResidentSetSize of job (KB)
...
006 (17502481.013.000) 07/24 10:56:33 Image size of job updated: 9733084
	9457  -  MemoryUsage of job (MB)
	9683928  -  ResidentSetSize of job (KB)
...
006 (17502481.013.000) 07/24 11:01:34 Image size of job updated: 9733084
	9464  -  MemoryUsage of job (MB)
	9690120  -  ResidentSetSize of job (KB)
...
006 (17502481.013.000) 07/24 11:26:37 Image size of job updated: 10133860
	9464  -  MemoryUsage of job (MB)
	9690120  -  ResidentSetSize of job (KB)
...
006 (17502481.013.000) 07/24 11:36:38 Image size of job updated: 10133860
	9486  -  MemoryUsage of job (MB)
	9712920  -  ResidentSetSize of job (KB)
...
006 (17502481.013.000) 07/24 11:41:39 Image size of job updated: 10133860
	9581  -  MemoryUsage of job (MB)
	9810576  -  ResidentSetSize of job (KB)
...
006 (17502481.013.000) 07/24 11:46:39 Image size of job updated: 10133860
	9640  -  MemoryUsage of job (MB)
	9871104  -  ResidentSetSize of job (KB)
...
006 (17502481.013.000) 07/24 11:51:39 Image size of job updated: 10472148
	10197  -  MemoryUsage of job (MB)
	10441012  -  ResidentSetSize of job (KB)
...
006 (17502481.013.000) 07/24 11:56:40 Image size of job updated: 10475704
	10212  -  MemoryUsage of job (MB)
	10456572  -  ResidentSetSize of job (KB)
...
006 (17502481.013.000) 07/24 12:21:42 Image size of job updated: 10796504
	10212  -  MemoryUsage of job (MB)
	10456572  -  ResidentSetSize of job (KB)
...
006 (17502481.013.000) 07/24 12:31:43 Image size of job updated: 10796504
	10214  -  MemoryUsage of job (MB)
	10458128  -  ResidentSetSize of job (KB)
...
006 (17502481.013.000) 07/24 12:36:44 Image size of job updated: 10796504
	10295  -  MemoryUsage of job (MB)
	10541764  -  ResidentSetSize of job (KB)
...
006 (17502481.013.000) 07/24 12:41:45 Image size of job updated: 10796504
	10304  -  MemoryUsage of job (MB)
	10550452  -  ResidentSetSize of job (KB)
...
006 (17502481.013.000) 07/24 12:46:45 Image size of job updated: 11249592
	10913  -  MemoryUsage of job (MB)
	11174552  -  ResidentSetSize of job (KB)
...
006 (17502481.013.000) 07/24 12:51:46 Image size of job updated: 11259636
	10913  -  MemoryUsage of job (MB)
	11174552  -  ResidentSetSize of job (KB)
...
006 (17502481.013.000) 07/24 13:16:48 Image size of job updated: 11546400
	10913  -  MemoryUsage of job (MB)
	11174552  -  ResidentSetSize of job (KB)
...
006 (17502481.013.000) 07/24 13:31:50 Image size of job updated: 11546400
	10971  -  MemoryUsage of job (MB)
	11233808  -  ResidentSetSize of job (KB)
...
006 (17502481.013.000) 07/24 13:36:50 Image size of job updated: 11546400
	10989  -  MemoryUsage of job (MB)
	11252104  -  ResidentSetSize of job (KB)
...
006 (17502481.013.000) 07/24 13:41:50 Image size of job updated: 11546400
	11030  -  MemoryUsage of job (MB)
	11293840  -  ResidentSetSize of job (KB)
...
006 (17502481.013.000) 07/24 13:46:51 Image size of job updated: 11961144
	11102  -  MemoryUsage of job (MB)
	11368148  -  ResidentSetSize of job (KB)
...
006 (17502481.013.000) 07/24 13:51:51 Image size of job updated: 11961144
	11272  -  MemoryUsage of job (MB)
	11541856  -  ResidentSetSize of job (KB)
...
006 (17502481.013.000) 07/24 13:56:51 Image size of job updated: 11961144
	11303  -  MemoryUsage of job (MB)
	11574196  -  ResidentSetSize of job (KB)
...
006 (17502481.013.000) 07/24 14:01:52 Image size of job updated: 11961144
	11378  -  MemoryUsage of job (MB)
	11650808  -  ResidentSetSize of job (KB)
...
006 (17502481.013.000) 07/24 14:06:52 Image size of job updated: 11961144
	11397  -  MemoryUsage of job (MB)
	11669748  -  ResidentSetSize of job (KB)
...
006 (17502481.013.000) 07/24 14:11:53 Image size of job updated: 11961144
	11510  -  MemoryUsage of job (MB)
	11785436  -  ResidentSetSize of job (KB)
...
006 (17502481.013.000) 07/24 14:16:53 Image size of job updated: 12266048
	11525  -  MemoryUsage of job (MB)
	11800928  -  ResidentSetSize of job (KB)
...
006 (17502481.013.000) 07/24 14:21:54 Image size of job updated: 12266048
	11541  -  MemoryUsage of job (MB)
	11817184  -  ResidentSetSize of job (KB)
...
006 (17502481.013.000) 07/24 14:26:55 Image size of job updated: 12266048
	11653  -  MemoryUsage of job (MB)
	11931932  -  ResidentSetSize of job (KB)
...
006 (17502481.013.000) 07/24 14:31:55 Image size of job updated: 12266048
	11706  -  MemoryUsage of job (MB)
	11986616  -  ResidentSetSize of job (KB)
...
006 (17502481.013.000) 07/24 14:36:56 Image size of job updated: 12266048
	11737  -  MemoryUsage of job (MB)
	12018184  -  ResidentSetSize of job (KB)
...
006 (17502481.013.000) 07/24 14:41:56 Image size of job updated: 12680684
	12343  -  MemoryUsage of job (MB)
	12639204  -  ResidentSetSize of job (KB)
...
006 (17502481.013.000) 07/24 14:46:56 Image size of job updated: 12726312
	12374  -  MemoryUsage of job (MB)
	12670412  -  ResidentSetSize of job (KB)
...
006 (17502481.013.000) 07/24 15:11:59 Image size of job updated: 13072776
	12634  -  MemoryUsage of job (MB)
	12936436  -  ResidentSetSize of job (KB)
...
006 (17502481.013.000) 07/24 15:17:00 Image size of job updated: 13072776
	12678  -  MemoryUsage of job (MB)
	12981672  -  ResidentSetSize of job (KB)
...
006 (17502481.013.000) 07/24 15:42:02 Image size of job updated: 13465764
	12678  -  MemoryUsage of job (MB)
	12981672  -  ResidentSetSize of job (KB)
...
006 (17502481.013.000) 07/24 15:52:03 Image size of job updated: 13465764
	12747  -  MemoryUsage of job (MB)
	13052188  -  ResidentSetSize of job (KB)
...
006 (17502481.013.000) 07/24 15:57:04 Image size of job updated: 13465764
	12836  -  MemoryUsage of job (MB)
	13143252  -  ResidentSetSize of job (KB)
...
006 (17502481.013.000) 07/24 16:02:04 Image size of job updated: 13465764
	12839  -  MemoryUsage of job (MB)
	13146476  -  ResidentSetSize of job (KB)
...
006 (17502481.013.000) 07/24 16:07:04 Image size of job updated: 13465764
	12965  -  MemoryUsage of job (MB)
	13275380  -  ResidentSetSize of job (KB)
...
006 (17502481.013.000) 07/24 16:12:05 Image size of job updated: 13813404
	12965  -  MemoryUsage of job (MB)
	13275380  -  ResidentSetSize of job (KB)
...
006 (17502481.013.000) 07/24 16:17:05 Image size of job updated: 13813404
	13005  -  MemoryUsage of job (MB)
	13316984  -  ResidentSetSize of job (KB)
...
006 (17502481.013.000) 07/24 16:22:05 Image size of job updated: 13813404
	13031  -  MemoryUsage of job (MB)
	13343368  -  ResidentSetSize of job (KB)
...
006 (17502481.013.000) 07/24 16:27:06 Image size of job updated: 13813404
	13130  -  MemoryUsage of job (MB)
	13444316  -  ResidentSetSize of job (KB)
...
006 (17502481.013.000) 07/24 16:32:06 Image size of job updated: 13813404
	13232  -  MemoryUsage of job (MB)
	13549492  -  ResidentSetSize of job (KB)
...
006 (17502481.013.000) 07/24 16:37:07 Image size of job updated: 14170820
	13828  -  MemoryUsage of job (MB)
	14159172  -  ResidentSetSize of job (KB)
...
006 (17502481.013.000) 07/24 16:42:08 Image size of job updated: 14212068
	13828  -  MemoryUsage of job (MB)
	14159172  -  ResidentSetSize of job (KB)
...
006 (17502481.013.000) 07/24 17:07:10 Image size of job updated: 14497332
	13828  -  MemoryUsage of job (MB)
	14159172  -  ResidentSetSize of job (KB)
...
006 (17502481.013.000) 07/24 17:27:11 Image size of job updated: 14497332
	13869  -  MemoryUsage of job (MB)
	14201240  -  ResidentSetSize of job (KB)
...
006 (17502481.013.000) 07/24 17:32:12 Image size of job updated: 14497332
	13958  -  MemoryUsage of job (MB)
	14292856  -  ResidentSetSize of job (KB)
...
006 (17502481.013.000) 07/24 17:37:13 Image size of job updated: 14910232
	14033  -  MemoryUsage of job (MB)
	14369776  -  ResidentSetSize of job (KB)
...
006 (17502481.013.000) 07/24 17:42:13 Image size of job updated: 14910232
	14100  -  MemoryUsage of job (MB)
	14437568  -  ResidentSetSize of job (KB)
...
006 (17502481.013.000) 07/24 17:47:14 Image size of job updated: 14910232
	14161  -  MemoryUsage of job (MB)
	14499928  -  ResidentSetSize of job (KB)
...
006 (17502481.013.000) 07/24 17:52:15 Image size of job updated: 14910232
	14191  -  MemoryUsage of job (MB)
	14531452  -  ResidentSetSize of job (KB)
...
006 (17502481.013.000) 07/24 17:57:15 Image size of job updated: 14910232
	14301  -  MemoryUsage of job (MB)
	14643620  -  ResidentSetSize of job (KB)
...
006 (17502481.013.000) 07/24 18:02:16 Image size of job updated: 15203352
	14786  -  MemoryUsage of job (MB)
	15140720  -  ResidentSetSize of job (KB)
...
006 (17502481.013.000) 07/24 18:07:16 Image size of job updated: 15203352
	14801  -  MemoryUsage of job (MB)
	15156080  -  ResidentSetSize of job (KB)
...
006 (17502481.013.000) 07/24 18:32:19 Image size of job updated: 15634160
	15199  -  MemoryUsage of job (MB)
	15563476  -  ResidentSetSize of job (KB)
...
006 (17502481.013.000) 07/24 18:37:19 Image size of job updated: 15638616
	15214  -  MemoryUsage of job (MB)
	15578612  -  ResidentSetSize of job (KB)
...
006 (17502481.013.000) 07/24 19:02:21 Image size of job updated: 15953736
	15214  -  MemoryUsage of job (MB)
	15578612  -  ResidentSetSize of job (KB)
...
006 (17502481.013.000) 07/24 19:17:23 Image size of job updated: 15953736
	15260  -  MemoryUsage of job (MB)
	15626228  -  ResidentSetSize of job (KB)
...
006 (17502481.013.000) 07/24 19:22:24 Image size of job updated: 15953736
	15341  -  MemoryUsage of job (MB)
	15708804  -  ResidentSetSize of job (KB)
...
006 (17502481.013.000) 07/24 19:27:24 Image size of job updated: 15953736
	15423  -  MemoryUsage of job (MB)
	15792776  -  ResidentSetSize of job (KB)
...
006 (17502481.013.000) 07/24 19:32:24 Image size of job updated: 16469596
	15452  -  MemoryUsage of job (MB)
	15822492  -  ResidentSetSize of job (KB)
...
006 (17502481.013.000) 07/24 19:37:25 Image size of job updated: 16469596
	15489  -  MemoryUsage of job (MB)
	15860556  -  ResidentSetSize of job (KB)
...
006 (17502481.013.000) 07/24 19:42:25 Image size of job updated: 16469596
	15595  -  MemoryUsage of job (MB)
	15968800  -  ResidentSetSize of job (KB)
...
006 (17502481.013.000) 07/24 19:52:27 Image size of job updated: 16469596
	15711  -  MemoryUsage of job (MB)
	16087768  -  ResidentSetSize of job (KB)
...
006 (17502481.013.000) 07/24 19:57:27 Image size of job updated: 16469596
	15764  -  MemoryUsage of job (MB)
	16142268  -  ResidentSetSize of job (KB)
...
006 (17502481.013.000) 07/24 20:02:28 Image size of job updated: 16679016
	15779  -  MemoryUsage of job (MB)
	16157616  -  ResidentSetSize of job (KB)
...
006 (17502481.013.000) 07/24 20:07:28 Image size of job updated: 16679016
	15829  -  MemoryUsage of job (MB)
	16208792  -  ResidentSetSize of job (KB)
...
006 (17502481.013.000) 07/24 20:12:29 Image size of job updated: 16679016
	15911  -  MemoryUsage of job (MB)
	16292344  -  ResidentSetSize of job (KB)
...
006 (17502481.013.000) 07/24 20:17:29 Image size of job updated: 16679016
	15917  -  MemoryUsage of job (MB)
	16298488  -  ResidentSetSize of job (KB)
...
006 (17502481.013.000) 07/24 20:22:29 Image size of job updated: 16679016
	16002  -  MemoryUsage of job (MB)
	16385400  -  ResidentSetSize of job (KB)
...
006 (17502481.013.000) 07/24 20:27:30 Image size of job updated: 16679016
	16070  -  MemoryUsage of job (MB)
	16454848  -  ResidentSetSize of job (KB)
...
006 (17502481.013.000) 07/24 20:32:30 Image size of job updated: 17093336
	16113  -  MemoryUsage of job (MB)
	16499392  -  ResidentSetSize of job (KB)
...
006 (17502481.013.000) 07/24 20:37:31 Image size of job updated: 17093336
	16200  -  MemoryUsage of job (MB)
	16588040  -  ResidentSetSize of job (KB)
...
006 (17502481.013.000) 07/24 20:42:31 Image size of job updated: 17093336
	16300  -  MemoryUsage of job (MB)
	16690440  -  ResidentSetSize of job (KB)
...
006 (17502481.013.000) 07/24 20:47:32 Image size of job updated: 17093336
	16336  -  MemoryUsage of job (MB)
	16728036  -  ResidentSetSize of job (KB)
...
006 (17502481.013.000) 07/24 20:52:33 Image size of job updated: 17093336
	16432  -  MemoryUsage of job (MB)
	16826216  -  ResidentSetSize of job (KB)
...
006 (17502481.013.000) 07/24 20:57:33 Image size of job updated: 17093336
	16502  -  MemoryUsage of job (MB)
	16897628  -  ResidentSetSize of job (KB)
...
006 (17502481.013.000) 07/24 21:02:34 Image size of job updated: 17382176
	16504  -  MemoryUsage of job (MB)
	16899968  -  ResidentSetSize of job (KB)
...
006 (17502481.013.000) 07/24 21:12:35 Image size of job updated: 17382176
	16519  -  MemoryUsage of job (MB)
	16915428  -  ResidentSetSize of job (KB)
...
006 (17502481.013.000) 07/24 21:17:36 Image size of job updated: 17382176
	16660  -  MemoryUsage of job (MB)
	17059724  -  ResidentSetSize of job (KB)
...
006 (17502481.013.000) 07/24 21:22:36 Image size of job updated: 17382176
	16713  -  MemoryUsage of job (MB)
	17113124  -  ResidentSetSize of job (KB)
...
006 (17502481.013.000) 07/24 21:27:37 Image size of job updated: 17382176
	16808  -  MemoryUsage of job (MB)
	17210888  -  ResidentSetSize of job (KB)
...
006 (17502481.013.000) 07/24 21:32:37 Image size of job updated: 17819012
	16834  -  MemoryUsage of job (MB)
	17237992  -  ResidentSetSize of job (KB)
...
006 (17502481.013.000) 07/24 21:37:37 Image size of job updated: 17819012
	16896  -  MemoryUsage of job (MB)
	17300760  -  ResidentSetSize of job (KB)
...
006 (17502481.013.000) 07/24 21:42:38 Image size of job updated: 17819012
	16991  -  MemoryUsage of job (MB)
	17398584  -  ResidentSetSize of job (KB)
...
006 (17502481.013.000) 07/24 21:47:38 Image size of job updated: 17819012
	17047  -  MemoryUsage of job (MB)
	17455116  -  ResidentSetSize of job (KB)
...
006 (17502481.013.000) 07/24 21:52:39 Image size of job updated: 17819012
	17127  -  MemoryUsage of job (MB)
	17537984  -  ResidentSetSize of job (KB)
...
006 (17502481.013.000) 07/24 21:57:39 Image size of job updated: 17819012
	17224  -  MemoryUsage of job (MB)
	17636528  -  ResidentSetSize of job (KB)
...
006 (17502481.013.000) 07/24 22:02:39 Image size of job updated: 18130588
	17224  -  MemoryUsage of job (MB)
	17636528  -  ResidentSetSize of job (KB)
...
006 (17502481.013.000) 07/24 22:17:41 Image size of job updated: 18130588
	17369  -  MemoryUsage of job (MB)
	17785252  -  ResidentSetSize of job (KB)
...
006 (17502481.013.000) 07/24 22:22:41 Image size of job updated: 18130588
	17411  -  MemoryUsage of job (MB)
	17828116  -  ResidentSetSize of job (KB)
...
006 (17502481.013.000) 07/24 22:27:42 Image size of job updated: 18130588
	17519  -  MemoryUsage of job (MB)
	17939172  -  ResidentSetSize of job (KB)
...
006 (17502481.013.000) 07/24 22:32:43 Image size of job updated: 18560888
	17578  -  MemoryUsage of job (MB)
	17999272  -  ResidentSetSize of job (KB)
...
006 (17502481.013.000) 07/24 22:37:43 Image size of job updated: 18560888
	17596  -  MemoryUsage of job (MB)
	18017584  -  ResidentSetSize of job (KB)
...
006 (17502481.013.000) 07/24 22:42:44 Image size of job updated: 18560888
	17683  -  MemoryUsage of job (MB)
	18106396  -  ResidentSetSize of job (KB)
...
006 (17502481.013.000) 07/24 22:47:44 Image size of job updated: 18560888
	17717  -  MemoryUsage of job (MB)
	18142108  -  ResidentSetSize of job (KB)
...
006 (17502481.013.000) 07/24 22:52:44 Image size of job updated: 18560888
	17770  -  MemoryUsage of job (MB)
	18196148  -  ResidentSetSize of job (KB)
...
006 (17502481.013.000) 07/24 22:57:45 Image size of job updated: 18560888
	17908  -  MemoryUsage of job (MB)
	18337364  -  ResidentSetSize of job (KB)
...
006 (17502481.013.000) 07/24 23:02:45 Image size of job updated: 18933720
	17910  -  MemoryUsage of job (MB)
	18339700  -  ResidentSetSize of job (KB)
...
006 (17502481.013.000) 07/24 23:07:45 Image size of job updated: 18933720
	17977  -  MemoryUsage of job (MB)
	18407456  -  ResidentSetSize of job (KB)
...
006 (17502481.013.000) 07/24 23:12:46 Image size of job updated: 18933720
	18093  -  MemoryUsage of job (MB)
	18526372  -  ResidentSetSize of job (KB)
...
006 (17502481.013.000) 07/24 23:17:46 Image size of job updated: 18933720
	18106  -  MemoryUsage of job (MB)
	18540076  -  ResidentSetSize of job (KB)
...
006 (17502481.013.000) 07/24 23:22:47 Image size of job updated: 18933720
	18217  -  MemoryUsage of job (MB)
	18654156  -  ResidentSetSize of job (KB)
...
006 (17502481.013.000) 07/24 23:27:48 Image size of job updated: 19252284
	18736  -  MemoryUsage of job (MB)
	19185472  -  ResidentSetSize of job (KB)
...
006 (17502481.013.000) 07/24 23:32:48 Image size of job updated: 19281828
	18757  -  MemoryUsage of job (MB)
	19206588  -  ResidentSetSize of job (KB)
...
006 (17502481.013.000) 07/24 23:57:51 Image size of job updated: 19637516
	18757  -  MemoryUsage of job (MB)
	19206588  -  ResidentSetSize of job (KB)
...
006 (17502481.013.000) 07/25 00:12:52 Image size of job updated: 19637516
	18815  -  MemoryUsage of job (MB)
	19266424  -  ResidentSetSize of job (KB)
...
006 (17502481.013.000) 07/25 00:17:53 Image size of job updated: 19637516
	18911  -  MemoryUsage of job (MB)
	19364076  -  ResidentSetSize of job (KB)
...
006 (17502481.013.000) 07/25 00:22:54 Image size of job updated: 19987764
	19449  -  MemoryUsage of job (MB)
	19915384  -  ResidentSetSize of job (KB)
...
006 (17502481.013.000) 07/25 00:27:54 Image size of job updated: 20051468
	19449  -  MemoryUsage of job (MB)
	19915384  -  ResidentSetSize of job (KB)
...
006 (17502481.013.000) 07/25 00:52:56 Image size of job updated: 20318616
	19449  -  MemoryUsage of job (MB)
	19915384  -  ResidentSetSize of job (KB)
...
006 (17502481.013.000) 07/25 01:07:57 Image size of job updated: 20318616
	19503  -  MemoryUsage of job (MB)
	19970516  -  ResidentSetSize of job (KB)
...
006 (17502481.013.000) 07/25 01:12:58 Image size of job updated: 20318616
	19621  -  MemoryUsage of job (MB)
	20091680  -  ResidentSetSize of job (KB)
...
006 (17502481.013.000) 07/25 01:17:59 Image size of job updated: 20729784
	20193  -  MemoryUsage of job (MB)
	20676896  -  ResidentSetSize of job (KB)
...
006 (17502481.013.000) 07/25 01:22:59 Image size of job updated: 20744536
	20209  -  MemoryUsage of job (MB)
	20693280  -  ResidentSetSize of job (KB)
...
006 (17502481.013.000) 07/25 01:48:02 Image size of job updated: 21102280
	20209  -  MemoryUsage of job (MB)
	20693280  -  ResidentSetSize of job (KB)
...
006 (17502481.013.000) 07/25 01:58:03 Image size of job updated: 21102280
	20233  -  MemoryUsage of job (MB)
	20717624  -  ResidentSetSize of job (KB)
...
006 (17502481.013.000) 07/25 02:03:03 Image size of job updated: 21102280
	20286  -  MemoryUsage of job (MB)
	20772572  -  ResidentSetSize of job (KB)
...
006 (17502481.013.000) 07/25 02:08:03 Image size of job updated: 21102280
	20363  -  MemoryUsage of job (MB)
	20851176  -  ResidentSetSize of job (KB)
...
006 (17502481.013.000) 07/25 02:13:04 Image size of job updated: 21474468
	20893  -  MemoryUsage of job (MB)
	21393584  -  ResidentSetSize of job (KB)
...
006 (17502481.013.000) 07/25 02:18:04 Image size of job updated: 21474468
	20921  -  MemoryUsage of job (MB)
	21423060  -  ResidentSetSize of job (KB)
...
006 (17502481.013.000) 07/25 02:38:07 Image size of job updated: 21764784
	21255  -  MemoryUsage of job (MB)
	21764784  -  ResidentSetSize of job (KB)
...
006 (17502481.013.000) 07/25 02:43:07 Image size of job updated: 21853360
	21264  -  MemoryUsage of job (MB)
	21774120  -  ResidentSetSize of job (KB)
...
006 (17502481.013.000) 07/25 03:08:09 Image size of job updated: 22159488
	21264  -  MemoryUsage of job (MB)
	21774120  -  ResidentSetSize of job (KB)
...
006 (17502481.013.000) 07/25 03:23:11 Image size of job updated: 22159488
	21319  -  MemoryUsage of job (MB)
	21830424  -  ResidentSetSize of job (KB)
...
006 (17502481.013.000) 07/25 03:28:11 Image size of job updated: 22159488
	21418  -  MemoryUsage of job (MB)
	21931888  -  ResidentSetSize of job (KB)
...
006 (17502481.013.000) 07/25 03:33:12 Image size of job updated: 22506460
	21962  -  MemoryUsage of job (MB)
	22489060  -  ResidentSetSize of job (KB)
...
006 (17502481.013.000) 07/25 03:38:12 Image size of job updated: 22508912
	21971  -  MemoryUsage of job (MB)
	22498016  -  ResidentSetSize of job (KB)
...
006 (17502481.013.000) 07/25 04:03:14 Image size of job updated: 22903104
	21971  -  MemoryUsage of job (MB)
	22498016  -  ResidentSetSize of job (KB)
...
006 (17502481.013.000) 07/25 04:18:15 Image size of job updated: 22903104
	22085  -  MemoryUsage of job (MB)
	22614304  -  ResidentSetSize of job (KB)
...
006 (17502481.013.000) 07/25 04:23:15 Image size of job updated: 22903104
	22091  -  MemoryUsage of job (MB)
	22620392  -  ResidentSetSize of job (KB)
...
006 (17502481.013.000) 07/25 04:28:16 Image size of job updated: 23297028
	22166  -  MemoryUsage of job (MB)
	22697664  -  ResidentSetSize of job (KB)
...
006 (17502481.013.000) 07/25 04:33:17 Image size of job updated: 23297028
	22191  -  MemoryUsage of job (MB)
	22722708  -  ResidentSetSize of job (KB)
...
006 (17502481.013.000) 07/25 04:38:17 Image size of job updated: 23297028
	22287  -  MemoryUsage of job (MB)
	22821796  -  ResidentSetSize of job (KB)
...
006 (17502481.013.000) 07/25 04:43:18 Image size of job updated: 23297028
	22381  -  MemoryUsage of job (MB)
	22917256  -  ResidentSetSize of job (KB)
...
006 (17502481.013.000) 07/25 04:48:19 Image size of job updated: 23297028
	22436  -  MemoryUsage of job (MB)
	22973516  -  ResidentSetSize of job (KB)
...
006 (17502481.013.000) 07/25 04:53:19 Image size of job updated: 23297028
	22494  -  MemoryUsage of job (MB)
	23033128  -  ResidentSetSize of job (KB)
...
006 (17502481.013.000) 07/25 04:58:20 Image size of job updated: 23610752
	22519  -  MemoryUsage of job (MB)
	23058728  -  ResidentSetSize of job (KB)
...
006 (17502481.013.000) 07/25 05:03:21 Image size of job updated: 23610752
	22600  -  MemoryUsage of job (MB)
	23142060  -  ResidentSetSize of job (KB)
...
006 (17502481.013.000) 07/25 05:08:21 Image size of job updated: 23610752
	22695  -  MemoryUsage of job (MB)
	23239504  -  ResidentSetSize of job (KB)
...
006 (17502481.013.000) 07/25 05:13:22 Image size of job updated: 23610752
	22746  -  MemoryUsage of job (MB)
	23291440  -  ResidentSetSize of job (KB)
...
006 (17502481.013.000) 07/25 05:18:22 Image size of job updated: 23610752
	22840  -  MemoryUsage of job (MB)
	23387484  -  ResidentSetSize of job (KB)
...
006 (17502481.013.000) 07/25 05:23:22 Image size of job updated: 23978012
	23338  -  MemoryUsage of job (MB)
	23897720  -  ResidentSetSize of job (KB)
...
006 (17502481.013.000) 07/25 05:28:23 Image size of job updated: 23978012
	23341  -  MemoryUsage of job (MB)
	23900856  -  ResidentSetSize of job (KB)
...
006 (17502481.013.000) 07/25 05:53:24 Image size of job updated: 24378040
	23341  -  MemoryUsage of job (MB)
	23900856  -  ResidentSetSize of job (KB)
...
006 (17502481.013.000) 07/25 06:08:26 Image size of job updated: 24378040
	23410  -  MemoryUsage of job (MB)
	23971204  -  ResidentSetSize of job (KB)
...
006 (17502481.013.000) 07/25 06:13:27 Image size of job updated: 24378040
	23464  -  MemoryUsage of job (MB)
	24026924  -  ResidentSetSize of job (KB)
...
006 (17502481.013.000) 07/25 06:18:27 Image size of job updated: 24568688
	23993  -  MemoryUsage of job (MB)
	24568688  -  ResidentSetSize of job (KB)
...
006 (17502481.013.000) 07/25 06:23:29 Image size of job updated: 24686860
	24032  -  MemoryUsage of job (MB)
	24608092  -  ResidentSetSize of job (KB)
...
006 (17502481.013.000) 07/25 06:48:30 Image size of job updated: 25040724
	24396  -  MemoryUsage of job (MB)
	24980532  -  ResidentSetSize of job (KB)
...
006 (17502481.013.000) 07/25 07:18:34 Image size of job updated: 25469152
	24396  -  MemoryUsage of job (MB)
	24980532  -  ResidentSetSize of job (KB)
...
006 (17502481.013.000) 07/25 07:28:35 Image size of job updated: 25469152
	24470  -  MemoryUsage of job (MB)
	25056788  -  ResidentSetSize of job (KB)
...
006 (17502481.013.000) 07/25 07:33:36 Image size of job updated: 25469152
	24511  -  MemoryUsage of job (MB)
	25098700  -  ResidentSetSize of job (KB)
...
006 (17502481.013.000) 07/25 07:38:37 Image size of job updated: 25469152
	24598  -  MemoryUsage of job (MB)
	25187344  -  ResidentSetSize of job (KB)
...
006 (17502481.013.000) 07/25 07:43:37 Image size of job updated: 25794784
	25157  -  MemoryUsage of job (MB)
	25760336  -  ResidentSetSize of job (KB)
...
006 (17502481.013.000) 07/25 07:48:38 Image size of job updated: 27431456
	26740  -  MemoryUsage of job (MB)
	27381732  -  ResidentSetSize of job (KB)
...
006 (17502481.013.000) 07/25 07:50:56 Image size of job updated: 27431456
	26754  -  MemoryUsage of job (MB)
	27395780  -  ResidentSetSize of job (KB)
...
040 (17502481.013.000) 07/25 07:50:56 Started transferring output files
...
040 (17502481.013.000) 07/25 07:50:56 Finished transferring output files
...
005 (17502481.013.000) 07/25 07:50:56 Job terminated.
	(1) Normal termination (return value 0)
		Usr 3 18:19:05, Sys 1 13:35:35  -  Run Remote Usage
		Usr 0 00:00:00, Sys 0 00:00:00  -  Run Local Usage
		Usr 3 18:19:05, Sys 1 13:35:35  -  Total Remote Usage
		Usr 0 00:00:00, Sys 0 00:00:00  -  Total Local Usage
	6972  -  Run Bytes Sent By Job
	213393  -  Run Bytes Received By Job
	6972  -  Total Bytes Sent By Job
	213393  -  Total Bytes Received By Job
	Partitionable Resources :      Usage  Request Allocated Assigned
	   Cpus                 :       0.01        8         8 
	   Disk (KB)            : 1719210     8388608   8394846 
	   GPUs                 :       0.61        1         1 "GPU-961f99a9"
	   GpusMemory (MB)      :    3176                       
	   Memory (MB)          :   26754       24000     24000 
	   TimeExecute (s)      :   85488                       
	   TimeSlotBusy (s)     :   85489                       
...
