000 (17081096.004.000) 07/02 20:54:38 Job submitted from host: <188.185.114.121:9618?addrs=188.185.114.121-9618+[2001-1458-d00-a--100-273]-9618&alias=bigbird19.cern.ch&noUDP&sock=schedd_5103_cfe0>
...
040 (17081096.004.000) 07/02 23:29:35 Started transferring input files
	Transferring to host: <188.185.93.172:9618?addrs=188.185.93.172-9618+[2001-1458-d00-6c--100-16d]-9618&alias=b9g57n5389.cern.ch&noUDP&sock=slot1_1_17568_fec3_163117>
...
040 (17081096.004.000) 07/02 23:29:35 Finished transferring input files
...
001 (17081096.004.000) 07/02 23:29:36 Job executing on host: <188.185.93.172:9618?addrs=188.185.93.172-9618+[2001-1458-d00-6c--100-16d]-9618&alias=b9g57n5389.cern.ch&noUDP&sock=startd_16935_9473>
	SlotName: slot1_1@b9g57n5389.cern.ch
	AvailableGPUs = { GPUs_GPU_d5bc3a72 }
	CondorScratchDir = "/pool/condor/dir_1058971"
	Cpus = 8
	Disk = 8389608
	GPUs = 1
	GPUs_GPU_d5bc3a72 = [ Id = "GPU-d5bc3a72"; ClockMhz = 1410.0; Capability = 8.0; CoresPerCU = 64; DeviceName = "NVIDIA A100-PCIE-40GB"; DeviceUuid = "d5bc3a72-c3ca-7ccb-bb9b-d16ce43fa8e3"; ECCEnabled = true; ComputeUnits = 108; DriverVersion = 13.0; DevicePciBusId = "0000:06:00.0"; GlobalMemoryMb = 40441; MaxSupportedVersion = 13000 ]
	Memory = 24000
...
006 (17081096.004.000) 07/02 23:29:49 Image size of job updated: 168104
	165  -  MemoryUsage of job (MB)
	168104  -  ResidentSetSize of job (KB)
...
006 (17081096.004.000) 07/02 23:30:27 Image size of job updated: 409912
	165  -  MemoryUsage of job (MB)
	168132  -  ResidentSetSize of job (KB)
...
040 (17081096.004.000) 07/02 23:30:29 Started transferring output files
...
040 (17081096.004.000) 07/02 23:30:50 Finished transferring output files
...
021 (17081096.004.000) 07/02 23:30:50 Error from starter on slot1_1@b9g57n5389.cern.ch:
	STARTER at 188.185.93.172 failed to send file(s) to <188.185.114.121:9618>; SHADOW at 188.185.114.121 - |Error: writing to file /afs/cern.ch/user/y/yeo/4l/26.06.20/MergedID_SCAnalyzer/AOD_ee_eq0.h5: (errno 122) Disk quota exceeded
	Code 12 Subcode 122
...
004 (17081096.004.000) 07/02 23:30:50 Job was evicted. Code 12 Subcode 122
	(0) CPU times
		Usr 0 00:00:15, Sys 0 00:00:18  -  Run Remote Usage
		Usr 0 00:00:00, Sys 0 00:00:00  -  Run Local Usage
	0  -  Run Bytes Sent By Job
	132275  -  Run Bytes Received By Job
	Reason: Transfer output files failure at access point bigbird19 while receiving files from execution point slot1_1@b9g57n5389.cern.ch. Details: writing to file /afs/cern.ch/user/y/yeo/4l/26.06.20/MergedID_SCAnalyzer/AOD_ee_eq0.h5: (errno 122) Disk quota exceeded
	Partitionable Resources :    Usage  Request Allocated Assigned
	   Cpus                 :                 8         8 
	   Disk (KB)            :   781206  8388608   8389608 
	   GPUs                 :                 1         1 "GPU-d5bc3a72"
	   Memory (MB)          :      165    24000     24000 
	   TimeExecute (s)      :       51                    
	   TimeSlotBusy (s)     :       75                    
...
012 (17081096.004.000) 07/02 23:30:51 Job was held.
	Transfer output files failure at access point bigbird19 while receiving files from execution point slot1_1@b9g57n5389.cern.ch. Details: writing to file /afs/cern.ch/user/y/yeo/4l/26.06.20/MergedID_SCAnalyzer/AOD_ee_eq0.h5: (errno 122) Disk quota exceeded
	Code 12 Subcode 122
...
009 (17081096.004.000) 07/03 05:26:56 Job was aborted.
	via condor_rm (by user yeo)
...
