000 (17087689.008.000) 07/03 05:29:09 Job submitted from host: <188.185.114.121:9618?addrs=188.185.114.121-9618+[2001-1458-d00-a--100-273]-9618&alias=bigbird19.cern.ch&noUDP&sock=schedd_5103_cfe0>
...
040 (17087689.008.000) 07/03 06:30:28 Started transferring input files
	Transferring to host: <188.185.190.108:9618?addrs=188.185.190.108-9618+[2001-1458-d03-b--100-2ff]-9618&alias=b9pgpun015.cern.ch&noUDP&sock=slot1_4_1615979_24ca_161904>
...
040 (17087689.008.000) 07/03 06:30:28 Finished transferring input files
...
001 (17087689.008.000) 07/03 06:30:28 Job executing on host: <188.185.190.108:9618?addrs=188.185.190.108-9618+[2001-1458-d03-b--100-2ff]-9618&alias=b9pgpun015.cern.ch&noUDP&sock=startd_16497_25f7>
	SlotName: slot1_4@b9pgpun015.cern.ch
	AvailableGPUs = { GPUs_GPU_6c758778 }
	CondorScratchDir = "/pool/condor/dir_680606"
	Cpus = 8
	Disk = 8394271
	GPUs = 1
	GPUs_GPU_6c758778 = [ Id = "GPU-6c758778"; ClockMhz = 1785.0; Capability = 9.0; CoresPerCU = 128; DeviceName = "NVIDIA H100 NVL"; DeviceUuid = "6c758778-f190-832d-194b-c3fac08a8c33"; ECCEnabled = true; ComputeUnits = 132; DriverVersion = 13.0; DevicePciBusId = "0000:AE:00.0"; GlobalMemoryMb = 95320; MaxSupportedVersion = 13000 ]
	Memory = 24000
...
006 (17087689.008.000) 07/03 06:30:42 Image size of job updated: 342312
	335  -  MemoryUsage of job (MB)
	342312  -  ResidentSetSize of job (KB)
...
006 (17087689.008.000) 07/03 06:35:43 Image size of job updated: 2764544
	2700  -  MemoryUsage of job (MB)
	2764544  -  ResidentSetSize of job (KB)
...
006 (17087689.008.000) 07/03 06:40:43 Image size of job updated: 3373740
	3295  -  MemoryUsage of job (MB)
	3373740  -  ResidentSetSize of job (KB)
...
006 (17087689.008.000) 07/03 06:40:56 Image size of job updated: 3525444
	3295  -  MemoryUsage of job (MB)
	3373744  -  ResidentSetSize of job (KB)
...
040 (17087689.008.000) 07/03 06:40:56 Started transferring output files
...
040 (17087689.008.000) 07/03 06:40:56 Finished transferring output files
...
005 (17087689.008.000) 07/03 06:40:56 Job terminated.
	(1) Normal termination (return value 0)
		Usr 0 01:21:49, Sys 0 00:02:10  -  Run Remote Usage
		Usr 0 00:00:00, Sys 0 00:00:00  -  Run Local Usage
		Usr 0 01:21:49, Sys 0 00:02:10  -  Total Remote Usage
		Usr 0 00:00:00, Sys 0 00:00:00  -  Total Local Usage
	4193  -  Run Bytes Sent By Job
	172615  -  Run Bytes Received By Job
	4193  -  Total Bytes Sent By Job
	172615  -  Total Bytes Received By Job
	Partitionable Resources :     Usage  Request Allocated Assigned
	   Cpus                 :      8.34        8         8 
	   Disk (KB)            : 126396     8388608   8394271 
	   GPUs                 :      0.16        1         1 "GPU-6c758778"
	   GpusMemory (MB)      :   1522                       
	   Memory (MB)          :   3295       24000     24000 
	   TimeExecute (s)      :    628                       
	   TimeSlotBusy (s)     :    628                       
...
