000 (17081096.010.000) 07/02 20:54:38 Job submitted from host: <188.185.114.121:9618?addrs=188.185.114.121-9618+[2001-1458-d00-a--100-273]-9618&alias=bigbird19.cern.ch&noUDP&sock=schedd_5103_cfe0>
...
040 (17081096.010.000) 07/03 00:19:23 Started transferring input files
	Transferring to host: <188.185.238.12:9618?addrs=188.185.238.12-9618+[2001-1458-303-28--100-8]-9618&alias=b9pgpun001.cern.ch&noUDP&sock=slot1_1_3229370_0eb2_159713>
...
040 (17081096.010.000) 07/03 00:19:23 Finished transferring input files
...
001 (17081096.010.000) 07/03 00:19:24 Job executing on host: <188.185.238.12:9618?addrs=188.185.238.12-9618+[2001-1458-303-28--100-8]-9618&alias=b9pgpun001.cern.ch&noUDP&sock=startd_16419_a594>
	SlotName: slot1_1@b9pgpun001.cern.ch
	AvailableGPUs = { GPUs_GPU_ba8f5d65 }
	CondorScratchDir = "/pool/condor/dir_2351230"
	Cpus = 8
	Disk = 8394609
	GPUs = 1
	GPUs_GPU_ba8f5d65 = [ Id = "GPU-ba8f5d65"; ClockMhz = 1785.0; Capability = 9.0; CoresPerCU = 128; DeviceName = "NVIDIA H100 NVL"; DeviceUuid = "ba8f5d65-a6fb-796f-67a2-9d19bc987566"; ECCEnabled = true; ComputeUnits = 132; DriverVersion = 13.0; DevicePciBusId = "0000:3A:00.0"; GlobalMemoryMb = 95320; MaxSupportedVersion = 13000 ]
	Memory = 24000
...
006 (17081096.010.000) 07/03 00:19:38 Image size of job updated: 269284
	263  -  MemoryUsage of job (MB)
	269284  -  ResidentSetSize of job (KB)
...
006 (17081096.010.000) 07/03 00:19:42 Image size of job updated: 338944
	263  -  MemoryUsage of job (MB)
	269292  -  ResidentSetSize of job (KB)
...
040 (17081096.010.000) 07/03 00:19:42 Started transferring output files
...
040 (17081096.010.000) 07/03 00:19:57 Finished transferring output files
...
021 (17081096.010.000) 07/03 00:19:57 Error from starter on slot1_1@b9pgpun001.cern.ch:
	STARTER at 188.185.238.12 failed to send file(s) to <188.185.114.121:9618>; SHADOW at 188.185.114.121 - |Error: writing to file /afs/cern.ch/user/y/yeo/4l/26.06.20/MergedID_SCAnalyzer/MiniAOD_ee_all.h5: (errno 122) Disk quota exceeded
	Code 12 Subcode 122
...
004 (17081096.010.000) 07/03 00:19:57 Job was evicted. Code 12 Subcode 122
	(0) CPU times
		Usr 0 00:00:06, Sys 0 00:00:02  -  Run Remote Usage
		Usr 0 00:00:00, Sys 0 00:00:00  -  Run Local Usage
	0  -  Run Bytes Sent By Job
	132275  -  Run Bytes Received By Job
	Reason: Transfer output files failure at access point bigbird19 while receiving files from execution point slot1_1@b9pgpun001.cern.ch. Details: writing to file /afs/cern.ch/user/y/yeo/4l/26.06.20/MergedID_SCAnalyzer/MiniAOD_ee_all.h5: (errno 122) Disk quota exceeded
	Partitionable Resources :    Usage  Request Allocated Assigned
	   Cpus                 :                 8         8 
	   Disk (KB)            :   638357  8388608   8394609 
	   GPUs                 :                 1         1 "GPU-ba8f5d65"
	   Memory (MB)          :      263    24000     24000 
	   TimeExecute (s)      :       18                    
	   TimeSlotBusy (s)     :       34                    
...
012 (17081096.010.000) 07/03 00:19:57 Job was held.
	Transfer output files failure at access point bigbird19 while receiving files from execution point slot1_1@b9pgpun001.cern.ch. Details: writing to file /afs/cern.ch/user/y/yeo/4l/26.06.20/MergedID_SCAnalyzer/MiniAOD_ee_all.h5: (errno 122) Disk quota exceeded
	Code 12 Subcode 122
...
009 (17081096.010.000) 07/03 05:26:56 Job was aborted.
	via condor_rm (by user yeo)
...
