000 (17087690.006.000) 07/03 05:29:09 Job submitted from host: <188.185.114.121:9618?addrs=188.185.114.121-9618+[2001-1458-d00-a--100-273]-9618&alias=bigbird19.cern.ch&noUDP&sock=schedd_5103_cfe0>
...
040 (17087690.006.000) 07/03 07:18:12 Started transferring input files
	Transferring to host: <188.185.190.108:9618?addrs=188.185.190.108-9618+[2001-1458-d03-b--100-2ff]-9618&alias=b9pgpun015.cern.ch&noUDP&sock=slot1_4_1615979_24ca_161930>
...
040 (17087690.006.000) 07/03 07:18:12 Finished transferring input files
...
001 (17087690.006.000) 07/03 07:18:12 Job executing on host: <188.185.190.108:9618?addrs=188.185.190.108-9618+[2001-1458-d03-b--100-2ff]-9618&alias=b9pgpun015.cern.ch&noUDP&sock=startd_16497_25f7>
	SlotName: slot1_4@b9pgpun015.cern.ch
	AvailableGPUs = { GPUs_GPU_6c758778 }
	CondorScratchDir = "/pool/condor/dir_689703"
	Cpus = 8
	Disk = 8394352
	GPUs = 1
	GPUs_GPU_6c758778 = [ Id = "GPU-6c758778"; ClockMhz = 1785.0; Capability = 9.0; CoresPerCU = 128; DeviceName = "NVIDIA H100 NVL"; DeviceUuid = "6c758778-f190-832d-194b-c3fac08a8c33"; ECCEnabled = true; ComputeUnits = 132; DriverVersion = 13.0; DevicePciBusId = "0000:AE:00.0"; GlobalMemoryMb = 95320; MaxSupportedVersion = 13000 ]
	Memory = 24000
...
006 (17087690.006.000) 07/03 07:18:26 Image size of job updated: 26892
	27  -  MemoryUsage of job (MB)
	26892  -  ResidentSetSize of job (KB)
...
006 (17087690.006.000) 07/03 07:23:27 Image size of job updated: 3057828
	2987  -  MemoryUsage of job (MB)
	3057828  -  ResidentSetSize of job (KB)
...
006 (17087690.006.000) 07/03 07:28:27 Image size of job updated: 3785616
	3680  -  MemoryUsage of job (MB)
	3768024  -  ResidentSetSize of job (KB)
...
006 (17087690.006.000) 07/03 07:33:28 Image size of job updated: 3932728
	3693  -  MemoryUsage of job (MB)
	3780952  -  ResidentSetSize of job (KB)
...
006 (17087690.006.000) 07/03 07:38:29 Image size of job updated: 3971300
	3772  -  MemoryUsage of job (MB)
	3861952  -  ResidentSetSize of job (KB)
...
006 (17087690.006.000) 07/03 07:43:29 Image size of job updated: 4106648
	3794  -  MemoryUsage of job (MB)
	3884692  -  ResidentSetSize of job (KB)
...
006 (17087690.006.000) 07/03 07:48:30 Image size of job updated: 4114584
	3820  -  MemoryUsage of job (MB)
	3911204  -  ResidentSetSize of job (KB)
...
006 (17087690.006.000) 07/03 07:58:31 Image size of job updated: 4119152
	3867  -  MemoryUsage of job (MB)
	3958788  -  ResidentSetSize of job (KB)
...
006 (17087690.006.000) 07/03 08:03:32 Image size of job updated: 4183352
	3891  -  MemoryUsage of job (MB)
	3984004  -  ResidentSetSize of job (KB)
...
006 (17087690.006.000) 07/03 08:08:33 Image size of job updated: 4183352
	3893  -  MemoryUsage of job (MB)
	3986052  -  ResidentSetSize of job (KB)
...
006 (17087690.006.000) 07/03 08:13:33 Image size of job updated: 4224304
	3924  -  MemoryUsage of job (MB)
	4017548  -  ResidentSetSize of job (KB)
...
006 (17087690.006.000) 07/03 08:18:34 Image size of job updated: 4224304
	3952  -  MemoryUsage of job (MB)
	4045936  -  ResidentSetSize of job (KB)
...
006 (17087690.006.000) 07/03 08:23:35 Image size of job updated: 4254604
	3973  -  MemoryUsage of job (MB)
	4067548  -  ResidentSetSize of job (KB)
...
006 (17087690.006.000) 07/03 08:28:35 Image size of job updated: 4493428
	4214  -  MemoryUsage of job (MB)
	4314412  -  ResidentSetSize of job (KB)
...
006 (17087690.006.000) 07/03 09:09:49 Image size of job updated: 5128600
	4214  -  MemoryUsage of job (MB)
	4314412  -  ResidentSetSize of job (KB)
...
040 (17087690.006.000) 07/03 09:09:49 Started transferring output files
...
040 (17087690.006.000) 07/03 09:09:49 Finished transferring output files
...
005 (17087690.006.000) 07/03 09:09:49 Job terminated.
	(1) Normal termination (return value 0)
		Usr 0 03:52:10, Sys 0 01:44:20  -  Run Remote Usage
		Usr 0 00:00:00, Sys 0 00:00:00  -  Run Local Usage
		Usr 0 03:52:10, Sys 0 01:44:20  -  Total Remote Usage
		Usr 0 00:00:00, Sys 0 00:00:00  -  Total Local Usage
	3738  -  Run Bytes Sent By Job
	172615  -  Run Bytes Received By Job
	3738  -  Total Bytes Sent By Job
	172615  -  Total Bytes Received By Job
	Partitionable Resources :     Usage  Request Allocated Assigned
	   Cpus                 :      2.88        8         8 
	   Disk (KB)            : 442972     8388608   8394352 
	   GPUs                 :      0.93        1         1 "GPU-6c758778"
	   GpusMemory (MB)      :   5824                       
	   Memory (MB)          :   4214       24000     24000 
	   TimeExecute (s)      :   6697                       
	   TimeSlotBusy (s)     :   6697                       
...
