[host] b9pgpun015.cern.ch
[args] train_point_transformer_track_classifier.py --detector eb --weight-h5 /eos/user/y/yeo/4l/weights/categories/AOD_eq0/category_weights.h5 --compact /eos/user/y/yeo/4l/compact/AOD_eb_eq0.h5 --output-dir /eos/user/y/yeo/4l/runs/v5/track_aod_eb_eq0 --track-types GenTrk --epochs 20 --num-workers 8 --batch-size 64 --lr 1e-4 --max-points 16 --embed-dim 128 --depth 4 --num-heads 4 --mlp-ratio 4.0 --dropout 0.1
[stage-in] /eos/user/y/yeo/4l/compact/AOD_eb_eq0.h5 -> /pool/condor/dir_673978/AOD_eb_eq0.h5
[gpu] True 1
[detector] eb
[weight_h5] /eos/home-y/yeo/4l/weights/categories/AOD_eq0/category_weights.h5
[weight_key] EB_weight_split
[output] /pool/condor/dir_673978/jobout
[device] cuda
[num_workers] requested=8 effective=8
[torch_sharing_strategy] file_system
[compact] /pool/condor/dir_673978/AOD_eb_eq0.h5

[weight sums before training]
train background=0.99999999 signal=1.00000000 total=1.99999999 | before_rebalance background=0.79927301 signal=0.79347634
val   background=1.00000000 signal=1.00000000 total=2.00000000 | before_rebalance background=0.09952260 signal=0.11015458
test  background=0.99999999 signal=1.00000000 total=1.99999999 | before_rebalance background=0.10120440 signal=0.09636909

[start training]

Epoch 001 | train_loss=0.409445 train_auc=0.8897 train_f1@0.5=0.8145 | val_loss=0.423372 val_auc=0.8962 val_f1@0.5=0.8433
Epoch 002 | train_loss=0.396686 train_auc=0.8966 train_f1@0.5=0.8234 | val_loss=0.429867 val_auc=0.8978 val_f1@0.5=0.8361
Epoch 003 | train_loss=0.399735 train_auc=0.8966 train_f1@0.5=0.8141 | val_loss=0.421882 val_auc=0.8981 val_f1@0.5=0.8352
Epoch 004 | train_loss=0.415338 train_auc=0.8927 train_f1@0.5=0.8259 | val_loss=0.423797 val_auc=0.8959 val_f1@0.5=0.8376
Epoch 005 | train_loss=0.401220 train_auc=0.8975 train_f1@0.5=0.8229 | val_loss=0.415901 val_auc=0.8995 val_f1@0.5=0.8338
Epoch 006 | train_loss=0.406498 train_auc=0.8953 train_f1@0.5=0.8277 | val_loss=0.443662 val_auc=0.8956 val_f1@0.5=0.8249
Epoch 007 | train_loss=0.392144 train_auc=0.8991 train_f1@0.5=0.8239 | val_loss=0.414658 val_auc=0.9010 val_f1@0.5=0.8093
Epoch 008 | train_loss=0.406146 train_auc=0.8964 train_f1@0.5=0.8236 | val_loss=0.398976 val_auc=0.9046 val_f1@0.5=0.8415
Epoch 009 | train_loss=0.399609 train_auc=0.8972 train_f1@0.5=0.8234 | val_loss=0.377690 val_auc=0.9074 val_f1@0.5=0.8433
Epoch 010 | train_loss=0.409639 train_auc=0.8960 train_f1@0.5=0.8234 | val_loss=0.352077 val_auc=0.9137 val_f1@0.5=0.8459
Epoch 011 | train_loss=0.385256 train_auc=0.9029 train_f1@0.5=0.8251 | val_loss=0.356989 val_auc=0.9121 val_f1@0.5=0.8446
Epoch 012 | train_loss=0.387808 train_auc=0.9025 train_f1@0.5=0.8249 | val_loss=0.361041 val_auc=0.9137 val_f1@0.5=0.8422
Epoch 013 | train_loss=0.387148 train_auc=0.9029 train_f1@0.5=0.8259 | val_loss=0.405546 val_auc=0.9070 val_f1@0.5=0.8424
Epoch 014 | train_loss=0.385842 train_auc=0.9044 train_f1@0.5=0.8292 | val_loss=0.350770 val_auc=0.9153 val_f1@0.5=0.8555
Epoch 015 | train_loss=0.386778 train_auc=0.9041 train_f1@0.5=0.8267 | val_loss=0.355510 val_auc=0.9138 val_f1@0.5=0.8436
Epoch 016 | train_loss=0.393332 train_auc=0.9024 train_f1@0.5=0.8272 | val_loss=0.341238 val_auc=0.9172 val_f1@0.5=0.8543
Epoch 017 | train_loss=0.386103 train_auc=0.9045 train_f1@0.5=0.8256 | val_loss=0.344945 val_auc=0.9164 val_f1@0.5=0.8582
Epoch 018 | train_loss=0.387578 train_auc=0.9045 train_f1@0.5=0.8262 | val_loss=0.340238 val_auc=0.9159 val_f1@0.5=0.8570
Epoch 019 | train_loss=0.399815 train_auc=0.9019 train_f1@0.5=0.8308 | val_loss=0.367006 val_auc=0.9115 val_f1@0.5=0.8420
Epoch 020 | train_loss=0.380479 train_auc=0.9072 train_f1@0.5=0.8291 | val_loss=0.357229 val_auc=0.9130 val_f1@0.5=0.8455

[test summary]
  threshold = 0.490000
  test_auc  = 0.895426
  test_f1   = 0.807222
[stage-out] /pool/condor/dir_673978/jobout -> root://eosuser.cern.ch//eos/user/y/yeo/4l/runs/v5/track_aod_eb_eq0
[stage-out] done
