[host] b9pgpun015.cern.ch
[args] train_point_transformer_track_classifier.py --detector eb --weight-h5 /eos/user/y/yeo/4l/weights/categories/MiniAOD_eq1/category_weights.h5 --compact /eos/user/y/yeo/4l/compact/MiniAOD_eb_eq1.h5 --output-dir /eos/user/y/yeo/4l/runs/v5/track_mini_eb_eq1 --track-types Lost,PF,GSF --epochs 20 --num-workers 8 --batch-size 64 --lr 1e-4 --max-points 16 --embed-dim 128 --depth 4 --num-heads 4 --mlp-ratio 4.0 --dropout 0.1
[stage-in] /eos/user/y/yeo/4l/compact/MiniAOD_eb_eq1.h5 -> /pool/condor/dir_680606/MiniAOD_eb_eq1.h5
[gpu] True 1
[detector] eb
[weight_h5] /eos/home-y/yeo/4l/weights/categories/MiniAOD_eq1/category_weights.h5
[weight_key] EB_weight_split
[output] /pool/condor/dir_680606/jobout
[device] cuda
[num_workers] requested=8 effective=8
[torch_sharing_strategy] file_system
[compact] /pool/condor/dir_680606/MiniAOD_eb_eq1.h5

[weight sums before training]
train background=1.00000000 signal=1.00000001 total=2.00000000 | before_rebalance background=0.82071396 signal=0.81596106
val   background=1.00000000 signal=1.00000000 total=2.00000000 | before_rebalance background=0.09198531 signal=0.09484172
test  background=1.00000000 signal=1.00000000 total=2.00000001 | before_rebalance background=0.08730073 signal=0.08919723

[start training]

Epoch 001 | train_loss=0.600097 train_auc=0.8004 train_f1@0.5=0.8029 | val_loss=0.408554 val_auc=0.9347 val_f1@0.5=0.8862
Epoch 002 | train_loss=0.544597 train_auc=0.8451 train_f1@0.5=0.8289 | val_loss=0.331414 val_auc=0.9316 val_f1@0.5=0.8927
Epoch 003 | train_loss=0.554848 train_auc=0.8402 train_f1@0.5=0.8354 | val_loss=0.302289 val_auc=0.9464 val_f1@0.5=0.9017
Epoch 004 | train_loss=0.526487 train_auc=0.8642 train_f1@0.5=0.8315 | val_loss=0.335445 val_auc=0.9584 val_f1@0.5=0.8899
Epoch 005 | train_loss=0.535842 train_auc=0.8622 train_f1@0.5=0.8255 | val_loss=0.395268 val_auc=0.9625 val_f1@0.5=0.8792
Epoch 006 | train_loss=0.492445 train_auc=0.8840 train_f1@0.5=0.8421 | val_loss=0.291774 val_auc=0.9610 val_f1@0.5=0.9095
Epoch 007 | train_loss=0.475749 train_auc=0.8968 train_f1@0.5=0.8483 | val_loss=0.281133 val_auc=0.9653 val_f1@0.5=0.9036
Epoch 008 | train_loss=0.483576 train_auc=0.8911 train_f1@0.5=0.8483 | val_loss=0.282224 val_auc=0.9701 val_f1@0.5=0.9047
Epoch 009 | train_loss=0.429103 train_auc=0.9143 train_f1@0.5=0.8600 | val_loss=0.252749 val_auc=0.9600 val_f1@0.5=0.9126
Epoch 010 | train_loss=0.373654 train_auc=0.9313 train_f1@0.5=0.8676 | val_loss=0.242031 val_auc=0.9714 val_f1@0.5=0.9117
Epoch 011 | train_loss=0.335528 train_auc=0.9399 train_f1@0.5=0.8721 | val_loss=0.680623 val_auc=0.9644 val_f1@0.5=0.7752
Epoch 012 | train_loss=0.358748 train_auc=0.9384 train_f1@0.5=0.8660 | val_loss=0.230291 val_auc=0.9770 val_f1@0.5=0.9176
Epoch 013 | train_loss=0.309199 train_auc=0.9496 train_f1@0.5=0.8729 | val_loss=0.204777 val_auc=0.9783 val_f1@0.5=0.9257
Epoch 014 | train_loss=0.312462 train_auc=0.9467 train_f1@0.5=0.8660 | val_loss=0.229510 val_auc=0.9752 val_f1@0.5=0.9180
Epoch 015 | train_loss=0.316207 train_auc=0.9489 train_f1@0.5=0.8826 | val_loss=0.246533 val_auc=0.9681 val_f1@0.5=0.9200
Epoch 016 | train_loss=0.310840 train_auc=0.9520 train_f1@0.5=0.8775 | val_loss=0.256212 val_auc=0.9785 val_f1@0.5=0.9196
Epoch 017 | train_loss=0.305742 train_auc=0.9501 train_f1@0.5=0.8673 | val_loss=0.248174 val_auc=0.9795 val_f1@0.5=0.9077
Epoch 018 | train_loss=0.286830 train_auc=0.9542 train_f1@0.5=0.9003 | val_loss=0.199943 val_auc=0.9773 val_f1@0.5=0.9229
Epoch 019 | train_loss=0.263732 train_auc=0.9599 train_f1@0.5=0.9043 | val_loss=0.221922 val_auc=0.9783 val_f1@0.5=0.9147
Epoch 020 | train_loss=0.263166 train_auc=0.9600 train_f1@0.5=0.9000 | val_loss=0.206614 val_auc=0.9787 val_f1@0.5=0.9245

[test summary]
  threshold = 0.896000
  test_auc  = 0.976537
  test_f1   = 0.926396
[stage-out] /pool/condor/dir_680606/jobout -> root://eosuser.cern.ch//eos/user/y/yeo/4l/runs/v5/track_mini_eb_eq1
[stage-out] done
