000 (17081096.001.000) 07/02 20:54:38 Job submitted from host: <188.185.114.121:9618?addrs=188.185.114.121-9618+[2001-1458-d00-a--100-273]-9618&alias=bigbird19.cern.ch&noUDP&sock=schedd_5103_cfe0>
...
040 (17081096.001.000) 07/02 23:13:42 Started transferring input files
	Transferring to host: <188.185.238.12:9618?addrs=188.185.238.12-9618+[2001-1458-303-28--100-8]-9618&alias=b9pgpun001.cern.ch&noUDP&sock=slot1_4_3229370_0eb2_159678>
...
001 (17081096.001.000) 07/02 23:13:48 Job executing on host: <188.185.238.12:9618?addrs=188.185.238.12-9618+[2001-1458-303-28--100-8]-9618&alias=b9pgpun001.cern.ch&noUDP&sock=startd_16419_a594>
	SlotName: slot1_4@b9pgpun001.cern.ch
	AvailableGPUs = { GPUs_GPU_b3592e1c }
	CondorScratchDir = "/pool/condor/dir_2305472"
	Cpus = 8
	Disk = 8394607
	GPUs = 1
	GPUs_GPU_b3592e1c = [ Id = "GPU-b3592e1c"; ClockMhz = 1785.0; Capability = 9.0; CoresPerCU = 128; DeviceName = "NVIDIA H100 NVL"; DeviceUuid = "b3592e1c-94b7-d9d7-0d94-bdbd69c4d6f6"; ECCEnabled = true; ComputeUnits = 132; DriverVersion = 13.0; DevicePciBusId = "0000:AE:00.0"; GlobalMemoryMb = 95320; MaxSupportedVersion = 13000 ]
	Memory = 24000
...
040 (17081096.001.000) 07/02 23:13:48 Finished transferring input files
...
006 (17081096.001.000) 07/02 23:14:02 Image size of job updated: 71968
	43  -  MemoryUsage of job (MB)
	43532  -  ResidentSetSize of job (KB)
...
006 (17081096.001.000) 07/02 23:14:08 Image size of job updated: 247960
	43  -  MemoryUsage of job (MB)
	43600  -  ResidentSetSize of job (KB)
...
040 (17081096.001.000) 07/02 23:14:30 Started transferring output files
...
040 (17081096.001.000) 07/02 23:14:44 Finished transferring output files
...
021 (17081096.001.000) 07/02 23:15:08 Error from starter on slot1_4@b9pgpun001.cern.ch:
	STARTER at 188.185.238.12 failed to send file(s) to <188.185.114.121:9618>; SHADOW at 188.185.114.121 - |Error: writing to file /afs/cern.ch/user/y/yeo/4l/26.06.20/MergedID_SCAnalyzer/AOD_ee_all.h5: (errno 122) Disk quota exceeded
	Code 12 Subcode 122
...
004 (17081096.001.000) 07/02 23:15:16 Job was evicted. Code 12 Subcode 122
	(0) CPU times
		Usr 0 00:00:06, Sys 0 00:00:02  -  Run Remote Usage
		Usr 0 00:00:00, Sys 0 00:00:00  -  Run Local Usage
	0  -  Run Bytes Sent By Job
	132275  -  Run Bytes Received By Job
	Reason: Transfer output files failure at access point bigbird19 while receiving files from execution point slot1_4@b9pgpun001.cern.ch. Details: writing to file /afs/cern.ch/user/y/yeo/4l/26.06.20/MergedID_SCAnalyzer/AOD_ee_all.h5: (errno 122) Disk quota exceeded
	Partitionable Resources :    Usage  Request Allocated Assigned
	   Cpus                 :                 8         8 
	   Disk (KB)            :   865976  8388608   8394607 
	   GPUs                 :                 1         1 "GPU-b3592e1c"
	   Memory (MB)          :       43    24000     24000 
	   TimeExecute (s)      :       22                    
	   TimeSlotBusy (s)     :       94                    
...
012 (17081096.001.000) 07/02 23:15:22 Job was held.
	Transfer output files failure at access point bigbird19 while receiving files from execution point slot1_4@b9pgpun001.cern.ch. Details: writing to file /afs/cern.ch/user/y/yeo/4l/26.06.20/MergedID_SCAnalyzer/AOD_ee_all.h5: (errno 122) Disk quota exceeded
	Code 12 Subcode 122
...
009 (17081096.001.000) 07/03 05:26:56 Job was aborted.
	via condor_rm (by user yeo)
...
