000 (17087690.008.000) 07/03 05:29:09 Job submitted from host: <188.185.114.121:9618?addrs=188.185.114.121-9618+[2001-1458-d00-a--100-273]-9618&alias=bigbird19.cern.ch&noUDP&sock=schedd_5103_cfe0>
...
040 (17087690.008.000) 07/03 07:34:36 Started transferring input files
	Transferring to host: <188.185.93.9:9618?addrs=188.185.93.9-9618+[2001-1458-d00-6c--100-1d4]-9618&alias=b9g57n0005.cern.ch&noUDP&sock=slot1_1_4898_d580_135065>
...
040 (17087690.008.000) 07/03 07:34:36 Finished transferring input files
...
001 (17087690.008.000) 07/03 07:34:36 Job executing on host: <188.185.93.9:9618?addrs=188.185.93.9-9618+[2001-1458-d00-6c--100-1d4]-9618&alias=b9g57n0005.cern.ch&noUDP&sock=startd_4853_5533>
	SlotName: slot1_1@b9g57n0005.cern.ch
	AvailableGPUs = { GPUs_GPU_f7b29eb4 }
	CondorScratchDir = "/pool/condor/dir_2270075"
	Cpus = 8
	Disk = 8389632
	GPUs = 1
	GPUs_GPU_f7b29eb4 = [ Id = "GPU-f7b29eb4"; ClockMhz = 1410.0; Capability = 8.0; CoresPerCU = 64; DeviceName = "NVIDIA A100-PCIE-40GB"; DeviceUuid = "f7b29eb4-a8a4-2aa2-9117-94b506dacb04"; ECCEnabled = true; ComputeUnits = 108; DriverVersion = 13.0; DevicePciBusId = "0000:06:00.0"; GlobalMemoryMb = 40441; MaxSupportedVersion = 13000 ]
	Memory = 24000
...
006 (17087690.008.000) 07/03 07:34:50 Image size of job updated: 221588
	217  -  MemoryUsage of job (MB)
	221588  -  ResidentSetSize of job (KB)
...
006 (17087690.008.000) 07/03 07:39:51 Image size of job updated: 2806664
	2727  -  MemoryUsage of job (MB)
	2792088  -  ResidentSetSize of job (KB)
...
006 (17087690.008.000) 07/03 07:44:51 Image size of job updated: 2916040
	2756  -  MemoryUsage of job (MB)
	2821628  -  ResidentSetSize of job (KB)
...
006 (17087690.008.000) 07/03 07:49:51 Image size of job updated: 3030216
	2846  -  MemoryUsage of job (MB)
	2914304  -  ResidentSetSize of job (KB)
...
006 (17087690.008.000) 07/03 07:54:52 Image size of job updated: 3030216
	2848  -  MemoryUsage of job (MB)
	2916152  -  ResidentSetSize of job (KB)
...
006 (17087690.008.000) 07/03 07:59:53 Image size of job updated: 3030216
	2871  -  MemoryUsage of job (MB)
	2939624  -  ResidentSetSize of job (KB)
...
006 (17087690.008.000) 07/03 08:04:53 Image size of job updated: 3035444
	2884  -  MemoryUsage of job (MB)
	2952988  -  ResidentSetSize of job (KB)
...
006 (17087690.008.000) 07/03 08:09:54 Image size of job updated: 3083892
	2893  -  MemoryUsage of job (MB)
	2961500  -  ResidentSetSize of job (KB)
...
006 (17087690.008.000) 07/03 08:14:55 Image size of job updated: 3083892
	2895  -  MemoryUsage of job (MB)
	2964252  -  ResidentSetSize of job (KB)
...
006 (17087690.008.000) 07/03 08:16:55 Image size of job updated: 3611868
	2904  -  MemoryUsage of job (MB)
	2973312  -  ResidentSetSize of job (KB)
...
040 (17087690.008.000) 07/03 08:16:55 Started transferring output files
...
040 (17087690.008.000) 07/03 08:16:55 Finished transferring output files
...
005 (17087690.008.000) 07/03 08:16:55 Job terminated.
	(1) Normal termination (return value 0)
		Usr 0 00:56:48, Sys 0 00:55:44  -  Run Remote Usage
		Usr 0 00:00:00, Sys 0 00:00:00  -  Run Local Usage
		Usr 0 00:56:48, Sys 0 00:55:44  -  Total Remote Usage
		Usr 0 00:00:00, Sys 0 00:00:00  -  Total Local Usage
	3394  -  Run Bytes Sent By Job
	172615  -  Run Bytes Received By Job
	3394  -  Total Bytes Sent By Job
	172615  -  Total Bytes Received By Job
	Partitionable Resources :     Usage  Request Allocated Assigned
	   Cpus                 :      2.58        8         8 
	   Disk (KB)            : 349240     8388608   8389632 
	   GPUs                 :      0.93        1         1 "GPU-f7b29eb4"
	   GpusMemory (MB)      :   5588                       
	   Memory (MB)          :   2904       24000     24000 
	   TimeExecute (s)      :   2539                       
	   TimeSlotBusy (s)     :   2539                       
...
