000 (17081096.005.000) 07/02 20:54:38 Job submitted from host: <188.185.114.121:9618?addrs=188.185.114.121-9618+[2001-1458-d00-a--100-273]-9618&alias=bigbird19.cern.ch&noUDP&sock=schedd_5103_cfe0>
...
040 (17081096.005.000) 07/02 23:58:18 Started transferring input files
	Transferring to host: <188.185.92.87:9618?addrs=188.185.92.87-9618+[2001-1458-d00-6c--100-224]-9618&alias=b9g57n0001.cern.ch&noUDP&sock=slot1_1_2310997_32f1_76689>
...
040 (17081096.005.000) 07/02 23:58:18 Finished transferring input files
...
001 (17081096.005.000) 07/02 23:58:19 Job executing on host: <188.185.92.87:9618?addrs=188.185.92.87-9618+[2001-1458-d00-6c--100-224]-9618&alias=b9g57n0001.cern.ch&noUDP&sock=startd_2310956_2d6a>
	SlotName: slot1_1@b9g57n0001.cern.ch
	AvailableGPUs = { GPUs_GPU_668b0fca }
	CondorScratchDir = "/pool/condor/dir_3719719"
	Cpus = 8
	Disk = 8389563
	GPUs = 1
	GPUs_GPU_668b0fca = [ Id = "GPU-668b0fca"; ClockMhz = 1410.0; Capability = 8.0; CoresPerCU = 64; DeviceName = "NVIDIA A100-PCIE-40GB"; DeviceUuid = "668b0fca-0200-adbe-408a-934a241a644f"; ECCEnabled = true; ComputeUnits = 108; DriverVersion = 13.0; DevicePciBusId = "0000:06:00.0"; GlobalMemoryMb = 40441; MaxSupportedVersion = 13000 ]
	Memory = 24000
...
006 (17081096.005.000) 07/02 23:58:33 Image size of job updated: 69992
	69  -  MemoryUsage of job (MB)
	69992  -  ResidentSetSize of job (KB)
...
006 (17081096.005.000) 07/02 23:59:43 Image size of job updated: 393308
	69  -  MemoryUsage of job (MB)
	69992  -  ResidentSetSize of job (KB)
...
040 (17081096.005.000) 07/02 23:59:46 Started transferring output files
...
040 (17081096.005.000) 07/03 00:00:06 Finished transferring output files
...
021 (17081096.005.000) 07/03 00:00:09 Error from starter on slot1_1@b9g57n0001.cern.ch:
	STARTER at 188.185.92.87 failed to send file(s) to <188.185.114.121:9618>; SHADOW at 188.185.114.121 - |Error: writing to file /afs/cern.ch/user/y/yeo/4l/26.06.20/MergedID_SCAnalyzer/AOD_ee_eq0.h5: (errno 122) Disk quota exceeded
	Code 12 Subcode 122
...
004 (17081096.005.000) 07/03 00:00:10 Job was evicted. Code 12 Subcode 122
	(0) CPU times
		Usr 0 00:00:14, Sys 0 00:00:25  -  Run Remote Usage
		Usr 0 00:00:00, Sys 0 00:00:00  -  Run Local Usage
	0  -  Run Bytes Sent By Job
	132275  -  Run Bytes Received By Job
	Reason: Transfer output files failure at access point bigbird19 while receiving files from execution point slot1_1@b9g57n0001.cern.ch. Details: writing to file /afs/cern.ch/user/y/yeo/4l/26.06.20/MergedID_SCAnalyzer/AOD_ee_eq0.h5: (errno 122) Disk quota exceeded
	Partitionable Resources :    Usage  Request Allocated Assigned
	   Cpus                 :        0        8         8 
	   Disk (KB)            :   781215  8388608   8389563 
	   GPUs                 :                 1         1 "GPU-668b0fca"
	   Memory (MB)          :       69    24000     24000 
	   TimeExecute (s)      :       84                    
	   TimeSlotBusy (s)     :      112                    
...
012 (17081096.005.000) 07/03 00:00:12 Job was held.
	Transfer output files failure at access point bigbird19 while receiving files from execution point slot1_1@b9g57n0001.cern.ch. Details: writing to file /afs/cern.ch/user/y/yeo/4l/26.06.20/MergedID_SCAnalyzer/AOD_ee_eq0.h5: (errno 122) Disk quota exceeded
	Code 12 Subcode 122
...
009 (17081096.005.000) 07/03 05:26:56 Job was aborted.
	via condor_rm (by user yeo)
...
