000 (17087689.003.000) 07/03 05:29:09 Job submitted from host: <188.185.114.121:9618?addrs=188.185.114.121-9618+[2001-1458-d00-a--100-273]-9618&alias=bigbird19.cern.ch&noUDP&sock=schedd_5103_cfe0>
...
040 (17087689.003.000) 07/03 05:54:33 Started transferring input files
	Transferring to host: <188.185.93.172:9618?addrs=188.185.93.172-9618+[2001-1458-d00-6c--100-16d]-9618&alias=b9g57n5389.cern.ch&noUDP&sock=slot1_1_17568_fec3_163302>
...
040 (17087689.003.000) 07/03 05:54:33 Finished transferring input files
...
001 (17087689.003.000) 07/03 05:54:33 Job executing on host: <188.185.93.172:9618?addrs=188.185.93.172-9618+[2001-1458-d00-6c--100-16d]-9618&alias=b9g57n5389.cern.ch&noUDP&sock=startd_16935_9473>
	SlotName: slot1_1@b9g57n5389.cern.ch
	AvailableGPUs = { GPUs_GPU_d5bc3a72 }
	CondorScratchDir = "/pool/condor/dir_1142224"
	Cpus = 8
	Disk = 8389632
	GPUs = 1
	GPUs_GPU_d5bc3a72 = [ Id = "GPU-d5bc3a72"; ClockMhz = 1410.0; Capability = 8.0; CoresPerCU = 64; DeviceName = "NVIDIA A100-PCIE-40GB"; DeviceUuid = "d5bc3a72-c3ca-7ccb-bb9b-d16ce43fa8e3"; ECCEnabled = true; ComputeUnits = 108; DriverVersion = 13.0; DevicePciBusId = "0000:06:00.0"; GlobalMemoryMb = 40441; MaxSupportedVersion = 13000 ]
	Memory = 24000
...
006 (17087689.003.000) 07/03 05:54:47 Image size of job updated: 189784
	186  -  MemoryUsage of job (MB)
	189784  -  ResidentSetSize of job (KB)
...
006 (17087689.003.000) 07/03 05:59:48 Image size of job updated: 2542144
	2483  -  MemoryUsage of job (MB)
	2542144  -  ResidentSetSize of job (KB)
...
006 (17087689.003.000) 07/03 06:04:49 Image size of job updated: 2680760
	2618  -  MemoryUsage of job (MB)
	2680760  -  ResidentSetSize of job (KB)
...
006 (17087689.003.000) 07/03 06:09:49 Image size of job updated: 2809304
	2744  -  MemoryUsage of job (MB)
	2809304  -  ResidentSetSize of job (KB)
...
006 (17087689.003.000) 07/03 06:14:49 Image size of job updated: 2916552
	2849  -  MemoryUsage of job (MB)
	2916552  -  ResidentSetSize of job (KB)
...
006 (17087689.003.000) 07/03 06:19:50 Image size of job updated: 3028672
	2958  -  MemoryUsage of job (MB)
	3028672  -  ResidentSetSize of job (KB)
...
006 (17087689.003.000) 07/03 06:24:50 Image size of job updated: 3139288
	3065  -  MemoryUsage of job (MB)
	3137544  -  ResidentSetSize of job (KB)
...
006 (17087689.003.000) 07/03 06:29:50 Image size of job updated: 3252464
	3177  -  MemoryUsage of job (MB)
	3252464  -  ResidentSetSize of job (KB)
...
006 (17087689.003.000) 07/03 06:34:51 Image size of job updated: 3359008
	3281  -  MemoryUsage of job (MB)
	3359008  -  ResidentSetSize of job (KB)
...
006 (17087689.003.000) 07/03 06:39:51 Image size of job updated: 3475140
	3394  -  MemoryUsage of job (MB)
	3475140  -  ResidentSetSize of job (KB)
...
006 (17087689.003.000) 07/03 06:44:51 Image size of job updated: 3586036
	3502  -  MemoryUsage of job (MB)
	3586036  -  ResidentSetSize of job (KB)
...
006 (17087689.003.000) 07/03 06:49:52 Image size of job updated: 3692724
	3607  -  MemoryUsage of job (MB)
	3692724  -  ResidentSetSize of job (KB)
...
006 (17087689.003.000) 07/03 06:54:52 Image size of job updated: 4232968
	4038  -  MemoryUsage of job (MB)
	4134624  -  ResidentSetSize of job (KB)
...
040 (17087689.003.000) 07/03 06:56:40 Started transferring output files
...
040 (17087689.003.000) 07/03 06:56:40 Finished transferring output files
...
005 (17087689.003.000) 07/03 06:56:40 Job terminated.
	(1) Normal termination (return value 0)
		Usr 0 03:38:03, Sys 0 00:39:52  -  Run Remote Usage
		Usr 0 00:00:00, Sys 0 00:00:00  -  Run Local Usage
		Usr 0 03:38:03, Sys 0 00:39:52  -  Total Remote Usage
		Usr 0 00:00:00, Sys 0 00:00:00  -  Total Local Usage
	4167  -  Run Bytes Sent By Job
	172615  -  Run Bytes Received By Job
	4167  -  Total Bytes Sent By Job
	172615  -  Total Bytes Received By Job
	Partitionable Resources :     Usage  Request Allocated Assigned
	   Cpus                 :      4.26        8         8 
	   Disk (KB)            : 889241     8388608   8389632 
	   GPUs                 :      0.16        1         1 "GPU-d5bc3a72"
	   GpusMemory (MB)      :   1170                       
	   Memory (MB)          :   4038       24000     24000 
	   TimeExecute (s)      :   3727                       
	   TimeSlotBusy (s)     :   3727                       
...
