000 (17087690.000.000) 07/03 05:29:09 Job submitted from host: <188.185.114.121:9618?addrs=188.185.114.121-9618+[2001-1458-d00-a--100-273]-9618&alias=bigbird19.cern.ch&noUDP&sock=schedd_5103_cfe0>
...
040 (17087690.000.000) 07/03 06:52:22 Started transferring input files
	Transferring to host: <188.185.92.157:9618?addrs=188.185.92.157-9618+[2001-1458-d00-6c--100-379]-9618&alias=b9g57n1695.cern.ch&noUDP&sock=slot1_1_5389_c9b4_163656>
...
040 (17087690.000.000) 07/03 06:52:22 Finished transferring input files
...
001 (17087690.000.000) 07/03 06:52:22 Job executing on host: <188.185.92.157:9618?addrs=188.185.92.157-9618+[2001-1458-d00-6c--100-379]-9618&alias=b9g57n1695.cern.ch&noUDP&sock=startd_5342_bf03>
	SlotName: slot1_1@b9g57n1695.cern.ch
	AvailableGPUs = { GPUs_GPU_837d59ba }
	CondorScratchDir = "/pool/condor/dir_872811"
	Cpus = 8
	Disk = 8388787
	GPUs = 1
	GPUs_GPU_837d59ba = [ Id = "GPU-837d59ba"; ClockMhz = 1410.0; Capability = 8.0; CoresPerCU = 64; DeviceName = "NVIDIA A100-PCIE-40GB"; DeviceUuid = "837d59ba-8828-f50d-eac6-78cf9176c415"; ECCEnabled = true; ComputeUnits = 108; DriverVersion = 13.0; DevicePciBusId = "0000:06:00.0"; GlobalMemoryMb = 40441; MaxSupportedVersion = 13000 ]
	Memory = 24000
...
006 (17087690.000.000) 07/03 06:52:36 Image size of job updated: 223256
	219  -  MemoryUsage of job (MB)
	223256  -  ResidentSetSize of job (KB)
...
006 (17087690.000.000) 07/03 06:57:37 Image size of job updated: 2667892
	2593  -  MemoryUsage of job (MB)
	2654344  -  ResidentSetSize of job (KB)
...
006 (17087690.000.000) 07/03 07:02:37 Image size of job updated: 2747532
	2652  -  MemoryUsage of job (MB)
	2715592  -  ResidentSetSize of job (KB)
...
006 (17087690.000.000) 07/03 07:07:37 Image size of job updated: 2918840
	2824  -  MemoryUsage of job (MB)
	2891368  -  ResidentSetSize of job (KB)
...
006 (17087690.000.000) 07/03 07:12:38 Image size of job updated: 3002516
	2905  -  MemoryUsage of job (MB)
	2973876  -  ResidentSetSize of job (KB)
...
006 (17087690.000.000) 07/03 07:17:38 Image size of job updated: 3082480
	2980  -  MemoryUsage of job (MB)
	3050732  -  ResidentSetSize of job (KB)
...
006 (17087690.000.000) 07/03 07:22:38 Image size of job updated: 3156168
	3083  -  MemoryUsage of job (MB)
	3156168  -  ResidentSetSize of job (KB)
...
006 (17087690.000.000) 07/03 07:27:39 Image size of job updated: 3265856
	3164  -  MemoryUsage of job (MB)
	3238924  -  ResidentSetSize of job (KB)
...
006 (17087690.000.000) 07/03 07:32:39 Image size of job updated: 3357096
	3249  -  MemoryUsage of job (MB)
	3326316  -  ResidentSetSize of job (KB)
...
006 (17087690.000.000) 07/03 07:37:39 Image size of job updated: 3449184
	3368  -  MemoryUsage of job (MB)
	3448364  -  ResidentSetSize of job (KB)
...
006 (17087690.000.000) 07/03 07:42:40 Image size of job updated: 3542760
	3460  -  MemoryUsage of job (MB)
	3542760  -  ResidentSetSize of job (KB)
...
006 (17087690.000.000) 07/03 07:47:40 Image size of job updated: 3635968
	3551  -  MemoryUsage of job (MB)
	3635968  -  ResidentSetSize of job (KB)
...
006 (17087690.000.000) 07/03 07:52:40 Image size of job updated: 3766072
	3668  -  MemoryUsage of job (MB)
	3755820  -  ResidentSetSize of job (KB)
...
006 (17087690.000.000) 07/03 07:57:41 Image size of job updated: 3849948
	3748  -  MemoryUsage of job (MB)
	3837608  -  ResidentSetSize of job (KB)
...
006 (17087690.000.000) 07/03 08:02:42 Image size of job updated: 3945968
	3822  -  MemoryUsage of job (MB)
	3913428  -  ResidentSetSize of job (KB)
...
006 (17087690.000.000) 07/03 08:07:42 Image size of job updated: 4029984
	3936  -  MemoryUsage of job (MB)
	4029984  -  ResidentSetSize of job (KB)
...
006 (17087690.000.000) 07/03 08:12:43 Image size of job updated: 4107500
	4012  -  MemoryUsage of job (MB)
	4107500  -  ResidentSetSize of job (KB)
...
006 (17087690.000.000) 07/03 08:17:44 Image size of job updated: 4177688
	4050  -  MemoryUsage of job (MB)
	4146540  -  ResidentSetSize of job (KB)
...
006 (17087690.000.000) 07/03 08:22:44 Image size of job updated: 4251584
	4152  -  MemoryUsage of job (MB)
	4251584  -  ResidentSetSize of job (KB)
...
006 (17087690.000.000) 07/03 08:27:45 Image size of job updated: 6279136
	6045  -  MemoryUsage of job (MB)
	6189196  -  ResidentSetSize of job (KB)
...
006 (17087690.000.000) 07/03 08:32:46 Image size of job updated: 6650828
	6495  -  MemoryUsage of job (MB)
	6650828  -  ResidentSetSize of job (KB)
...
006 (17087690.000.000) 07/03 08:37:46 Image size of job updated: 6663408
	6508  -  MemoryUsage of job (MB)
	6663408  -  ResidentSetSize of job (KB)
...
006 (17087690.000.000) 07/03 08:42:47 Image size of job updated: 6683000
	6522  -  MemoryUsage of job (MB)
	6677904  -  ResidentSetSize of job (KB)
...
006 (17087690.000.000) 07/03 08:47:48 Image size of job updated: 6689744
	6522  -  MemoryUsage of job (MB)
	6677904  -  ResidentSetSize of job (KB)
...
006 (17087690.000.000) 07/03 08:52:48 Image size of job updated: 6702432
	6546  -  MemoryUsage of job (MB)
	6702432  -  ResidentSetSize of job (KB)
...
006 (17087690.000.000) 07/03 08:57:48 Image size of job updated: 6816192
	6625  -  MemoryUsage of job (MB)
	6783600  -  ResidentSetSize of job (KB)
...
006 (17087690.000.000) 07/03 09:02:49 Image size of job updated: 6828440
	6637  -  MemoryUsage of job (MB)
	6795852  -  ResidentSetSize of job (KB)
...
006 (17087690.000.000) 07/03 09:07:49 Image size of job updated: 6841596
	6650  -  MemoryUsage of job (MB)
	6809040  -  ResidentSetSize of job (KB)
...
006 (17087690.000.000) 07/03 09:12:49 Image size of job updated: 6855204
	6664  -  MemoryUsage of job (MB)
	6823208  -  ResidentSetSize of job (KB)
...
006 (17087690.000.000) 07/03 09:17:50 Image size of job updated: 6869028
	6704  -  MemoryUsage of job (MB)
	6864304  -  ResidentSetSize of job (KB)
...
006 (17087690.000.000) 07/03 09:22:50 Image size of job updated: 6881408
	6721  -  MemoryUsage of job (MB)
	6881408  -  ResidentSetSize of job (KB)
...
006 (17087690.000.000) 07/03 09:27:50 Image size of job updated: 6893544
	6732  -  MemoryUsage of job (MB)
	6893544  -  ResidentSetSize of job (KB)
...
006 (17087690.000.000) 07/03 09:32:51 Image size of job updated: 6905624
	6744  -  MemoryUsage of job (MB)
	6905624  -  ResidentSetSize of job (KB)
...
006 (17087690.000.000) 07/03 09:37:51 Image size of job updated: 6917316
	6744  -  MemoryUsage of job (MB)
	6905624  -  ResidentSetSize of job (KB)
...
006 (17087690.000.000) 07/03 09:42:51 Image size of job updated: 6930836
	6744  -  MemoryUsage of job (MB)
	6905624  -  ResidentSetSize of job (KB)
...
006 (17087690.000.000) 07/03 09:47:52 Image size of job updated: 6952660
	6790  -  MemoryUsage of job (MB)
	6952660  -  ResidentSetSize of job (KB)
...
006 (17087690.000.000) 07/03 09:52:53 Image size of job updated: 6991732
	6828  -  MemoryUsage of job (MB)
	6991732  -  ResidentSetSize of job (KB)
...
006 (17087690.000.000) 07/03 09:57:53 Image size of job updated: 7042708
	6847  -  MemoryUsage of job (MB)
	7010336  -  ResidentSetSize of job (KB)
...
006 (17087690.000.000) 07/03 10:02:54 Image size of job updated: 7131396
	6924  -  MemoryUsage of job (MB)
	7090068  -  ResidentSetSize of job (KB)
...
006 (17087690.000.000) 07/03 10:07:55 Image size of job updated: 7131396
	6925  -  MemoryUsage of job (MB)
	7090996  -  ResidentSetSize of job (KB)
...
006 (17087690.000.000) 07/03 10:17:56 Image size of job updated: 7131396
	6939  -  MemoryUsage of job (MB)
	7105284  -  ResidentSetSize of job (KB)
...
006 (17087690.000.000) 07/03 10:22:57 Image size of job updated: 7131396
	6939  -  MemoryUsage of job (MB)
	7105300  -  ResidentSetSize of job (KB)
...
006 (17087690.000.000) 07/03 10:27:57 Image size of job updated: 7133656
	6967  -  MemoryUsage of job (MB)
	7133656  -  ResidentSetSize of job (KB)
...
006 (17087690.000.000) 07/03 10:32:57 Image size of job updated: 7146592
	6980  -  MemoryUsage of job (MB)
	7146592  -  ResidentSetSize of job (KB)
...
006 (17087690.000.000) 07/03 10:37:58 Image size of job updated: 7159296
	6980  -  MemoryUsage of job (MB)
	7146592  -  ResidentSetSize of job (KB)
...
006 (17087690.000.000) 07/03 10:42:58 Image size of job updated: 7172868
	7005  -  MemoryUsage of job (MB)
	7172868  -  ResidentSetSize of job (KB)
...
006 (17087690.000.000) 07/03 10:47:58 Image size of job updated: 7216508
	7018  -  MemoryUsage of job (MB)
	7185644  -  ResidentSetSize of job (KB)
...
006 (17087690.000.000) 07/03 10:52:59 Image size of job updated: 7216508
	7045  -  MemoryUsage of job (MB)
	7213684  -  ResidentSetSize of job (KB)
...
006 (17087690.000.000) 07/03 10:57:59 Image size of job updated: 7228504
	7060  -  MemoryUsage of job (MB)
	7228504  -  ResidentSetSize of job (KB)
...
006 (17087690.000.000) 07/03 11:02:59 Image size of job updated: 7239876
	7060  -  MemoryUsage of job (MB)
	7228504  -  ResidentSetSize of job (KB)
...
006 (17087690.000.000) 07/03 11:08:00 Image size of job updated: 7263324
	7094  -  MemoryUsage of job (MB)
	7263324  -  ResidentSetSize of job (KB)
...
006 (17087690.000.000) 07/03 11:13:00 Image size of job updated: 7275448
	7105  -  MemoryUsage of job (MB)
	7275448  -  ResidentSetSize of job (KB)
...
006 (17087690.000.000) 07/03 11:18:00 Image size of job updated: 7305704
	7105  -  MemoryUsage of job (MB)
	7275456  -  ResidentSetSize of job (KB)
...
006 (17087690.000.000) 07/03 11:23:01 Image size of job updated: 7318520
	7145  -  MemoryUsage of job (MB)
	7315500  -  ResidentSetSize of job (KB)
...
006 (17087690.000.000) 07/03 11:28:01 Image size of job updated: 7331456
	7153  -  MemoryUsage of job (MB)
	7323860  -  ResidentSetSize of job (KB)
...
006 (17087690.000.000) 07/03 11:33:01 Image size of job updated: 7353700
	7182  -  MemoryUsage of job (MB)
	7353700  -  ResidentSetSize of job (KB)
...
006 (17087690.000.000) 07/03 11:38:02 Image size of job updated: 7434336
	7260  -  MemoryUsage of job (MB)
	7433552  -  ResidentSetSize of job (KB)
...
006 (17087690.000.000) 07/03 11:43:03 Image size of job updated: 7492736
	7260  -  MemoryUsage of job (MB)
	7433560  -  ResidentSetSize of job (KB)
...
006 (17087690.000.000) 07/03 12:08:06 Image size of job updated: 7492736
	7270  -  MemoryUsage of job (MB)
	7444092  -  ResidentSetSize of job (KB)
...
006 (17087690.000.000) 07/03 12:13:07 Image size of job updated: 7492736
	7270  -  MemoryUsage of job (MB)
	7444096  -  ResidentSetSize of job (KB)
...
006 (17087690.000.000) 07/03 12:18:07 Image size of job updated: 7492736
	7273  -  MemoryUsage of job (MB)
	7447000  -  ResidentSetSize of job (KB)
...
006 (17087690.000.000) 07/03 12:23:08 Image size of job updated: 7492736
	7285  -  MemoryUsage of job (MB)
	7459136  -  ResidentSetSize of job (KB)
...
006 (17087690.000.000) 07/03 12:28:09 Image size of job updated: 7519896
	7314  -  MemoryUsage of job (MB)
	7489416  -  ResidentSetSize of job (KB)
...
006 (17087690.000.000) 07/03 12:33:09 Image size of job updated: 7533224
	7351  -  MemoryUsage of job (MB)
	7527408  -  ResidentSetSize of job (KB)
...
006 (17087690.000.000) 07/03 12:38:09 Image size of job updated: 7548840
	7372  -  MemoryUsage of job (MB)
	7548840  -  ResidentSetSize of job (KB)
...
006 (17087690.000.000) 07/03 12:43:10 Image size of job updated: 7568952
	7392  -  MemoryUsage of job (MB)
	7568952  -  ResidentSetSize of job (KB)
...
006 (17087690.000.000) 07/03 12:48:10 Image size of job updated: 7587128
	7410  -  MemoryUsage of job (MB)
	7587128  -  ResidentSetSize of job (KB)
...
006 (17087690.000.000) 07/03 12:53:10 Image size of job updated: 7623112
	7410  -  MemoryUsage of job (MB)
	7587128  -  ResidentSetSize of job (KB)
...
006 (17087690.000.000) 07/03 12:58:11 Image size of job updated: 7623172
	7414  -  MemoryUsage of job (MB)
	7590956  -  ResidentSetSize of job (KB)
...
006 (17087690.000.000) 07/03 13:03:11 Image size of job updated: 7642252
	7432  -  MemoryUsage of job (MB)
	7609608  -  ResidentSetSize of job (KB)
...
006 (17087690.000.000) 07/03 13:08:11 Image size of job updated: 7662876
	7480  -  MemoryUsage of job (MB)
	7658628  -  ResidentSetSize of job (KB)
...
006 (17087690.000.000) 07/03 13:13:12 Image size of job updated: 7694928
	7510  -  MemoryUsage of job (MB)
	7689888  -  ResidentSetSize of job (KB)
...
006 (17087690.000.000) 07/03 13:18:13 Image size of job updated: 7714396
	7533  -  MemoryUsage of job (MB)
	7713512  -  ResidentSetSize of job (KB)
...
006 (17087690.000.000) 07/03 13:53:17 Image size of job updated: 7717076
	7533  -  MemoryUsage of job (MB)
	7713512  -  ResidentSetSize of job (KB)
...
006 (17087690.000.000) 07/03 13:58:18 Image size of job updated: 7729008
	7533  -  MemoryUsage of job (MB)
	7713512  -  ResidentSetSize of job (KB)
...
006 (17087690.000.000) 07/03 14:03:19 Image size of job updated: 7741376
	7560  -  MemoryUsage of job (MB)
	7741376  -  ResidentSetSize of job (KB)
...
006 (17087690.000.000) 07/03 14:08:19 Image size of job updated: 7753208
	7560  -  MemoryUsage of job (MB)
	7741376  -  ResidentSetSize of job (KB)
...
006 (17087690.000.000) 07/03 14:13:20 Image size of job updated: 7765740
	7584  -  MemoryUsage of job (MB)
	7765740  -  ResidentSetSize of job (KB)
...
006 (17087690.000.000) 07/03 14:18:21 Image size of job updated: 7777880
	7596  -  MemoryUsage of job (MB)
	7777880  -  ResidentSetSize of job (KB)
...
006 (17087690.000.000) 07/03 14:23:21 Image size of job updated: 7789836
	7596  -  MemoryUsage of job (MB)
	7777884  -  ResidentSetSize of job (KB)
...
006 (17087690.000.000) 07/03 14:28:21 Image size of job updated: 7802000
	7620  -  MemoryUsage of job (MB)
	7802000  -  ResidentSetSize of job (KB)
...
006 (17087690.000.000) 07/03 14:33:22 Image size of job updated: 7813944
	7620  -  MemoryUsage of job (MB)
	7802000  -  ResidentSetSize of job (KB)
...
006 (17087690.000.000) 07/03 14:38:22 Image size of job updated: 7827292
	7644  -  MemoryUsage of job (MB)
	7827292  -  ResidentSetSize of job (KB)
...
006 (17087690.000.000) 07/03 14:43:22 Image size of job updated: 7839212
	7644  -  MemoryUsage of job (MB)
	7827292  -  ResidentSetSize of job (KB)
...
006 (17087690.000.000) 07/03 14:48:23 Image size of job updated: 7850980
	7644  -  MemoryUsage of job (MB)
	7827348  -  ResidentSetSize of job (KB)
...
006 (17087690.000.000) 07/03 14:53:24 Image size of job updated: 7908952
	7644  -  MemoryUsage of job (MB)
	7827348  -  ResidentSetSize of job (KB)
...
006 (17087690.000.000) 07/03 15:08:25 Image size of job updated: 7908952
	7647  -  MemoryUsage of job (MB)
	7829816  -  ResidentSetSize of job (KB)
...
006 (17087690.000.000) 07/03 15:13:25 Image size of job updated: 7908952
	7662  -  MemoryUsage of job (MB)
	7845796  -  ResidentSetSize of job (KB)
...
006 (17087690.000.000) 07/03 15:18:26 Image size of job updated: 7908952
	7674  -  MemoryUsage of job (MB)
	7857808  -  ResidentSetSize of job (KB)
...
006 (17087690.000.000) 07/03 15:23:26 Image size of job updated: 7908952
	7701  -  MemoryUsage of job (MB)
	7885348  -  ResidentSetSize of job (KB)
...
006 (17087690.000.000) 07/03 15:28:26 Image size of job updated: 7908952
	7715  -  MemoryUsage of job (MB)
	7899316  -  ResidentSetSize of job (KB)
...
006 (17087690.000.000) 07/03 15:33:27 Image size of job updated: 7912564
	7728  -  MemoryUsage of job (MB)
	7912564  -  ResidentSetSize of job (KB)
...
006 (17087690.000.000) 07/03 15:38:27 Image size of job updated: 7925596
	7728  -  MemoryUsage of job (MB)
	7912564  -  ResidentSetSize of job (KB)
...
006 (17087690.000.000) 07/03 15:43:27 Image size of job updated: 7939040
	7753  -  MemoryUsage of job (MB)
	7939040  -  ResidentSetSize of job (KB)
...
006 (17087690.000.000) 07/03 15:48:28 Image size of job updated: 7952700
	7767  -  MemoryUsage of job (MB)
	7952700  -  ResidentSetSize of job (KB)
...
006 (17087690.000.000) 07/03 15:53:28 Image size of job updated: 7965284
	7767  -  MemoryUsage of job (MB)
	7952700  -  ResidentSetSize of job (KB)
...
006 (17087690.000.000) 07/03 15:58:28 Image size of job updated: 7979820
	7767  -  MemoryUsage of job (MB)
	7952700  -  ResidentSetSize of job (KB)
...
006 (17087690.000.000) 07/03 16:03:29 Image size of job updated: 7992168
	7774  -  MemoryUsage of job (MB)
	7959604  -  ResidentSetSize of job (KB)
...
006 (17087690.000.000) 07/03 16:08:29 Image size of job updated: 8004400
	7795  -  MemoryUsage of job (MB)
	7981200  -  ResidentSetSize of job (KB)
...
006 (17087690.000.000) 07/03 16:13:29 Image size of job updated: 8030324
	7806  -  MemoryUsage of job (MB)
	7992684  -  ResidentSetSize of job (KB)
...
006 (17087690.000.000) 07/03 16:18:30 Image size of job updated: 8030324
	7816  -  MemoryUsage of job (MB)
	8003008  -  ResidentSetSize of job (KB)
...
006 (17087690.000.000) 07/03 16:23:30 Image size of job updated: 8041692
	7822  -  MemoryUsage of job (MB)
	8009508  -  ResidentSetSize of job (KB)
...
006 (17087690.000.000) 07/03 16:28:30 Image size of job updated: 8078536
	7822  -  MemoryUsage of job (MB)
	8009508  -  ResidentSetSize of job (KB)
...
006 (17087690.000.000) 07/03 16:48:33 Image size of job updated: 8078536
	7822  -  MemoryUsage of job (MB)
	8009652  -  ResidentSetSize of job (KB)
...
006 (17087690.000.000) 07/03 16:53:34 Image size of job updated: 8078536
	7834  -  MemoryUsage of job (MB)
	8021468  -  ResidentSetSize of job (KB)
...
006 (17087690.000.000) 07/03 16:58:34 Image size of job updated: 8078536
	7846  -  MemoryUsage of job (MB)
	8033524  -  ResidentSetSize of job (KB)
...
006 (17087690.000.000) 07/03 17:08:35 Image size of job updated: 8078536
	7869  -  MemoryUsage of job (MB)
	8057540  -  ResidentSetSize of job (KB)
...
006 (17087690.000.000) 07/03 17:13:35 Image size of job updated: 8078536
	7881  -  MemoryUsage of job (MB)
	8069552  -  ResidentSetSize of job (KB)
...
006 (17087690.000.000) 07/03 17:18:35 Image size of job updated: 8105024
	7881  -  MemoryUsage of job (MB)
	8069552  -  ResidentSetSize of job (KB)
...
006 (17087690.000.000) 07/03 17:23:36 Image size of job updated: 8105024
	7901  -  MemoryUsage of job (MB)
	8090308  -  ResidentSetSize of job (KB)
...
006 (17087690.000.000) 07/03 17:28:36 Image size of job updated: 8105620
	7905  -  MemoryUsage of job (MB)
	8093704  -  ResidentSetSize of job (KB)
...
006 (17087690.000.000) 07/03 17:33:36 Image size of job updated: 8117940
	7928  -  MemoryUsage of job (MB)
	8117940  -  ResidentSetSize of job (KB)
...
006 (17087690.000.000) 07/03 17:39:08 Image size of job updated: 8129664
	7928  -  MemoryUsage of job (MB)
	8117940  -  ResidentSetSize of job (KB)
...
006 (17087690.000.000) 07/03 17:43:37 Image size of job updated: 8141452
	7929  -  MemoryUsage of job (MB)
	8119020  -  ResidentSetSize of job (KB)
...
006 (17087690.000.000) 07/03 17:48:37 Image size of job updated: 8154300
	7964  -  MemoryUsage of job (MB)
	8154300  -  ResidentSetSize of job (KB)
...
006 (17087690.000.000) 07/03 17:53:38 Image size of job updated: 8166476
	7976  -  MemoryUsage of job (MB)
	8166476  -  ResidentSetSize of job (KB)
...
006 (17087690.000.000) 07/03 17:58:39 Image size of job updated: 8206748
	7976  -  MemoryUsage of job (MB)
	8166476  -  ResidentSetSize of job (KB)
...
006 (17087690.000.000) 07/03 18:03:39 Image size of job updated: 8219272
	8016  -  MemoryUsage of job (MB)
	8208108  -  ResidentSetSize of job (KB)
...
006 (17087690.000.000) 07/03 18:08:40 Image size of job updated: 8227252
	8017  -  MemoryUsage of job (MB)
	8209356  -  ResidentSetSize of job (KB)
...
006 (17087690.000.000) 07/03 18:48:43 Image size of job updated: 8227252
	8018  -  MemoryUsage of job (MB)
	8210064  -  ResidentSetSize of job (KB)
...
006 (17087690.000.000) 07/03 18:53:43 Image size of job updated: 8261256
	8038  -  MemoryUsage of job (MB)
	8229908  -  ResidentSetSize of job (KB)
...
006 (17087690.000.000) 07/03 19:08:45 Image size of job updated: 8266112
	8046  -  MemoryUsage of job (MB)
	8238732  -  ResidentSetSize of job (KB)
...
006 (17087690.000.000) 07/03 19:13:46 Image size of job updated: 8278260
	8085  -  MemoryUsage of job (MB)
	8278260  -  ResidentSetSize of job (KB)
...
006 (17087690.000.000) 07/03 19:18:47 Image size of job updated: 8319140
	8085  -  MemoryUsage of job (MB)
	8278260  -  ResidentSetSize of job (KB)
...
006 (17087690.000.000) 07/03 19:23:47 Image size of job updated: 8319140
	8088  -  MemoryUsage of job (MB)
	8281368  -  ResidentSetSize of job (KB)
...
006 (17087690.000.000) 07/03 19:28:48 Image size of job updated: 8319140
	8120  -  MemoryUsage of job (MB)
	8314520  -  ResidentSetSize of job (KB)
...
006 (17087690.000.000) 07/03 19:33:49 Image size of job updated: 8326536
	8132  -  MemoryUsage of job (MB)
	8326536  -  ResidentSetSize of job (KB)
...
006 (17087690.000.000) 07/03 19:38:49 Image size of job updated: 8384008
	8179  -  MemoryUsage of job (MB)
	8374528  -  ResidentSetSize of job (KB)
...
006 (17087690.000.000) 07/03 19:43:49 Image size of job updated: 8404692
	8194  -  MemoryUsage of job (MB)
	8389884  -  ResidentSetSize of job (KB)
...
006 (17087690.000.000) 07/03 20:23:53 Image size of job updated: 8420404
	8199  -  MemoryUsage of job (MB)
	8395120  -  ResidentSetSize of job (KB)
...
006 (17087690.000.000) 07/03 20:28:53 Image size of job updated: 8420404
	8199  -  MemoryUsage of job (MB)
	8395124  -  ResidentSetSize of job (KB)
...
006 (17087690.000.000) 07/03 20:33:54 Image size of job updated: 8420404
	8223  -  MemoryUsage of job (MB)
	8419392  -  ResidentSetSize of job (KB)
...
006 (17087690.000.000) 07/03 20:38:55 Image size of job updated: 8431552
	8234  -  MemoryUsage of job (MB)
	8431552  -  ResidentSetSize of job (KB)
...
006 (17087690.000.000) 07/03 20:43:55 Image size of job updated: 8443644
	8243  -  MemoryUsage of job (MB)
	8440056  -  ResidentSetSize of job (KB)
...
006 (17087690.000.000) 07/03 20:48:56 Image size of job updated: 8455800
	8258  -  MemoryUsage of job (MB)
	8455800  -  ResidentSetSize of job (KB)
...
006 (17087690.000.000) 07/03 20:53:57 Image size of job updated: 8468028
	8270  -  MemoryUsage of job (MB)
	8468028  -  ResidentSetSize of job (KB)
...
006 (17087690.000.000) 07/03 20:58:57 Image size of job updated: 8480200
	8282  -  MemoryUsage of job (MB)
	8480200  -  ResidentSetSize of job (KB)
...
006 (17087690.000.000) 07/03 21:03:58 Image size of job updated: 8492416
	8294  -  MemoryUsage of job (MB)
	8492416  -  ResidentSetSize of job (KB)
...
006 (17087690.000.000) 07/03 21:08:59 Image size of job updated: 8504668
	8294  -  MemoryUsage of job (MB)
	8492416  -  ResidentSetSize of job (KB)
...
006 (17087690.000.000) 07/03 21:15:10 Image size of job updated: 8584492
	8300  -  MemoryUsage of job (MB)
	8499016  -  ResidentSetSize of job (KB)
...
006 (17087690.000.000) 07/03 21:18:59 Image size of job updated: 8603240
	8300  -  MemoryUsage of job (MB)
	8499016  -  ResidentSetSize of job (KB)
...
006 (17087690.000.000) 07/03 21:44:15 Image size of job updated: 8603240
	8309  -  MemoryUsage of job (MB)
	8507740  -  ResidentSetSize of job (KB)
...
022 (17087690.000.000) 07/03 21:47:56 Job disconnected, attempting to reconnect
    Local schedd and job shadow died, schedd now running again
    Trying to reconnect to slot1_1@b9g57n1695.cern.ch <188.185.92.157:9618?addrs=188.185.92.157-9618+[2001-1458-d00-6c--100-379]-9618&alias=b9g57n1695.cern.ch&noUDP&sock=startd_5342_bf03>
...
040 (17087690.000.000) 07/04 00:22:39 Started transferring input files
	Transferring to host: <188.185.93.19:9618?addrs=188.185.93.19-9618+[2001-1458-d00-6c--100-3c2]-9618&alias=b9g57n7738.cern.ch&noUDP&sock=slot1_1_20459_f759_163146>
...
040 (17087690.000.000) 07/04 00:22:39 Finished transferring input files
...
001 (17087690.000.000) 07/04 00:22:39 Job executing on host: <188.185.93.19:9618?addrs=188.185.93.19-9618+[2001-1458-d00-6c--100-3c2]-9618&alias=b9g57n7738.cern.ch&noUDP&sock=startd_20413_32d7>
	SlotName: slot1_1@b9g57n7738.cern.ch
	AvailableGPUs = { GPUs_GPU_7a483b10 }
	CondorScratchDir = "/pool/condor/dir_4049640"
	Cpus = 8
	Disk = 8392869
	GPUs = 1
	GPUs_GPU_7a483b10 = [ Id = "GPU-7a483b10"; ClockMhz = 1410.0; Capability = 8.0; CoresPerCU = 64; DeviceName = "NVIDIA A100-PCIE-40GB"; DeviceUuid = "7a483b10-0f71-ee98-47a2-b3922f8bebfc"; ECCEnabled = true; ComputeUnits = 108; DriverVersion = 13.0; DevicePciBusId = "0000:06:00.0"; GlobalMemoryMb = 40441; MaxSupportedVersion = 13000 ]
	Memory = 24000
...
022 (17087690.000.000) 07/04 03:34:39 Job disconnected, attempting to reconnect
    Local schedd and job shadow died, schedd now running again
    Trying to reconnect to slot1_1@b9g57n7738.cern.ch <188.185.93.19:9618?addrs=188.185.93.19-9618+[2001-1458-d00-6c--100-3c2]-9618&alias=b9g57n7738.cern.ch&noUDP&sock=startd_20413_32d7>
...
040 (17087690.000.000) 07/04 05:24:57 Started transferring input files
	Transferring to host: <188.185.190.109:9618?addrs=188.185.190.109-9618+[2001-1458-d03-b--100-300]-9618&alias=b9pgpun014.cern.ch&noUDP&sock=slot1_1_10260_d91a_91378>
...
040 (17087690.000.000) 07/04 05:24:57 Finished transferring input files
...
001 (17087690.000.000) 07/04 05:24:57 Job executing on host: <188.185.190.109:9618?addrs=188.185.190.109-9618+[2001-1458-d03-b--100-300]-9618&alias=b9pgpun014.cern.ch&noUDP&sock=startd_9152_16d8>
	SlotName: slot1_1@b9pgpun014.cern.ch
	AvailableGPUs = { GPUs_GPU_d55ce482 }
	CondorScratchDir = "/pool/condor/dir_1936297"
	Cpus = 8
	Disk = 8394398
	GPUs = 1
	GPUs_GPU_d55ce482 = [ Id = "GPU-d55ce482"; ClockMhz = 1785.0; Capability = 9.0; CoresPerCU = 128; DeviceName = "NVIDIA H100 NVL"; DeviceUuid = "d55ce482-6b29-aba5-2387-d8dadb7ee20f"; ECCEnabled = true; ComputeUnits = 132; DriverVersion = 13.0; DevicePciBusId = "0000:3A:00.0"; GlobalMemoryMb = 95320; MaxSupportedVersion = 13000 ]
	Memory = 24000
...
022 (17087690.000.000) 07/04 07:45:47 Job disconnected, attempting to reconnect
    Local schedd and job shadow died, schedd now running again
    Trying to reconnect to slot1_1@b9pgpun014.cern.ch <188.185.190.109:9618?addrs=188.185.190.109-9618+[2001-1458-d03-b--100-300]-9618&alias=b9pgpun014.cern.ch&noUDP&sock=startd_9152_16d8>
...
040 (17087690.000.000) 07/04 09:12:46 Started transferring input files
	Transferring to host: <188.185.190.109:9618?addrs=188.185.190.109-9618+[2001-1458-d03-b--100-300]-9618&alias=b9pgpun014.cern.ch&noUDP&sock=slot1_1_10260_d91a_91492>
...
040 (17087690.000.000) 07/04 09:12:46 Finished transferring input files
...
001 (17087690.000.000) 07/04 09:12:46 Job executing on host: <188.185.190.109:9618?addrs=188.185.190.109-9618+[2001-1458-d03-b--100-300]-9618&alias=b9pgpun014.cern.ch&noUDP&sock=startd_9152_16d8>
	SlotName: slot1_1@b9pgpun014.cern.ch
	AvailableGPUs = { GPUs_GPU_d55ce482 }
	CondorScratchDir = "/pool/condor/dir_1993646"
	Cpus = 8
	Disk = 8394567
	GPUs = 1
	GPUs_GPU_d55ce482 = [ Id = "GPU-d55ce482"; ClockMhz = 1785.0; Capability = 9.0; CoresPerCU = 128; DeviceName = "NVIDIA H100 NVL"; DeviceUuid = "d55ce482-6b29-aba5-2387-d8dadb7ee20f"; ECCEnabled = true; ComputeUnits = 132; DriverVersion = 13.0; DevicePciBusId = "0000:3A:00.0"; GlobalMemoryMb = 95320; MaxSupportedVersion = 13000 ]
	Memory = 24000
...
022 (17087690.000.000) 07/04 20:12:44 Job disconnected, attempting to reconnect
    Local schedd and job shadow died, schedd now running again
    Trying to reconnect to slot1_1@b9pgpun014.cern.ch <188.185.190.109:9618?addrs=188.185.190.109-9618+[2001-1458-d03-b--100-300]-9618&alias=b9pgpun014.cern.ch&noUDP&sock=startd_9152_16d8>
...
040 (17087690.000.000) 07/05 06:26:10 Started transferring input files
	Transferring to host: <188.185.92.157:9618?addrs=188.185.92.157-9618+[2001-1458-d00-6c--100-379]-9618&alias=b9g57n1695.cern.ch&noUDP&sock=slot1_1_5389_c9b4_165014>
...
040 (17087690.000.000) 07/05 06:26:10 Finished transferring input files
...
001 (17087690.000.000) 07/05 06:26:10 Job executing on host: <188.185.92.157:9618?addrs=188.185.92.157-9618+[2001-1458-d00-6c--100-379]-9618&alias=b9g57n1695.cern.ch&noUDP&sock=startd_5342_bf03>
	SlotName: slot1_1@b9g57n1695.cern.ch
	AvailableGPUs = { GPUs_GPU_837d59ba }
	CondorScratchDir = "/pool/condor/dir_1206365"
	Cpus = 8
	Disk = 8389672
	GPUs = 1
	GPUs_GPU_837d59ba = [ Id = "GPU-837d59ba"; ClockMhz = 1410.0; Capability = 8.0; CoresPerCU = 64; DeviceName = "NVIDIA A100-PCIE-40GB"; DeviceUuid = "837d59ba-8828-f50d-eac6-78cf9176c415"; ECCEnabled = true; ComputeUnits = 108; DriverVersion = 13.0; DevicePciBusId = "0000:06:00.0"; GlobalMemoryMb = 40441; MaxSupportedVersion = 13000 ]
	Memory = 24000
...
040 (17087690.000.000) 07/06 00:12:08 Started transferring input files
	Transferring to host: <188.185.93.200:9618?addrs=188.185.93.200-9618+[2001-1458-d00-6c--100-3bf]-9618&alias=b9g57n5297.cern.ch&noUDP&sock=slot1_1_220848_250e_66096>
...
040 (17087690.000.000) 07/06 00:12:10 Finished transferring input files
...
001 (17087690.000.000) 07/06 00:12:10 Job executing on host: <188.185.93.200:9618?addrs=188.185.93.200-9618+[2001-1458-d00-6c--100-3bf]-9618&alias=b9g57n5297.cern.ch&noUDP&sock=startd_220806_20ed>
	SlotName: slot1_1@b9g57n5297.cern.ch
	AvailableGPUs = { GPUs_GPU_851bec56 }
	CondorScratchDir = "/pool/condor/dir_3901760"
	Cpus = 8
	Disk = 8389963
	GPUs = 1
	GPUs_GPU_851bec56 = [ Id = "GPU-851bec56"; ClockMhz = 1410.0; Capability = 8.0; CoresPerCU = 64; DeviceName = "NVIDIA A100-PCIE-40GB"; DeviceUuid = "851bec56-acc6-3aad-c54b-a2789b79a028"; ECCEnabled = true; ComputeUnits = 108; DriverVersion = 13.0; DevicePciBusId = "0000:06:00.0"; GlobalMemoryMb = 40441; MaxSupportedVersion = 13000 ]
	Memory = 24000
...
040 (17087690.000.000) 07/06 04:11:49 Started transferring input files
	Transferring to host: <188.185.238.10:9618?addrs=188.185.238.10-9618+[2001-1458-303-28--100-6]-9618&alias=b9pgpun002.cern.ch&noUDP&sock=slot1_4_1939520_0c0f_162553>
...
040 (17087690.000.000) 07/06 04:11:50 Finished transferring input files
...
001 (17087690.000.000) 07/06 04:11:50 Job executing on host: <188.185.238.10:9618?addrs=188.185.238.10-9618+[2001-1458-303-28--100-6]-9618&alias=b9pgpun002.cern.ch&noUDP&sock=startd_1939478_2ae8>
	SlotName: slot1_4@b9pgpun002.cern.ch
	AvailableGPUs = { GPUs_GPU_a111cc3f }
	CondorScratchDir = "/pool/condor/dir_1155965"
	Cpus = 8
	Disk = 8394607
	GPUs = 1
	GPUs_GPU_a111cc3f = [ Id = "GPU-a111cc3f"; ClockMhz = 1785.0; Capability = 9.0; CoresPerCU = 128; DeviceName = "NVIDIA H100 NVL"; DeviceUuid = "a111cc3f-b0ac-64c9-aeec-748e3fd5b066"; ECCEnabled = true; ComputeUnits = 132; DriverVersion = 13.0; DevicePciBusId = "0000:AE:00.0"; GlobalMemoryMb = 95320; MaxSupportedVersion = 13000 ]
	Memory = 24000
...
006 (17087690.000.000) 07/06 15:23:21 Image size of job updated: 10090284
	9766  -  MemoryUsage of job (MB)
	10000000  -  ResidentSetSize of job (KB)
...
006 (17087690.000.000) 07/06 15:38:22 Image size of job updated: 10090284
	9771  -  MemoryUsage of job (MB)
	10005464  -  ResidentSetSize of job (KB)
...
006 (17087690.000.000) 07/06 15:43:22 Image size of job updated: 10090284
	9777  -  MemoryUsage of job (MB)
	10010644  -  ResidentSetSize of job (KB)
...
006 (17087690.000.000) 07/06 15:48:23 Image size of job updated: 10090284
	9835  -  MemoryUsage of job (MB)
	10070408  -  ResidentSetSize of job (KB)
...
006 (17087690.000.000) 07/06 15:53:24 Image size of job updated: 10100224
	9864  -  MemoryUsage of job (MB)
	10100224  -  ResidentSetSize of job (KB)
...
006 (17087690.000.000) 07/06 15:58:24 Image size of job updated: 10130108
	9893  -  MemoryUsage of job (MB)
	10130108  -  ResidentSetSize of job (KB)
...
006 (17087690.000.000) 07/06 16:03:25 Image size of job updated: 10239992
	9893  -  MemoryUsage of job (MB)
	10130108  -  ResidentSetSize of job (KB)
...
006 (17087690.000.000) 07/06 16:23:28 Image size of job updated: 10239992
	9920  -  MemoryUsage of job (MB)
	10157252  -  ResidentSetSize of job (KB)
...
006 (17087690.000.000) 07/06 16:33:29 Image size of job updated: 10239992
	9978  -  MemoryUsage of job (MB)
	10217064  -  ResidentSetSize of job (KB)
...
006 (17087690.000.000) 07/06 16:38:30 Image size of job updated: 10336044
	10061  -  MemoryUsage of job (MB)
	10301844  -  ResidentSetSize of job (KB)
...
006 (17087690.000.000) 07/06 16:43:30 Image size of job updated: 10406396
	10061  -  MemoryUsage of job (MB)
	10301844  -  ResidentSetSize of job (KB)
...
006 (17087690.000.000) 07/06 17:03:33 Image size of job updated: 10406396
	10078  -  MemoryUsage of job (MB)
	10319540  -  ResidentSetSize of job (KB)
...
006 (17087690.000.000) 07/06 17:08:34 Image size of job updated: 10406396
	10099  -  MemoryUsage of job (MB)
	10341128  -  ResidentSetSize of job (KB)
...
006 (17087690.000.000) 07/06 17:13:34 Image size of job updated: 10406396
	10137  -  MemoryUsage of job (MB)
	10379268  -  ResidentSetSize of job (KB)
...
006 (17087690.000.000) 07/06 17:18:35 Image size of job updated: 10521308
	10226  -  MemoryUsage of job (MB)
	10470532  -  ResidentSetSize of job (KB)
...
006 (17087690.000.000) 07/06 17:23:35 Image size of job updated: 12199436
	10229  -  MemoryUsage of job (MB)
	10474020  -  ResidentSetSize of job (KB)
...
040 (17087690.000.000) 07/06 17:24:01 Started transferring output files
...
040 (17087690.000.000) 07/06 17:24:01 Finished transferring output files
...
005 (17087690.000.000) 07/06 17:24:01 Job terminated.
	(1) Normal termination (return value 0)
		Usr 1 05:16:39, Sys 0 09:06:21  -  Run Remote Usage
		Usr 0 00:00:00, Sys 0 00:00:00  -  Run Local Usage
		Usr 3 03:59:24, Sys 1 10:43:39  -  Total Remote Usage
		Usr 0 00:00:00, Sys 0 00:00:00  -  Total Local Usage
	3837  -  Run Bytes Sent By Job
	172615  -  Run Bytes Received By Job
	3837  -  Total Bytes Sent By Job
	1208305  -  Total Bytes Received By Job
	Partitionable Resources :      Usage  Request Allocated Assigned
	   Cpus                 :       7.64        8         8 
	   Disk (KB)            : 1219854     8388608   8394607 
	   GPUs                 :       0.95        1         1 "GPU-a111cc3f"
	   GpusMemory (MB)      :    5788                       
	   Memory (MB)          :   10229       24000     24000 
	   TimeExecute (s)      :   47531                       
	   TimeSlotBusy (s)     :   47533                       
...
