[host] b9g57n7827.cern.ch
[args] train_point_transformer_track_classifier.py --detector eb --weight-h5 /eos/user/y/yeo/4l/weights/categories/MiniAOD_all/category_weights.h5 --compact /eos/user/y/yeo/4l/compact/MiniAOD_eb_all.h5 --output-dir /eos/user/y/yeo/4l/runs/v5/track_mini_eb_all --track-types Lost,PF,GSF --epochs 20 --num-workers 8 --batch-size 64 --lr 1e-4 --max-points 16 --embed-dim 128 --depth 4 --num-heads 4 --mlp-ratio 4.0 --dropout 0.1
[stage-in] /eos/user/y/yeo/4l/compact/MiniAOD_eb_all.h5 -> /pool/condor/dir_69082/MiniAOD_eb_all.h5
[gpu] True 1
[detector] eb
[weight_h5] /eos/home-y/yeo/4l/weights/categories/MiniAOD_all/category_weights.h5
[weight_key] EB_weight_split
[output] /pool/condor/dir_69082/jobout
[device] cuda
[num_workers] requested=8 effective=8
[torch_sharing_strategy] file_system
[compact] /pool/condor/dir_69082/MiniAOD_eb_all.h5

[weight sums before training]
train background=1.00000000 signal=1.00000000 total=2.00000000 | before_rebalance background=0.77569082 signal=0.80709901
val   background=0.99999999 signal=1.00000000 total=1.99999999 | before_rebalance background=0.09680913 signal=0.09689014
test  background=1.00000000 signal=1.00000000 total=2.00000000 | before_rebalance background=0.12750005 signal=0.09601085

[start training]

Epoch 001 | train_loss=0.374698 train_auc=0.9144 train_f1@0.5=0.8742 | val_loss=0.542040 val_auc=0.8487 val_f1@0.5=0.8737
Epoch 002 | train_loss=0.356263 train_auc=0.9200 train_f1@0.5=0.8896 | val_loss=0.509529 val_auc=0.8875 val_f1@0.5=0.8721
Epoch 003 | train_loss=0.362427 train_auc=0.9254 train_f1@0.5=0.8796 | val_loss=0.535768 val_auc=0.9126 val_f1@0.5=0.8739
Epoch 004 | train_loss=0.334364 train_auc=0.9357 train_f1@0.5=0.8912 | val_loss=0.465741 val_auc=0.9174 val_f1@0.5=0.8772
Epoch 005 | train_loss=0.332785 train_auc=0.9356 train_f1@0.5=0.8922 | val_loss=0.644394 val_auc=0.9044 val_f1@0.5=0.8743
Epoch 006 | train_loss=0.338181 train_auc=0.9339 train_f1@0.5=0.8847 | val_loss=0.527323 val_auc=0.9295 val_f1@0.5=0.8713
Epoch 007 | train_loss=0.297362 train_auc=0.9440 train_f1@0.5=0.8919 | val_loss=0.354597 val_auc=0.9387 val_f1@0.5=0.9000
Epoch 008 | train_loss=0.266953 train_auc=0.9470 train_f1@0.5=0.9073 | val_loss=0.728926 val_auc=0.8890 val_f1@0.5=0.8765
Epoch 009 | train_loss=0.278813 train_auc=0.9459 train_f1@0.5=0.9057 | val_loss=0.614208 val_auc=0.9021 val_f1@0.5=0.8789
Epoch 010 | train_loss=0.282777 train_auc=0.9456 train_f1@0.5=0.9075 | val_loss=0.307717 val_auc=0.9468 val_f1@0.5=0.9041
Epoch 011 | train_loss=0.278990 train_auc=0.9440 train_f1@0.5=0.9079 | val_loss=0.301442 val_auc=0.9432 val_f1@0.5=0.8865
Epoch 012 | train_loss=0.271171 train_auc=0.9475 train_f1@0.5=0.9076 | val_loss=0.235922 val_auc=0.9487 val_f1@0.5=0.9253
Epoch 013 | train_loss=0.301113 train_auc=0.9412 train_f1@0.5=0.9045 | val_loss=0.343022 val_auc=0.9374 val_f1@0.5=0.8997
Epoch 014 | train_loss=0.261369 train_auc=0.9501 train_f1@0.5=0.9069 | val_loss=0.255102 val_auc=0.9450 val_f1@0.5=0.9051
Epoch 015 | train_loss=0.291814 train_auc=0.9451 train_f1@0.5=0.9067 | val_loss=0.292320 val_auc=0.9446 val_f1@0.5=0.8841
Epoch 016 | train_loss=0.254412 train_auc=0.9502 train_f1@0.5=0.9176 | val_loss=0.408729 val_auc=0.9352 val_f1@0.5=0.8854
Epoch 017 | train_loss=0.257980 train_auc=0.9502 train_f1@0.5=0.9140 | val_loss=0.282577 val_auc=0.9474 val_f1@0.5=0.9066

[early stopping] epoch=17

[test summary]
  threshold = 0.568000
  test_auc  = 0.923129
  test_f1   = 0.869616
[stage-out] /pool/condor/dir_69082/jobout -> root://eosuser.cern.ch//eos/user/y/yeo/4l/runs/v5/track_mini_eb_all
[stage-out] done
