000 (17081095.009.000) 07/02 20:54:36 Job submitted from host: <188.185.114.121:9618?addrs=188.185.114.121-9618+[2001-1458-d00-a--100-273]-9618&alias=bigbird19.cern.ch&noUDP&sock=schedd_5103_cfe0>
...
040 (17081095.009.000) 07/02 22:14:30 Started transferring input files
	Transferring to host: <188.185.92.184:9618?addrs=188.185.92.184-9618+[2001-1458-d00-6c--100-192]-9618&alias=b9g57n4080.cern.ch&noUDP&sock=slot1_1_8965_6746_14758>
...
040 (17081095.009.000) 07/02 22:14:31 Finished transferring input files
...
001 (17081095.009.000) 07/02 22:14:33 Job executing on host: <188.185.92.184:9618?addrs=188.185.92.184-9618+[2001-1458-d00-6c--100-192]-9618&alias=b9g57n4080.cern.ch&noUDP&sock=startd_8919_4547>
	SlotName: slot1_1@b9g57n4080.cern.ch
	AvailableGPUs = { GPUs_GPU_a841436e }
	CondorScratchDir = "/pool/condor/dir_1402250"
	Cpus = 8
	Disk = 8389605
	GPUs = 1
	GPUs_GPU_a841436e = [ Id = "GPU-a841436e"; ClockMhz = 1410.0; Capability = 8.0; CoresPerCU = 64; DeviceName = "NVIDIA A100-PCIE-40GB"; DeviceUuid = "a841436e-1cae-5da0-0a02-7b844fb8ca33"; ECCEnabled = true; ComputeUnits = 108; DriverVersion = 13.0; DevicePciBusId = "0000:06:00.0"; GlobalMemoryMb = 40441; MaxSupportedVersion = 13000 ]
	Memory = 24000
...
006 (17081095.009.000) 07/02 22:14:46 Image size of job updated: 210276
	206  -  MemoryUsage of job (MB)
	210276  -  ResidentSetSize of job (KB)
...
006 (17081095.009.000) 07/02 22:15:23 Image size of job updated: 391004
	206  -  MemoryUsage of job (MB)
	210296  -  ResidentSetSize of job (KB)
...
040 (17081095.009.000) 07/02 22:15:24 Started transferring output files
...
040 (17081095.009.000) 07/02 22:15:48 Finished transferring output files
...
021 (17081095.009.000) 07/02 22:15:56 Error from starter on slot1_1@b9g57n4080.cern.ch:
	STARTER at 188.185.92.184 failed to send file(s) to <188.185.114.121:9618>; SHADOW at 188.185.114.121 - |Error: writing to file /afs/cern.ch/user/y/yeo/4l/26.06.20/MergedID_SCAnalyzer/MiniAOD_ee_all.h5: (errno 122) Disk quota exceeded
	Code 12 Subcode 122
...
004 (17081095.009.000) 07/02 22:16:00 Job was evicted. Code 12 Subcode 122
	(0) CPU times
		Usr 0 00:00:13, Sys 0 00:00:18  -  Run Remote Usage
		Usr 0 00:00:00, Sys 0 00:00:00  -  Run Local Usage
	0  -  Run Bytes Sent By Job
	132275  -  Run Bytes Received By Job
	Reason: Transfer output files failure at access point bigbird19 while receiving files from execution point slot1_1@b9g57n4080.cern.ch. Details: writing to file /afs/cern.ch/user/y/yeo/4l/26.06.20/MergedID_SCAnalyzer/MiniAOD_ee_all.h5: (errno 122) Disk quota exceeded
	Partitionable Resources :    Usage  Request Allocated Assigned
	   Cpus                 :                 8         8 
	   Disk (KB)            :   638435  8388608   8389605 
	   GPUs                 :                 1         1 "GPU-a841436e"
	   Memory (MB)          :      206    24000     24000 
	   TimeExecute (s)      :       51                    
	   TimeSlotBusy (s)     :       89                    
...
012 (17081095.009.000) 07/02 22:16:05 Job was held.
	Transfer output files failure at access point bigbird19 while receiving files from execution point slot1_1@b9g57n4080.cern.ch. Details: writing to file /afs/cern.ch/user/y/yeo/4l/26.06.20/MergedID_SCAnalyzer/MiniAOD_ee_all.h5: (errno 122) Disk quota exceeded
	Code 12 Subcode 122
...
009 (17081095.009.000) 07/03 05:26:56 Job was aborted.
	via condor_rm (by user yeo)
...
