000 (17087689.005.000) 07/03 05:29:09 Job submitted from host: <188.185.114.121:9618?addrs=188.185.114.121-9618+[2001-1458-d00-a--100-273]-9618&alias=bigbird19.cern.ch&noUDP&sock=schedd_5103_cfe0>
...
040 (17087689.005.000) 07/03 06:10:36 Started transferring input files
	Transferring to host: <188.185.93.227:9618?addrs=188.185.93.227-9618&alias=b9g57n7827.cern.ch&noUDP&sock=slot1_1_16553_d5fa_163226>
...
040 (17087689.005.000) 07/03 06:10:36 Finished transferring input files
...
001 (17087689.005.000) 07/03 06:10:36 Job executing on host: <188.185.93.227:9618?addrs=188.185.93.227-9618&alias=b9g57n7827.cern.ch&noUDP&sock=startd_15635_e354>
	SlotName: slot1_1@b9g57n7827.cern.ch
	AvailableGPUs = { GPUs_GPU_ee78d802 }
	CondorScratchDir = "/pool/condor/dir_68029"
	Cpus = 8
	Disk = 8389633
	GPUs = 1
	GPUs_GPU_ee78d802 = [ Id = "GPU-ee78d802"; ClockMhz = 1410.0; Capability = 8.0; CoresPerCU = 64; DeviceName = "NVIDIA A100-PCIE-40GB"; DeviceUuid = "ee78d802-96d0-a90a-d47c-1f122c066123"; ECCEnabled = true; ComputeUnits = 108; DriverVersion = 13.0; DevicePciBusId = "0000:06:00.0"; GlobalMemoryMb = 40441; MaxSupportedVersion = 13000 ]
	Memory = 24000
...
006 (17087689.005.000) 07/03 06:10:50 Image size of job updated: 225988
	221  -  MemoryUsage of job (MB)
	225988  -  ResidentSetSize of job (KB)
...
006 (17087689.005.000) 07/03 06:15:03 Image size of job updated: 2190120
	222  -  MemoryUsage of job (MB)
	226716  -  ResidentSetSize of job (KB)
...
040 (17087689.005.000) 07/03 06:15:03 Started transferring output files
...
040 (17087689.005.000) 07/03 06:15:03 Finished transferring output files
...
005 (17087689.005.000) 07/03 06:15:03 Job terminated.
	(1) Normal termination (return value 0)
		Usr 0 00:11:43, Sys 0 00:02:28  -  Run Remote Usage
		Usr 0 00:00:00, Sys 0 00:00:00  -  Run Local Usage
		Usr 0 00:11:43, Sys 0 00:02:28  -  Total Remote Usage
		Usr 0 00:00:00, Sys 0 00:00:00  -  Total Local Usage
	4157  -  Run Bytes Sent By Job
	172615  -  Run Bytes Received By Job
	4157  -  Total Bytes Sent By Job
	172615  -  Total Bytes Received By Job
	Partitionable Resources :    Usage  Request Allocated Assigned
	   Cpus                 :     3.68        8         8 
	   Disk (KB)            : 83200     8388608   8389633 
	   GPUs                 :     0.14        1         1 "GPU-ee78d802"
	   GpusMemory (MB)      :  1126                       
	   Memory (MB)          :   222       24000     24000 
	   TimeExecute (s)      :   267                       
	   TimeSlotBusy (s)     :   267                       
...
