000 (17081095.005.000) 07/02 20:54:36 Job submitted from host: <188.185.114.121:9618?addrs=188.185.114.121-9618+[2001-1458-d00-a--100-273]-9618&alias=bigbird19.cern.ch&noUDP&sock=schedd_5103_cfe0>
...
040 (17081095.005.000) 07/02 21:57:22 Started transferring input files
	Transferring to host: <188.185.238.11:9618?addrs=188.185.238.11-9618+[2001-1458-303-28--100-7]-9618&alias=b9pgpun003.cern.ch&noUDP&sock=slot1_3_2204080_8015_91680>
...
001 (17081095.005.000) 07/02 21:57:31 Job executing on host: <188.185.238.11:9618?addrs=188.185.238.11-9618+[2001-1458-303-28--100-7]-9618&alias=b9pgpun003.cern.ch&noUDP&sock=startd_2204038_528c>
	SlotName: slot1_3@b9pgpun003.cern.ch
	AvailableGPUs = { GPUs_GPU_b0236122 }
	CondorScratchDir = "/pool/condor/dir_761584"
	Cpus = 8
	Disk = 8394658
	GPUs = 1
	GPUs_GPU_b0236122 = [ Id = "GPU-b0236122"; ClockMhz = 1785.0; Capability = 9.0; CoresPerCU = 128; DeviceName = "NVIDIA H100 NVL"; DeviceUuid = "b0236122-3dad-e41f-0e67-9f9775407a9b"; ECCEnabled = true; ComputeUnits = 132; DriverVersion = 13.0; DevicePciBusId = "0000:AD:00.0"; GlobalMemoryMb = 95320; MaxSupportedVersion = 13000 ]
	Memory = 24000
...
040 (17081095.005.000) 07/02 21:57:31 Finished transferring input files
...
006 (17081095.005.000) 07/02 21:57:45 Image size of job updated: 403488
	395  -  MemoryUsage of job (MB)
	403488  -  ResidentSetSize of job (KB)
...
040 (17081095.005.000) 07/02 21:57:55 Started transferring output files
...
040 (17081095.005.000) 07/02 21:58:03 Finished transferring output files
...
005 (17081095.005.000) 07/02 21:58:36 Job terminated.
	(1) Normal termination (return value 1)
		Usr 0 00:00:06, Sys 0 00:00:02  -  Run Remote Usage
		Usr 0 00:00:00, Sys 0 00:00:00  -  Run Local Usage
		Usr 0 00:00:06, Sys 0 00:00:02  -  Total Remote Usage
		Usr 0 00:00:00, Sys 0 00:00:00  -  Total Local Usage
	73802988  -  Run Bytes Sent By Job
	132275  -  Run Bytes Received By Job
	73802988  -  Total Bytes Sent By Job
	132275  -  Total Bytes Received By Job
	Partitionable Resources :    Usage  Request Allocated Assigned
	   Cpus                 :                 8         8 
	   Disk (KB)            :    72355  8388608   8394658 
	   GPUs                 :                 1         1 "GPU-b0236122"
	   Memory (MB)          :      395    24000     24000 
	   TimeExecute (s)      :       19                    
	   TimeSlotBusy (s)     :       52                    
...
