[host] b9pgpun001.cern.ch
[args] train_point_transformer_track_classifier.py --detector eb --weight-h5 /eos/user/y/yeo/4l/weights/categories/AOD_all/category_weights.h5 --compact /eos/user/y/yeo/4l/compact/AOD_eb_all.h5 --output-dir /eos/user/y/yeo/4l/runs/v5/track_aod_eb_all --track-types GenTrk --epochs 20 --num-workers 8 --batch-size 64 --lr 1e-4 --max-points 16 --embed-dim 128 --depth 4 --num-heads 4 --mlp-ratio 4.0 --dropout 0.1
[stage-in] /eos/user/y/yeo/4l/compact/AOD_eb_all.h5 -> /pool/condor/dir_796006/AOD_eb_all.h5
[gpu] True 1
[detector] eb
[weight_h5] /eos/home-y/yeo/4l/weights/categories/AOD_all/category_weights.h5
[weight_key] EB_weight_split
[output] /pool/condor/dir_796006/jobout
[device] cuda
[num_workers] requested=8 effective=8
[torch_sharing_strategy] file_system
[compact] /pool/condor/dir_796006/AOD_eb_all.h5

[weight sums before training]
train background=0.99999999 signal=1.00000000 total=1.99999999 | before_rebalance background=0.81382211 signal=0.79822825
val   background=1.00000000 signal=1.00000000 total=2.00000000 | before_rebalance background=0.09300458 signal=0.10666761
test  background=1.00000001 signal=0.99999999 total=2.00000000 | before_rebalance background=0.09317330 signal=0.09510414

[start training]

Epoch 001 | train_loss=0.517303 train_auc=0.8598 train_f1@0.5=0.8209 | val_loss=0.484113 val_auc=0.8793 val_f1@0.5=0.8458
Epoch 002 | train_loss=0.565527 train_auc=0.8359 train_f1@0.5=0.8275 | val_loss=0.449781 val_auc=0.8873 val_f1@0.5=0.8453
Epoch 003 | train_loss=0.545918 train_auc=0.8432 train_f1@0.5=0.8306 | val_loss=0.515939 val_auc=0.8808 val_f1@0.5=0.8271
Epoch 004 | train_loss=0.508321 train_auc=0.8727 train_f1@0.5=0.8301 | val_loss=0.419262 val_auc=0.9114 val_f1@0.5=0.8502
Epoch 005 | train_loss=0.495636 train_auc=0.8809 train_f1@0.5=0.8355 | val_loss=0.368510 val_auc=0.9160 val_f1@0.5=0.8473
Epoch 006 | train_loss=0.442952 train_auc=0.8956 train_f1@0.5=0.8418 | val_loss=0.322185 val_auc=0.9260 val_f1@0.5=0.8716
Epoch 007 | train_loss=0.378569 train_auc=0.9141 train_f1@0.5=0.8410 | val_loss=0.316277 val_auc=0.9304 val_f1@0.5=0.8759
Epoch 008 | train_loss=0.396254 train_auc=0.9092 train_f1@0.5=0.8559 | val_loss=0.351788 val_auc=0.9277 val_f1@0.5=0.8673
Epoch 009 | train_loss=0.439639 train_auc=0.9008 train_f1@0.5=0.8440 | val_loss=0.400782 val_auc=0.9139 val_f1@0.5=0.8544
Epoch 010 | train_loss=0.341304 train_auc=0.9238 train_f1@0.5=0.8595 | val_loss=0.328020 val_auc=0.9274 val_f1@0.5=0.8702
Epoch 011 | train_loss=0.336528 train_auc=0.9284 train_f1@0.5=0.8639 | val_loss=0.348534 val_auc=0.9264 val_f1@0.5=0.8667
Epoch 012 | train_loss=0.304111 train_auc=0.9355 train_f1@0.5=0.8788 | val_loss=0.378291 val_auc=0.9216 val_f1@0.5=0.8587

[early stopping] epoch=12

[test summary]
  threshold = 0.630000
  test_auc  = 0.939264
  test_f1   = 0.884400
[stage-out] /pool/condor/dir_796006/jobout -> root://eosuser.cern.ch//eos/user/y/yeo/4l/runs/v5/track_aod_eb_all
[stage-out] done
