000 (17081095.008.000) 07/02 20:54:36 Job submitted from host: <188.185.114.121:9618?addrs=188.185.114.121-9618+[2001-1458-d00-a--100-273]-9618&alias=bigbird19.cern.ch&noUDP&sock=schedd_5103_cfe0>
...
040 (17081095.008.000) 07/02 22:06:55 Started transferring input files
	Transferring to host: <188.185.93.9:9618?addrs=188.185.93.9-9618+[2001-1458-d00-6c--100-1d4]-9618&alias=b9g57n0005.cern.ch&noUDP&sock=slot1_1_4898_d580_134789>
...
040 (17081095.008.000) 07/02 22:06:55 Finished transferring input files
...
001 (17081095.008.000) 07/02 22:06:56 Job executing on host: <188.185.93.9:9618?addrs=188.185.93.9-9618+[2001-1458-d00-6c--100-1d4]-9618&alias=b9g57n0005.cern.ch&noUDP&sock=startd_4853_5533>
	SlotName: slot1_1@b9g57n0005.cern.ch
	AvailableGPUs = { GPUs_GPU_f7b29eb4 }
	CondorScratchDir = "/pool/condor/dir_2152035"
	Cpus = 8
	Disk = 8389622
	GPUs = 1
	GPUs_GPU_f7b29eb4 = [ Id = "GPU-f7b29eb4"; ClockMhz = 1410.0; Capability = 8.0; CoresPerCU = 64; DeviceName = "NVIDIA A100-PCIE-40GB"; DeviceUuid = "f7b29eb4-a8a4-2aa2-9117-94b506dacb04"; ECCEnabled = true; ComputeUnits = 108; DriverVersion = 13.0; DevicePciBusId = "0000:06:00.0"; GlobalMemoryMb = 40441; MaxSupportedVersion = 13000 ]
	Memory = 24000
...
006 (17081095.008.000) 07/02 22:07:09 Image size of job updated: 221228
	217  -  MemoryUsage of job (MB)
	221228  -  ResidentSetSize of job (KB)
...
006 (17081095.008.000) 07/02 22:07:40 Image size of job updated: 391016
	217  -  MemoryUsage of job (MB)
	221228  -  ResidentSetSize of job (KB)
...
040 (17081095.008.000) 07/02 22:07:40 Started transferring output files
...
040 (17081095.008.000) 07/02 22:07:46 Finished transferring output files
...
005 (17081095.008.000) 07/02 22:07:50 Job terminated.
	(1) Normal termination (return value 1)
		Usr 0 00:00:09, Sys 0 00:00:14  -  Run Remote Usage
		Usr 0 00:00:00, Sys 0 00:00:00  -  Run Local Usage
		Usr 0 00:00:09, Sys 0 00:00:14  -  Total Remote Usage
		Usr 0 00:00:00, Sys 0 00:00:00  -  Total Local Usage
	113330147  -  Run Bytes Sent By Job
	132275  -  Run Bytes Received By Job
	113330147  -  Total Bytes Sent By Job
	132275  -  Total Bytes Received By Job
	Partitionable Resources :    Usage  Request Allocated Assigned
	   Cpus                 :                 8         8 
	   Disk (KB)            :   110955  8388608   8389622 
	   GPUs                 :                 1         1 "GPU-f7b29eb4"
	   Memory (MB)          :      217    24000     24000 
	   TimeExecute (s)      :       44                    
	   TimeSlotBusy (s)     :       53                    
...
