[host] b9pgpun001.cern.ch
[args] train_point_transformer_track_classifier.py --detector eb --weight-h5 /eos/user/y/yeo/4l/weights/categories/MiniAOD_eq0/category_weights.h5 --compact /eos/user/y/yeo/4l/compact/MiniAOD_eb_eq0.h5 --output-dir /eos/user/y/yeo/4l/runs/v5/track_mini_eb_eq0 --track-types Lost,PF,GSF --epochs 20 --num-workers 8 --batch-size 64 --lr 1e-4 --max-points 16 --embed-dim 128 --depth 4 --num-heads 4 --mlp-ratio 4.0 --dropout 0.1
[stage-in] /eos/user/y/yeo/4l/compact/MiniAOD_eb_eq0.h5 -> /pool/condor/dir_800950/MiniAOD_eb_eq0.h5
[gpu] True 1
[detector] eb
[weight_h5] /eos/home-y/yeo/4l/weights/categories/MiniAOD_eq0/category_weights.h5
[weight_key] EB_weight_split
[output] /pool/condor/dir_800950/jobout
[device] cuda
[num_workers] requested=8 effective=8
[torch_sharing_strategy] file_system
[compact] /pool/condor/dir_800950/MiniAOD_eb_eq0.h5

[weight sums before training]
train background=1.00000000 signal=1.00000000 total=2.00000000 | before_rebalance background=0.80166982 signal=0.80771752
val   background=1.00000000 signal=1.00000000 total=2.00000000 | before_rebalance background=0.09560595 signal=0.08878144
test  background=1.00000000 signal=1.00000000 total=2.00000000 | before_rebalance background=0.10272423 signal=0.10350104

[start training]

Epoch 001 | train_loss=0.358345 train_auc=0.9170 train_f1@0.5=0.8494 | val_loss=0.311425 val_auc=0.9333 val_f1@0.5=0.8974
Epoch 002 | train_loss=0.416076 train_auc=0.9061 train_f1@0.5=0.8640 | val_loss=0.402969 val_auc=0.9301 val_f1@0.5=0.8372
Epoch 003 | train_loss=0.414090 train_auc=0.9072 train_f1@0.5=0.8611 | val_loss=0.295884 val_auc=0.9347 val_f1@0.5=0.8909
Epoch 004 | train_loss=0.389251 train_auc=0.9159 train_f1@0.5=0.8682 | val_loss=0.291754 val_auc=0.9334 val_f1@0.5=0.8843
Epoch 005 | train_loss=0.369507 train_auc=0.9209 train_f1@0.5=0.8623 | val_loss=0.459489 val_auc=0.9259 val_f1@0.5=0.8379
Epoch 006 | train_loss=0.385842 train_auc=0.9139 train_f1@0.5=0.8655 | val_loss=0.270601 val_auc=0.9359 val_f1@0.5=0.9051
Epoch 007 | train_loss=0.342305 train_auc=0.9274 train_f1@0.5=0.8640 | val_loss=0.303493 val_auc=0.9334 val_f1@0.5=0.8428
Epoch 008 | train_loss=0.355791 train_auc=0.9247 train_f1@0.5=0.8710 | val_loss=0.333549 val_auc=0.9288 val_f1@0.5=0.8388
Epoch 009 | train_loss=0.377758 train_auc=0.9193 train_f1@0.5=0.8712 | val_loss=0.331272 val_auc=0.9320 val_f1@0.5=0.8392
Epoch 010 | train_loss=0.371028 train_auc=0.9234 train_f1@0.5=0.8394 | val_loss=0.336853 val_auc=0.9333 val_f1@0.5=0.8431
Epoch 011 | train_loss=0.379119 train_auc=0.9226 train_f1@0.5=0.8756 | val_loss=0.328584 val_auc=0.9349 val_f1@0.5=0.8420

[early stopping] epoch=11

[test summary]
  threshold = 0.398000
  test_auc  = 0.915743
  test_f1   = 0.828638
[stage-out] /pool/condor/dir_800950/jobout -> root://eosuser.cern.ch//eos/user/y/yeo/4l/runs/v5/track_mini_eb_eq0
[stage-out] done
